<?xml version="1.0" encoding="UTF-8" ?>
<testsuites name="vitest tests" tests="2107" failures="18" errors="0" time="23.752550672">
    <testsuite name="src/3-domain/enums/AIEnums.test.ts" timestamp="2025-12-16T06:40:27.760Z" hostname="Omer-MacBook-Air.local" tests="10" failures="0" errors="0" skipped="0" time="0.00355775">
        <testcase classname="src/3-domain/enums/AIEnums.test.ts" name="AIEnums &gt; AIProvider &gt; should have all required provider types" time="0.000709417">
        </testcase>
        <testcase classname="src/3-domain/enums/AIEnums.test.ts" name="AIEnums &gt; AIProvider &gt; should have labels for all providers" time="0.000208667">
        </testcase>
        <testcase classname="src/3-domain/enums/AIEnums.test.ts" name="AIEnums &gt; AIUseCase &gt; should have all required use case types" time="0.000289292">
        </testcase>
        <testcase classname="src/3-domain/enums/AIEnums.test.ts" name="AIEnums &gt; AIUseCase &gt; should have labels for all use cases" time="0.000403333">
        </testcase>
        <testcase classname="src/3-domain/enums/AIEnums.test.ts" name="AIEnums &gt; AIModel &gt; should have all required model types" time="0.000154583">
        </testcase>
        <testcase classname="src/3-domain/enums/AIEnums.test.ts" name="AIEnums &gt; AIModel &gt; should have labels for all models" time="0.0001985">
        </testcase>
        <testcase classname="src/3-domain/enums/AIEnums.test.ts" name="AIEnums &gt; AIRequestStatus &gt; should have all required status types" time="0.000070458">
        </testcase>
        <testcase classname="src/3-domain/enums/AIEnums.test.ts" name="AIEnums &gt; AI_PROVIDER_MAP &gt; should have mapping for all use cases" time="0.000353292">
        </testcase>
        <testcase classname="src/3-domain/enums/AIEnums.test.ts" name="AIEnums &gt; AI_PROVIDER_MAP &gt; should map task_description to OpenAI GPT-4" time="0.000188667">
        </testcase>
        <testcase classname="src/3-domain/enums/AIEnums.test.ts" name="AIEnums &gt; AI_PROVIDER_MAP &gt; should map report_generation to Claude Opus" time="0.000065458">
        </testcase>
    </testsuite>
    <testsuite name="src/3-domain/enums/EcommerceEnums.test.ts" timestamp="2025-12-16T06:40:27.762Z" hostname="Omer-MacBook-Air.local" tests="6" failures="2" errors="0" skipped="0" time="0.006299958">
        <testcase classname="src/3-domain/enums/EcommerceEnums.test.ts" name="EcommerceEnums &gt; EcommercePlatformType &gt; should have all required platform types" time="0.003990041">
            <failure message="expected undefined to be &apos;hepsiburada&apos; // Object.is equality" type="AssertionError">
AssertionError: expected undefined to be &apos;hepsiburada&apos; // Object.is equality

- Expected: 
&quot;hepsiburada&quot;

+ Received: 
undefined

 ❯ src/3-domain/enums/EcommerceEnums.test.ts:16:49
            </failure>
            <failure message="expected undefined to be &apos;hepsiburada&apos; // Object.is equality" type="AssertionError">
AssertionError: expected undefined to be &apos;hepsiburada&apos; // Object.is equality

- Expected: 
&quot;hepsiburada&quot;

+ Received: 
undefined

 ❯ src/3-domain/enums/EcommerceEnums.test.ts:16:49
            </failure>
            <failure message="expected undefined to be &apos;hepsiburada&apos; // Object.is equality" type="AssertionError">
AssertionError: expected undefined to be &apos;hepsiburada&apos; // Object.is equality

- Expected: 
&quot;hepsiburada&quot;

+ Received: 
undefined

 ❯ src/3-domain/enums/EcommerceEnums.test.ts:16:49
            </failure>
        </testcase>
        <testcase classname="src/3-domain/enums/EcommerceEnums.test.ts" name="EcommerceEnums &gt; EcommercePlatformType &gt; should have correct labels for all platform types" time="0.000896375">
            <failure message="expected undefined to be &apos;Hepsiburada&apos; // Object.is equality" type="AssertionError">
AssertionError: expected undefined to be &apos;Hepsiburada&apos; // Object.is equality

- Expected: 
&quot;Hepsiburada&quot;

+ Received: 
undefined

 ❯ src/3-domain/enums/EcommerceEnums.test.ts:27:78
            </failure>
            <failure message="expected undefined to be &apos;Hepsiburada&apos; // Object.is equality" type="AssertionError">
AssertionError: expected undefined to be &apos;Hepsiburada&apos; // Object.is equality

- Expected: 
&quot;Hepsiburada&quot;

+ Received: 
undefined

 ❯ src/3-domain/enums/EcommerceEnums.test.ts:27:78
            </failure>
            <failure message="expected undefined to be &apos;Hepsiburada&apos; // Object.is equality" type="AssertionError">
AssertionError: expected undefined to be &apos;Hepsiburada&apos; // Object.is equality

- Expected: 
&quot;Hepsiburada&quot;

+ Received: 
undefined

 ❯ src/3-domain/enums/EcommerceEnums.test.ts:27:78
            </failure>
        </testcase>
        <testcase classname="src/3-domain/enums/EcommerceEnums.test.ts" name="EcommerceEnums &gt; EcommercePlatformType &gt; should have labels for all platform types" time="0.000413125">
        </testcase>
        <testcase classname="src/3-domain/enums/EcommerceEnums.test.ts" name="EcommerceEnums &gt; EcommercePlatformCategory &gt; should have B2B and B2C categories" time="0.000070209">
        </testcase>
        <testcase classname="src/3-domain/enums/EcommerceEnums.test.ts" name="EcommerceEnums &gt; getPlatformCategory &gt; should return B2B for Alibaba" time="0.000164875">
        </testcase>
        <testcase classname="src/3-domain/enums/EcommerceEnums.test.ts" name="EcommerceEnums &gt; getPlatformCategory &gt; should return B2C for all other platforms" time="0.000108458">
        </testcase>
    </testsuite>
    <testsuite name="src/3-domain/enums/EmailEnums.test.ts" timestamp="2025-12-16T06:40:27.763Z" hostname="Omer-MacBook-Air.local" tests="6" failures="0" errors="0" skipped="0" time="0.002518542">
        <testcase classname="src/3-domain/enums/EmailEnums.test.ts" name="EmailEnums &gt; EmailType &gt; should have all required email types" time="0.000720041">
        </testcase>
        <testcase classname="src/3-domain/enums/EmailEnums.test.ts" name="EmailEnums &gt; EmailType &gt; should have labels for all email types" time="0.000243041">
        </testcase>
        <testcase classname="src/3-domain/enums/EmailEnums.test.ts" name="EmailEnums &gt; EmailStatus &gt; should have all required status types" time="0.00025225">
        </testcase>
        <testcase classname="src/3-domain/enums/EmailEnums.test.ts" name="EmailEnums &gt; EmailStatus &gt; should have labels for all status types" time="0.00027375">
        </testcase>
        <testcase classname="src/3-domain/enums/EmailEnums.test.ts" name="EmailEnums &gt; EmailPriority &gt; should have all required priority types" time="0.000091458">
        </testcase>
        <testcase classname="src/3-domain/enums/EmailEnums.test.ts" name="EmailEnums &gt; EmailPriority &gt; should have labels for all priority types" time="0.000089833">
        </testcase>
    </testsuite>
    <testsuite name="src/3-domain/enums/LeaderboardEnums.test.ts" timestamp="2025-12-16T06:40:27.764Z" hostname="Omer-MacBook-Air.local" tests="5" failures="0" errors="0" skipped="0" time="0.00220975">
        <testcase classname="src/3-domain/enums/LeaderboardEnums.test.ts" name="LeaderboardEnums &gt; ActivityType &gt; should have all required activity types" time="0.000862041">
        </testcase>
        <testcase classname="src/3-domain/enums/LeaderboardEnums.test.ts" name="LeaderboardEnums &gt; BadgeCategory &gt; should have all required categories" time="0.000239792">
        </testcase>
        <testcase classname="src/3-domain/enums/LeaderboardEnums.test.ts" name="LeaderboardEnums &gt; BadgeCategory &gt; should have labels for all categories" time="0.00016025">
        </testcase>
        <testcase classname="src/3-domain/enums/LeaderboardEnums.test.ts" name="LeaderboardEnums &gt; RequirementType &gt; should have all required types" time="0.000079375">
        </testcase>
        <testcase classname="src/3-domain/enums/LeaderboardEnums.test.ts" name="LeaderboardEnums &gt; RequirementType &gt; should have labels for all requirement types" time="0.000083">
        </testcase>
    </testsuite>
    <testsuite name="src/3-domain/enums/NewsEnums.test.ts" timestamp="2025-12-16T06:40:27.764Z" hostname="Omer-MacBook-Air.local" tests="8" failures="0" errors="0" skipped="0" time="0.002587834">
        <testcase classname="src/3-domain/enums/NewsEnums.test.ts" name="NewsEnums &gt; NewsCategory &gt; should have all required category values" time="0.00079225">
        </testcase>
        <testcase classname="src/3-domain/enums/NewsEnums.test.ts" name="NewsEnums &gt; NewsCategory &gt; should have labels for all categories" time="0.000318125">
        </testcase>
        <testcase classname="src/3-domain/enums/NewsEnums.test.ts" name="NewsEnums &gt; NewsCategory &gt; should have all categories in labels mapping" time="0.000250458">
        </testcase>
        <testcase classname="src/3-domain/enums/NewsEnums.test.ts" name="NewsEnums &gt; NewsStatus &gt; should have all required status values" time="0.000072542">
        </testcase>
        <testcase classname="src/3-domain/enums/NewsEnums.test.ts" name="NewsEnums &gt; NewsStatus &gt; should have labels for all statuses" time="0.000073459">
        </testcase>
        <testcase classname="src/3-domain/enums/NewsEnums.test.ts" name="NewsEnums &gt; NewsStatus &gt; should have colors for all statuses" time="0.000074917">
        </testcase>
        <testcase classname="src/3-domain/enums/NewsEnums.test.ts" name="NewsEnums &gt; NewsStatus &gt; should have all statuses in labels mapping" time="0.000092042">
        </testcase>
        <testcase classname="src/3-domain/enums/NewsEnums.test.ts" name="NewsEnums &gt; NewsStatus &gt; should have all statuses in colors mapping" time="0.000130917">
        </testcase>
    </testsuite>
    <testsuite name="src/3-domain/enums/NotificationEnums.test.ts" timestamp="2025-12-16T06:40:27.764Z" hostname="Omer-MacBook-Air.local" tests="7" failures="0" errors="0" skipped="0" time="0.002403708">
        <testcase classname="src/3-domain/enums/NotificationEnums.test.ts" name="NotificationEnums &gt; NotificationPriority &gt; should have correct priority values" time="0.000715167">
        </testcase>
        <testcase classname="src/3-domain/enums/NotificationEnums.test.ts" name="NotificationEnums &gt; NotificationPriority &gt; getNotificationPriorityLabel should return correct labels" time="0.0002385">
        </testcase>
        <testcase classname="src/3-domain/enums/NotificationEnums.test.ts" name="NotificationEnums &gt; NotificationChannel &gt; should have correct channel values" time="0.000199792">
        </testcase>
        <testcase classname="src/3-domain/enums/NotificationEnums.test.ts" name="NotificationEnums &gt; NotificationChannel &gt; getNotificationChannelLabel should return correct labels" time="0.000087916">
        </testcase>
        <testcase classname="src/3-domain/enums/NotificationEnums.test.ts" name="NotificationEnums &gt; NotificationType &gt; should have correct type values" time="0.000126958">
        </testcase>
        <testcase classname="src/3-domain/enums/NotificationEnums.test.ts" name="NotificationEnums &gt; NotificationType &gt; getNotificationTypeLabel should return correct labels" time="0.000241708">
        </testcase>
        <testcase classname="src/3-domain/enums/NotificationEnums.test.ts" name="NotificationEnums &gt; NotificationType &gt; getNotificationTypeLabel should return type if label not found" time="0.000047209">
        </testcase>
    </testsuite>
    <testsuite name="src/3-domain/entities/Ecommerce.test.ts" timestamp="2025-12-16T06:40:27.765Z" hostname="Omer-MacBook-Air.local" tests="12" failures="0" errors="0" skipped="0" time="0.003770916">
        <testcase classname="src/3-domain/entities/Ecommerce.test.ts" name="EcommerceMetricsEntity &gt; isValidPeriod &gt; should return true for valid period" time="0.000732834">
        </testcase>
        <testcase classname="src/3-domain/entities/Ecommerce.test.ts" name="EcommerceMetricsEntity &gt; isValidPeriod &gt; should return false for invalid year" time="0.000228125">
        </testcase>
        <testcase classname="src/3-domain/entities/Ecommerce.test.ts" name="EcommerceMetricsEntity &gt; isValidPeriod &gt; should return false for invalid month" time="0.000151167">
        </testcase>
        <testcase classname="src/3-domain/entities/Ecommerce.test.ts" name="EcommerceMetricsEntity &gt; isValidMetrics &gt; should return true for valid metrics" time="0.000119084">
        </testcase>
        <testcase classname="src/3-domain/entities/Ecommerce.test.ts" name="EcommerceMetricsEntity &gt; isValidMetrics &gt; should return false for negative values" time="0.000063542">
        </testcase>
        <testcase classname="src/3-domain/entities/Ecommerce.test.ts" name="EcommerceMetricsEntity &gt; calculateTotals &gt; should calculate totals for Alibaba platform" time="0.000318584">
        </testcase>
        <testcase classname="src/3-domain/entities/Ecommerce.test.ts" name="EcommerceMetricsEntity &gt; calculateTotals &gt; should calculate totals for B2C platform" time="0.00016375">
        </testcase>
        <testcase classname="src/3-domain/entities/Ecommerce.test.ts" name="EcommerceMetricsEntity &gt; validate &gt; should return empty array for valid data" time="0.000449125">
        </testcase>
        <testcase classname="src/3-domain/entities/Ecommerce.test.ts" name="EcommerceMetricsEntity &gt; validate &gt; should return errors for missing required fields" time="0.000322459">
        </testcase>
        <testcase classname="src/3-domain/entities/Ecommerce.test.ts" name="EcommerceMetricsEntity &gt; validate &gt; should return errors for invalid year" time="0.000066375">
        </testcase>
        <testcase classname="src/3-domain/entities/Ecommerce.test.ts" name="EcommerceMetricsEntity &gt; validate &gt; should return errors for invalid month" time="0.000043542">
        </testcase>
        <testcase classname="src/3-domain/entities/Ecommerce.test.ts" name="EcommerceMetricsEntity &gt; validate &gt; should return errors for negative values" time="0.000055625">
        </testcase>
    </testsuite>
    <testsuite name="src/3-domain/entities/Forum.test.ts" timestamp="2025-12-16T06:40:27.765Z" hostname="Omer-MacBook-Air.local" tests="26" failures="0" errors="0" skipped="0" time="0.005020208">
        <testcase classname="src/3-domain/entities/Forum.test.ts" name="ForumTopicEntity &gt; Entity Creation &gt; should create entity with valid data" time="0.000878333">
        </testcase>
        <testcase classname="src/3-domain/entities/Forum.test.ts" name="ForumTopicEntity &gt; Status Methods &gt; isOpen() should return true for open topics" time="0.000349208">
        </testcase>
        <testcase classname="src/3-domain/entities/Forum.test.ts" name="ForumTopicEntity &gt; Status Methods &gt; isOpen() should return false for locked topics" time="0.000247792">
        </testcase>
        <testcase classname="src/3-domain/entities/Forum.test.ts" name="ForumTopicEntity &gt; Status Methods &gt; isOpen() should return false for closed topics" time="0.00006575">
        </testcase>
        <testcase classname="src/3-domain/entities/Forum.test.ts" name="ForumTopicEntity &gt; Status Methods &gt; isSolved() should return true for solved topics" time="0.000127834">
        </testcase>
        <testcase classname="src/3-domain/entities/Forum.test.ts" name="ForumTopicEntity &gt; Status Methods &gt; isSolved() should return false for unsolved topics" time="0.000116417">
        </testcase>
        <testcase classname="src/3-domain/entities/Forum.test.ts" name="ForumTopicEntity &gt; Topic Operations &gt; close() should set status to CLOSED" time="0.000115583">
        </testcase>
        <testcase classname="src/3-domain/entities/Forum.test.ts" name="ForumTopicEntity &gt; Topic Operations &gt; open() should set status to OPEN" time="0.000072833">
        </testcase>
        <testcase classname="src/3-domain/entities/Forum.test.ts" name="ForumTopicEntity &gt; Topic Operations &gt; lock() should set isLocked to true" time="0.000187458">
        </testcase>
        <testcase classname="src/3-domain/entities/Forum.test.ts" name="ForumTopicEntity &gt; Topic Operations &gt; unlock() should set isLocked to false" time="0.000082833">
        </testcase>
        <testcase classname="src/3-domain/entities/Forum.test.ts" name="ForumTopicEntity &gt; Topic Operations &gt; pin() should set isPinned to true" time="0.000058833">
        </testcase>
        <testcase classname="src/3-domain/entities/Forum.test.ts" name="ForumTopicEntity &gt; Topic Operations &gt; unpin() should set isPinned to false" time="0.00005325">
        </testcase>
        <testcase classname="src/3-domain/entities/Forum.test.ts" name="ForumTopicEntity &gt; Solution Methods &gt; markSolution() should set solution details" time="0.000123667">
        </testcase>
        <testcase classname="src/3-domain/entities/Forum.test.ts" name="ForumTopicEntity &gt; Solution Methods &gt; unmarkSolution() should clear solution details" time="0.000093958">
        </testcase>
        <testcase classname="src/3-domain/entities/Forum.test.ts" name="ForumTopicEntity &gt; canReply() Method &gt; should return true for open and approved topics" time="0.000042167">
        </testcase>
        <testcase classname="src/3-domain/entities/Forum.test.ts" name="ForumTopicEntity &gt; canReply() Method &gt; should return false for locked topics" time="0.00003725">
        </testcase>
        <testcase classname="src/3-domain/entities/Forum.test.ts" name="ForumTopicEntity &gt; canReply() Method &gt; should return false for unapproved topics" time="0.000036792">
        </testcase>
        <testcase classname="src/3-domain/entities/Forum.test.ts" name="ForumTopicEntity &gt; canReply() Method &gt; should return false for closed topics" time="0.000036917">
        </testcase>
        <testcase classname="src/3-domain/entities/Forum.test.ts" name="ForumTopicEntity &gt; Validation &gt; should validate topic with all required fields" time="0.000401791">
        </testcase>
        <testcase classname="src/3-domain/entities/Forum.test.ts" name="ForumTopicEntity &gt; Validation &gt; should return error for missing title" time="0.000179">
        </testcase>
        <testcase classname="src/3-domain/entities/Forum.test.ts" name="ForumTopicEntity &gt; Validation &gt; should return error for title exceeding 500 characters" time="0.000074792">
        </testcase>
        <testcase classname="src/3-domain/entities/Forum.test.ts" name="ForumTopicEntity &gt; Validation &gt; should return error for missing content" time="0.000058959">
        </testcase>
        <testcase classname="src/3-domain/entities/Forum.test.ts" name="ForumTopicEntity &gt; Validation &gt; should return error for missing categoryId" time="0.00012825">
        </testcase>
        <testcase classname="src/3-domain/entities/Forum.test.ts" name="ForumTopicEntity &gt; Validation &gt; should return error for missing programId" time="0.000055208">
        </testcase>
        <testcase classname="src/3-domain/entities/Forum.test.ts" name="ForumTopicEntity &gt; Validation &gt; should return error for missing authorId" time="0.000048">
        </testcase>
        <testcase classname="src/3-domain/entities/Forum.test.ts" name="ForumTopicEntity &gt; Validation &gt; should return multiple errors for multiple missing fields" time="0.000213042">
        </testcase>
    </testsuite>
    <testsuite name="src/3-domain/entities/News.test.ts" timestamp="2025-12-16T06:40:27.766Z" hostname="Omer-MacBook-Air.local" tests="28" failures="0" errors="0" skipped="0" time="0.005106916">
        <testcase classname="src/3-domain/entities/News.test.ts" name="NewsEntity &gt; Entity Creation &gt; should create entity with valid data" time="0.000816333">
        </testcase>
        <testcase classname="src/3-domain/entities/News.test.ts" name="NewsEntity &gt; Status Methods &gt; isPublished() should return true for published news" time="0.000225791">
        </testcase>
        <testcase classname="src/3-domain/entities/News.test.ts" name="NewsEntity &gt; Status Methods &gt; isPublished() should return false for draft news" time="0.000120708">
        </testcase>
        <testcase classname="src/3-domain/entities/News.test.ts" name="NewsEntity &gt; Status Methods &gt; isDraft() should return true for draft news" time="0.000058209">
        </testcase>
        <testcase classname="src/3-domain/entities/News.test.ts" name="NewsEntity &gt; Status Methods &gt; isDraft() should return false for published news" time="0.000124333">
        </testcase>
        <testcase classname="src/3-domain/entities/News.test.ts" name="NewsEntity &gt; Status Methods &gt; isArchived() should return true for archived news" time="0.000071417">
        </testcase>
        <testcase classname="src/3-domain/entities/News.test.ts" name="NewsEntity &gt; Status Methods &gt; isArchived() should return false for non-archived news" time="0.000094042">
        </testcase>
        <testcase classname="src/3-domain/entities/News.test.ts" name="NewsEntity &gt; Publish Methods &gt; publish() should set status to published and set publishedAt" time="0.000380416">
        </testcase>
        <testcase classname="src/3-domain/entities/News.test.ts" name="NewsEntity &gt; Publish Methods &gt; publish() should throw error if already published" time="0.000470708">
        </testcase>
        <testcase classname="src/3-domain/entities/News.test.ts" name="NewsEntity &gt; Publish Methods &gt; archive() should set status to archived and set archivedAt" time="0.000119792">
        </testcase>
        <testcase classname="src/3-domain/entities/News.test.ts" name="NewsEntity &gt; Publish Methods &gt; unpublish() should set status to draft and clear publishedAt" time="0.000062708">
        </testcase>
        <testcase classname="src/3-domain/entities/News.test.ts" name="NewsEntity &gt; Feature Methods &gt; feature() should set isFeatured to true" time="0.000050333">
        </testcase>
        <testcase classname="src/3-domain/entities/News.test.ts" name="NewsEntity &gt; Feature Methods &gt; unfeature() should set isFeatured to false" time="0.000040166">
        </testcase>
        <testcase classname="src/3-domain/entities/News.test.ts" name="NewsEntity &gt; Feature Methods &gt; pin() should set isPinned to true" time="0.000046917">
        </testcase>
        <testcase classname="src/3-domain/entities/News.test.ts" name="NewsEntity &gt; Feature Methods &gt; unpin() should set isPinned to false" time="0.000037958">
        </testcase>
        <testcase classname="src/3-domain/entities/News.test.ts" name="NewsEntity &gt; Reading Time Calculation &gt; calculateReadingTime() should calculate reading time correctly" time="0.00014425">
        </testcase>
        <testcase classname="src/3-domain/entities/News.test.ts" name="NewsEntity &gt; Reading Time Calculation &gt; calculateReadingTime() should handle HTML tags correctly" time="0.000076">
        </testcase>
        <testcase classname="src/3-domain/entities/News.test.ts" name="NewsEntity &gt; Reading Time Calculation &gt; calculateReadingTime() should handle empty content" time="0.000046875">
        </testcase>
        <testcase classname="src/3-domain/entities/News.test.ts" name="NewsEntity &gt; Validation &gt; validate() should return empty array for valid data" time="0.000302667">
        </testcase>
        <testcase classname="src/3-domain/entities/News.test.ts" name="NewsEntity &gt; Validation &gt; validate() should return error for empty title" time="0.000166">
        </testcase>
        <testcase classname="src/3-domain/entities/News.test.ts" name="NewsEntity &gt; Validation &gt; validate() should return error for title longer than 500 chars" time="0.000068833">
        </testcase>
        <testcase classname="src/3-domain/entities/News.test.ts" name="NewsEntity &gt; Validation &gt; validate() should return error for empty content" time="0.000054917">
        </testcase>
        <testcase classname="src/3-domain/entities/News.test.ts" name="NewsEntity &gt; Validation &gt; validate() should return error for missing programId" time="0.000116334">
        </testcase>
        <testcase classname="src/3-domain/entities/News.test.ts" name="NewsEntity &gt; Validation &gt; validate() should return error for missing authorId" time="0.000050458">
        </testcase>
        <testcase classname="src/3-domain/entities/News.test.ts" name="NewsEntity &gt; Validation &gt; validate() should return error for missing category" time="0.000046125">
        </testcase>
        <testcase classname="src/3-domain/entities/News.test.ts" name="NewsEntity &gt; Validation &gt; validate() should return error for summary longer than 500 chars" time="0.0000875">
        </testcase>
        <testcase classname="src/3-domain/entities/News.test.ts" name="NewsEntity &gt; Validation &gt; validate() should return error for metaDescription longer than 160 chars" time="0.000053167">
        </testcase>
        <testcase classname="src/3-domain/entities/News.test.ts" name="NewsEntity &gt; Validation &gt; validate() should return multiple errors for multiple invalid fields" time="0.000175458">
        </testcase>
    </testsuite>
    <testsuite name="src/3-domain/entities/Notification.test.ts" timestamp="2025-12-16T06:40:27.767Z" hostname="Omer-MacBook-Air.local" tests="10" failures="0" errors="0" skipped="0" time="0.003337375">
        <testcase classname="src/3-domain/entities/Notification.test.ts" name="Notification Entity &gt; createNotification &gt; should create a notification with default values" time="0.001317">
        </testcase>
        <testcase classname="src/3-domain/entities/Notification.test.ts" name="Notification Entity &gt; createNotification &gt; should create a notification with optional fields" time="0.000241041">
        </testcase>
        <testcase classname="src/3-domain/entities/Notification.test.ts" name="Notification Entity &gt; markNotificationAsRead &gt; should mark notification as read" time="0.000110292">
        </testcase>
        <testcase classname="src/3-domain/entities/Notification.test.ts" name="Notification Entity &gt; isNotificationExpired &gt; should return false if notification has no expiration" time="0.000063416">
        </testcase>
        <testcase classname="src/3-domain/entities/Notification.test.ts" name="Notification Entity &gt; isNotificationExpired &gt; should return false if notification is not expired" time="0.000123083">
        </testcase>
        <testcase classname="src/3-domain/entities/Notification.test.ts" name="Notification Entity &gt; isNotificationExpired &gt; should return true if notification is expired" time="0.000068291">
        </testcase>
        <testcase classname="src/3-domain/entities/Notification.test.ts" name="Notification Entity &gt; shouldSendEmail &gt; should return true if EMAIL channel is included" time="0.000059333">
        </testcase>
        <testcase classname="src/3-domain/entities/Notification.test.ts" name="Notification Entity &gt; shouldSendEmail &gt; should return false if EMAIL channel is not included" time="0.000089875">
        </testcase>
        <testcase classname="src/3-domain/entities/Notification.test.ts" name="Notification Entity &gt; shouldSendPush &gt; should return true if PUSH channel is included" time="0.000224541">
        </testcase>
        <testcase classname="src/3-domain/entities/Notification.test.ts" name="Notification Entity &gt; shouldSendPush &gt; should return false if PUSH channel is not included" time="0.000067167">
        </testcase>
    </testsuite>
    <testsuite name="src/3-domain/entities/NotificationPreferences.test.ts" timestamp="2025-12-16T06:40:27.768Z" hostname="Omer-MacBook-Air.local" tests="9" failures="0" errors="0" skipped="0" time="0.004065959">
        <testcase classname="src/3-domain/entities/NotificationPreferences.test.ts" name="NotificationPreferences Entity &gt; createDefaultNotificationPreferences &gt; should create default preferences with all channels enabled" time="0.001258208">
        </testcase>
        <testcase classname="src/3-domain/entities/NotificationPreferences.test.ts" name="NotificationPreferences Entity &gt; isNotificationEnabledForChannel &gt; should return true if channel is globally enabled" time="0.000280166">
        </testcase>
        <testcase classname="src/3-domain/entities/NotificationPreferences.test.ts" name="NotificationPreferences Entity &gt; isNotificationEnabledForChannel &gt; should return false if channel is globally disabled" time="0.000117708">
        </testcase>
        <testcase classname="src/3-domain/entities/NotificationPreferences.test.ts" name="NotificationPreferences Entity &gt; isNotificationEnabledForChannel &gt; should respect type-specific preferences" time="0.000085167">
        </testcase>
        <testcase classname="src/3-domain/entities/NotificationPreferences.test.ts" name="NotificationPreferences Entity &gt; isNotificationEnabledForChannel &gt; should respect global preference first, then type-specific" time="0.000134708">
        </testcase>
        <testcase classname="src/3-domain/entities/NotificationPreferences.test.ts" name="NotificationPreferences Entity &gt; isQuietHours &gt; should return false if quiet hours are disabled" time="0.000088375">
        </testcase>
        <testcase classname="src/3-domain/entities/NotificationPreferences.test.ts" name="NotificationPreferences Entity &gt; isQuietHours &gt; should return false if quiet hours are not set" time="0.000089041">
        </testcase>
        <testcase classname="src/3-domain/entities/NotificationPreferences.test.ts" name="NotificationPreferences Entity &gt; isQuietHours &gt; should return true if current time is within quiet hours" time="0.000742791">
        </testcase>
        <testcase classname="src/3-domain/entities/NotificationPreferences.test.ts" name="NotificationPreferences Entity &gt; isQuietHours &gt; should return false if current time is outside quiet hours" time="0.00044175">
        </testcase>
    </testsuite>
    <testsuite name="src/3-domain/entities/Project.test.ts" timestamp="2025-12-16T06:40:27.768Z" hostname="Omer-MacBook-Air.local" tests="6" failures="0" errors="0" skipped="0" time="0.002678541">
        <testcase classname="src/3-domain/entities/Project.test.ts" name="Project Entity &gt; Creation &gt; should create a valid project" time="0.000813417">
        </testcase>
        <testcase classname="src/3-domain/entities/Project.test.ts" name="Project Entity &gt; Creation &gt; should create a project template" time="0.000289334">
        </testcase>
        <testcase classname="src/3-domain/entities/Project.test.ts" name="Project Entity &gt; Creation &gt; should create a project from template" time="0.000093375">
        </testcase>
        <testcase classname="src/3-domain/entities/Project.test.ts" name="Project Entity &gt; Status &gt; should have valid status values" time="0.000181083">
        </testcase>
        <testcase classname="src/3-domain/entities/Project.test.ts" name="Project Entity &gt; Priority &gt; should have valid priority values" time="0.000241625">
        </testcase>
        <testcase classname="src/3-domain/entities/Project.test.ts" name="Project Entity &gt; Progress &gt; should have progress between 0 and 100" time="0.000144292">
        </testcase>
    </testsuite>
    <testsuite name="src/3-domain/entities/SubProject.test.ts" timestamp="2025-12-16T06:40:27.769Z" hostname="Omer-MacBook-Air.local" tests="5" failures="0" errors="0" skipped="0" time="0.002657334">
        <testcase classname="src/3-domain/entities/SubProject.test.ts" name="SubProject Entity &gt; Creation &gt; should create a valid sub-project" time="0.001017583">
        </testcase>
        <testcase classname="src/3-domain/entities/SubProject.test.ts" name="SubProject Entity &gt; Creation &gt; should create sub-project with null description" time="0.000250208">
        </testcase>
        <testcase classname="src/3-domain/entities/SubProject.test.ts" name="SubProject Entity &gt; Status &gt; should have valid status values" time="0.0002195">
        </testcase>
        <testcase classname="src/3-domain/entities/SubProject.test.ts" name="SubProject Entity &gt; Order &gt; should maintain order index" time="0.00009475">
        </testcase>
        <testcase classname="src/3-domain/entities/SubProject.test.ts" name="SubProject Entity &gt; Progress &gt; should track progress correctly" time="0.000170709">
        </testcase>
    </testsuite>
    <testsuite name="src/3-domain/entities/Task.test.ts" timestamp="2025-12-16T06:40:27.769Z" hostname="Omer-MacBook-Air.local" tests="9" failures="0" errors="0" skipped="0" time="0.002913208">
        <testcase classname="src/3-domain/entities/Task.test.ts" name="Task Entity &gt; Creation &gt; should create a valid task" time="0.000845583">
        </testcase>
        <testcase classname="src/3-domain/entities/Task.test.ts" name="Task Entity &gt; Creation &gt; should create unassigned task" time="0.000221">
        </testcase>
        <testcase classname="src/3-domain/entities/Task.test.ts" name="Task Entity &gt; Status Workflow &gt; should transition from todo to in_progress" time="0.000072916">
        </testcase>
        <testcase classname="src/3-domain/entities/Task.test.ts" name="Task Entity &gt; Status Workflow &gt; should mark task as completed" time="0.000124">
        </testcase>
        <testcase classname="src/3-domain/entities/Task.test.ts" name="Task Entity &gt; Status Workflow &gt; should approve completed task" time="0.000142917">
        </testcase>
        <testcase classname="src/3-domain/entities/Task.test.ts" name="Task Entity &gt; Status Workflow &gt; should reject completed task" time="0.000074375">
        </testcase>
        <testcase classname="src/3-domain/entities/Task.test.ts" name="Task Entity &gt; Priority &gt; should have valid priority values" time="0.000085958">
        </testcase>
        <testcase classname="src/3-domain/entities/Task.test.ts" name="Task Entity &gt; Due Date &gt; should track due date" time="0.000298834">
        </testcase>
        <testcase classname="src/3-domain/entities/Task.test.ts" name="Task Entity &gt; Due Date &gt; should identify overdue tasks" time="0.000175542">
        </testcase>
    </testsuite>
    <testsuite name="src/3-domain/entities/TaskComment.test.ts" timestamp="2025-12-16T06:40:27.769Z" hostname="Omer-MacBook-Air.local" tests="5" failures="0" errors="0" skipped="0" time="0.002555667">
        <testcase classname="src/3-domain/entities/TaskComment.test.ts" name="TaskComment Entity &gt; Creation &gt; should create a valid comment" time="0.000792625">
        </testcase>
        <testcase classname="src/3-domain/entities/TaskComment.test.ts" name="TaskComment Entity &gt; Creation &gt; should create a question comment" time="0.0002145">
        </testcase>
        <testcase classname="src/3-domain/entities/TaskComment.test.ts" name="TaskComment Entity &gt; Comment Type &gt; should differentiate between comments and questions" time="0.000130542">
        </testcase>
        <testcase classname="src/3-domain/entities/TaskComment.test.ts" name="TaskComment Entity &gt; Chronological Order &gt; should maintain chronological order by createdAt" time="0.000142875">
        </testcase>
        <testcase classname="src/3-domain/entities/TaskComment.test.ts" name="TaskComment Entity &gt; Task Association &gt; should group comments by task" time="0.000516042">
        </testcase>
    </testsuite>
    <testsuite name="src/5-shared/middleware/csrf.test.ts" timestamp="2025-12-16T06:40:27.770Z" hostname="Omer-MacBook-Air.local" tests="10" failures="0" errors="0" skipped="0" time="0.005950875">
        <testcase classname="src/5-shared/middleware/csrf.test.ts" name="CSRF Protection &gt; generateCsrfToken &gt; should generate a valid token" time="0.000791834">
        </testcase>
        <testcase classname="src/5-shared/middleware/csrf.test.ts" name="CSRF Protection &gt; generateCsrfToken &gt; should generate unique tokens" time="0.000445959">
        </testcase>
        <testcase classname="src/5-shared/middleware/csrf.test.ts" name="CSRF Protection &gt; verifyCsrfToken &gt; should allow safe methods without token" time="0.001257167">
        </testcase>
        <testcase classname="src/5-shared/middleware/csrf.test.ts" name="CSRF Protection &gt; verifyCsrfToken &gt; should reject POST without token" time="0.000304">
        </testcase>
        <testcase classname="src/5-shared/middleware/csrf.test.ts" name="CSRF Protection &gt; verifyCsrfToken &gt; should accept valid token" time="0.000458167">
        </testcase>
        <testcase classname="src/5-shared/middleware/csrf.test.ts" name="CSRF Protection &gt; verifyCsrfToken &gt; should reject mismatched token" time="0.000201291">
        </testcase>
        <testcase classname="src/5-shared/middleware/csrf.test.ts" name="CSRF Protection &gt; csrfProtection &gt; should allow safe methods" time="0.000277375">
        </testcase>
        <testcase classname="src/5-shared/middleware/csrf.test.ts" name="CSRF Protection &gt; csrfProtection &gt; should allow public endpoints" time="0.000112542">
        </testcase>
        <testcase classname="src/5-shared/middleware/csrf.test.ts" name="CSRF Protection &gt; csrfProtection &gt; should reject POST without token" time="0.001010958">
        </testcase>
        <testcase classname="src/5-shared/middleware/csrf.test.ts" name="CSRF Protection &gt; csrfProtection &gt; should accept valid token" time="0.000229333">
        </testcase>
    </testsuite>
    <testsuite name="src/5-shared/test/accessibility.test.ts" timestamp="2025-12-16T06:40:27.770Z" hostname="Omer-MacBook-Air.local" tests="1" failures="1" errors="0" skipped="0" time="0">
        <testcase classname="src/5-shared/test/accessibility.test.ts" name="src/5-shared/test/accessibility.test.ts" time="0">
            <system-out>
[dotenv@17.2.3] injecting env (0) from .env.local -- tip: ⚙️  suppress all logs with { quiet: true }

            </system-out>
            <failure message="Transform failed with 1 error:
/Users/omerunsal/Desktop/akademi-port/src/5-shared/test/accessibility.test.ts:21:21: ERROR: Expected &quot;)&quot; but found &quot;Title&quot;" type="Error">
Error: Transform failed with 1 error:
/Users/omerunsal/Desktop/akademi-port/src/5-shared/test/accessibility.test.ts:21:21: ERROR: Expected &quot;)&quot; but found &quot;Title&quot;
  Plugin: vite:esbuild
  File: /Users/omerunsal/Desktop/akademi-port/src/5-shared/test/accessibility.test.ts:21:21
  
  Expected &quot;)&quot; but found &quot;Title&quot;
  19 |          &lt;div&gt;
  20 |            &lt;header&gt;
  21 |              &lt;h1&gt;Page Title&lt;/h1&gt;
     |                       ^
  22 |              &lt;nav&gt;
  23 |                &lt;ul&gt;
  
 ❯ failureErrorWithLog node_modules/esbuild/lib/main.js:1467:15
 ❯ node_modules/esbuild/lib/main.js:736:50
 ❯ responseCallbacks.&lt;computed&gt; node_modules/esbuild/lib/main.js:603:9
 ❯ handleIncomingPacket node_modules/esbuild/lib/main.js:658:12
 ❯ Socket.readFromStdout node_modules/esbuild/lib/main.js:581:7
            </failure>
        </testcase>
    </testsuite>
    <testsuite name="src/5-shared/test/accessibility.test.tsx" timestamp="2025-12-16T06:40:27.771Z" hostname="Omer-MacBook-Air.local" tests="6" failures="0" errors="0" skipped="6" time="0">
        <testcase classname="src/5-shared/test/accessibility.test.tsx" name="Accessibility Tests &gt; WCAG 2.1 Level AA Compliance &gt; should have no accessibility violations for basic HTML structure" time="0">
            <skipped/>
        </testcase>
        <testcase classname="src/5-shared/test/accessibility.test.tsx" name="Accessibility Tests &gt; WCAG 2.1 Level AA Compliance &gt; should have proper form labels" time="0">
            <skipped/>
        </testcase>
        <testcase classname="src/5-shared/test/accessibility.test.tsx" name="Accessibility Tests &gt; WCAG 2.1 Level AA Compliance &gt; should have proper image alt text" time="0">
            <skipped/>
        </testcase>
        <testcase classname="src/5-shared/test/accessibility.test.tsx" name="Accessibility Tests &gt; WCAG 2.1 Level AA Compliance &gt; should have proper heading hierarchy" time="0">
            <skipped/>
        </testcase>
        <testcase classname="src/5-shared/test/accessibility.test.tsx" name="Accessibility Tests &gt; WCAG 2.1 Level AA Compliance &gt; should have proper ARIA attributes" time="0">
            <skipped/>
        </testcase>
        <testcase classname="src/5-shared/test/accessibility.test.tsx" name="Accessibility Tests &gt; WCAG 2.1 Level AA Compliance &gt; should have keyboard accessible interactive elements" time="0">
            <skipped/>
        </testcase>
    </testsuite>
    <testsuite name="src/5-shared/test/performance.test.ts" timestamp="2025-12-16T06:40:27.771Z" hostname="Omer-MacBook-Air.local" tests="5" failures="0" errors="0" skipped="0" time="1.208802375">
        <testcase classname="src/5-shared/test/performance.test.ts" name="Performance Tests &gt; API Response Time &gt; should measure API response time" time="0.101654125">
        </testcase>
        <testcase classname="src/5-shared/test/performance.test.ts" name="Performance Tests &gt; API Response Time &gt; should measure multiple API calls for p95 calculation" time="1.002317542">
        </testcase>
        <testcase classname="src/5-shared/test/performance.test.ts" name="Performance Tests &gt; Error Rate &gt; should maintain error rate below threshold" time="0.000591375">
        </testcase>
        <testcase classname="src/5-shared/test/performance.test.ts" name="Performance Tests &gt; Memory Usage &gt; should not leak memory" time="0.000525958">
        </testcase>
        <testcase classname="src/5-shared/test/performance.test.ts" name="Performance Tests &gt; Concurrent Requests &gt; should handle concurrent requests efficiently" time="0.101366042">
        </testcase>
    </testsuite>
    <testsuite name="src/1-presentation/components/shared/ErrorBoundary.test.tsx" timestamp="2025-12-16T06:40:27.772Z" hostname="Omer-MacBook-Air.local" tests="3" failures="0" errors="0" skipped="0" time="0.02713925">
        <testcase classname="src/1-presentation/components/shared/ErrorBoundary.test.tsx" name="ErrorBoundary &gt; renders children when there is no error" time="0.020334417">
        </testcase>
        <testcase classname="src/1-presentation/components/shared/ErrorBoundary.test.tsx" name="ErrorBoundary &gt; renders with custom fallback when provided" time="0.003549833">
        </testcase>
        <testcase classname="src/1-presentation/components/shared/ErrorBoundary.test.tsx" name="ErrorBoundary &gt; has correct component structure" time="0.002633708">
        </testcase>
    </testsuite>
    <testsuite name="src/2-application/use-cases/ai/AnalyzeCompanyRiskUseCase.test.ts" timestamp="2025-12-16T06:40:27.772Z" hostname="Omer-MacBook-Air.local" tests="2" failures="0" errors="0" skipped="0" time="0.002083167">
        <testcase classname="src/2-application/use-cases/ai/AnalyzeCompanyRiskUseCase.test.ts" name="AnalyzeCompanyRiskUseCase &gt; execute &gt; should analyze company risk successfully" time="0.001120042">
        </testcase>
        <testcase classname="src/2-application/use-cases/ai/AnalyzeCompanyRiskUseCase.test.ts" name="AnalyzeCompanyRiskUseCase &gt; execute &gt; should fail when company not found" time="0.00037225">
        </testcase>
    </testsuite>
    <testsuite name="src/2-application/use-cases/ai/AnalyzeTrendsUseCase.test.ts" timestamp="2025-12-16T06:40:27.772Z" hostname="Omer-MacBook-Air.local" tests="2" failures="0" errors="0" skipped="0" time="0.002741584">
        <testcase classname="src/2-application/use-cases/ai/AnalyzeTrendsUseCase.test.ts" name="AnalyzeTrendsUseCase &gt; execute &gt; should analyze trends successfully" time="0.00168675">
        </testcase>
        <testcase classname="src/2-application/use-cases/ai/AnalyzeTrendsUseCase.test.ts" name="AnalyzeTrendsUseCase &gt; execute &gt; should fail when company not found" time="0.000387125">
        </testcase>
    </testsuite>
    <testsuite name="src/2-application/use-cases/ai/DetectNewsSpamUseCase.test.ts" timestamp="2025-12-16T06:40:27.772Z" hostname="Omer-MacBook-Air.local" tests="4" failures="0" errors="0" skipped="0" time="0.002438125">
        <testcase classname="src/2-application/use-cases/ai/DetectNewsSpamUseCase.test.ts" name="DetectNewsSpamUseCase &gt; execute &gt; should detect spam for news content" time="0.001095333">
        </testcase>
        <testcase classname="src/2-application/use-cases/ai/DetectNewsSpamUseCase.test.ts" name="DetectNewsSpamUseCase &gt; execute &gt; should detect spam for direct content" time="0.000426584">
        </testcase>
        <testcase classname="src/2-application/use-cases/ai/DetectNewsSpamUseCase.test.ts" name="DetectNewsSpamUseCase &gt; execute &gt; should handle missing content" time="0.000166333">
        </testcase>
        <testcase classname="src/2-application/use-cases/ai/DetectNewsSpamUseCase.test.ts" name="DetectNewsSpamUseCase &gt; execute &gt; should handle missing news" time="0.000133916">
        </testcase>
    </testsuite>
    <testsuite name="src/2-application/use-cases/ai/DetectSpamUseCase.test.ts" timestamp="2025-12-16T06:40:27.772Z" hostname="Omer-MacBook-Air.local" tests="5" failures="0" errors="0" skipped="0" time="0.004592167">
        <testcase classname="src/2-application/use-cases/ai/DetectSpamUseCase.test.ts" name="DetectSpamUseCase &gt; execute &gt; should detect spam for topic content" time="0.001114334">
        </testcase>
        <testcase classname="src/2-application/use-cases/ai/DetectSpamUseCase.test.ts" name="DetectSpamUseCase &gt; execute &gt; should detect spam for reply content" time="0.000502625">
        </testcase>
        <testcase classname="src/2-application/use-cases/ai/DetectSpamUseCase.test.ts" name="DetectSpamUseCase &gt; execute &gt; should handle missing content" time="0.000170583">
        </testcase>
        <testcase classname="src/2-application/use-cases/ai/DetectSpamUseCase.test.ts" name="DetectSpamUseCase &gt; execute &gt; should handle missing prompt template" time="0.000229292">
        </testcase>
        <testcase classname="src/2-application/use-cases/ai/DetectSpamUseCase.test.ts" name="DetectSpamUseCase &gt; execute &gt; should handle AI router failure" time="0.001826541">
            <system-err>
AI spam detection failed: Error: AI router error
    at /Users/omerunsal/Desktop/akademi-port/src/2-application/use-cases/ai/DetectSpamUseCase.test.ts:250:70
    at file:///Users/omerunsal/Desktop/akademi-port/node_modules/@vitest/runner/dist/index.js:157:11
    at file:///Users/omerunsal/Desktop/akademi-port/node_modules/@vitest/runner/dist/index.js:753:26
    at file:///Users/omerunsal/Desktop/akademi-port/node_modules/@vitest/runner/dist/index.js:1636:20
    at new Promise (&lt;anonymous&gt;)
    at runWithTimeout (file:///Users/omerunsal/Desktop/akademi-port/node_modules/@vitest/runner/dist/index.js:1602:10)
    at runTest (file:///Users/omerunsal/Desktop/akademi-port/node_modules/@vitest/runner/dist/index.js:1309:12)
    at processTicksAndRejections (node:internal/process/task_queues:105:5)
    at runSuite (file:///Users/omerunsal/Desktop/akademi-port/node_modules/@vitest/runner/dist/index.js:1468:8)
    at runSuite (file:///Users/omerunsal/Desktop/akademi-port/node_modules/@vitest/runner/dist/index.js:1468:8)

            </system-err>
        </testcase>
    </testsuite>
    <testsuite name="src/2-application/use-cases/ai/GenerateTaskDescriptionUseCase.test.ts" timestamp="2025-12-16T06:40:27.773Z" hostname="Omer-MacBook-Air.local" tests="5" failures="0" errors="0" skipped="0" time="0.003498542">
        <testcase classname="src/2-application/use-cases/ai/GenerateTaskDescriptionUseCase.test.ts" name="GenerateTaskDescriptionUseCase &gt; execute &gt; should generate task description successfully" time="0.001413333">
        </testcase>
        <testcase classname="src/2-application/use-cases/ai/GenerateTaskDescriptionUseCase.test.ts" name="GenerateTaskDescriptionUseCase &gt; execute &gt; should fail when prompt template not found" time="0.000262458">
        </testcase>
        <testcase classname="src/2-application/use-cases/ai/GenerateTaskDescriptionUseCase.test.ts" name="GenerateTaskDescriptionUseCase &gt; execute &gt; should fail when AI service returns error" time="0.000262042">
        </testcase>
        <testcase classname="src/2-application/use-cases/ai/GenerateTaskDescriptionUseCase.test.ts" name="GenerateTaskDescriptionUseCase &gt; execute &gt; should handle invalid JSON response with fallback parser" time="0.000624792">
        </testcase>
        <testcase classname="src/2-application/use-cases/ai/GenerateTaskDescriptionUseCase.test.ts" name="GenerateTaskDescriptionUseCase &gt; execute &gt; should handle missing required fields in response" time="0.000213333">
        </testcase>
    </testsuite>
    <testsuite name="src/2-application/use-cases/ai/GenerateTrainingSummaryUseCase.test.ts" timestamp="2025-12-16T06:40:27.773Z" hostname="Omer-MacBook-Air.local" tests="4" failures="0" errors="0" skipped="0" time="0.002950792">
        <testcase classname="src/2-application/use-cases/ai/GenerateTrainingSummaryUseCase.test.ts" name="GenerateTrainingSummaryUseCase &gt; execute &gt; should generate training summary successfully" time="0.001598833">
        </testcase>
        <testcase classname="src/2-application/use-cases/ai/GenerateTrainingSummaryUseCase.test.ts" name="GenerateTrainingSummaryUseCase &gt; execute &gt; should fail when training not found" time="0.000279375">
        </testcase>
        <testcase classname="src/2-application/use-cases/ai/GenerateTrainingSummaryUseCase.test.ts" name="GenerateTrainingSummaryUseCase &gt; execute &gt; should fail when prompt template not found" time="0.000255584">
        </testcase>
        <testcase classname="src/2-application/use-cases/ai/GenerateTrainingSummaryUseCase.test.ts" name="GenerateTrainingSummaryUseCase &gt; execute &gt; should handle AI service error" time="0.000127917">
        </testcase>
    </testsuite>
    <testsuite name="src/2-application/use-cases/ai/PredictCompanySuccessUseCase.test.ts" timestamp="2025-12-16T06:40:27.773Z" hostname="Omer-MacBook-Air.local" tests="2" failures="0" errors="0" skipped="0" time="0.002742125">
        <testcase classname="src/2-application/use-cases/ai/PredictCompanySuccessUseCase.test.ts" name="PredictCompanySuccessUseCase &gt; execute &gt; should predict company success successfully" time="0.00143425">
        </testcase>
        <testcase classname="src/2-application/use-cases/ai/PredictCompanySuccessUseCase.test.ts" name="PredictCompanySuccessUseCase &gt; execute &gt; should fail when company not found" time="0.0004155">
        </testcase>
    </testsuite>
    <testsuite name="src/2-application/use-cases/ai/RewriteNewsWithAIUseCase.test.ts" timestamp="2025-12-16T06:40:27.774Z" hostname="Omer-MacBook-Air.local" tests="4" failures="0" errors="0" skipped="0" time="0.004458416">
        <testcase classname="src/2-application/use-cases/ai/RewriteNewsWithAIUseCase.test.ts" name="RewriteNewsWithAIUseCase &gt; execute &gt; should rewrite news successfully" time="0.001379917">
        </testcase>
        <testcase classname="src/2-application/use-cases/ai/RewriteNewsWithAIUseCase.test.ts" name="RewriteNewsWithAIUseCase &gt; execute &gt; should handle missing feed item" time="0.000402458">
        </testcase>
        <testcase classname="src/2-application/use-cases/ai/RewriteNewsWithAIUseCase.test.ts" name="RewriteNewsWithAIUseCase &gt; execute &gt; should handle missing prompt template" time="0.000127666">
        </testcase>
        <testcase classname="src/2-application/use-cases/ai/RewriteNewsWithAIUseCase.test.ts" name="RewriteNewsWithAIUseCase &gt; execute &gt; should handle AI router failure" time="0.001922666">
            <system-err>
AI rewrite failed: Error: AI router error
    at /Users/omerunsal/Desktop/akademi-port/src/2-application/use-cases/ai/RewriteNewsWithAIUseCase.test.ts:224:70
    at file:///Users/omerunsal/Desktop/akademi-port/node_modules/@vitest/runner/dist/index.js:157:11
    at file:///Users/omerunsal/Desktop/akademi-port/node_modules/@vitest/runner/dist/index.js:753:26
    at file:///Users/omerunsal/Desktop/akademi-port/node_modules/@vitest/runner/dist/index.js:1636:20
    at new Promise (&lt;anonymous&gt;)
    at runWithTimeout (file:///Users/omerunsal/Desktop/akademi-port/node_modules/@vitest/runner/dist/index.js:1602:10)
    at runTest (file:///Users/omerunsal/Desktop/akademi-port/node_modules/@vitest/runner/dist/index.js:1309:12)
    at processTicksAndRejections (node:internal/process/task_queues:105:5)
    at runSuite (file:///Users/omerunsal/Desktop/akademi-port/node_modules/@vitest/runner/dist/index.js:1468:8)
    at runSuite (file:///Users/omerunsal/Desktop/akademi-port/node_modules/@vitest/runner/dist/index.js:1468:8)

            </system-err>
        </testcase>
    </testsuite>
    <testsuite name="src/2-application/use-cases/analytics/GetAIInsightsUseCase.test.ts" timestamp="2025-12-16T06:40:27.774Z" hostname="Omer-MacBook-Air.local" tests="7" failures="0" errors="0" skipped="0" time="0.005652416">
        <testcase classname="src/2-application/use-cases/analytics/GetAIInsightsUseCase.test.ts" name="GetAIInsightsUseCase &gt; execute &gt; should get AI insights successfully for master dashboard" time="0.001551458">
        </testcase>
        <testcase classname="src/2-application/use-cases/analytics/GetAIInsightsUseCase.test.ts" name="GetAIInsightsUseCase &gt; execute &gt; should get AI insights successfully for consultant dashboard" time="0.0005245">
        </testcase>
        <testcase classname="src/2-application/use-cases/analytics/GetAIInsightsUseCase.test.ts" name="GetAIInsightsUseCase &gt; execute &gt; should get AI insights successfully for company dashboard" time="0.0001595">
        </testcase>
        <testcase classname="src/2-application/use-cases/analytics/GetAIInsightsUseCase.test.ts" name="GetAIInsightsUseCase &gt; execute &gt; should fail when prompt not found" time="0.000163167">
        </testcase>
        <testcase classname="src/2-application/use-cases/analytics/GetAIInsightsUseCase.test.ts" name="GetAIInsightsUseCase &gt; execute &gt; should fail when prompt manager fails" time="0.0001365">
        </testcase>
        <testcase classname="src/2-application/use-cases/analytics/GetAIInsightsUseCase.test.ts" name="GetAIInsightsUseCase &gt; execute &gt; should fail when AI router fails" time="0.002094542">
            <system-err>
AI insights generation failed: Error: AI service error
    at Function.fail (/Users/omerunsal/Desktop/akademi-port/src/6-core/result/Result.ts:71:50)
    at /Users/omerunsal/Desktop/akademi-port/src/2-application/use-cases/analytics/GetAIInsightsUseCase.test.ts:236:65
    at file:///Users/omerunsal/Desktop/akademi-port/node_modules/@vitest/runner/dist/index.js:157:11
    at file:///Users/omerunsal/Desktop/akademi-port/node_modules/@vitest/runner/dist/index.js:753:26
    at file:///Users/omerunsal/Desktop/akademi-port/node_modules/@vitest/runner/dist/index.js:1636:20
    at new Promise (&lt;anonymous&gt;)
    at runWithTimeout (file:///Users/omerunsal/Desktop/akademi-port/node_modules/@vitest/runner/dist/index.js:1602:10)
    at runTest (file:///Users/omerunsal/Desktop/akademi-port/node_modules/@vitest/runner/dist/index.js:1309:12)
    at processTicksAndRejections (node:internal/process/task_queues:105:5)
    at runSuite (file:///Users/omerunsal/Desktop/akademi-port/node_modules/@vitest/runner/dist/index.js:1468:8)

            </system-err>
        </testcase>
        <testcase classname="src/2-application/use-cases/analytics/GetAIInsightsUseCase.test.ts" name="GetAIInsightsUseCase &gt; execute &gt; should parse fallback response when JSON parsing fails" time="0.000288167">
        </testcase>
    </testsuite>
    <testsuite name="src/2-application/use-cases/analytics/GetCompanyDashboardStatsUseCase.test.ts" timestamp="2025-12-16T06:40:27.774Z" hostname="Omer-MacBook-Air.local" tests="5" failures="0" errors="0" skipped="0" time="0.003315667">
        <testcase classname="src/2-application/use-cases/analytics/GetCompanyDashboardStatsUseCase.test.ts" name="GetCompanyDashboardStatsUseCase &gt; execute &gt; should return company dashboard stats successfully" time="0.00161325">
        </testcase>
        <testcase classname="src/2-application/use-cases/analytics/GetCompanyDashboardStatsUseCase.test.ts" name="GetCompanyDashboardStatsUseCase &gt; execute &gt; should handle empty data gracefully" time="0.000345584">
        </testcase>
        <testcase classname="src/2-application/use-cases/analytics/GetCompanyDashboardStatsUseCase.test.ts" name="GetCompanyDashboardStatsUseCase &gt; execute &gt; should handle ecommerce repository failure gracefully" time="0.000149042">
        </testcase>
        <testcase classname="src/2-application/use-cases/analytics/GetCompanyDashboardStatsUseCase.test.ts" name="GetCompanyDashboardStatsUseCase &gt; execute &gt; should calculate project progress correctly" time="0.000253542">
        </testcase>
        <testcase classname="src/2-application/use-cases/analytics/GetCompanyDashboardStatsUseCase.test.ts" name="GetCompanyDashboardStatsUseCase &gt; execute &gt; should handle errors and return failure result" time="0.000225083">
        </testcase>
    </testsuite>
    <testsuite name="src/2-application/use-cases/analytics/GetConsultantDashboardStatsUseCase.test.ts" timestamp="2025-12-16T06:40:27.775Z" hostname="Omer-MacBook-Air.local" tests="6" failures="0" errors="0" skipped="0" time="0.003512667">
        <testcase classname="src/2-application/use-cases/analytics/GetConsultantDashboardStatsUseCase.test.ts" name="GetConsultantDashboardStatsUseCase &gt; execute &gt; should return consultant dashboard stats successfully" time="0.001757583">
        </testcase>
        <testcase classname="src/2-application/use-cases/analytics/GetConsultantDashboardStatsUseCase.test.ts" name="GetConsultantDashboardStatsUseCase &gt; execute &gt; should filter companies by consultant projects" time="0.000334416">
        </testcase>
        <testcase classname="src/2-application/use-cases/analytics/GetConsultantDashboardStatsUseCase.test.ts" name="GetConsultantDashboardStatsUseCase &gt; execute &gt; should handle company repository failure" time="0.000133083">
        </testcase>
        <testcase classname="src/2-application/use-cases/analytics/GetConsultantDashboardStatsUseCase.test.ts" name="GetConsultantDashboardStatsUseCase &gt; execute &gt; should calculate company performance correctly" time="0.000215875">
        </testcase>
        <testcase classname="src/2-application/use-cases/analytics/GetConsultantDashboardStatsUseCase.test.ts" name="GetConsultantDashboardStatsUseCase &gt; execute &gt; should handle empty data gracefully" time="0.000222875">
        </testcase>
        <testcase classname="src/2-application/use-cases/analytics/GetConsultantDashboardStatsUseCase.test.ts" name="GetConsultantDashboardStatsUseCase &gt; execute &gt; should handle errors and return failure result" time="0.000117292">
        </testcase>
    </testsuite>
    <testsuite name="src/2-application/use-cases/analytics/GetDashboardStatsUseCase.test.ts" timestamp="2025-12-16T06:40:27.775Z" hostname="Omer-MacBook-Air.local" tests="5" failures="0" errors="0" skipped="0" time="0.003652">
        <testcase classname="src/2-application/use-cases/analytics/GetDashboardStatsUseCase.test.ts" name="GetDashboardStatsUseCase &gt; execute &gt; should return dashboard stats successfully" time="0.001872833">
        </testcase>
        <testcase classname="src/2-application/use-cases/analytics/GetDashboardStatsUseCase.test.ts" name="GetDashboardStatsUseCase &gt; execute &gt; should handle repository failures gracefully" time="0.00045075">
        </testcase>
        <testcase classname="src/2-application/use-cases/analytics/GetDashboardStatsUseCase.test.ts" name="GetDashboardStatsUseCase &gt; execute &gt; should calculate monthly growth correctly" time="0.000194333">
        </testcase>
        <testcase classname="src/2-application/use-cases/analytics/GetDashboardStatsUseCase.test.ts" name="GetDashboardStatsUseCase &gt; execute &gt; should return task completion data" time="0.000255875">
        </testcase>
        <testcase classname="src/2-application/use-cases/analytics/GetDashboardStatsUseCase.test.ts" name="GetDashboardStatsUseCase &gt; execute &gt; should handle errors and return failure result" time="0.000169416">
        </testcase>
    </testsuite>
    <testsuite name="src/2-application/use-cases/availability/CheckAvailabilityUseCase.test.ts" timestamp="2025-12-16T06:40:27.775Z" hostname="Omer-MacBook-Air.local" tests="9" failures="0" errors="0" skipped="0" time="0.004332625">
        <testcase classname="src/2-application/use-cases/availability/CheckAvailabilityUseCase.test.ts" name="CheckAvailabilityUseCase &gt; should check availability successfully" time="0.00161475">
        </testcase>
        <testcase classname="src/2-application/use-cases/availability/CheckAvailabilityUseCase.test.ts" name="CheckAvailabilityUseCase &gt; should return conflicts when not available" time="0.000603875">
        </testcase>
        <testcase classname="src/2-application/use-cases/availability/CheckAvailabilityUseCase.test.ts" name="CheckAvailabilityUseCase &gt; should fail when consultant ID is empty" time="0.00027675">
        </testcase>
        <testcase classname="src/2-application/use-cases/availability/CheckAvailabilityUseCase.test.ts" name="CheckAvailabilityUseCase &gt; should fail when start time is missing" time="0.000143583">
        </testcase>
        <testcase classname="src/2-application/use-cases/availability/CheckAvailabilityUseCase.test.ts" name="CheckAvailabilityUseCase &gt; should fail when end time is missing" time="0.000129">
        </testcase>
        <testcase classname="src/2-application/use-cases/availability/CheckAvailabilityUseCase.test.ts" name="CheckAvailabilityUseCase &gt; should fail when end time is before start time" time="0.000141833">
        </testcase>
        <testcase classname="src/2-application/use-cases/availability/CheckAvailabilityUseCase.test.ts" name="CheckAvailabilityUseCase &gt; should fail when end time equals start time" time="0.000181333">
        </testcase>
        <testcase classname="src/2-application/use-cases/availability/CheckAvailabilityUseCase.test.ts" name="CheckAvailabilityUseCase &gt; should handle repository errors" time="0.000120375">
        </testcase>
        <testcase classname="src/2-application/use-cases/availability/CheckAvailabilityUseCase.test.ts" name="CheckAvailabilityUseCase &gt; should handle exceptions" time="0.000299041">
        </testcase>
    </testsuite>
    <testsuite name="src/2-application/use-cases/availability/ManageAvailabilityUseCase.test.ts" timestamp="2025-12-16T06:40:27.776Z" hostname="Omer-MacBook-Air.local" tests="15" failures="0" errors="0" skipped="0" time="0.00496625">
        <testcase classname="src/2-application/use-cases/availability/ManageAvailabilityUseCase.test.ts" name="ManageAvailabilityUseCase &gt; createAvailability &gt; should create availability successfully" time="0.001825667">
        </testcase>
        <testcase classname="src/2-application/use-cases/availability/ManageAvailabilityUseCase.test.ts" name="ManageAvailabilityUseCase &gt; createAvailability &gt; should return error when consultantId is missing" time="0.000245792">
        </testcase>
        <testcase classname="src/2-application/use-cases/availability/ManageAvailabilityUseCase.test.ts" name="ManageAvailabilityUseCase &gt; createAvailability &gt; should return error when dayOfWeek is invalid" time="0.000095417">
        </testcase>
        <testcase classname="src/2-application/use-cases/availability/ManageAvailabilityUseCase.test.ts" name="ManageAvailabilityUseCase &gt; createAvailability &gt; should return error when startTime is missing" time="0.000156125">
        </testcase>
        <testcase classname="src/2-application/use-cases/availability/ManageAvailabilityUseCase.test.ts" name="ManageAvailabilityUseCase &gt; createAvailability &gt; should return error when endTime is before startTime" time="0.000195584">
        </testcase>
        <testcase classname="src/2-application/use-cases/availability/ManageAvailabilityUseCase.test.ts" name="ManageAvailabilityUseCase &gt; createAvailability &gt; should return error when validUntil is before validFrom" time="0.000102583">
        </testcase>
        <testcase classname="src/2-application/use-cases/availability/ManageAvailabilityUseCase.test.ts" name="ManageAvailabilityUseCase &gt; createAvailability &gt; should handle repository errors" time="0.000124792">
        </testcase>
        <testcase classname="src/2-application/use-cases/availability/ManageAvailabilityUseCase.test.ts" name="ManageAvailabilityUseCase &gt; updateAvailability &gt; should update availability successfully" time="0.000272291">
        </testcase>
        <testcase classname="src/2-application/use-cases/availability/ManageAvailabilityUseCase.test.ts" name="ManageAvailabilityUseCase &gt; updateAvailability &gt; should return error when dayOfWeek is invalid" time="0.000268167">
        </testcase>
        <testcase classname="src/2-application/use-cases/availability/ManageAvailabilityUseCase.test.ts" name="ManageAvailabilityUseCase &gt; updateAvailability &gt; should handle repository errors" time="0.00011425">
        </testcase>
        <testcase classname="src/2-application/use-cases/availability/ManageAvailabilityUseCase.test.ts" name="ManageAvailabilityUseCase &gt; deleteAvailability &gt; should delete availability successfully" time="0.000179458">
        </testcase>
        <testcase classname="src/2-application/use-cases/availability/ManageAvailabilityUseCase.test.ts" name="ManageAvailabilityUseCase &gt; deleteAvailability &gt; should handle repository errors" time="0.000074458">
        </testcase>
        <testcase classname="src/2-application/use-cases/availability/ManageAvailabilityUseCase.test.ts" name="ManageAvailabilityUseCase &gt; getAvailabilityByConsultant &gt; should return availability list successfully" time="0.00009375">
        </testcase>
        <testcase classname="src/2-application/use-cases/availability/ManageAvailabilityUseCase.test.ts" name="ManageAvailabilityUseCase &gt; getAvailabilityByConsultant &gt; should return error when consultantId is missing" time="0.000061458">
        </testcase>
        <testcase classname="src/2-application/use-cases/availability/ManageAvailabilityUseCase.test.ts" name="ManageAvailabilityUseCase &gt; getAvailabilityByConsultant &gt; should handle repository errors" time="0.000066208">
        </testcase>
    </testsuite>
    <testsuite name="src/2-application/use-cases/availability/ManageUnavailableDatesUseCase.test.ts" timestamp="2025-12-16T06:40:27.777Z" hostname="Omer-MacBook-Air.local" tests="15" failures="0" errors="0" skipped="0" time="0.004493375">
        <testcase classname="src/2-application/use-cases/availability/ManageUnavailableDatesUseCase.test.ts" name="ManageUnavailableDatesUseCase &gt; createUnavailableDate &gt; should create unavailable date successfully" time="0.001623958">
        </testcase>
        <testcase classname="src/2-application/use-cases/availability/ManageUnavailableDatesUseCase.test.ts" name="ManageUnavailableDatesUseCase &gt; createUnavailableDate &gt; should return error when consultantId is missing" time="0.000218583">
        </testcase>
        <testcase classname="src/2-application/use-cases/availability/ManageUnavailableDatesUseCase.test.ts" name="ManageUnavailableDatesUseCase &gt; createUnavailableDate &gt; should return error when startTime is missing" time="0.00008875">
        </testcase>
        <testcase classname="src/2-application/use-cases/availability/ManageUnavailableDatesUseCase.test.ts" name="ManageUnavailableDatesUseCase &gt; createUnavailableDate &gt; should return error when endTime is before startTime" time="0.000163375">
        </testcase>
        <testcase classname="src/2-application/use-cases/availability/ManageUnavailableDatesUseCase.test.ts" name="ManageUnavailableDatesUseCase &gt; createUnavailableDate &gt; should return error when startTime is in the past" time="0.000179333">
        </testcase>
        <testcase classname="src/2-application/use-cases/availability/ManageUnavailableDatesUseCase.test.ts" name="ManageUnavailableDatesUseCase &gt; createUnavailableDate &gt; should handle repository errors" time="0.000131209">
        </testcase>
        <testcase classname="src/2-application/use-cases/availability/ManageUnavailableDatesUseCase.test.ts" name="ManageUnavailableDatesUseCase &gt; updateUnavailableDate &gt; should update unavailable date successfully" time="0.000356209">
        </testcase>
        <testcase classname="src/2-application/use-cases/availability/ManageUnavailableDatesUseCase.test.ts" name="ManageUnavailableDatesUseCase &gt; updateUnavailableDate &gt; should return error when endTime is before startTime" time="0.000082083">
        </testcase>
        <testcase classname="src/2-application/use-cases/availability/ManageUnavailableDatesUseCase.test.ts" name="ManageUnavailableDatesUseCase &gt; updateUnavailableDate &gt; should return error when startTime is in the past" time="0.000235958">
        </testcase>
        <testcase classname="src/2-application/use-cases/availability/ManageUnavailableDatesUseCase.test.ts" name="ManageUnavailableDatesUseCase &gt; updateUnavailableDate &gt; should handle repository errors" time="0.000098">
        </testcase>
        <testcase classname="src/2-application/use-cases/availability/ManageUnavailableDatesUseCase.test.ts" name="ManageUnavailableDatesUseCase &gt; deleteUnavailableDate &gt; should delete unavailable date successfully" time="0.000164333">
        </testcase>
        <testcase classname="src/2-application/use-cases/availability/ManageUnavailableDatesUseCase.test.ts" name="ManageUnavailableDatesUseCase &gt; deleteUnavailableDate &gt; should handle repository errors" time="0.000065959">
        </testcase>
        <testcase classname="src/2-application/use-cases/availability/ManageUnavailableDatesUseCase.test.ts" name="ManageUnavailableDatesUseCase &gt; getUnavailableDatesByConsultant &gt; should return unavailable dates list successfully" time="0.0000925">
        </testcase>
        <testcase classname="src/2-application/use-cases/availability/ManageUnavailableDatesUseCase.test.ts" name="ManageUnavailableDatesUseCase &gt; getUnavailableDatesByConsultant &gt; should return error when consultantId is missing" time="0.00005575">
        </testcase>
        <testcase classname="src/2-application/use-cases/availability/ManageUnavailableDatesUseCase.test.ts" name="ManageUnavailableDatesUseCase &gt; getUnavailableDatesByConsultant &gt; should handle repository errors" time="0.000062125">
        </testcase>
    </testsuite>
    <testsuite name="src/2-application/use-cases/chatbot/ChatbotConversationUseCase.test.ts" timestamp="2025-12-16T06:40:27.778Z" hostname="Omer-MacBook-Air.local" tests="5" failures="0" errors="0" skipped="0" time="0.005310792">
        <testcase classname="src/2-application/use-cases/chatbot/ChatbotConversationUseCase.test.ts" name="ChatbotConversationUseCase &gt; sendMessage &gt; should create new conversation and send message successfully" time="0.001431375">
        </testcase>
        <testcase classname="src/2-application/use-cases/chatbot/ChatbotConversationUseCase.test.ts" name="ChatbotConversationUseCase &gt; sendMessage &gt; should use existing conversation when conversationId is provided" time="0.000762834">
        </testcase>
        <testcase classname="src/2-application/use-cases/chatbot/ChatbotConversationUseCase.test.ts" name="ChatbotConversationUseCase &gt; sendMessage &gt; should return error when conversation not found" time="0.000228583">
        </testcase>
        <testcase classname="src/2-application/use-cases/chatbot/ChatbotConversationUseCase.test.ts" name="ChatbotConversationUseCase &gt; sendMessage &gt; should return error when prompt not found" time="0.00016475">
        </testcase>
        <testcase classname="src/2-application/use-cases/chatbot/ChatbotConversationUseCase.test.ts" name="ChatbotConversationUseCase &gt; sendMessage &gt; should return error when AI response fails" time="0.001979333">
            <system-err>
AI chatbot response failed: AppError: AI error
    at /Users/omerunsal/Desktop/akademi-port/src/2-application/use-cases/chatbot/ChatbotConversationUseCase.test.ts:312:50
    at file:///Users/omerunsal/Desktop/akademi-port/node_modules/@vitest/runner/dist/index.js:157:11
    at file:///Users/omerunsal/Desktop/akademi-port/node_modules/@vitest/runner/dist/index.js:753:26
    at file:///Users/omerunsal/Desktop/akademi-port/node_modules/@vitest/runner/dist/index.js:1636:20
    at new Promise (&lt;anonymous&gt;)
    at runWithTimeout (file:///Users/omerunsal/Desktop/akademi-port/node_modules/@vitest/runner/dist/index.js:1602:10)
    at runTest (file:///Users/omerunsal/Desktop/akademi-port/node_modules/@vitest/runner/dist/index.js:1309:12)
    at processTicksAndRejections (node:internal/process/task_queues:105:5)
    at runSuite (file:///Users/omerunsal/Desktop/akademi-port/node_modules/@vitest/runner/dist/index.js:1468:8)
    at runSuite (file:///Users/omerunsal/Desktop/akademi-port/node_modules/@vitest/runner/dist/index.js:1468:8) {
  statusCode: 500,
  code: undefined,
  details: undefined
}

            </system-err>
        </testcase>
    </testsuite>
    <testsuite name="src/2-application/use-cases/chatbot/SearchTrainingContentUseCase.test.ts" timestamp="2025-12-16T06:40:27.778Z" hostname="Omer-MacBook-Air.local" tests="6" failures="0" errors="0" skipped="0" time="0.005354125">
        <testcase classname="src/2-application/use-cases/chatbot/SearchTrainingContentUseCase.test.ts" name="SearchTrainingContentUseCase &gt; execute &gt; should return empty array when query is empty" time="0.001112292">
        </testcase>
        <testcase classname="src/2-application/use-cases/chatbot/SearchTrainingContentUseCase.test.ts" name="SearchTrainingContentUseCase &gt; execute &gt; should search and return relevant trainings" time="0.000891666">
        </testcase>
        <testcase classname="src/2-application/use-cases/chatbot/SearchTrainingContentUseCase.test.ts" name="SearchTrainingContentUseCase &gt; execute &gt; should return empty array when no trainings found" time="0.00016325">
        </testcase>
        <testcase classname="src/2-application/use-cases/chatbot/SearchTrainingContentUseCase.test.ts" name="SearchTrainingContentUseCase &gt; execute &gt; should sort results by relevance score" time="0.000232916">
        </testcase>
        <testcase classname="src/2-application/use-cases/chatbot/SearchTrainingContentUseCase.test.ts" name="SearchTrainingContentUseCase &gt; execute &gt; should limit results when limit is provided" time="0.000120666">
        </testcase>
        <testcase classname="src/2-application/use-cases/chatbot/SearchTrainingContentUseCase.test.ts" name="SearchTrainingContentUseCase &gt; execute &gt; should handle errors gracefully" time="0.001947125">
            <system-err>
Error in SearchTrainingContentUseCase: Error: Database error
    at /Users/omerunsal/Desktop/akademi-port/src/2-application/use-cases/chatbot/SearchTrainingContentUseCase.test.ts:181:37
    at file:///Users/omerunsal/Desktop/akademi-port/node_modules/@vitest/runner/dist/index.js:157:11
    at file:///Users/omerunsal/Desktop/akademi-port/node_modules/@vitest/runner/dist/index.js:753:26
    at file:///Users/omerunsal/Desktop/akademi-port/node_modules/@vitest/runner/dist/index.js:1636:20
    at new Promise (&lt;anonymous&gt;)
    at runWithTimeout (file:///Users/omerunsal/Desktop/akademi-port/node_modules/@vitest/runner/dist/index.js:1602:10)
    at runTest (file:///Users/omerunsal/Desktop/akademi-port/node_modules/@vitest/runner/dist/index.js:1309:12)
    at processTicksAndRejections (node:internal/process/task_queues:105:5)
    at runSuite (file:///Users/omerunsal/Desktop/akademi-port/node_modules/@vitest/runner/dist/index.js:1468:8)
    at runSuite (file:///Users/omerunsal/Desktop/akademi-port/node_modules/@vitest/runner/dist/index.js:1468:8)

            </system-err>
        </testcase>
    </testsuite>
    <testsuite name="src/2-application/use-cases/appointment/ApproveAppointmentUseCase.test.ts" timestamp="2025-12-16T06:40:27.778Z" hostname="Omer-MacBook-Air.local" tests="9" failures="0" errors="0" skipped="0" time="0.009112166">
        <testcase classname="src/2-application/use-cases/appointment/ApproveAppointmentUseCase.test.ts" name="ApproveAppointmentUseCase &gt; should approve appointment successfully" time="0.002284334">
        </testcase>
        <testcase classname="src/2-application/use-cases/appointment/ApproveAppointmentUseCase.test.ts" name="ApproveAppointmentUseCase &gt; should create Zoom meeting when approving" time="0.000938375">
        </testcase>
        <testcase classname="src/2-application/use-cases/appointment/ApproveAppointmentUseCase.test.ts" name="ApproveAppointmentUseCase &gt; should continue even if Zoom meeting creation fails" time="0.000672667">
            <system-err>
Failed to create Zoom meeting for approved appointment: { appointmentId: &apos;appointment-1&apos;, error: &apos;Zoom API error&apos; }

            </system-err>
        </testcase>
        <testcase classname="src/2-application/use-cases/appointment/ApproveAppointmentUseCase.test.ts" name="ApproveAppointmentUseCase &gt; should send notification when approving" time="0.000415166">
        </testcase>
        <testcase classname="src/2-application/use-cases/appointment/ApproveAppointmentUseCase.test.ts" name="ApproveAppointmentUseCase &gt; should return error when appointment ID is empty" time="0.000495958">
        </testcase>
        <testcase classname="src/2-application/use-cases/appointment/ApproveAppointmentUseCase.test.ts" name="ApproveAppointmentUseCase &gt; should return error when approvedBy is empty" time="0.000293917">
        </testcase>
        <testcase classname="src/2-application/use-cases/appointment/ApproveAppointmentUseCase.test.ts" name="ApproveAppointmentUseCase &gt; should return error when appointment not found" time="0.000249375">
        </testcase>
        <testcase classname="src/2-application/use-cases/appointment/ApproveAppointmentUseCase.test.ts" name="ApproveAppointmentUseCase &gt; should return error when appointment is not pending" time="0.000238333">
        </testcase>
        <testcase classname="src/2-application/use-cases/appointment/ApproveAppointmentUseCase.test.ts" name="ApproveAppointmentUseCase &gt; should continue even if notification fails" time="0.002606875">
            <system-err>
Failed to send appointment confirmed notification {
  error: Error: Notification failed
      at /Users/omerunsal/Desktop/akademi-port/src/2-application/use-cases/appointment/ApproveAppointmentUseCase.test.ts:307:7
      at file:///Users/omerunsal/Desktop/akademi-port/node_modules/@vitest/runner/dist/index.js:157:11
      at file:///Users/omerunsal/Desktop/akademi-port/node_modules/@vitest/runner/dist/index.js:753:26
      at file:///Users/omerunsal/Desktop/akademi-port/node_modules/@vitest/runner/dist/index.js:1636:20
      at new Promise (&lt;anonymous&gt;)
      at runWithTimeout (file:///Users/omerunsal/Desktop/akademi-port/node_modules/@vitest/runner/dist/index.js:1602:10)
      at runTest (file:///Users/omerunsal/Desktop/akademi-port/node_modules/@vitest/runner/dist/index.js:1309:12)
      at processTicksAndRejections (node:internal/process/task_queues:105:5)
      at runSuite (file:///Users/omerunsal/Desktop/akademi-port/node_modules/@vitest/runner/dist/index.js:1468:8)
      at runSuite (file:///Users/omerunsal/Desktop/akademi-port/node_modules/@vitest/runner/dist/index.js:1468:8),
  appointmentId: &apos;appointment-1&apos;
}

            </system-err>
        </testcase>
    </testsuite>
    <testsuite name="src/2-application/use-cases/appointment/CreateAppointmentUseCase.test.ts" timestamp="2025-12-16T06:40:27.779Z" hostname="Omer-MacBook-Air.local" tests="4" failures="0" errors="0" skipped="0" time="0.015783167">
        <testcase classname="src/2-application/use-cases/appointment/CreateAppointmentUseCase.test.ts" name="CreateAppointmentUseCase &gt; should create an appointment successfully when consultant is available" time="0.001727125">
        </testcase>
        <testcase classname="src/2-application/use-cases/appointment/CreateAppointmentUseCase.test.ts" name="CreateAppointmentUseCase &gt; should fail when there is a conflicting appointment" time="0.011368041">
        </testcase>
        <testcase classname="src/2-application/use-cases/appointment/CreateAppointmentUseCase.test.ts" name="CreateAppointmentUseCase &gt; should validate required fields" time="0.000199667">
        </testcase>
        <testcase classname="src/2-application/use-cases/appointment/CreateAppointmentUseCase.test.ts" name="CreateAppointmentUseCase &gt; should handle repository error" time="0.001888291">
            <system-err>
Error creating appointment: Error: Database error
    at /Users/omerunsal/Desktop/akademi-port/src/2-application/use-cases/appointment/CreateAppointmentUseCase.test.ts:199:67
    at file:///Users/omerunsal/Desktop/akademi-port/node_modules/@vitest/runner/dist/index.js:157:11
    at file:///Users/omerunsal/Desktop/akademi-port/node_modules/@vitest/runner/dist/index.js:753:26
    at file:///Users/omerunsal/Desktop/akademi-port/node_modules/@vitest/runner/dist/index.js:1636:20
    at new Promise (&lt;anonymous&gt;)
    at runWithTimeout (file:///Users/omerunsal/Desktop/akademi-port/node_modules/@vitest/runner/dist/index.js:1602:10)
    at runTest (file:///Users/omerunsal/Desktop/akademi-port/node_modules/@vitest/runner/dist/index.js:1309:12)
    at processTicksAndRejections (node:internal/process/task_queues:105:5)
    at runSuite (file:///Users/omerunsal/Desktop/akademi-port/node_modules/@vitest/runner/dist/index.js:1468:8)
    at runSuite (file:///Users/omerunsal/Desktop/akademi-port/node_modules/@vitest/runner/dist/index.js:1468:8)

            </system-err>
        </testcase>
    </testsuite>
    <testsuite name="src/2-application/use-cases/appointment/DeleteAppointmentUseCase.test.ts" timestamp="2025-12-16T06:40:27.779Z" hostname="Omer-MacBook-Air.local" tests="6" failures="0" errors="0" skipped="0" time="0.006753042">
        <testcase classname="src/2-application/use-cases/appointment/DeleteAppointmentUseCase.test.ts" name="DeleteAppointmentUseCase &gt; should delete appointment successfully" time="0.001799291">
        </testcase>
        <testcase classname="src/2-application/use-cases/appointment/DeleteAppointmentUseCase.test.ts" name="DeleteAppointmentUseCase &gt; should return error when appointment ID is empty" time="0.000571">
        </testcase>
        <testcase classname="src/2-application/use-cases/appointment/DeleteAppointmentUseCase.test.ts" name="DeleteAppointmentUseCase &gt; should return error when appointment not found" time="0.000217292">
        </testcase>
        <testcase classname="src/2-application/use-cases/appointment/DeleteAppointmentUseCase.test.ts" name="DeleteAppointmentUseCase &gt; should get consultant name from userRepository when available" time="0.00082175">
        </testcase>
        <testcase classname="src/2-application/use-cases/appointment/DeleteAppointmentUseCase.test.ts" name="DeleteAppointmentUseCase &gt; should continue even if notification fails" time="0.002037875">
            <system-err>
Failed to send appointment cancelled notification {
  error: Error: Notification failed
      at /Users/omerunsal/Desktop/akademi-port/src/2-application/use-cases/appointment/DeleteAppointmentUseCase.test.ts:187:7
      at file:///Users/omerunsal/Desktop/akademi-port/node_modules/@vitest/runner/dist/index.js:157:11
      at file:///Users/omerunsal/Desktop/akademi-port/node_modules/@vitest/runner/dist/index.js:753:26
      at file:///Users/omerunsal/Desktop/akademi-port/node_modules/@vitest/runner/dist/index.js:1636:20
      at new Promise (&lt;anonymous&gt;)
      at runWithTimeout (file:///Users/omerunsal/Desktop/akademi-port/node_modules/@vitest/runner/dist/index.js:1602:10)
      at runTest (file:///Users/omerunsal/Desktop/akademi-port/node_modules/@vitest/runner/dist/index.js:1309:12)
      at processTicksAndRejections (node:internal/process/task_queues:105:5)
      at runSuite (file:///Users/omerunsal/Desktop/akademi-port/node_modules/@vitest/runner/dist/index.js:1468:8)
      at runSuite (file:///Users/omerunsal/Desktop/akademi-port/node_modules/@vitest/runner/dist/index.js:1468:8),
  appointmentId: &apos;appointment-1&apos;
}

            </system-err>
        </testcase>
        <testcase classname="src/2-application/use-cases/appointment/DeleteAppointmentUseCase.test.ts" name="DeleteAppointmentUseCase &gt; should handle repository errors" time="0.000575625">
            <system-err>
Error deleting appointment: Error: Database error
    at /Users/omerunsal/Desktop/akademi-port/src/2-application/use-cases/appointment/DeleteAppointmentUseCase.test.ts:200:58
    at file:///Users/omerunsal/Desktop/akademi-port/node_modules/@vitest/runner/dist/index.js:157:11
    at file:///Users/omerunsal/Desktop/akademi-port/node_modules/@vitest/runner/dist/index.js:753:26
    at file:///Users/omerunsal/Desktop/akademi-port/node_modules/@vitest/runner/dist/index.js:1636:20
    at new Promise (&lt;anonymous&gt;)
    at runWithTimeout (file:///Users/omerunsal/Desktop/akademi-port/node_modules/@vitest/runner/dist/index.js:1602:10)
    at runTest (file:///Users/omerunsal/Desktop/akademi-port/node_modules/@vitest/runner/dist/index.js:1309:12)
    at processTicksAndRejections (node:internal/process/task_queues:105:5)
    at runSuite (file:///Users/omerunsal/Desktop/akademi-port/node_modules/@vitest/runner/dist/index.js:1468:8)
    at runSuite (file:///Users/omerunsal/Desktop/akademi-port/node_modules/@vitest/runner/dist/index.js:1468:8)

            </system-err>
        </testcase>
    </testsuite>
    <testsuite name="src/2-application/use-cases/appointment/GetAppointmentUseCase.test.ts" timestamp="2025-12-16T06:40:27.780Z" hostname="Omer-MacBook-Air.local" tests="5" failures="0" errors="0" skipped="0" time="0.005027166">
        <testcase classname="src/2-application/use-cases/appointment/GetAppointmentUseCase.test.ts" name="GetAppointmentUseCase &gt; should get appointment successfully" time="0.001618958">
        </testcase>
        <testcase classname="src/2-application/use-cases/appointment/GetAppointmentUseCase.test.ts" name="GetAppointmentUseCase &gt; should return error when appointment ID is empty" time="0.00050125">
        </testcase>
        <testcase classname="src/2-application/use-cases/appointment/GetAppointmentUseCase.test.ts" name="GetAppointmentUseCase &gt; should return error when appointment ID is whitespace" time="0.00022125">
        </testcase>
        <testcase classname="src/2-application/use-cases/appointment/GetAppointmentUseCase.test.ts" name="GetAppointmentUseCase &gt; should return error when appointment not found" time="0.000202709">
        </testcase>
        <testcase classname="src/2-application/use-cases/appointment/GetAppointmentUseCase.test.ts" name="GetAppointmentUseCase &gt; should handle repository errors" time="0.001706834">
            <system-err>
Error getting appointment: Error: Database error
    at /Users/omerunsal/Desktop/akademi-port/src/2-application/use-cases/appointment/GetAppointmentUseCase.test.ts:132:69
    at file:///Users/omerunsal/Desktop/akademi-port/node_modules/@vitest/runner/dist/index.js:157:11
    at file:///Users/omerunsal/Desktop/akademi-port/node_modules/@vitest/runner/dist/index.js:753:26
    at file:///Users/omerunsal/Desktop/akademi-port/node_modules/@vitest/runner/dist/index.js:1636:20
    at new Promise (&lt;anonymous&gt;)
    at runWithTimeout (file:///Users/omerunsal/Desktop/akademi-port/node_modules/@vitest/runner/dist/index.js:1602:10)
    at runTest (file:///Users/omerunsal/Desktop/akademi-port/node_modules/@vitest/runner/dist/index.js:1309:12)
    at processTicksAndRejections (node:internal/process/task_queues:105:5)
    at runSuite (file:///Users/omerunsal/Desktop/akademi-port/node_modules/@vitest/runner/dist/index.js:1468:8)
    at runSuite (file:///Users/omerunsal/Desktop/akademi-port/node_modules/@vitest/runner/dist/index.js:1468:8)

            </system-err>
        </testcase>
    </testsuite>
    <testsuite name="src/2-application/use-cases/appointment/ListAppointmentsUseCase.test.ts" timestamp="2025-12-16T06:40:27.780Z" hostname="Omer-MacBook-Air.local" tests="4" failures="0" errors="0" skipped="0" time="0.004801875">
        <testcase classname="src/2-application/use-cases/appointment/ListAppointmentsUseCase.test.ts" name="ListAppointmentsUseCase &gt; should list appointments successfully without filters" time="0.001676583">
        </testcase>
        <testcase classname="src/2-application/use-cases/appointment/ListAppointmentsUseCase.test.ts" name="ListAppointmentsUseCase &gt; should list appointments with filters" time="0.000467167">
        </testcase>
        <testcase classname="src/2-application/use-cases/appointment/ListAppointmentsUseCase.test.ts" name="ListAppointmentsUseCase &gt; should convert string dates to Date objects" time="0.000277916">
        </testcase>
        <testcase classname="src/2-application/use-cases/appointment/ListAppointmentsUseCase.test.ts" name="ListAppointmentsUseCase &gt; should handle repository errors" time="0.001724208">
            <system-err>
Error listing appointments: Error: Database error
    at /Users/omerunsal/Desktop/akademi-port/src/2-application/use-cases/appointment/ListAppointmentsUseCase.test.ts:150:68
    at file:///Users/omerunsal/Desktop/akademi-port/node_modules/@vitest/runner/dist/index.js:157:11
    at file:///Users/omerunsal/Desktop/akademi-port/node_modules/@vitest/runner/dist/index.js:753:26
    at file:///Users/omerunsal/Desktop/akademi-port/node_modules/@vitest/runner/dist/index.js:1636:20
    at new Promise (&lt;anonymous&gt;)
    at runWithTimeout (file:///Users/omerunsal/Desktop/akademi-port/node_modules/@vitest/runner/dist/index.js:1602:10)
    at runTest (file:///Users/omerunsal/Desktop/akademi-port/node_modules/@vitest/runner/dist/index.js:1309:12)
    at processTicksAndRejections (node:internal/process/task_queues:105:5)
    at runSuite (file:///Users/omerunsal/Desktop/akademi-port/node_modules/@vitest/runner/dist/index.js:1468:8)
    at runSuite (file:///Users/omerunsal/Desktop/akademi-port/node_modules/@vitest/runner/dist/index.js:1468:8)

            </system-err>
        </testcase>
    </testsuite>
    <testsuite name="src/2-application/use-cases/appointment/RejectAppointmentUseCase.test.ts" timestamp="2025-12-16T06:40:27.780Z" hostname="Omer-MacBook-Air.local" tests="8" failures="0" errors="0" skipped="0" time="0.007529333">
        <testcase classname="src/2-application/use-cases/appointment/RejectAppointmentUseCase.test.ts" name="RejectAppointmentUseCase &gt; should reject appointment successfully" time="0.001747792">
        </testcase>
        <testcase classname="src/2-application/use-cases/appointment/RejectAppointmentUseCase.test.ts" name="RejectAppointmentUseCase &gt; should send notification to company user when consultant rejects" time="0.00057675">
        </testcase>
        <testcase classname="src/2-application/use-cases/appointment/RejectAppointmentUseCase.test.ts" name="RejectAppointmentUseCase &gt; should send notification to consultant when company rejects" time="0.00042125">
        </testcase>
        <testcase classname="src/2-application/use-cases/appointment/RejectAppointmentUseCase.test.ts" name="RejectAppointmentUseCase &gt; should return error when appointment ID is empty" time="0.000311625">
        </testcase>
        <testcase classname="src/2-application/use-cases/appointment/RejectAppointmentUseCase.test.ts" name="RejectAppointmentUseCase &gt; should return error when rejectedBy is empty" time="0.000192">
        </testcase>
        <testcase classname="src/2-application/use-cases/appointment/RejectAppointmentUseCase.test.ts" name="RejectAppointmentUseCase &gt; should return error when appointment not found" time="0.000382542">
        </testcase>
        <testcase classname="src/2-application/use-cases/appointment/RejectAppointmentUseCase.test.ts" name="RejectAppointmentUseCase &gt; should return error when appointment is not pending" time="0.000227417">
        </testcase>
        <testcase classname="src/2-application/use-cases/appointment/RejectAppointmentUseCase.test.ts" name="RejectAppointmentUseCase &gt; should continue even if notification fails" time="0.002485">
            <system-err>
Failed to send appointment rejected notification {
  error: Error: Notification failed
      at /Users/omerunsal/Desktop/akademi-port/src/2-application/use-cases/appointment/RejectAppointmentUseCase.test.ts:274:7
      at file:///Users/omerunsal/Desktop/akademi-port/node_modules/@vitest/runner/dist/index.js:157:11
      at file:///Users/omerunsal/Desktop/akademi-port/node_modules/@vitest/runner/dist/index.js:753:26
      at file:///Users/omerunsal/Desktop/akademi-port/node_modules/@vitest/runner/dist/index.js:1636:20
      at new Promise (&lt;anonymous&gt;)
      at runWithTimeout (file:///Users/omerunsal/Desktop/akademi-port/node_modules/@vitest/runner/dist/index.js:1602:10)
      at runTest (file:///Users/omerunsal/Desktop/akademi-port/node_modules/@vitest/runner/dist/index.js:1309:12)
      at processTicksAndRejections (node:internal/process/task_queues:105:5)
      at runSuite (file:///Users/omerunsal/Desktop/akademi-port/node_modules/@vitest/runner/dist/index.js:1468:8)
      at runSuite (file:///Users/omerunsal/Desktop/akademi-port/node_modules/@vitest/runner/dist/index.js:1468:8),
  appointmentId: &apos;appointment-1&apos;
}

            </system-err>
        </testcase>
    </testsuite>
    <testsuite name="src/2-application/use-cases/appointment/RescheduleAppointmentUseCase.test.ts" timestamp="2025-12-16T06:40:27.781Z" hostname="Omer-MacBook-Air.local" tests="11" failures="0" errors="0" skipped="0" time="0.018866125">
        <testcase classname="src/2-application/use-cases/appointment/RescheduleAppointmentUseCase.test.ts" name="RescheduleAppointmentUseCase &gt; should reschedule appointment successfully" time="0.001669541">
        </testcase>
        <testcase classname="src/2-application/use-cases/appointment/RescheduleAppointmentUseCase.test.ts" name="RescheduleAppointmentUseCase &gt; should send notifications to both parties" time="0.000570917">
        </testcase>
        <testcase classname="src/2-application/use-cases/appointment/RescheduleAppointmentUseCase.test.ts" name="RescheduleAppointmentUseCase &gt; should return error when appointment ID is empty" time="0.00032325">
        </testcase>
        <testcase classname="src/2-application/use-cases/appointment/RescheduleAppointmentUseCase.test.ts" name="RescheduleAppointmentUseCase &gt; should return error when rescheduledBy is empty" time="0.000186459">
        </testcase>
        <testcase classname="src/2-application/use-cases/appointment/RescheduleAppointmentUseCase.test.ts" name="RescheduleAppointmentUseCase &gt; should return error when appointment not found" time="0.000290667">
        </testcase>
        <testcase classname="src/2-application/use-cases/appointment/RescheduleAppointmentUseCase.test.ts" name="RescheduleAppointmentUseCase &gt; should return error when appointment cannot be rescheduled" time="0.000228291">
        </testcase>
        <testcase classname="src/2-application/use-cases/appointment/RescheduleAppointmentUseCase.test.ts" name="RescheduleAppointmentUseCase &gt; should return error when new start time is in the past" time="0.000266791">
        </testcase>
        <testcase classname="src/2-application/use-cases/appointment/RescheduleAppointmentUseCase.test.ts" name="RescheduleAppointmentUseCase &gt; should return error when start time is after end time" time="0.000212625">
        </testcase>
        <testcase classname="src/2-application/use-cases/appointment/RescheduleAppointmentUseCase.test.ts" name="RescheduleAppointmentUseCase &gt; should return error when duration is less than 15 minutes" time="0.000705041">
        </testcase>
        <testcase classname="src/2-application/use-cases/appointment/RescheduleAppointmentUseCase.test.ts" name="RescheduleAppointmentUseCase &gt; should return error when there are conflicting appointments" time="0.011100208">
        </testcase>
        <testcase classname="src/2-application/use-cases/appointment/RescheduleAppointmentUseCase.test.ts" name="RescheduleAppointmentUseCase &gt; should continue even if notification fails" time="0.002506041">
            <system-err>
Failed to send appointment rescheduled notification {
  error: Error: Notification failed
      at /Users/omerunsal/Desktop/akademi-port/src/2-application/use-cases/appointment/RescheduleAppointmentUseCase.test.ts:382:7
      at file:///Users/omerunsal/Desktop/akademi-port/node_modules/@vitest/runner/dist/index.js:157:11
      at file:///Users/omerunsal/Desktop/akademi-port/node_modules/@vitest/runner/dist/index.js:753:26
      at file:///Users/omerunsal/Desktop/akademi-port/node_modules/@vitest/runner/dist/index.js:1636:20
      at new Promise (&lt;anonymous&gt;)
      at runWithTimeout (file:///Users/omerunsal/Desktop/akademi-port/node_modules/@vitest/runner/dist/index.js:1602:10)
      at runTest (file:///Users/omerunsal/Desktop/akademi-port/node_modules/@vitest/runner/dist/index.js:1309:12)
      at processTicksAndRejections (node:internal/process/task_queues:105:5)
      at runSuite (file:///Users/omerunsal/Desktop/akademi-port/node_modules/@vitest/runner/dist/index.js:1468:8)
      at runSuite (file:///Users/omerunsal/Desktop/akademi-port/node_modules/@vitest/runner/dist/index.js:1468:8),
  appointmentId: &apos;appointment-2&apos;
}

            </system-err>
        </testcase>
    </testsuite>
    <testsuite name="src/2-application/use-cases/appointment/UpdateAppointmentUseCase.test.ts" timestamp="2025-12-16T06:40:27.782Z" hostname="Omer-MacBook-Air.local" tests="7" failures="0" errors="0" skipped="0" time="0.017213833">
        <testcase classname="src/2-application/use-cases/appointment/UpdateAppointmentUseCase.test.ts" name="UpdateAppointmentUseCase &gt; should update appointment successfully" time="0.001655083">
        </testcase>
        <testcase classname="src/2-application/use-cases/appointment/UpdateAppointmentUseCase.test.ts" name="UpdateAppointmentUseCase &gt; should return error when appointment ID is empty" time="0.000573125">
        </testcase>
        <testcase classname="src/2-application/use-cases/appointment/UpdateAppointmentUseCase.test.ts" name="UpdateAppointmentUseCase &gt; should return error when appointment not found" time="0.000233459">
        </testcase>
        <testcase classname="src/2-application/use-cases/appointment/UpdateAppointmentUseCase.test.ts" name="UpdateAppointmentUseCase &gt; should check for conflicts when updating time" time="0.000168917">
        </testcase>
        <testcase classname="src/2-application/use-cases/appointment/UpdateAppointmentUseCase.test.ts" name="UpdateAppointmentUseCase &gt; should return error when there are conflicting appointments" time="0.010652375">
        </testcase>
        <testcase classname="src/2-application/use-cases/appointment/UpdateAppointmentUseCase.test.ts" name="UpdateAppointmentUseCase &gt; should convert string dates to Date objects" time="0.000403083">
        </testcase>
        <testcase classname="src/2-application/use-cases/appointment/UpdateAppointmentUseCase.test.ts" name="UpdateAppointmentUseCase &gt; should handle repository errors" time="0.002697833">
            <system-err>
Error updating appointment: Error: Database error
    at /Users/omerunsal/Desktop/akademi-port/src/2-application/use-cases/appointment/UpdateAppointmentUseCase.test.ts:205:58
    at file:///Users/omerunsal/Desktop/akademi-port/node_modules/@vitest/runner/dist/index.js:157:11
    at file:///Users/omerunsal/Desktop/akademi-port/node_modules/@vitest/runner/dist/index.js:753:26
    at file:///Users/omerunsal/Desktop/akademi-port/node_modules/@vitest/runner/dist/index.js:1636:20
    at new Promise (&lt;anonymous&gt;)
    at runWithTimeout (file:///Users/omerunsal/Desktop/akademi-port/node_modules/@vitest/runner/dist/index.js:1602:10)
    at runTest (file:///Users/omerunsal/Desktop/akademi-port/node_modules/@vitest/runner/dist/index.js:1309:12)
    at processTicksAndRejections (node:internal/process/task_queues:105:5)
    at runSuite (file:///Users/omerunsal/Desktop/akademi-port/node_modules/@vitest/runner/dist/index.js:1468:8)
    at runSuite (file:///Users/omerunsal/Desktop/akademi-port/node_modules/@vitest/runner/dist/index.js:1468:8)

            </system-err>
        </testcase>
    </testsuite>
    <testsuite name="src/2-application/use-cases/cms/CreatePageUseCase.test.ts" timestamp="2025-12-16T06:40:27.782Z" hostname="Omer-MacBook-Air.local" tests="9" failures="0" errors="0" skipped="0" time="0.004643208">
        <testcase classname="src/2-application/use-cases/cms/CreatePageUseCase.test.ts" name="CreatePageUseCase &gt; execute &gt; should create a page successfully" time="0.001738167">
        </testcase>
        <testcase classname="src/2-application/use-cases/cms/CreatePageUseCase.test.ts" name="CreatePageUseCase &gt; execute &gt; should fail if slug format is invalid" time="0.000534333">
        </testcase>
        <testcase classname="src/2-application/use-cases/cms/CreatePageUseCase.test.ts" name="CreatePageUseCase &gt; execute &gt; should fail if slug already exists" time="0.000191959">
        </testcase>
        <testcase classname="src/2-application/use-cases/cms/CreatePageUseCase.test.ts" name="CreatePageUseCase &gt; execute &gt; should fail if meta title is too long" time="0.000118292">
        </testcase>
        <testcase classname="src/2-application/use-cases/cms/CreatePageUseCase.test.ts" name="CreatePageUseCase &gt; execute &gt; should fail if meta description is too long" time="0.000124125">
        </testcase>
        <testcase classname="src/2-application/use-cases/cms/CreatePageUseCase.test.ts" name="CreatePageUseCase &gt; execute &gt; should use default status and content if not provided" time="0.000231291">
        </testcase>
        <testcase classname="src/2-application/use-cases/cms/CreatePageUseCase.test.ts" name="CreatePageUseCase &gt; execute &gt; should fail if repository create fails" time="0.000231625">
        </testcase>
        <testcase classname="src/2-application/use-cases/cms/CreatePageUseCase.test.ts" name="CreatePageUseCase &gt; execute &gt; should fail if slugExists check fails" time="0.000164709">
        </testcase>
        <testcase classname="src/2-application/use-cases/cms/CreatePageUseCase.test.ts" name="CreatePageUseCase &gt; execute &gt; should accept valid slug formats" time="0.000375333">
        </testcase>
    </testsuite>
    <testsuite name="src/2-application/use-cases/cms/DeletePageUseCase.test.ts" timestamp="2025-12-16T06:40:27.783Z" hostname="Omer-MacBook-Air.local" tests="4" failures="0" errors="0" skipped="0" time="0.002797708">
        <testcase classname="src/2-application/use-cases/cms/DeletePageUseCase.test.ts" name="DeletePageUseCase &gt; execute &gt; should delete a page successfully" time="0.001431666">
        </testcase>
        <testcase classname="src/2-application/use-cases/cms/DeletePageUseCase.test.ts" name="DeletePageUseCase &gt; execute &gt; should fail if page not found" time="0.000428417">
        </testcase>
        <testcase classname="src/2-application/use-cases/cms/DeletePageUseCase.test.ts" name="DeletePageUseCase &gt; execute &gt; should fail if findById fails" time="0.000174292">
        </testcase>
        <testcase classname="src/2-application/use-cases/cms/DeletePageUseCase.test.ts" name="DeletePageUseCase &gt; execute &gt; should fail if repository delete fails" time="0.000111625">
        </testcase>
    </testsuite>
    <testsuite name="src/2-application/use-cases/cms/GetPageUseCase.test.ts" timestamp="2025-12-16T06:40:27.784Z" hostname="Omer-MacBook-Air.local" tests="7" failures="0" errors="0" skipped="0" time="0.003334041">
        <testcase classname="src/2-application/use-cases/cms/GetPageUseCase.test.ts" name="GetPageUseCase &gt; executeById &gt; should get a page by id successfully" time="0.001372708">
        </testcase>
        <testcase classname="src/2-application/use-cases/cms/GetPageUseCase.test.ts" name="GetPageUseCase &gt; executeById &gt; should return null if page not found" time="0.000370917">
        </testcase>
        <testcase classname="src/2-application/use-cases/cms/GetPageUseCase.test.ts" name="GetPageUseCase &gt; executeById &gt; should fail if repository findById fails" time="0.000123625">
        </testcase>
        <testcase classname="src/2-application/use-cases/cms/GetPageUseCase.test.ts" name="GetPageUseCase &gt; executeBySlug &gt; should get a page by slug successfully" time="0.000192667">
        </testcase>
        <testcase classname="src/2-application/use-cases/cms/GetPageUseCase.test.ts" name="GetPageUseCase &gt; executeBySlug &gt; should return null if page not found" time="0.00021075">
        </testcase>
        <testcase classname="src/2-application/use-cases/cms/GetPageUseCase.test.ts" name="GetPageUseCase &gt; executeBySlug &gt; should include archived pages when includeArchived is true" time="0.000133583">
        </testcase>
        <testcase classname="src/2-application/use-cases/cms/GetPageUseCase.test.ts" name="GetPageUseCase &gt; executeBySlug &gt; should fail if repository findBySlug fails" time="0.000143792">
        </testcase>
    </testsuite>
    <testsuite name="src/2-application/use-cases/cms/GetPagesUseCase.test.ts" timestamp="2025-12-16T06:40:27.784Z" hostname="Omer-MacBook-Air.local" tests="6" failures="0" errors="0" skipped="0" time="0.003727042">
        <testcase classname="src/2-application/use-cases/cms/GetPagesUseCase.test.ts" name="GetPagesUseCase &gt; execute &gt; should get all pages successfully" time="0.001311042">
        </testcase>
        <testcase classname="src/2-application/use-cases/cms/GetPagesUseCase.test.ts" name="GetPagesUseCase &gt; execute &gt; should get pages with filter" time="0.000581917">
        </testcase>
        <testcase classname="src/2-application/use-cases/cms/GetPagesUseCase.test.ts" name="GetPagesUseCase &gt; execute &gt; should return empty array if no pages found" time="0.000283084">
        </testcase>
        <testcase classname="src/2-application/use-cases/cms/GetPagesUseCase.test.ts" name="GetPagesUseCase &gt; execute &gt; should fail if repository findMany fails" time="0.000276792">
        </testcase>
        <testcase classname="src/2-application/use-cases/cms/GetPagesUseCase.test.ts" name="GetPagesUseCase &gt; execute &gt; should filter by status" time="0.000357959">
        </testcase>
        <testcase classname="src/2-application/use-cases/cms/GetPagesUseCase.test.ts" name="GetPagesUseCase &gt; execute &gt; should filter by search term" time="0.00017375">
        </testcase>
    </testsuite>
    <testsuite name="src/2-application/use-cases/cms/GetSettingsUseCase.test.ts" timestamp="2025-12-16T06:40:27.785Z" hostname="Omer-MacBook-Air.local" tests="9" failures="0" errors="0" skipped="0" time="0.004000125">
        <testcase classname="src/2-application/use-cases/cms/GetSettingsUseCase.test.ts" name="GetSettingsUseCase &gt; executeByKey &gt; should get a setting by key successfully" time="0.001488666">
        </testcase>
        <testcase classname="src/2-application/use-cases/cms/GetSettingsUseCase.test.ts" name="GetSettingsUseCase &gt; executeByKey &gt; should return null if setting not found" time="0.000322792">
        </testcase>
        <testcase classname="src/2-application/use-cases/cms/GetSettingsUseCase.test.ts" name="GetSettingsUseCase &gt; executeByKey &gt; should fail if repository get fails" time="0.000198584">
        </testcase>
        <testcase classname="src/2-application/use-cases/cms/GetSettingsUseCase.test.ts" name="GetSettingsUseCase &gt; executeAll &gt; should get all settings successfully" time="0.000163834">
        </testcase>
        <testcase classname="src/2-application/use-cases/cms/GetSettingsUseCase.test.ts" name="GetSettingsUseCase &gt; executeAll &gt; should return empty array if no settings found" time="0.000267833">
        </testcase>
        <testcase classname="src/2-application/use-cases/cms/GetSettingsUseCase.test.ts" name="GetSettingsUseCase &gt; executeAll &gt; should fail if repository getAll fails" time="0.00011775">
        </testcase>
        <testcase classname="src/2-application/use-cases/cms/GetSettingsUseCase.test.ts" name="GetSettingsUseCase &gt; executeByCategory &gt; should get settings by category successfully" time="0.0002265">
        </testcase>
        <testcase classname="src/2-application/use-cases/cms/GetSettingsUseCase.test.ts" name="GetSettingsUseCase &gt; executeByCategory &gt; should return empty array if no settings found for category" time="0.0001025">
        </testcase>
        <testcase classname="src/2-application/use-cases/cms/GetSettingsUseCase.test.ts" name="GetSettingsUseCase &gt; executeByCategory &gt; should fail if repository getByCategory fails" time="0.000366459">
        </testcase>
    </testsuite>
    <testsuite name="src/2-application/use-cases/cms/UpdatePageUseCase.test.ts" timestamp="2025-12-16T06:40:27.785Z" hostname="Omer-MacBook-Air.local" tests="9" failures="0" errors="0" skipped="0" time="0.004125458">
        <testcase classname="src/2-application/use-cases/cms/UpdatePageUseCase.test.ts" name="UpdatePageUseCase &gt; execute &gt; should update a page successfully" time="0.001548125">
        </testcase>
        <testcase classname="src/2-application/use-cases/cms/UpdatePageUseCase.test.ts" name="UpdatePageUseCase &gt; execute &gt; should fail if page not found" time="0.000473875">
        </testcase>
        <testcase classname="src/2-application/use-cases/cms/UpdatePageUseCase.test.ts" name="UpdatePageUseCase &gt; execute &gt; should fail if slug format is invalid" time="0.000185417">
        </testcase>
        <testcase classname="src/2-application/use-cases/cms/UpdatePageUseCase.test.ts" name="UpdatePageUseCase &gt; execute &gt; should fail if new slug already exists" time="0.00019925">
        </testcase>
        <testcase classname="src/2-application/use-cases/cms/UpdatePageUseCase.test.ts" name="UpdatePageUseCase &gt; execute &gt; should allow updating slug to same value" time="0.000274625">
        </testcase>
        <testcase classname="src/2-application/use-cases/cms/UpdatePageUseCase.test.ts" name="UpdatePageUseCase &gt; execute &gt; should fail if meta title is too long" time="0.000139208">
        </testcase>
        <testcase classname="src/2-application/use-cases/cms/UpdatePageUseCase.test.ts" name="UpdatePageUseCase &gt; execute &gt; should fail if meta description is too long" time="0.000155625">
        </testcase>
        <testcase classname="src/2-application/use-cases/cms/UpdatePageUseCase.test.ts" name="UpdatePageUseCase &gt; execute &gt; should fail if repository update fails" time="0.00010325">
        </testcase>
        <testcase classname="src/2-application/use-cases/cms/UpdatePageUseCase.test.ts" name="UpdatePageUseCase &gt; execute &gt; should fail if findById fails" time="0.000306958">
        </testcase>
    </testsuite>
    <testsuite name="src/2-application/use-cases/cms/UpdateSettingsUseCase.test.ts" timestamp="2025-12-16T06:40:27.786Z" hostname="Omer-MacBook-Air.local" tests="8" failures="0" errors="0" skipped="0" time="0.004035542">
        <testcase classname="src/2-application/use-cases/cms/UpdateSettingsUseCase.test.ts" name="UpdateSettingsUseCase &gt; execute &gt; should update a setting successfully" time="0.001662292">
        </testcase>
        <testcase classname="src/2-application/use-cases/cms/UpdateSettingsUseCase.test.ts" name="UpdateSettingsUseCase &gt; execute &gt; should fail if setting not found" time="0.000404334">
        </testcase>
        <testcase classname="src/2-application/use-cases/cms/UpdateSettingsUseCase.test.ts" name="UpdateSettingsUseCase &gt; execute &gt; should fail if exists check fails" time="0.000190542">
        </testcase>
        <testcase classname="src/2-application/use-cases/cms/UpdateSettingsUseCase.test.ts" name="UpdateSettingsUseCase &gt; execute &gt; should fail if repository update fails" time="0.000113458">
        </testcase>
        <testcase classname="src/2-application/use-cases/cms/UpdateSettingsUseCase.test.ts" name="UpdateSettingsUseCase &gt; execute &gt; should update category if provided" time="0.000242834">
        </testcase>
        <testcase classname="src/2-application/use-cases/cms/UpdateSettingsUseCase.test.ts" name="UpdateSettingsUseCase &gt; executeMany &gt; should update multiple settings successfully" time="0.000370375">
        </testcase>
        <testcase classname="src/2-application/use-cases/cms/UpdateSettingsUseCase.test.ts" name="UpdateSettingsUseCase &gt; executeMany &gt; should fail if repository updateMany fails" time="0.000162375">
        </testcase>
        <testcase classname="src/2-application/use-cases/cms/UpdateSettingsUseCase.test.ts" name="UpdateSettingsUseCase &gt; executeMany &gt; should handle empty settings object" time="0.000120542">
        </testcase>
    </testsuite>
    <testsuite name="src/2-application/use-cases/cms/UploadMediaUseCase.test.ts" timestamp="2025-12-16T06:40:27.786Z" hostname="Omer-MacBook-Air.local" tests="8" failures="0" errors="0" skipped="0" time="0.004690042">
        <testcase classname="src/2-application/use-cases/cms/UploadMediaUseCase.test.ts" name="UploadMediaUseCase &gt; execute &gt; should upload media successfully" time="0.0012175">
        </testcase>
        <testcase classname="src/2-application/use-cases/cms/UploadMediaUseCase.test.ts" name="UploadMediaUseCase &gt; execute &gt; should fail if file size exceeds 10MB" time="0.000594583">
        </testcase>
        <testcase classname="src/2-application/use-cases/cms/UploadMediaUseCase.test.ts" name="UploadMediaUseCase &gt; execute &gt; should fail if MIME type is not allowed" time="0.000205084">
        </testcase>
        <testcase classname="src/2-application/use-cases/cms/UploadMediaUseCase.test.ts" name="UploadMediaUseCase &gt; execute &gt; should accept allowed image MIME types" time="0.000261209">
        </testcase>
        <testcase classname="src/2-application/use-cases/cms/UploadMediaUseCase.test.ts" name="UploadMediaUseCase &gt; execute &gt; should accept allowed video MIME types" time="0.000346166">
        </testcase>
        <testcase classname="src/2-application/use-cases/cms/UploadMediaUseCase.test.ts" name="UploadMediaUseCase &gt; execute &gt; should include alt text and caption if provided" time="0.0009885">
        </testcase>
        <testcase classname="src/2-application/use-cases/cms/UploadMediaUseCase.test.ts" name="UploadMediaUseCase &gt; execute &gt; should fail if repository create fails" time="0.000183">
        </testcase>
        <testcase classname="src/2-application/use-cases/cms/UploadMediaUseCase.test.ts" name="UploadMediaUseCase &gt; execute &gt; should accept file size exactly at 10MB limit" time="0.000081917">
        </testcase>
    </testsuite>
    <testsuite name="src/2-application/use-cases/company-training/AssignTrainingToCompanyUseCase.test.ts" timestamp="2025-12-16T06:40:27.786Z" hostname="Omer-MacBook-Air.local" tests="5" failures="0" errors="0" skipped="0" time="0.003557792">
        <testcase classname="src/2-application/use-cases/company-training/AssignTrainingToCompanyUseCase.test.ts" name="AssignTrainingToCompanyUseCase &gt; execute &gt; should assign training to company successfully" time="0.001824333">
        </testcase>
        <testcase classname="src/2-application/use-cases/company-training/AssignTrainingToCompanyUseCase.test.ts" name="AssignTrainingToCompanyUseCase &gt; execute &gt; should return error when company not found" time="0.000360083">
        </testcase>
        <testcase classname="src/2-application/use-cases/company-training/AssignTrainingToCompanyUseCase.test.ts" name="AssignTrainingToCompanyUseCase &gt; execute &gt; should return error when training not found" time="0.000183">
        </testcase>
        <testcase classname="src/2-application/use-cases/company-training/AssignTrainingToCompanyUseCase.test.ts" name="AssignTrainingToCompanyUseCase &gt; execute &gt; should return error when training already assigned" time="0.000253875">
        </testcase>
        <testcase classname="src/2-application/use-cases/company-training/AssignTrainingToCompanyUseCase.test.ts" name="AssignTrainingToCompanyUseCase &gt; execute &gt; should handle repository errors" time="0.000219291">
        </testcase>
    </testsuite>
    <testsuite name="src/2-application/use-cases/company-training/ListCompanyTrainingsUseCase.test.ts" timestamp="2025-12-16T06:40:27.787Z" hostname="Omer-MacBook-Air.local" tests="6" failures="0" errors="0" skipped="0" time="0.006577375">
        <testcase classname="src/2-application/use-cases/company-training/ListCompanyTrainingsUseCase.test.ts" name="ListCompanyTrainingsUseCase &gt; execute &gt; should return company trainings successfully" time="0.002861375">
            <system-out>
🔍 [ListCompanyTrainingsUseCase] Company: { id: &apos;company-1&apos;, name: &apos;Company 1&apos;, programId: &apos;program-1&apos; }

🔍 [ListCompanyTrainingsUseCase] Assigned trainings: 1

🔍 [ListCompanyTrainingsUseCase] Program trainings found: 1
🔍 [ListCompanyTrainingsUseCase] Program trainings: [
  {
    id: &apos;training-2&apos;,
    name: &apos;Training 2&apos;,
    isGlobal: false,
    status: &apos;active&apos;,
    programId: &apos;program-1&apos;
  }
]
🔍 [ListCompanyTrainingsUseCase] Filtered program trainings: 1

✅ [ListCompanyTrainingsUseCase] Processing assigned training: {
  id: &apos;training-1&apos;,
  name: &apos;Training 1&apos;,
  status: &apos;active&apos;,
  isGlobal: false
}

✅ [ListCompanyTrainingsUseCase] Total trainings to return: 2
📊 [ListCompanyTrainingsUseCase] Summary: {
  companyId: &apos;company-1&apos;,
  companyName: &apos;Company 1&apos;,
  programId: &apos;program-1&apos;,
  assignedTrainingsCount: 1,
  programTrainingsFound: 1,
  programTrainingsFiltered: 1,
  totalTrainingsReturned: 2
}

            </system-out>
        </testcase>
        <testcase classname="src/2-application/use-cases/company-training/ListCompanyTrainingsUseCase.test.ts" name="ListCompanyTrainingsUseCase &gt; execute &gt; should return error when company not found" time="0.000403625">
        </testcase>
        <testcase classname="src/2-application/use-cases/company-training/ListCompanyTrainingsUseCase.test.ts" name="ListCompanyTrainingsUseCase &gt; execute &gt; should include program trainings when company has program" time="0.000963458">
            <system-out>
🔍 [ListCompanyTrainingsUseCase] Company: { id: &apos;company-1&apos;, name: &apos;Company 1&apos;, programId: &apos;program-1&apos; }

🔍 [ListCompanyTrainingsUseCase] Assigned trainings: 0

🔍 [ListCompanyTrainingsUseCase] Program trainings found: 1
🔍 [ListCompanyTrainingsUseCase] Program trainings: [
  {
    id: &apos;training-1&apos;,
    name: &apos;Training 1&apos;,
    isGlobal: false,
    status: &apos;active&apos;,
    programId: &apos;program-1&apos;
  }
]
🔍 [ListCompanyTrainingsUseCase] Filtered program trainings: 1

✅ [ListCompanyTrainingsUseCase] Total trainings to return: 1
📊 [ListCompanyTrainingsUseCase] Summary: {
  companyId: &apos;company-1&apos;,
  companyName: &apos;Company 1&apos;,
  programId: &apos;program-1&apos;,
  assignedTrainingsCount: 0,
  programTrainingsFound: 1,
  programTrainingsFiltered: 1,
  totalTrainingsReturned: 1
}

            </system-out>
        </testcase>
        <testcase classname="src/2-application/use-cases/company-training/ListCompanyTrainingsUseCase.test.ts" name="ListCompanyTrainingsUseCase &gt; execute &gt; should exclude global trainings from program trainings" time="0.000855458">
            <system-out>
🔍 [ListCompanyTrainingsUseCase] Company: { id: &apos;company-1&apos;, name: &apos;Company 1&apos;, programId: &apos;program-1&apos; }

🔍 [ListCompanyTrainingsUseCase] Assigned trainings: 0

🔍 [ListCompanyTrainingsUseCase] Program trainings found: 2
🔍 [ListCompanyTrainingsUseCase] Program trainings: [
  {
    id: &apos;training-1&apos;,
    name: &apos;Training 1&apos;,
    isGlobal: true,
    status: &apos;active&apos;,
    programId: &apos;program-1&apos;
  },
  {
    id: &apos;training-2&apos;,
    name: &apos;Training 2&apos;,
    isGlobal: false,
    status: &apos;active&apos;,
    programId: &apos;program-1&apos;
  }
]
🔍 [ListCompanyTrainingsUseCase] Filtered program trainings: 1

✅ [ListCompanyTrainingsUseCase] Total trainings to return: 1
📊 [ListCompanyTrainingsUseCase] Summary: {
  companyId: &apos;company-1&apos;,
  companyName: &apos;Company 1&apos;,
  programId: &apos;program-1&apos;,
  assignedTrainingsCount: 0,
  programTrainingsFound: 2,
  programTrainingsFiltered: 1,
  totalTrainingsReturned: 1
}

            </system-out>
        </testcase>
        <testcase classname="src/2-application/use-cases/company-training/ListCompanyTrainingsUseCase.test.ts" name="ListCompanyTrainingsUseCase &gt; execute &gt; should handle company without program" time="0.000495417">
            <system-out>
🔍 [ListCompanyTrainingsUseCase] Company: { id: &apos;company-1&apos;, name: &apos;Company 1&apos;, programId: null }

🔍 [ListCompanyTrainingsUseCase] Assigned trainings: 1
⚠️ [ListCompanyTrainingsUseCase] Company has no programId

✅ [ListCompanyTrainingsUseCase] Processing assigned training: {
  id: &apos;training-1&apos;,
  name: &apos;Training 1&apos;,
  status: undefined,
  isGlobal: undefined
}

✅ [ListCompanyTrainingsUseCase] Total trainings to return: 1
📊 [ListCompanyTrainingsUseCase] Summary: {
  companyId: &apos;company-1&apos;,
  companyName: &apos;Company 1&apos;,
  programId: null,
  assignedTrainingsCount: 1,
  programTrainingsFound: 0,
  programTrainingsFiltered: 0,
  totalTrainingsReturned: 1
}

            </system-out>
        </testcase>
        <testcase classname="src/2-application/use-cases/company-training/ListCompanyTrainingsUseCase.test.ts" name="ListCompanyTrainingsUseCase &gt; execute &gt; should handle errors and return failure result" time="0.00020475">
        </testcase>
    </testsuite>
    <testsuite name="src/2-application/use-cases/company-training/RemoveTrainingFromCompanyUseCase.test.ts" timestamp="2025-12-16T06:40:27.788Z" hostname="Omer-MacBook-Air.local" tests="3" failures="0" errors="0" skipped="0" time="0.002672291">
        <testcase classname="src/2-application/use-cases/company-training/RemoveTrainingFromCompanyUseCase.test.ts" name="RemoveTrainingFromCompanyUseCase &gt; execute &gt; should remove training from company successfully" time="0.00150375">
        </testcase>
        <testcase classname="src/2-application/use-cases/company-training/RemoveTrainingFromCompanyUseCase.test.ts" name="RemoveTrainingFromCompanyUseCase &gt; execute &gt; should return error when assignment not found" time="0.000378708">
        </testcase>
        <testcase classname="src/2-application/use-cases/company-training/RemoveTrainingFromCompanyUseCase.test.ts" name="RemoveTrainingFromCompanyUseCase &gt; execute &gt; should handle repository errors" time="0.000142208">
        </testcase>
    </testsuite>
    <testsuite name="src/2-application/use-cases/company/AddCompanyUserUseCase.test.ts" timestamp="2025-12-16T06:40:27.788Z" hostname="Omer-MacBook-Air.local" tests="7" failures="0" errors="0" skipped="0" time="0.0035885">
        <testcase classname="src/2-application/use-cases/company/AddCompanyUserUseCase.test.ts" name="AddCompanyUserUseCase &gt; should add user to company successfully for MASTER_ADMIN" time="0.001459958">
        </testcase>
        <testcase classname="src/2-application/use-cases/company/AddCompanyUserUseCase.test.ts" name="AddCompanyUserUseCase &gt; should add user to company successfully for COMPANY_ADMIN viewing own company" time="0.000389167">
        </testcase>
        <testcase classname="src/2-application/use-cases/company/AddCompanyUserUseCase.test.ts" name="AddCompanyUserUseCase &gt; should return error when COMPANY_ADMIN tries to add user to another company" time="0.000224">
        </testcase>
        <testcase classname="src/2-application/use-cases/company/AddCompanyUserUseCase.test.ts" name="AddCompanyUserUseCase &gt; should return error when company not found" time="0.000218917">
        </testcase>
        <testcase classname="src/2-application/use-cases/company/AddCompanyUserUseCase.test.ts" name="AddCompanyUserUseCase &gt; should return error when company has reached max users" time="0.00014175">
        </testcase>
        <testcase classname="src/2-application/use-cases/company/AddCompanyUserUseCase.test.ts" name="AddCompanyUserUseCase &gt; should return error for unauthorized role" time="0.000191666">
        </testcase>
        <testcase classname="src/2-application/use-cases/company/AddCompanyUserUseCase.test.ts" name="AddCompanyUserUseCase &gt; should handle repository errors" time="0.00025325">
        </testcase>
    </testsuite>
    <testsuite name="src/2-application/use-cases/company/AssignCompanyProgramUseCase.test.ts" timestamp="2025-12-16T06:40:27.788Z" hostname="Omer-MacBook-Air.local" tests="6" failures="0" errors="0" skipped="0" time="0.003605417">
        <testcase classname="src/2-application/use-cases/company/AssignCompanyProgramUseCase.test.ts" name="AssignCompanyProgramUseCase &gt; should assign program to company successfully as MASTER_ADMIN" time="0.001697542">
        </testcase>
        <testcase classname="src/2-application/use-cases/company/AssignCompanyProgramUseCase.test.ts" name="AssignCompanyProgramUseCase &gt; should fail when unauthorized user tries to assign program" time="0.000477708">
        </testcase>
        <testcase classname="src/2-application/use-cases/company/AssignCompanyProgramUseCase.test.ts" name="AssignCompanyProgramUseCase &gt; should fail when PROGRAM_MANAGER tries to assign program" time="0.000188667">
        </testcase>
        <testcase classname="src/2-application/use-cases/company/AssignCompanyProgramUseCase.test.ts" name="AssignCompanyProgramUseCase &gt; should fail when company not found" time="0.000139625">
        </testcase>
        <testcase classname="src/2-application/use-cases/company/AssignCompanyProgramUseCase.test.ts" name="AssignCompanyProgramUseCase &gt; should handle repository findById errors" time="0.000134167">
        </testcase>
        <testcase classname="src/2-application/use-cases/company/AssignCompanyProgramUseCase.test.ts" name="AssignCompanyProgramUseCase &gt; should handle repository update errors" time="0.000199667">
        </testcase>
    </testsuite>
    <testsuite name="src/2-application/use-cases/company/CreateCompanyUseCase.test.ts" timestamp="2025-12-16T06:40:27.789Z" hostname="Omer-MacBook-Air.local" tests="5" failures="0" errors="0" skipped="0" time="0.003175334">
        <testcase classname="src/2-application/use-cases/company/CreateCompanyUseCase.test.ts" name="CreateCompanyUseCase &gt; should create company successfully for MASTER_ADMIN" time="0.001389792">
        </testcase>
        <testcase classname="src/2-application/use-cases/company/CreateCompanyUseCase.test.ts" name="CreateCompanyUseCase &gt; should create company successfully for PROGRAM_MANAGER" time="0.000419833">
        </testcase>
        <testcase classname="src/2-application/use-cases/company/CreateCompanyUseCase.test.ts" name="CreateCompanyUseCase &gt; should return error when COMPANY_ADMIN tries to create company" time="0.000235333">
        </testcase>
        <testcase classname="src/2-application/use-cases/company/CreateCompanyUseCase.test.ts" name="CreateCompanyUseCase &gt; should return error when CONSULTANT tries to create company" time="0.000178834">
        </testcase>
        <testcase classname="src/2-application/use-cases/company/CreateCompanyUseCase.test.ts" name="CreateCompanyUseCase &gt; should handle repository errors" time="0.000137166">
        </testcase>
    </testsuite>
    <testsuite name="src/2-application/use-cases/company/DeleteCompanyUseCase.test.ts" timestamp="2025-12-16T06:40:27.789Z" hostname="Omer-MacBook-Air.local" tests="5" failures="0" errors="0" skipped="0" time="0.003880708">
        <testcase classname="src/2-application/use-cases/company/DeleteCompanyUseCase.test.ts" name="DeleteCompanyUseCase &gt; should delete company successfully for MASTER_ADMIN" time="0.001936834">
        </testcase>
        <testcase classname="src/2-application/use-cases/company/DeleteCompanyUseCase.test.ts" name="DeleteCompanyUseCase &gt; should return error when COMPANY_ADMIN tries to delete company" time="0.000683583">
        </testcase>
        <testcase classname="src/2-application/use-cases/company/DeleteCompanyUseCase.test.ts" name="DeleteCompanyUseCase &gt; should return error when company not found" time="0.000215375">
        </testcase>
        <testcase classname="src/2-application/use-cases/company/DeleteCompanyUseCase.test.ts" name="DeleteCompanyUseCase &gt; should return error when company has active users" time="0.00015">
        </testcase>
        <testcase classname="src/2-application/use-cases/company/DeleteCompanyUseCase.test.ts" name="DeleteCompanyUseCase &gt; should handle repository errors" time="0.000178958">
        </testcase>
    </testsuite>
    <testsuite name="src/2-application/use-cases/company/GetCompanyUseCase.test.ts" timestamp="2025-12-16T06:40:27.789Z" hostname="Omer-MacBook-Air.local" tests="6" failures="0" errors="0" skipped="0" time="0.003211042">
        <testcase classname="src/2-application/use-cases/company/GetCompanyUseCase.test.ts" name="GetCompanyUseCase &gt; should get company successfully for MASTER_ADMIN" time="0.001444292">
        </testcase>
        <testcase classname="src/2-application/use-cases/company/GetCompanyUseCase.test.ts" name="GetCompanyUseCase &gt; should get company successfully for COMPANY_ADMIN viewing own company" time="0.000341875">
        </testcase>
        <testcase classname="src/2-application/use-cases/company/GetCompanyUseCase.test.ts" name="GetCompanyUseCase &gt; should return error when COMPANY_ADMIN tries to view another company" time="0.000183208">
        </testcase>
        <testcase classname="src/2-application/use-cases/company/GetCompanyUseCase.test.ts" name="GetCompanyUseCase &gt; should return error when company not found" time="0.000192875">
        </testcase>
        <testcase classname="src/2-application/use-cases/company/GetCompanyUseCase.test.ts" name="GetCompanyUseCase &gt; should return error when repository fails" time="0.00022925">
        </testcase>
        <testcase classname="src/2-application/use-cases/company/GetCompanyUseCase.test.ts" name="GetCompanyUseCase &gt; should return error for unauthorized role" time="0.000148125">
        </testcase>
    </testsuite>
    <testsuite name="src/2-application/use-cases/company/ListCompaniesUseCase.test.ts" timestamp="2025-12-16T06:40:27.790Z" hostname="Omer-MacBook-Air.local" tests="6" failures="0" errors="0" skipped="0" time="0.003318125">
        <testcase classname="src/2-application/use-cases/company/ListCompaniesUseCase.test.ts" name="ListCompaniesUseCase &gt; should list all companies for MASTER_ADMIN" time="0.001283334">
        </testcase>
        <testcase classname="src/2-application/use-cases/company/ListCompaniesUseCase.test.ts" name="ListCompaniesUseCase &gt; should return only own company for COMPANY_ADMIN" time="0.000669125">
        </testcase>
        <testcase classname="src/2-application/use-cases/company/ListCompaniesUseCase.test.ts" name="ListCompaniesUseCase &gt; should return error when COMPANY_ADMIN has no companyId" time="0.000203292">
        </testcase>
        <testcase classname="src/2-application/use-cases/company/ListCompaniesUseCase.test.ts" name="ListCompaniesUseCase &gt; should return error when company not found for COMPANY_ADMIN" time="0.000180334">
        </testcase>
        <testcase classname="src/2-application/use-cases/company/ListCompaniesUseCase.test.ts" name="ListCompaniesUseCase &gt; should return error for unauthorized role" time="0.000109208">
        </testcase>
        <testcase classname="src/2-application/use-cases/company/ListCompaniesUseCase.test.ts" name="ListCompaniesUseCase &gt; should handle repository errors" time="0.00017675">
        </testcase>
    </testsuite>
    <testsuite name="src/2-application/use-cases/company/ListCompanyUsersUseCase.test.ts" timestamp="2025-12-16T06:40:27.790Z" hostname="Omer-MacBook-Air.local" tests="6" failures="0" errors="0" skipped="0" time="0.004587083">
        <testcase classname="src/2-application/use-cases/company/ListCompanyUsersUseCase.test.ts" name="ListCompanyUsersUseCase &gt; should list company users successfully for MASTER_ADMIN" time="0.002245542">
        </testcase>
        <testcase classname="src/2-application/use-cases/company/ListCompanyUsersUseCase.test.ts" name="ListCompanyUsersUseCase &gt; should list company users successfully for COMPANY_ADMIN viewing own company" time="0.000677167">
        </testcase>
        <testcase classname="src/2-application/use-cases/company/ListCompanyUsersUseCase.test.ts" name="ListCompanyUsersUseCase &gt; should return error when COMPANY_ADMIN tries to list another company users" time="0.000308292">
        </testcase>
        <testcase classname="src/2-application/use-cases/company/ListCompanyUsersUseCase.test.ts" name="ListCompanyUsersUseCase &gt; should return error when company not found" time="0.000163875">
        </testcase>
        <testcase classname="src/2-application/use-cases/company/ListCompanyUsersUseCase.test.ts" name="ListCompanyUsersUseCase &gt; should return error for unauthorized role" time="0.000216375">
        </testcase>
        <testcase classname="src/2-application/use-cases/company/ListCompanyUsersUseCase.test.ts" name="ListCompanyUsersUseCase &gt; should handle repository errors" time="0.000166625">
        </testcase>
    </testsuite>
    <testsuite name="src/2-application/use-cases/company/RemoveCompanyUserUseCase.test.ts" timestamp="2025-12-16T06:40:27.791Z" hostname="Omer-MacBook-Air.local" tests="7" failures="0" errors="0" skipped="0" time="0.003986917">
        <testcase classname="src/2-application/use-cases/company/RemoveCompanyUserUseCase.test.ts" name="RemoveCompanyUserUseCase &gt; should remove company user successfully as MASTER_ADMIN" time="0.001582042">
        </testcase>
        <testcase classname="src/2-application/use-cases/company/RemoveCompanyUserUseCase.test.ts" name="RemoveCompanyUserUseCase &gt; should remove company user successfully as COMPANY_ADMIN from own company" time="0.00044175">
        </testcase>
        <testcase classname="src/2-application/use-cases/company/RemoveCompanyUserUseCase.test.ts" name="RemoveCompanyUserUseCase &gt; should fail when COMPANY_ADMIN tries to remove user from different company" time="0.000264833">
        </testcase>
        <testcase classname="src/2-application/use-cases/company/RemoveCompanyUserUseCase.test.ts" name="RemoveCompanyUserUseCase &gt; should fail when COMPANY_ADMIN tries to remove themselves" time="0.000206875">
        </testcase>
        <testcase classname="src/2-application/use-cases/company/RemoveCompanyUserUseCase.test.ts" name="RemoveCompanyUserUseCase &gt; should fail when unauthorized user tries to remove company user" time="0.000167042">
        </testcase>
        <testcase classname="src/2-application/use-cases/company/RemoveCompanyUserUseCase.test.ts" name="RemoveCompanyUserUseCase &gt; should fail when company not found" time="0.000203291">
        </testcase>
        <testcase classname="src/2-application/use-cases/company/RemoveCompanyUserUseCase.test.ts" name="RemoveCompanyUserUseCase &gt; should handle repository errors" time="0.00029275">
        </testcase>
    </testsuite>
    <testsuite name="src/2-application/use-cases/company/UpdateCompanyUseCase.test.ts" timestamp="2025-12-16T06:40:27.791Z" hostname="Omer-MacBook-Air.local" tests="6" failures="0" errors="0" skipped="0" time="0.004038125">
        <testcase classname="src/2-application/use-cases/company/UpdateCompanyUseCase.test.ts" name="UpdateCompanyUseCase &gt; should update company successfully for MASTER_ADMIN" time="0.001838542">
        </testcase>
        <testcase classname="src/2-application/use-cases/company/UpdateCompanyUseCase.test.ts" name="UpdateCompanyUseCase &gt; should update company successfully for COMPANY_ADMIN viewing own company" time="0.000473292">
        </testcase>
        <testcase classname="src/2-application/use-cases/company/UpdateCompanyUseCase.test.ts" name="UpdateCompanyUseCase &gt; should return error when COMPANY_ADMIN tries to update another company" time="0.000282291">
        </testcase>
        <testcase classname="src/2-application/use-cases/company/UpdateCompanyUseCase.test.ts" name="UpdateCompanyUseCase &gt; should return error when company not found" time="0.000210459">
        </testcase>
        <testcase classname="src/2-application/use-cases/company/UpdateCompanyUseCase.test.ts" name="UpdateCompanyUseCase &gt; should return error for unauthorized role" time="0.000153875">
        </testcase>
        <testcase classname="src/2-application/use-cases/company/UpdateCompanyUseCase.test.ts" name="UpdateCompanyUseCase &gt; should handle repository errors" time="0.000272208">
        </testcase>
    </testsuite>
    <testsuite name="src/2-application/use-cases/custom-report/CreateCustomReportUseCase.test.ts" timestamp="2025-12-16T06:40:27.791Z" hostname="Omer-MacBook-Air.local" tests="4" failures="0" errors="0" skipped="0" time="0.004933625">
        <testcase classname="src/2-application/use-cases/custom-report/CreateCustomReportUseCase.test.ts" name="CreateCustomReportUseCase &gt; should create custom report successfully" time="0.00170325">
        </testcase>
        <testcase classname="src/2-application/use-cases/custom-report/CreateCustomReportUseCase.test.ts" name="CreateCustomReportUseCase &gt; should return error when validation fails" time="0.000433375">
        </testcase>
        <testcase classname="src/2-application/use-cases/custom-report/CreateCustomReportUseCase.test.ts" name="CreateCustomReportUseCase &gt; should handle repository creation errors" time="0.0017755">
            <system-err>
Custom report creation failed: Error: Database error
    at Function.fail (/Users/omerunsal/Desktop/akademi-port/src/6-core/result/Result.ts:71:50)
    at /Users/omerunsal/Desktop/akademi-port/src/2-application/use-cases/custom-report/CreateCustomReportUseCase.test.ts:105:63
    at file:///Users/omerunsal/Desktop/akademi-port/node_modules/@vitest/runner/dist/index.js:157:11
    at file:///Users/omerunsal/Desktop/akademi-port/node_modules/@vitest/runner/dist/index.js:753:26
    at file:///Users/omerunsal/Desktop/akademi-port/node_modules/@vitest/runner/dist/index.js:1636:20
    at new Promise (&lt;anonymous&gt;)
    at runWithTimeout (file:///Users/omerunsal/Desktop/akademi-port/node_modules/@vitest/runner/dist/index.js:1602:10)
    at runTest (file:///Users/omerunsal/Desktop/akademi-port/node_modules/@vitest/runner/dist/index.js:1309:12)
    at processTicksAndRejections (node:internal/process/task_queues:105:5)
    at runSuite (file:///Users/omerunsal/Desktop/akademi-port/node_modules/@vitest/runner/dist/index.js:1468:8)

            </system-err>
        </testcase>
        <testcase classname="src/2-application/use-cases/custom-report/CreateCustomReportUseCase.test.ts" name="CreateCustomReportUseCase &gt; should handle exceptions" time="0.000390375">
            <system-err>
CreateCustomReportUseCase error: Error: Unexpected error
    at /Users/omerunsal/Desktop/akademi-port/src/2-application/use-cases/custom-report/CreateCustomReportUseCase.test.ts:119:56
    at file:///Users/omerunsal/Desktop/akademi-port/node_modules/@vitest/runner/dist/index.js:157:11
    at file:///Users/omerunsal/Desktop/akademi-port/node_modules/@vitest/runner/dist/index.js:753:26
    at file:///Users/omerunsal/Desktop/akademi-port/node_modules/@vitest/runner/dist/index.js:1636:20
    at new Promise (&lt;anonymous&gt;)
    at runWithTimeout (file:///Users/omerunsal/Desktop/akademi-port/node_modules/@vitest/runner/dist/index.js:1602:10)
    at runTest (file:///Users/omerunsal/Desktop/akademi-port/node_modules/@vitest/runner/dist/index.js:1309:12)
    at processTicksAndRejections (node:internal/process/task_queues:105:5)
    at runSuite (file:///Users/omerunsal/Desktop/akademi-port/node_modules/@vitest/runner/dist/index.js:1468:8)
    at runSuite (file:///Users/omerunsal/Desktop/akademi-port/node_modules/@vitest/runner/dist/index.js:1468:8)

            </system-err>
        </testcase>
    </testsuite>
    <testsuite name="src/2-application/use-cases/custom-report/DeleteCustomReportUseCase.test.ts" timestamp="2025-12-16T06:40:27.792Z" hostname="Omer-MacBook-Air.local" tests="6" failures="0" errors="0" skipped="0" time="0.005440792">
        <testcase classname="src/2-application/use-cases/custom-report/DeleteCustomReportUseCase.test.ts" name="DeleteCustomReportUseCase &gt; should delete custom report successfully" time="0.001534125">
        </testcase>
        <testcase classname="src/2-application/use-cases/custom-report/DeleteCustomReportUseCase.test.ts" name="DeleteCustomReportUseCase &gt; should return error when report not found" time="0.0005155">
        </testcase>
        <testcase classname="src/2-application/use-cases/custom-report/DeleteCustomReportUseCase.test.ts" name="DeleteCustomReportUseCase &gt; should return error when repository returns null" time="0.000198125">
        </testcase>
        <testcase classname="src/2-application/use-cases/custom-report/DeleteCustomReportUseCase.test.ts" name="DeleteCustomReportUseCase &gt; should return error when user tries to delete another user report" time="0.000135833">
        </testcase>
        <testcase classname="src/2-application/use-cases/custom-report/DeleteCustomReportUseCase.test.ts" name="DeleteCustomReportUseCase &gt; should handle delete repository errors" time="0.001758083">
            <system-err>
Custom report deletion failed: Error: Delete failed
    at Function.fail (/Users/omerunsal/Desktop/akademi-port/src/6-core/result/Result.ts:71:50)
    at /Users/omerunsal/Desktop/akademi-port/src/2-application/use-cases/custom-report/DeleteCustomReportUseCase.test.ts:125:63
    at file:///Users/omerunsal/Desktop/akademi-port/node_modules/@vitest/runner/dist/index.js:157:11
    at file:///Users/omerunsal/Desktop/akademi-port/node_modules/@vitest/runner/dist/index.js:753:26
    at file:///Users/omerunsal/Desktop/akademi-port/node_modules/@vitest/runner/dist/index.js:1636:20
    at new Promise (&lt;anonymous&gt;)
    at runWithTimeout (file:///Users/omerunsal/Desktop/akademi-port/node_modules/@vitest/runner/dist/index.js:1602:10)
    at runTest (file:///Users/omerunsal/Desktop/akademi-port/node_modules/@vitest/runner/dist/index.js:1309:12)
    at processTicksAndRejections (node:internal/process/task_queues:105:5)
    at runSuite (file:///Users/omerunsal/Desktop/akademi-port/node_modules/@vitest/runner/dist/index.js:1468:8)

            </system-err>
        </testcase>
        <testcase classname="src/2-application/use-cases/custom-report/DeleteCustomReportUseCase.test.ts" name="DeleteCustomReportUseCase &gt; should handle exceptions" time="0.000521166">
            <system-err>
DeleteCustomReportUseCase error: Error: Unexpected error
    at /Users/omerunsal/Desktop/akademi-port/src/2-application/use-cases/custom-report/DeleteCustomReportUseCase.test.ts:138:58
    at file:///Users/omerunsal/Desktop/akademi-port/node_modules/@vitest/runner/dist/index.js:157:11
    at file:///Users/omerunsal/Desktop/akademi-port/node_modules/@vitest/runner/dist/index.js:753:26
    at file:///Users/omerunsal/Desktop/akademi-port/node_modules/@vitest/runner/dist/index.js:1636:20
    at new Promise (&lt;anonymous&gt;)
    at runWithTimeout (file:///Users/omerunsal/Desktop/akademi-port/node_modules/@vitest/runner/dist/index.js:1602:10)
    at runTest (file:///Users/omerunsal/Desktop/akademi-port/node_modules/@vitest/runner/dist/index.js:1309:12)
    at processTicksAndRejections (node:internal/process/task_queues:105:5)
    at runSuite (file:///Users/omerunsal/Desktop/akademi-port/node_modules/@vitest/runner/dist/index.js:1468:8)
    at runSuite (file:///Users/omerunsal/Desktop/akademi-port/node_modules/@vitest/runner/dist/index.js:1468:8)

            </system-err>
        </testcase>
    </testsuite>
    <testsuite name="src/2-application/use-cases/custom-report/GetCustomReportUseCase.test.ts" timestamp="2025-12-16T06:40:27.792Z" hostname="Omer-MacBook-Air.local" tests="6" failures="0" errors="0" skipped="0" time="0.004767625">
        <testcase classname="src/2-application/use-cases/custom-report/GetCustomReportUseCase.test.ts" name="GetCustomReportUseCase &gt; should get custom report successfully for owner" time="0.001558708">
        </testcase>
        <testcase classname="src/2-application/use-cases/custom-report/GetCustomReportUseCase.test.ts" name="GetCustomReportUseCase &gt; should get custom report successfully for admin" time="0.000400542">
        </testcase>
        <testcase classname="src/2-application/use-cases/custom-report/GetCustomReportUseCase.test.ts" name="GetCustomReportUseCase &gt; should return error when report not found" time="0.000207334">
        </testcase>
        <testcase classname="src/2-application/use-cases/custom-report/GetCustomReportUseCase.test.ts" name="GetCustomReportUseCase &gt; should return error when repository returns null" time="0.000173875">
        </testcase>
        <testcase classname="src/2-application/use-cases/custom-report/GetCustomReportUseCase.test.ts" name="GetCustomReportUseCase &gt; should return error when user tries to access another user report" time="0.000167292">
        </testcase>
        <testcase classname="src/2-application/use-cases/custom-report/GetCustomReportUseCase.test.ts" name="GetCustomReportUseCase &gt; should handle repository errors" time="0.001557875">
            <system-err>
GetCustomReportUseCase error: Error: Database error
    at /Users/omerunsal/Desktop/akademi-port/src/2-application/use-cases/custom-report/GetCustomReportUseCase.test.ts:134:58
    at file:///Users/omerunsal/Desktop/akademi-port/node_modules/@vitest/runner/dist/index.js:157:11
    at file:///Users/omerunsal/Desktop/akademi-port/node_modules/@vitest/runner/dist/index.js:753:26
    at file:///Users/omerunsal/Desktop/akademi-port/node_modules/@vitest/runner/dist/index.js:1636:20
    at new Promise (&lt;anonymous&gt;)
    at runWithTimeout (file:///Users/omerunsal/Desktop/akademi-port/node_modules/@vitest/runner/dist/index.js:1602:10)
    at runTest (file:///Users/omerunsal/Desktop/akademi-port/node_modules/@vitest/runner/dist/index.js:1309:12)
    at processTicksAndRejections (node:internal/process/task_queues:105:5)
    at runSuite (file:///Users/omerunsal/Desktop/akademi-port/node_modules/@vitest/runner/dist/index.js:1468:8)
    at runSuite (file:///Users/omerunsal/Desktop/akademi-port/node_modules/@vitest/runner/dist/index.js:1468:8)

            </system-err>
        </testcase>
    </testsuite>
    <testsuite name="src/2-application/use-cases/custom-report/ListCustomReportsUseCase.test.ts" timestamp="2025-12-16T06:40:27.792Z" hostname="Omer-MacBook-Air.local" tests="5" failures="0" errors="0" skipped="0" time="0.005873709">
        <testcase classname="src/2-application/use-cases/custom-report/ListCustomReportsUseCase.test.ts" name="ListCustomReportsUseCase &gt; should list custom reports successfully for user" time="0.001972917">
        </testcase>
        <testcase classname="src/2-application/use-cases/custom-report/ListCustomReportsUseCase.test.ts" name="ListCustomReportsUseCase &gt; should list all custom reports for admin" time="0.000604458">
        </testcase>
        <testcase classname="src/2-application/use-cases/custom-report/ListCustomReportsUseCase.test.ts" name="ListCustomReportsUseCase &gt; should use default pagination values" time="0.000204167">
        </testcase>
        <testcase classname="src/2-application/use-cases/custom-report/ListCustomReportsUseCase.test.ts" name="ListCustomReportsUseCase &gt; should handle repository errors" time="0.001855875">
            <system-err>
List custom reports failed: Error: Database error
    at Function.fail (/Users/omerunsal/Desktop/akademi-port/src/6-core/result/Result.ts:71:50)
    at /Users/omerunsal/Desktop/akademi-port/src/2-application/use-cases/custom-report/ListCustomReportsUseCase.test.ts:123:72
    at file:///Users/omerunsal/Desktop/akademi-port/node_modules/@vitest/runner/dist/index.js:157:11
    at file:///Users/omerunsal/Desktop/akademi-port/node_modules/@vitest/runner/dist/index.js:753:26
    at file:///Users/omerunsal/Desktop/akademi-port/node_modules/@vitest/runner/dist/index.js:1636:20
    at new Promise (&lt;anonymous&gt;)
    at runWithTimeout (file:///Users/omerunsal/Desktop/akademi-port/node_modules/@vitest/runner/dist/index.js:1602:10)
    at runTest (file:///Users/omerunsal/Desktop/akademi-port/node_modules/@vitest/runner/dist/index.js:1309:12)
    at processTicksAndRejections (node:internal/process/task_queues:105:5)
    at runSuite (file:///Users/omerunsal/Desktop/akademi-port/node_modules/@vitest/runner/dist/index.js:1468:8)

            </system-err>
        </testcase>
        <testcase classname="src/2-application/use-cases/custom-report/ListCustomReportsUseCase.test.ts" name="ListCustomReportsUseCase &gt; should handle exceptions" time="0.0004425">
            <system-err>
ListCustomReportsUseCase error: Error: Unexpected error
    at /Users/omerunsal/Desktop/akademi-port/src/2-application/use-cases/custom-report/ListCustomReportsUseCase.test.ts:136:65
    at file:///Users/omerunsal/Desktop/akademi-port/node_modules/@vitest/runner/dist/index.js:157:11
    at file:///Users/omerunsal/Desktop/akademi-port/node_modules/@vitest/runner/dist/index.js:753:26
    at file:///Users/omerunsal/Desktop/akademi-port/node_modules/@vitest/runner/dist/index.js:1636:20
    at new Promise (&lt;anonymous&gt;)
    at runWithTimeout (file:///Users/omerunsal/Desktop/akademi-port/node_modules/@vitest/runner/dist/index.js:1602:10)
    at runTest (file:///Users/omerunsal/Desktop/akademi-port/node_modules/@vitest/runner/dist/index.js:1309:12)
    at processTicksAndRejections (node:internal/process/task_queues:105:5)
    at runSuite (file:///Users/omerunsal/Desktop/akademi-port/node_modules/@vitest/runner/dist/index.js:1468:8)
    at runSuite (file:///Users/omerunsal/Desktop/akademi-port/node_modules/@vitest/runner/dist/index.js:1468:8)

            </system-err>
        </testcase>
    </testsuite>
    <testsuite name="src/2-application/use-cases/custom-report/UpdateCustomReportUseCase.test.ts" timestamp="2025-12-16T06:40:27.793Z" hostname="Omer-MacBook-Air.local" tests="7" failures="0" errors="0" skipped="0" time="0.006824">
        <testcase classname="src/2-application/use-cases/custom-report/UpdateCustomReportUseCase.test.ts" name="UpdateCustomReportUseCase &gt; should update custom report successfully" time="0.001859292">
        </testcase>
        <testcase classname="src/2-application/use-cases/custom-report/UpdateCustomReportUseCase.test.ts" name="UpdateCustomReportUseCase &gt; should return error when report not found" time="0.000490625">
        </testcase>
        <testcase classname="src/2-application/use-cases/custom-report/UpdateCustomReportUseCase.test.ts" name="UpdateCustomReportUseCase &gt; should return error when repository returns null" time="0.000178666">
        </testcase>
        <testcase classname="src/2-application/use-cases/custom-report/UpdateCustomReportUseCase.test.ts" name="UpdateCustomReportUseCase &gt; should return error when user tries to update another user report" time="0.000140209">
        </testcase>
        <testcase classname="src/2-application/use-cases/custom-report/UpdateCustomReportUseCase.test.ts" name="UpdateCustomReportUseCase &gt; should return error when validation fails" time="0.0001755">
        </testcase>
        <testcase classname="src/2-application/use-cases/custom-report/UpdateCustomReportUseCase.test.ts" name="UpdateCustomReportUseCase &gt; should handle repository update errors" time="0.002144416">
            <system-err>
Custom report update failed: Error: Update failed
    at Function.fail (/Users/omerunsal/Desktop/akademi-port/src/6-core/result/Result.ts:71:50)
    at /Users/omerunsal/Desktop/akademi-port/src/2-application/use-cases/custom-report/UpdateCustomReportUseCase.test.ts:159:63
    at file:///Users/omerunsal/Desktop/akademi-port/node_modules/@vitest/runner/dist/index.js:157:11
    at file:///Users/omerunsal/Desktop/akademi-port/node_modules/@vitest/runner/dist/index.js:753:26
    at file:///Users/omerunsal/Desktop/akademi-port/node_modules/@vitest/runner/dist/index.js:1636:20
    at new Promise (&lt;anonymous&gt;)
    at runWithTimeout (file:///Users/omerunsal/Desktop/akademi-port/node_modules/@vitest/runner/dist/index.js:1602:10)
    at runTest (file:///Users/omerunsal/Desktop/akademi-port/node_modules/@vitest/runner/dist/index.js:1309:12)
    at processTicksAndRejections (node:internal/process/task_queues:105:5)
    at runSuite (file:///Users/omerunsal/Desktop/akademi-port/node_modules/@vitest/runner/dist/index.js:1468:8)

            </system-err>
        </testcase>
        <testcase classname="src/2-application/use-cases/custom-report/UpdateCustomReportUseCase.test.ts" name="UpdateCustomReportUseCase &gt; should handle exceptions" time="0.001089292">
            <system-err>
UpdateCustomReportUseCase error: Error: Unexpected error
    at /Users/omerunsal/Desktop/akademi-port/src/2-application/use-cases/custom-report/UpdateCustomReportUseCase.test.ts:173:58
    at file:///Users/omerunsal/Desktop/akademi-port/node_modules/@vitest/runner/dist/index.js:157:11
    at file:///Users/omerunsal/Desktop/akademi-port/node_modules/@vitest/runner/dist/index.js:753:26
    at file:///Users/omerunsal/Desktop/akademi-port/node_modules/@vitest/runner/dist/index.js:1636:20
    at new Promise (&lt;anonymous&gt;)
    at runWithTimeout (file:///Users/omerunsal/Desktop/akademi-port/node_modules/@vitest/runner/dist/index.js:1602:10)
    at runTest (file:///Users/omerunsal/Desktop/akademi-port/node_modules/@vitest/runner/dist/index.js:1309:12)
    at processTicksAndRejections (node:internal/process/task_queues:105:5)
    at runSuite (file:///Users/omerunsal/Desktop/akademi-port/node_modules/@vitest/runner/dist/index.js:1468:8)
    at runSuite (file:///Users/omerunsal/Desktop/akademi-port/node_modules/@vitest/runner/dist/index.js:1468:8)

            </system-err>
        </testcase>
    </testsuite>
    <testsuite name="src/2-application/use-cases/event/CreateEventUseCase.test.ts" timestamp="2025-12-16T06:40:27.793Z" hostname="Omer-MacBook-Air.local" tests="4" failures="0" errors="0" skipped="0" time="0.003753333">
        <testcase classname="src/2-application/use-cases/event/CreateEventUseCase.test.ts" name="CreateEventUseCase &gt; should create an event successfully" time="0.002308333">
            <system-err>
Zoom API not available. Meeting will not be created.

            </system-err>
        </testcase>
        <testcase classname="src/2-application/use-cases/event/CreateEventUseCase.test.ts" name="CreateEventUseCase &gt; should validate required fields" time="0.000410792">
        </testcase>
        <testcase classname="src/2-application/use-cases/event/CreateEventUseCase.test.ts" name="CreateEventUseCase &gt; should validate start time is before end time" time="0.000209708">
        </testcase>
        <testcase classname="src/2-application/use-cases/event/CreateEventUseCase.test.ts" name="CreateEventUseCase &gt; should handle repository error" time="0.00018925">
        </testcase>
    </testsuite>
    <testsuite name="src/2-application/use-cases/event/DeleteEventUseCase.test.ts" timestamp="2025-12-16T06:40:27.794Z" hostname="Omer-MacBook-Air.local" tests="8" failures="0" errors="0" skipped="0" time="0.006722625">
        <testcase classname="src/2-application/use-cases/event/DeleteEventUseCase.test.ts" name="DeleteEventUseCase &gt; should delete event successfully" time="0.001609667">
        </testcase>
        <testcase classname="src/2-application/use-cases/event/DeleteEventUseCase.test.ts" name="DeleteEventUseCase &gt; should delete Zoom meeting when event has zoomMeetingId" time="0.000563875">
        </testcase>
        <testcase classname="src/2-application/use-cases/event/DeleteEventUseCase.test.ts" name="DeleteEventUseCase &gt; should continue even if Zoom deletion fails" time="0.000769583">
            <system-err>
Failed to delete Zoom meeting, continuing with event deletion: {
  eventId: &apos;event-1&apos;,
  zoomMeetingId: &apos;zoom-123&apos;,
  error: &apos;Zoom API error&apos;
}

            </system-err>
        </testcase>
        <testcase classname="src/2-application/use-cases/event/DeleteEventUseCase.test.ts" name="DeleteEventUseCase &gt; should send notifications to attendees" time="0.000287792">
        </testcase>
        <testcase classname="src/2-application/use-cases/event/DeleteEventUseCase.test.ts" name="DeleteEventUseCase &gt; should continue even if notification fails" time="0.001969666">
            <system-err>
Failed to send event cancelled notification to user {
  error: Error: Notification failed
      at /Users/omerunsal/Desktop/akademi-port/src/2-application/use-cases/event/DeleteEventUseCase.test.ts:207:7
      at file:///Users/omerunsal/Desktop/akademi-port/node_modules/@vitest/runner/dist/index.js:157:11
      at file:///Users/omerunsal/Desktop/akademi-port/node_modules/@vitest/runner/dist/index.js:753:26
      at file:///Users/omerunsal/Desktop/akademi-port/node_modules/@vitest/runner/dist/index.js:1636:20
      at new Promise (&lt;anonymous&gt;)
      at runWithTimeout (file:///Users/omerunsal/Desktop/akademi-port/node_modules/@vitest/runner/dist/index.js:1602:10)
      at runTest (file:///Users/omerunsal/Desktop/akademi-port/node_modules/@vitest/runner/dist/index.js:1309:12)
      at processTicksAndRejections (node:internal/process/task_queues:105:5)
      at runSuite (file:///Users/omerunsal/Desktop/akademi-port/node_modules/@vitest/runner/dist/index.js:1468:8)
      at runSuite (file:///Users/omerunsal/Desktop/akademi-port/node_modules/@vitest/runner/dist/index.js:1468:8),
  userId: &apos;user-1&apos;,
  eventId: &apos;event-1&apos;
}

            </system-err>
        </testcase>
        <testcase classname="src/2-application/use-cases/event/DeleteEventUseCase.test.ts" name="DeleteEventUseCase &gt; should return error when event ID is empty" time="0.000375208">
        </testcase>
        <testcase classname="src/2-application/use-cases/event/DeleteEventUseCase.test.ts" name="DeleteEventUseCase &gt; should return error when event not found" time="0.0002375">
        </testcase>
        <testcase classname="src/2-application/use-cases/event/DeleteEventUseCase.test.ts" name="DeleteEventUseCase &gt; should handle repository errors" time="0.000173792">
        </testcase>
    </testsuite>
    <testsuite name="src/2-application/use-cases/event/GetEventAttendeesUseCase.test.ts" timestamp="2025-12-16T06:40:27.794Z" hostname="Omer-MacBook-Air.local" tests="6" failures="0" errors="0" skipped="0" time="0.003607708">
        <testcase classname="src/2-application/use-cases/event/GetEventAttendeesUseCase.test.ts" name="GetEventAttendeesUseCase &gt; should get event attendees successfully" time="0.001533166">
        </testcase>
        <testcase classname="src/2-application/use-cases/event/GetEventAttendeesUseCase.test.ts" name="GetEventAttendeesUseCase &gt; should return empty array when no attendees" time="0.000397709">
        </testcase>
        <testcase classname="src/2-application/use-cases/event/GetEventAttendeesUseCase.test.ts" name="GetEventAttendeesUseCase &gt; should fail when event ID is empty" time="0.000324375">
        </testcase>
        <testcase classname="src/2-application/use-cases/event/GetEventAttendeesUseCase.test.ts" name="GetEventAttendeesUseCase &gt; should fail when event not found" time="0.000237584">
        </testcase>
        <testcase classname="src/2-application/use-cases/event/GetEventAttendeesUseCase.test.ts" name="GetEventAttendeesUseCase &gt; should handle repository errors" time="0.000194375">
        </testcase>
        <testcase classname="src/2-application/use-cases/event/GetEventAttendeesUseCase.test.ts" name="GetEventAttendeesUseCase &gt; should handle getAttendees errors" time="0.000180583">
        </testcase>
    </testsuite>
    <testsuite name="src/2-application/use-cases/event/GetEventStatisticsUseCase.test.ts" timestamp="2025-12-16T06:40:27.794Z" hostname="Omer-MacBook-Air.local" tests="7" failures="0" errors="0" skipped="0" time="0.013377">
        <testcase classname="src/2-application/use-cases/event/GetEventStatisticsUseCase.test.ts" name="GetEventStatisticsUseCase &gt; should get event statistics successfully" time="0.00896625">
        </testcase>
        <testcase classname="src/2-application/use-cases/event/GetEventStatisticsUseCase.test.ts" name="GetEventStatisticsUseCase &gt; should calculate statistics correctly with multiple companies" time="0.000488667">
        </testcase>
        <testcase classname="src/2-application/use-cases/event/GetEventStatisticsUseCase.test.ts" name="GetEventStatisticsUseCase &gt; should handle event without max attendees" time="0.00017">
        </testcase>
        <testcase classname="src/2-application/use-cases/event/GetEventStatisticsUseCase.test.ts" name="GetEventStatisticsUseCase &gt; should return zero statistics when no attendees" time="0.000155041">
        </testcase>
        <testcase classname="src/2-application/use-cases/event/GetEventStatisticsUseCase.test.ts" name="GetEventStatisticsUseCase &gt; should fail when event ID is empty" time="0.000241125">
        </testcase>
        <testcase classname="src/2-application/use-cases/event/GetEventStatisticsUseCase.test.ts" name="GetEventStatisticsUseCase &gt; should fail when event not found" time="0.000280709">
        </testcase>
        <testcase classname="src/2-application/use-cases/event/GetEventStatisticsUseCase.test.ts" name="GetEventStatisticsUseCase &gt; should handle repository errors" time="0.002240791">
            <system-err>
Error getting event statistics: Error: Database error
    at /Users/omerunsal/Desktop/akademi-port/src/2-application/use-cases/event/GetEventStatisticsUseCase.test.ts:224:58
    at file:///Users/omerunsal/Desktop/akademi-port/node_modules/@vitest/runner/dist/index.js:157:11
    at file:///Users/omerunsal/Desktop/akademi-port/node_modules/@vitest/runner/dist/index.js:753:26
    at file:///Users/omerunsal/Desktop/akademi-port/node_modules/@vitest/runner/dist/index.js:1636:20
    at new Promise (&lt;anonymous&gt;)
    at runWithTimeout (file:///Users/omerunsal/Desktop/akademi-port/node_modules/@vitest/runner/dist/index.js:1602:10)
    at runTest (file:///Users/omerunsal/Desktop/akademi-port/node_modules/@vitest/runner/dist/index.js:1309:12)
    at processTicksAndRejections (node:internal/process/task_queues:105:5)
    at runSuite (file:///Users/omerunsal/Desktop/akademi-port/node_modules/@vitest/runner/dist/index.js:1468:8)
    at runSuite (file:///Users/omerunsal/Desktop/akademi-port/node_modules/@vitest/runner/dist/index.js:1468:8)

            </system-err>
        </testcase>
    </testsuite>
    <testsuite name="src/2-application/use-cases/event/GetEventUseCase.test.ts" timestamp="2025-12-16T06:40:27.795Z" hostname="Omer-MacBook-Air.local" tests="5" failures="0" errors="0" skipped="0" time="0.00369875">
        <testcase classname="src/2-application/use-cases/event/GetEventUseCase.test.ts" name="GetEventUseCase &gt; should get event successfully" time="0.001501417">
        </testcase>
        <testcase classname="src/2-application/use-cases/event/GetEventUseCase.test.ts" name="GetEventUseCase &gt; should return error when event ID is empty" time="0.000530834">
        </testcase>
        <testcase classname="src/2-application/use-cases/event/GetEventUseCase.test.ts" name="GetEventUseCase &gt; should return error when event ID is whitespace" time="0.000409334">
        </testcase>
        <testcase classname="src/2-application/use-cases/event/GetEventUseCase.test.ts" name="GetEventUseCase &gt; should return error when event not found" time="0.000271">
        </testcase>
        <testcase classname="src/2-application/use-cases/event/GetEventUseCase.test.ts" name="GetEventUseCase &gt; should handle repository errors" time="0.000262167">
        </testcase>
    </testsuite>
    <testsuite name="src/2-application/use-cases/event/ListEventsUseCase.test.ts" timestamp="2025-12-16T06:40:27.795Z" hostname="Omer-MacBook-Air.local" tests="5" failures="0" errors="0" skipped="0" time="0.003234583">
        <testcase classname="src/2-application/use-cases/event/ListEventsUseCase.test.ts" name="ListEventsUseCase &gt; should list events successfully without filters" time="0.001252708">
        </testcase>
        <testcase classname="src/2-application/use-cases/event/ListEventsUseCase.test.ts" name="ListEventsUseCase &gt; should list events with filters and pagination" time="0.000477083">
        </testcase>
        <testcase classname="src/2-application/use-cases/event/ListEventsUseCase.test.ts" name="ListEventsUseCase &gt; should calculate totalPages correctly" time="0.000179209">
        </testcase>
        <testcase classname="src/2-application/use-cases/event/ListEventsUseCase.test.ts" name="ListEventsUseCase &gt; should use default pagination values when not provided" time="0.000137708">
        </testcase>
        <testcase classname="src/2-application/use-cases/event/ListEventsUseCase.test.ts" name="ListEventsUseCase &gt; should handle repository errors" time="0.000342292">
        </testcase>
    </testsuite>
    <testsuite name="src/2-application/use-cases/event/RegisterEventAttendanceUseCase.test.ts" timestamp="2025-12-16T06:40:27.795Z" hostname="Omer-MacBook-Air.local" tests="10" failures="0" errors="0" skipped="0" time="0.0051">
        <testcase classname="src/2-application/use-cases/event/RegisterEventAttendanceUseCase.test.ts" name="RegisterEventAttendanceUseCase &gt; should register attendance successfully" time="0.0020315">
        </testcase>
        <testcase classname="src/2-application/use-cases/event/RegisterEventAttendanceUseCase.test.ts" name="RegisterEventAttendanceUseCase &gt; should return error when event ID is empty" time="0.000463917">
        </testcase>
        <testcase classname="src/2-application/use-cases/event/RegisterEventAttendanceUseCase.test.ts" name="RegisterEventAttendanceUseCase &gt; should return error when user ID is empty" time="0.000153084">
        </testcase>
        <testcase classname="src/2-application/use-cases/event/RegisterEventAttendanceUseCase.test.ts" name="RegisterEventAttendanceUseCase &gt; should return error when company ID is empty" time="0.000179084">
        </testcase>
        <testcase classname="src/2-application/use-cases/event/RegisterEventAttendanceUseCase.test.ts" name="RegisterEventAttendanceUseCase &gt; should return error when event not found" time="0.000200291">
        </testcase>
        <testcase classname="src/2-application/use-cases/event/RegisterEventAttendanceUseCase.test.ts" name="RegisterEventAttendanceUseCase &gt; should return error when event registration is not available" time="0.00018425">
        </testcase>
        <testcase classname="src/2-application/use-cases/event/RegisterEventAttendanceUseCase.test.ts" name="RegisterEventAttendanceUseCase &gt; should return error when user already registered" time="0.000227709">
        </testcase>
        <testcase classname="src/2-application/use-cases/event/RegisterEventAttendanceUseCase.test.ts" name="RegisterEventAttendanceUseCase &gt; should continue even if leaderboard score addition fails" time="0.000268417">
        </testcase>
        <testcase classname="src/2-application/use-cases/event/RegisterEventAttendanceUseCase.test.ts" name="RegisterEventAttendanceUseCase &gt; should work without leaderboard service" time="0.000299208">
        </testcase>
        <testcase classname="src/2-application/use-cases/event/RegisterEventAttendanceUseCase.test.ts" name="RegisterEventAttendanceUseCase &gt; should handle repository errors" time="0.000195875">
        </testcase>
    </testsuite>
    <testsuite name="src/2-application/use-cases/event/UpdateEventUseCase.test.ts" timestamp="2025-12-16T06:40:27.796Z" hostname="Omer-MacBook-Air.local" tests="4" failures="0" errors="0" skipped="0" time="0.003468792">
        <testcase classname="src/2-application/use-cases/event/UpdateEventUseCase.test.ts" name="UpdateEventUseCase &gt; should update an event successfully" time="0.001619167">
        </testcase>
        <testcase classname="src/2-application/use-cases/event/UpdateEventUseCase.test.ts" name="UpdateEventUseCase &gt; should fail when event not found" time="0.00076625">
        </testcase>
        <testcase classname="src/2-application/use-cases/event/UpdateEventUseCase.test.ts" name="UpdateEventUseCase &gt; should validate start time is before end time when updating times" time="0.000264541">
        </testcase>
        <testcase classname="src/2-application/use-cases/event/UpdateEventUseCase.test.ts" name="UpdateEventUseCase &gt; should handle repository error" time="0.000232167">
        </testcase>
    </testsuite>
    <testsuite name="src/2-application/use-cases/ecommerce/CreateEcommerceMetricsUseCase.test.ts" timestamp="2025-12-16T06:40:27.796Z" hostname="Omer-MacBook-Air.local" tests="5" failures="0" errors="0" skipped="0" time="0.003583584">
        <testcase classname="src/2-application/use-cases/ecommerce/CreateEcommerceMetricsUseCase.test.ts" name="CreateEcommerceMetricsUseCase &gt; execute &gt; should create metrics successfully" time="0.00170825">
        </testcase>
        <testcase classname="src/2-application/use-cases/ecommerce/CreateEcommerceMetricsUseCase.test.ts" name="CreateEcommerceMetricsUseCase &gt; execute &gt; should fail when metrics already exist for period" time="0.000433292">
        </testcase>
        <testcase classname="src/2-application/use-cases/ecommerce/CreateEcommerceMetricsUseCase.test.ts" name="CreateEcommerceMetricsUseCase &gt; execute &gt; should fail when validation fails" time="0.000185292">
        </testcase>
        <testcase classname="src/2-application/use-cases/ecommerce/CreateEcommerceMetricsUseCase.test.ts" name="CreateEcommerceMetricsUseCase &gt; execute &gt; should fail when repository fails" time="0.000143375">
        </testcase>
        <testcase classname="src/2-application/use-cases/ecommerce/CreateEcommerceMetricsUseCase.test.ts" name="CreateEcommerceMetricsUseCase &gt; execute &gt; should create B2C platform metrics successfully" time="0.000312084">
        </testcase>
    </testsuite>
    <testsuite name="src/2-application/use-cases/ecommerce/GetEcommerceMetricsUseCase.test.ts" timestamp="2025-12-16T06:40:27.797Z" hostname="Omer-MacBook-Air.local" tests="5" failures="0" errors="0" skipped="0" time="0.004207958">
        <testcase classname="src/2-application/use-cases/ecommerce/GetEcommerceMetricsUseCase.test.ts" name="GetEcommerceMetricsUseCase &gt; execute &gt; should get metrics successfully" time="0.001578375">
        </testcase>
        <testcase classname="src/2-application/use-cases/ecommerce/GetEcommerceMetricsUseCase.test.ts" name="GetEcommerceMetricsUseCase &gt; execute &gt; should apply filters correctly" time="0.001191208">
        </testcase>
        <testcase classname="src/2-application/use-cases/ecommerce/GetEcommerceMetricsUseCase.test.ts" name="GetEcommerceMetricsUseCase &gt; execute &gt; should handle empty results" time="0.000247">
        </testcase>
        <testcase classname="src/2-application/use-cases/ecommerce/GetEcommerceMetricsUseCase.test.ts" name="GetEcommerceMetricsUseCase &gt; execute &gt; should fail when repository fails" time="0.00021625">
        </testcase>
        <testcase classname="src/2-application/use-cases/ecommerce/GetEcommerceMetricsUseCase.test.ts" name="GetEcommerceMetricsUseCase &gt; execute &gt; should fail when count fails" time="0.000253375">
        </testcase>
    </testsuite>
    <testsuite name="src/2-application/use-cases/ecommerce/GetEcommercePerformanceUseCase.test.ts" timestamp="2025-12-16T06:40:27.797Z" hostname="Omer-MacBook-Air.local" tests="4" failures="0" errors="0" skipped="0" time="0.004151958">
        <testcase classname="src/2-application/use-cases/ecommerce/GetEcommercePerformanceUseCase.test.ts" name="GetEcommercePerformanceUseCase &gt; execute &gt; should get performance data successfully" time="0.002475709">
        </testcase>
        <testcase classname="src/2-application/use-cases/ecommerce/GetEcommercePerformanceUseCase.test.ts" name="GetEcommercePerformanceUseCase &gt; execute &gt; should apply filters correctly" time="0.000442834">
        </testcase>
        <testcase classname="src/2-application/use-cases/ecommerce/GetEcommercePerformanceUseCase.test.ts" name="GetEcommercePerformanceUseCase &gt; execute &gt; should handle empty results" time="0.000210292">
        </testcase>
        <testcase classname="src/2-application/use-cases/ecommerce/GetEcommercePerformanceUseCase.test.ts" name="GetEcommercePerformanceUseCase &gt; execute &gt; should fail when repository fails" time="0.000173292">
        </testcase>
    </testsuite>
    <testsuite name="src/2-application/use-cases/ecommerce/GetMinistryDashboardUseCase.test.ts" timestamp="2025-12-16T06:40:27.797Z" hostname="Omer-MacBook-Air.local" tests="3" failures="0" errors="0" skipped="0" time="0.002900708">
        <testcase classname="src/2-application/use-cases/ecommerce/GetMinistryDashboardUseCase.test.ts" name="GetMinistryDashboardUseCase &gt; execute &gt; should get dashboard data successfully without programId" time="0.001787625">
        </testcase>
        <testcase classname="src/2-application/use-cases/ecommerce/GetMinistryDashboardUseCase.test.ts" name="GetMinistryDashboardUseCase &gt; execute &gt; should get dashboard data successfully with programId" time="0.000338791">
        </testcase>
        <testcase classname="src/2-application/use-cases/ecommerce/GetMinistryDashboardUseCase.test.ts" name="GetMinistryDashboardUseCase &gt; execute &gt; should fail when repository fails" time="0.000195041">
        </testcase>
    </testsuite>
    <testsuite name="src/2-application/use-cases/ecommerce/UpdateEcommerceMetricsUseCase.test.ts" timestamp="2025-12-16T06:40:27.797Z" hostname="Omer-MacBook-Air.local" tests="4" failures="0" errors="0" skipped="0" time="0.00344675">
        <testcase classname="src/2-application/use-cases/ecommerce/UpdateEcommerceMetricsUseCase.test.ts" name="UpdateEcommerceMetricsUseCase &gt; execute &gt; should update metrics successfully" time="0.001830291">
        </testcase>
        <testcase classname="src/2-application/use-cases/ecommerce/UpdateEcommerceMetricsUseCase.test.ts" name="UpdateEcommerceMetricsUseCase &gt; execute &gt; should fail when metrics not found" time="0.000423708">
        </testcase>
        <testcase classname="src/2-application/use-cases/ecommerce/UpdateEcommerceMetricsUseCase.test.ts" name="UpdateEcommerceMetricsUseCase &gt; execute &gt; should fail when repository update fails" time="0.000204916">
        </testcase>
        <testcase classname="src/2-application/use-cases/ecommerce/UpdateEcommerceMetricsUseCase.test.ts" name="UpdateEcommerceMetricsUseCase &gt; execute &gt; should update B2C metrics successfully" time="0.000310917">
        </testcase>
    </testsuite>
    <testsuite name="src/2-application/use-cases/forum/ApproveTopicUseCase.test.ts" timestamp="2025-12-16T06:40:27.798Z" hostname="Omer-MacBook-Air.local" tests="3" failures="0" errors="0" skipped="0" time="0.003285875">
        <testcase classname="src/2-application/use-cases/forum/ApproveTopicUseCase.test.ts" name="ApproveTopicUseCase &gt; execute &gt; should approve topic successfully" time="0.001748333">
        </testcase>
        <testcase classname="src/2-application/use-cases/forum/ApproveTopicUseCase.test.ts" name="ApproveTopicUseCase &gt; execute &gt; should handle repository failure" time="0.000478542">
        </testcase>
        <testcase classname="src/2-application/use-cases/forum/ApproveTopicUseCase.test.ts" name="ApproveTopicUseCase &gt; execute &gt; should handle errors gracefully" time="0.000340959">
        </testcase>
    </testsuite>
    <testsuite name="src/2-application/use-cases/forum/CloseTopicUseCase.test.ts" timestamp="2025-12-16T06:40:27.798Z" hostname="Omer-MacBook-Air.local" tests="3" failures="0" errors="0" skipped="0" time="0.002890709">
        <testcase classname="src/2-application/use-cases/forum/CloseTopicUseCase.test.ts" name="CloseTopicUseCase &gt; execute &gt; should close topic successfully" time="0.001605459">
        </testcase>
        <testcase classname="src/2-application/use-cases/forum/CloseTopicUseCase.test.ts" name="CloseTopicUseCase &gt; execute &gt; should handle repository failure" time="0.000388417">
        </testcase>
        <testcase classname="src/2-application/use-cases/forum/CloseTopicUseCase.test.ts" name="CloseTopicUseCase &gt; execute &gt; should handle errors gracefully" time="0.000290833">
        </testcase>
    </testsuite>
    <testsuite name="src/2-application/use-cases/forum/CreateTopicUseCase.test.ts" timestamp="2025-12-16T06:40:27.798Z" hostname="Omer-MacBook-Air.local" tests="4" failures="0" errors="0" skipped="0" time="0.003685375">
        <testcase classname="src/2-application/use-cases/forum/CreateTopicUseCase.test.ts" name="CreateTopicUseCase &gt; execute &gt; should create topic successfully" time="0.001972458">
        </testcase>
        <testcase classname="src/2-application/use-cases/forum/CreateTopicUseCase.test.ts" name="CreateTopicUseCase &gt; execute &gt; should fail when category not found" time="0.000359875">
        </testcase>
        <testcase classname="src/2-application/use-cases/forum/CreateTopicUseCase.test.ts" name="CreateTopicUseCase &gt; execute &gt; should fail when repository fails" time="0.000300416">
        </testcase>
        <testcase classname="src/2-application/use-cases/forum/CreateTopicUseCase.test.ts" name="CreateTopicUseCase &gt; execute &gt; should handle repository exceptions" time="0.000400041">
        </testcase>
    </testsuite>
    <testsuite name="src/2-application/use-cases/forum/DeleteReplyUseCase.test.ts" timestamp="2025-12-16T06:40:27.798Z" hostname="Omer-MacBook-Air.local" tests="6" failures="0" errors="0" skipped="0" time="0.004212583">
        <testcase classname="src/2-application/use-cases/forum/DeleteReplyUseCase.test.ts" name="DeleteReplyUseCase &gt; execute &gt; should delete reply successfully when user is author" time="0.001687042">
        </testcase>
        <testcase classname="src/2-application/use-cases/forum/DeleteReplyUseCase.test.ts" name="DeleteReplyUseCase &gt; execute &gt; should delete reply successfully when user is admin" time="0.000399333">
        </testcase>
        <testcase classname="src/2-application/use-cases/forum/DeleteReplyUseCase.test.ts" name="DeleteReplyUseCase &gt; execute &gt; should return error when reply is not found" time="0.000328">
        </testcase>
        <testcase classname="src/2-application/use-cases/forum/DeleteReplyUseCase.test.ts" name="DeleteReplyUseCase &gt; execute &gt; should return error when user is not author and not admin" time="0.000268459">
        </testcase>
        <testcase classname="src/2-application/use-cases/forum/DeleteReplyUseCase.test.ts" name="DeleteReplyUseCase &gt; execute &gt; should handle repository errors" time="0.00022275">
        </testcase>
        <testcase classname="src/2-application/use-cases/forum/DeleteReplyUseCase.test.ts" name="DeleteReplyUseCase &gt; execute &gt; should handle errors gracefully" time="0.000408542">
        </testcase>
    </testsuite>
    <testsuite name="src/2-application/use-cases/forum/DeleteTopicUseCase.test.ts" timestamp="2025-12-16T06:40:27.799Z" hostname="Omer-MacBook-Air.local" tests="5" failures="0" errors="0" skipped="0" time="0.003739166">
        <testcase classname="src/2-application/use-cases/forum/DeleteTopicUseCase.test.ts" name="DeleteTopicUseCase &gt; execute &gt; should delete topic successfully when user is author" time="0.00173625">
        </testcase>
        <testcase classname="src/2-application/use-cases/forum/DeleteTopicUseCase.test.ts" name="DeleteTopicUseCase &gt; execute &gt; should return error when topic is not found" time="0.000478125">
        </testcase>
        <testcase classname="src/2-application/use-cases/forum/DeleteTopicUseCase.test.ts" name="DeleteTopicUseCase &gt; execute &gt; should return error when topic does not exist" time="0.000217333">
        </testcase>
        <testcase classname="src/2-application/use-cases/forum/DeleteTopicUseCase.test.ts" name="DeleteTopicUseCase &gt; execute &gt; should handle repository delete errors" time="0.000262416">
        </testcase>
        <testcase classname="src/2-application/use-cases/forum/DeleteTopicUseCase.test.ts" name="DeleteTopicUseCase &gt; execute &gt; should handle unexpected errors" time="0.000278458">
        </testcase>
    </testsuite>
    <testsuite name="src/2-application/use-cases/forum/LikeReplyUseCase.test.ts" timestamp="2025-12-16T06:40:27.799Z" hostname="Omer-MacBook-Air.local" tests="3" failures="0" errors="0" skipped="0" time="0.003080208">
        <testcase classname="src/2-application/use-cases/forum/LikeReplyUseCase.test.ts" name="LikeReplyUseCase &gt; execute &gt; should like reply successfully" time="0.001756875">
        </testcase>
        <testcase classname="src/2-application/use-cases/forum/LikeReplyUseCase.test.ts" name="LikeReplyUseCase &gt; execute &gt; should handle repository failure" time="0.000439791">
        </testcase>
        <testcase classname="src/2-application/use-cases/forum/LikeReplyUseCase.test.ts" name="LikeReplyUseCase &gt; execute &gt; should handle errors gracefully" time="0.0002565">
        </testcase>
    </testsuite>
    <testsuite name="src/2-application/use-cases/forum/LikeTopicUseCase.test.ts" timestamp="2025-12-16T06:40:27.799Z" hostname="Omer-MacBook-Air.local" tests="5" failures="0" errors="0" skipped="0" time="0.004106667">
        <testcase classname="src/2-application/use-cases/forum/LikeTopicUseCase.test.ts" name="LikeTopicUseCase &gt; execute &gt; should like topic successfully" time="0.001871292">
        </testcase>
        <testcase classname="src/2-application/use-cases/forum/LikeTopicUseCase.test.ts" name="LikeTopicUseCase &gt; execute &gt; should return error when topic is not found" time="0.00043425">
        </testcase>
        <testcase classname="src/2-application/use-cases/forum/LikeTopicUseCase.test.ts" name="LikeTopicUseCase &gt; execute &gt; should return error when topic is already liked" time="0.000284417">
        </testcase>
        <testcase classname="src/2-application/use-cases/forum/LikeTopicUseCase.test.ts" name="LikeTopicUseCase &gt; execute &gt; should handle repository errors" time="0.000342042">
        </testcase>
        <testcase classname="src/2-application/use-cases/forum/LikeTopicUseCase.test.ts" name="LikeTopicUseCase &gt; execute &gt; should handle errors gracefully" time="0.000392209">
        </testcase>
    </testsuite>
    <testsuite name="src/2-application/use-cases/forum/ListTopicsUseCase.test.ts" timestamp="2025-12-16T06:40:27.799Z" hostname="Omer-MacBook-Air.local" tests="14" failures="0" errors="0" skipped="0" time="0.007963417">
        <testcase classname="src/2-application/use-cases/forum/ListTopicsUseCase.test.ts" name="ListTopicsUseCase &gt; execute &gt; should list topics successfully" time="0.00233475">
        </testcase>
        <testcase classname="src/2-application/use-cases/forum/ListTopicsUseCase.test.ts" name="ListTopicsUseCase &gt; execute &gt; should filter topics by programId" time="0.000442834">
        </testcase>
        <testcase classname="src/2-application/use-cases/forum/ListTopicsUseCase.test.ts" name="ListTopicsUseCase &gt; execute &gt; should filter topics by categoryId" time="0.000312167">
        </testcase>
        <testcase classname="src/2-application/use-cases/forum/ListTopicsUseCase.test.ts" name="ListTopicsUseCase &gt; execute &gt; should filter topics by status" time="0.000303625">
        </testcase>
        <testcase classname="src/2-application/use-cases/forum/ListTopicsUseCase.test.ts" name="ListTopicsUseCase &gt; execute &gt; should filter topics by priority" time="0.00036125">
        </testcase>
        <testcase classname="src/2-application/use-cases/forum/ListTopicsUseCase.test.ts" name="ListTopicsUseCase &gt; execute &gt; should filter pinned topics" time="0.000270667">
        </testcase>
        <testcase classname="src/2-application/use-cases/forum/ListTopicsUseCase.test.ts" name="ListTopicsUseCase &gt; execute &gt; should filter locked topics" time="0.000406792">
        </testcase>
        <testcase classname="src/2-application/use-cases/forum/ListTopicsUseCase.test.ts" name="ListTopicsUseCase &gt; execute &gt; should filter approved topics" time="0.000394334">
        </testcase>
        <testcase classname="src/2-application/use-cases/forum/ListTopicsUseCase.test.ts" name="ListTopicsUseCase &gt; execute &gt; should search topics by text" time="0.000750958">
        </testcase>
        <testcase classname="src/2-application/use-cases/forum/ListTopicsUseCase.test.ts" name="ListTopicsUseCase &gt; execute &gt; should handle pagination correctly" time="0.000441791">
        </testcase>
        <testcase classname="src/2-application/use-cases/forum/ListTopicsUseCase.test.ts" name="ListTopicsUseCase &gt; execute &gt; should return empty list when no topics found" time="0.000355">
        </testcase>
        <testcase classname="src/2-application/use-cases/forum/ListTopicsUseCase.test.ts" name="ListTopicsUseCase &gt; execute &gt; should handle repository failure" time="0.000227375">
        </testcase>
        <testcase classname="src/2-application/use-cases/forum/ListTopicsUseCase.test.ts" name="ListTopicsUseCase &gt; execute &gt; should handle errors gracefully" time="0.000236875">
        </testcase>
        <testcase classname="src/2-application/use-cases/forum/ListTopicsUseCase.test.ts" name="ListTopicsUseCase &gt; execute &gt; should use default limit when not provided" time="0.000264709">
        </testcase>
    </testsuite>
    <testsuite name="src/2-application/use-cases/forum/LockTopicUseCase.test.ts" timestamp="2025-12-16T06:40:27.800Z" hostname="Omer-MacBook-Air.local" tests="3" failures="0" errors="0" skipped="0" time="0.00294325">
        <testcase classname="src/2-application/use-cases/forum/LockTopicUseCase.test.ts" name="LockTopicUseCase &gt; execute &gt; should lock topic successfully" time="0.0016265">
        </testcase>
        <testcase classname="src/2-application/use-cases/forum/LockTopicUseCase.test.ts" name="LockTopicUseCase &gt; execute &gt; should handle repository failure" time="0.000372">
        </testcase>
        <testcase classname="src/2-application/use-cases/forum/LockTopicUseCase.test.ts" name="LockTopicUseCase &gt; execute &gt; should handle errors gracefully" time="0.000286666">
        </testcase>
    </testsuite>
    <testsuite name="src/2-application/use-cases/forum/MarkSolutionUseCase.test.ts" timestamp="2025-12-16T06:40:27.800Z" hostname="Omer-MacBook-Air.local" tests="8" failures="0" errors="0" skipped="0" time="0.005343708">
        <testcase classname="src/2-application/use-cases/forum/MarkSolutionUseCase.test.ts" name="MarkSolutionUseCase &gt; execute &gt; should mark solution successfully when user is topic author" time="0.001735583">
        </testcase>
        <testcase classname="src/2-application/use-cases/forum/MarkSolutionUseCase.test.ts" name="MarkSolutionUseCase &gt; execute &gt; should return error when topic is not found" time="0.000412958">
        </testcase>
        <testcase classname="src/2-application/use-cases/forum/MarkSolutionUseCase.test.ts" name="MarkSolutionUseCase &gt; execute &gt; should return error when user is not topic author" time="0.00030975">
        </testcase>
        <testcase classname="src/2-application/use-cases/forum/MarkSolutionUseCase.test.ts" name="MarkSolutionUseCase &gt; execute &gt; should return error when reply is not found" time="0.000342167">
        </testcase>
        <testcase classname="src/2-application/use-cases/forum/MarkSolutionUseCase.test.ts" name="MarkSolutionUseCase &gt; execute &gt; should return error when reply belongs to different topic" time="0.000302917">
        </testcase>
        <testcase classname="src/2-application/use-cases/forum/MarkSolutionUseCase.test.ts" name="MarkSolutionUseCase &gt; execute &gt; should create notification for reply author when different from marker" time="0.000908083">
        </testcase>
        <testcase classname="src/2-application/use-cases/forum/MarkSolutionUseCase.test.ts" name="MarkSolutionUseCase &gt; execute &gt; should add leaderboard score when companyId exists" time="0.000357542">
        </testcase>
        <testcase classname="src/2-application/use-cases/forum/MarkSolutionUseCase.test.ts" name="MarkSolutionUseCase &gt; execute &gt; should handle errors gracefully" time="0.00023775">
        </testcase>
    </testsuite>
    <testsuite name="src/2-application/use-cases/forum/PinTopicUseCase.test.ts" timestamp="2025-12-16T06:40:27.801Z" hostname="Omer-MacBook-Air.local" tests="3" failures="0" errors="0" skipped="0" time="0.002874958">
        <testcase classname="src/2-application/use-cases/forum/PinTopicUseCase.test.ts" name="PinTopicUseCase &gt; execute &gt; should pin topic successfully" time="0.001601208">
        </testcase>
        <testcase classname="src/2-application/use-cases/forum/PinTopicUseCase.test.ts" name="PinTopicUseCase &gt; execute &gt; should handle repository failure" time="0.000377958">
        </testcase>
        <testcase classname="src/2-application/use-cases/forum/PinTopicUseCase.test.ts" name="PinTopicUseCase &gt; execute &gt; should handle errors gracefully" time="0.00028425">
        </testcase>
    </testsuite>
    <testsuite name="src/2-application/use-cases/forum/ReplyTopicUseCase.test.ts" timestamp="2025-12-16T06:40:27.801Z" hostname="Omer-MacBook-Air.local" tests="4" failures="0" errors="0" skipped="0" time="0.003174">
        <testcase classname="src/2-application/use-cases/forum/ReplyTopicUseCase.test.ts" name="ReplyTopicUseCase &gt; execute &gt; should create reply successfully" time="0.0017425">
        </testcase>
        <testcase classname="src/2-application/use-cases/forum/ReplyTopicUseCase.test.ts" name="ReplyTopicUseCase &gt; execute &gt; should fail when topic not found" time="0.000368125">
        </testcase>
        <testcase classname="src/2-application/use-cases/forum/ReplyTopicUseCase.test.ts" name="ReplyTopicUseCase &gt; execute &gt; should fail when topic is locked" time="0.000196792">
        </testcase>
        <testcase classname="src/2-application/use-cases/forum/ReplyTopicUseCase.test.ts" name="ReplyTopicUseCase &gt; execute &gt; should fail when topic is not approved" time="0.000241708">
        </testcase>
    </testsuite>
    <testsuite name="src/2-application/use-cases/forum/UnlikeReplyUseCase.test.ts" timestamp="2025-12-16T06:40:27.801Z" hostname="Omer-MacBook-Air.local" tests="3" failures="0" errors="0" skipped="0" time="0.004094084">
        <testcase classname="src/2-application/use-cases/forum/UnlikeReplyUseCase.test.ts" name="UnlikeReplyUseCase &gt; execute &gt; should unlike reply successfully" time="0.002321542">
        </testcase>
        <testcase classname="src/2-application/use-cases/forum/UnlikeReplyUseCase.test.ts" name="UnlikeReplyUseCase &gt; execute &gt; should handle repository failure" time="0.000497542">
        </testcase>
        <testcase classname="src/2-application/use-cases/forum/UnlikeReplyUseCase.test.ts" name="UnlikeReplyUseCase &gt; execute &gt; should handle errors gracefully" time="0.000391333">
        </testcase>
    </testsuite>
    <testsuite name="src/2-application/use-cases/forum/UnlikeTopicUseCase.test.ts" timestamp="2025-12-16T06:40:27.801Z" hostname="Omer-MacBook-Air.local" tests="4" failures="0" errors="0" skipped="0" time="0.003753917">
        <testcase classname="src/2-application/use-cases/forum/UnlikeTopicUseCase.test.ts" name="UnlikeTopicUseCase &gt; execute &gt; should unlike topic successfully" time="0.001703666">
        </testcase>
        <testcase classname="src/2-application/use-cases/forum/UnlikeTopicUseCase.test.ts" name="UnlikeTopicUseCase &gt; execute &gt; should return error when topic is not found" time="0.000804417">
        </testcase>
        <testcase classname="src/2-application/use-cases/forum/UnlikeTopicUseCase.test.ts" name="UnlikeTopicUseCase &gt; execute &gt; should handle repository errors" time="0.000281458">
        </testcase>
        <testcase classname="src/2-application/use-cases/forum/UnlikeTopicUseCase.test.ts" name="UnlikeTopicUseCase &gt; execute &gt; should handle errors gracefully" time="0.00026075">
        </testcase>
    </testsuite>
    <testsuite name="src/2-application/use-cases/forum/UnlockTopicUseCase.test.ts" timestamp="2025-12-16T06:40:27.802Z" hostname="Omer-MacBook-Air.local" tests="3" failures="0" errors="0" skipped="0" time="0.00275475">
        <testcase classname="src/2-application/use-cases/forum/UnlockTopicUseCase.test.ts" name="UnlockTopicUseCase &gt; execute &gt; should unlock topic successfully" time="0.00150325">
        </testcase>
        <testcase classname="src/2-application/use-cases/forum/UnlockTopicUseCase.test.ts" name="UnlockTopicUseCase &gt; execute &gt; should handle repository failure" time="0.000354958">
        </testcase>
        <testcase classname="src/2-application/use-cases/forum/UnlockTopicUseCase.test.ts" name="UnlockTopicUseCase &gt; execute &gt; should handle errors gracefully" time="0.00028">
        </testcase>
    </testsuite>
    <testsuite name="src/2-application/use-cases/forum/UnpinTopicUseCase.test.ts" timestamp="2025-12-16T06:40:27.802Z" hostname="Omer-MacBook-Air.local" tests="3" failures="0" errors="0" skipped="0" time="0.002822792">
        <testcase classname="src/2-application/use-cases/forum/UnpinTopicUseCase.test.ts" name="UnpinTopicUseCase &gt; execute &gt; should unpin topic successfully" time="0.00157325">
        </testcase>
        <testcase classname="src/2-application/use-cases/forum/UnpinTopicUseCase.test.ts" name="UnpinTopicUseCase &gt; execute &gt; should handle repository failure" time="0.000368625">
        </testcase>
        <testcase classname="src/2-application/use-cases/forum/UnpinTopicUseCase.test.ts" name="UnpinTopicUseCase &gt; execute &gt; should handle errors gracefully" time="0.000272833">
        </testcase>
    </testsuite>
    <testsuite name="src/2-application/use-cases/forum/UpdateReplyUseCase.test.ts" timestamp="2025-12-16T06:40:27.802Z" hostname="Omer-MacBook-Air.local" tests="5" failures="0" errors="0" skipped="0" time="0.004237417">
        <testcase classname="src/2-application/use-cases/forum/UpdateReplyUseCase.test.ts" name="UpdateReplyUseCase &gt; execute &gt; should update reply successfully when user is author" time="0.002185125">
        </testcase>
        <testcase classname="src/2-application/use-cases/forum/UpdateReplyUseCase.test.ts" name="UpdateReplyUseCase &gt; execute &gt; should return error when reply is not found" time="0.000503334">
        </testcase>
        <testcase classname="src/2-application/use-cases/forum/UpdateReplyUseCase.test.ts" name="UpdateReplyUseCase &gt; execute &gt; should return error when user is not author" time="0.000279167">
        </testcase>
        <testcase classname="src/2-application/use-cases/forum/UpdateReplyUseCase.test.ts" name="UpdateReplyUseCase &gt; execute &gt; should handle repository errors" time="0.000205333">
        </testcase>
        <testcase classname="src/2-application/use-cases/forum/UpdateReplyUseCase.test.ts" name="UpdateReplyUseCase &gt; execute &gt; should handle errors gracefully" time="0.000291125">
        </testcase>
    </testsuite>
    <testsuite name="src/2-application/use-cases/forum/UpdateTopicUseCase.test.ts" timestamp="2025-12-16T06:40:27.802Z" hostname="Omer-MacBook-Air.local" tests="8" failures="0" errors="0" skipped="0" time="0.005468791">
        <testcase classname="src/2-application/use-cases/forum/UpdateTopicUseCase.test.ts" name="UpdateTopicUseCase &gt; execute &gt; should update topic successfully when user is author" time="0.001822209">
        </testcase>
        <testcase classname="src/2-application/use-cases/forum/UpdateTopicUseCase.test.ts" name="UpdateTopicUseCase &gt; execute &gt; should regenerate slug when title changes" time="0.001049625">
        </testcase>
        <testcase classname="src/2-application/use-cases/forum/UpdateTopicUseCase.test.ts" name="UpdateTopicUseCase &gt; execute &gt; should return error when topic is not found" time="0.000255375">
        </testcase>
        <testcase classname="src/2-application/use-cases/forum/UpdateTopicUseCase.test.ts" name="UpdateTopicUseCase &gt; execute &gt; should return error when slug already exists" time="0.000406375">
        </testcase>
        <testcase classname="src/2-application/use-cases/forum/UpdateTopicUseCase.test.ts" name="UpdateTopicUseCase &gt; execute &gt; should allow updating same topic with same title" time="0.000233208">
        </testcase>
        <testcase classname="src/2-application/use-cases/forum/UpdateTopicUseCase.test.ts" name="UpdateTopicUseCase &gt; execute &gt; should handle validation errors" time="0.000268042">
        </testcase>
        <testcase classname="src/2-application/use-cases/forum/UpdateTopicUseCase.test.ts" name="UpdateTopicUseCase &gt; execute &gt; should handle repository update errors" time="0.000253625">
        </testcase>
        <testcase classname="src/2-application/use-cases/forum/UpdateTopicUseCase.test.ts" name="UpdateTopicUseCase &gt; execute &gt; should handle unexpected errors" time="0.000347208">
        </testcase>
    </testsuite>
    <testsuite name="src/2-application/use-cases/news/CreateNewsUseCase.test.ts" timestamp="2025-12-16T06:40:27.803Z" hostname="Omer-MacBook-Air.local" tests="11" failures="0" errors="0" skipped="0" time="0.005982792">
        <testcase classname="src/2-application/use-cases/news/CreateNewsUseCase.test.ts" name="CreateNewsUseCase &gt; execute &gt; should create news successfully with valid DTO" time="0.001735917">
        </testcase>
        <testcase classname="src/2-application/use-cases/news/CreateNewsUseCase.test.ts" name="CreateNewsUseCase &gt; execute &gt; should generate slug from title" time="0.000388125">
        </testcase>
        <testcase classname="src/2-application/use-cases/news/CreateNewsUseCase.test.ts" name="CreateNewsUseCase &gt; execute &gt; should handle Turkish characters in slug generation" time="0.00032675">
        </testcase>
        <testcase classname="src/2-application/use-cases/news/CreateNewsUseCase.test.ts" name="CreateNewsUseCase &gt; execute &gt; should return error if slug already exists" time="0.000205709">
        </testcase>
        <testcase classname="src/2-application/use-cases/news/CreateNewsUseCase.test.ts" name="CreateNewsUseCase &gt; execute &gt; should set status to DRAFT by default" time="0.000341542">
        </testcase>
        <testcase classname="src/2-application/use-cases/news/CreateNewsUseCase.test.ts" name="CreateNewsUseCase &gt; execute &gt; should calculate reading time" time="0.000245584">
        </testcase>
        <testcase classname="src/2-application/use-cases/news/CreateNewsUseCase.test.ts" name="CreateNewsUseCase &gt; execute &gt; should add tags if provided" time="0.000546875">
        </testcase>
        <testcase classname="src/2-application/use-cases/news/CreateNewsUseCase.test.ts" name="CreateNewsUseCase &gt; execute &gt; should return error for invalid DTO (empty title)" time="0.0002445">
        </testcase>
        <testcase classname="src/2-application/use-cases/news/CreateNewsUseCase.test.ts" name="CreateNewsUseCase &gt; execute &gt; should return error for invalid DTO (empty content)" time="0.000403625">
        </testcase>
        <testcase classname="src/2-application/use-cases/news/CreateNewsUseCase.test.ts" name="CreateNewsUseCase &gt; execute &gt; should return error if repository create fails" time="0.000284209">
        </testcase>
        <testcase classname="src/2-application/use-cases/news/CreateNewsUseCase.test.ts" name="CreateNewsUseCase &gt; execute &gt; should handle optional fields correctly" time="0.000426291">
        </testcase>
    </testsuite>
    <testsuite name="src/2-application/use-cases/news/PublishNewsUseCase.test.ts" timestamp="2025-12-16T06:40:27.803Z" hostname="Omer-MacBook-Air.local" tests="5" failures="0" errors="0" skipped="0" time="0.003606333">
        <testcase classname="src/2-application/use-cases/news/PublishNewsUseCase.test.ts" name="PublishNewsUseCase &gt; execute &gt; should publish draft news successfully" time="0.001719417">
        </testcase>
        <testcase classname="src/2-application/use-cases/news/PublishNewsUseCase.test.ts" name="PublishNewsUseCase &gt; execute &gt; should return error if news not found" time="0.000435083">
        </testcase>
        <testcase classname="src/2-application/use-cases/news/PublishNewsUseCase.test.ts" name="PublishNewsUseCase &gt; execute &gt; should return error if news already published" time="0.000296875">
        </testcase>
        <testcase classname="src/2-application/use-cases/news/PublishNewsUseCase.test.ts" name="PublishNewsUseCase &gt; execute &gt; should return error if repository publish fails" time="0.000183708">
        </testcase>
        <testcase classname="src/2-application/use-cases/news/PublishNewsUseCase.test.ts" name="PublishNewsUseCase &gt; execute &gt; should publish archived news" time="0.000248375">
        </testcase>
    </testsuite>
    <testsuite name="src/2-application/use-cases/news/RecordNewsReadUseCase.test.ts" timestamp="2025-12-16T06:40:27.804Z" hostname="Omer-MacBook-Air.local" tests="6" failures="0" errors="0" skipped="0" time="0.004024459">
        <testcase classname="src/2-application/use-cases/news/RecordNewsReadUseCase.test.ts" name="RecordNewsReadUseCase &gt; execute &gt; should record read successfully" time="0.001693417">
        </testcase>
        <testcase classname="src/2-application/use-cases/news/RecordNewsReadUseCase.test.ts" name="RecordNewsReadUseCase &gt; execute &gt; should return error if news not found" time="0.000444791">
        </testcase>
        <testcase classname="src/2-application/use-cases/news/RecordNewsReadUseCase.test.ts" name="RecordNewsReadUseCase &gt; execute &gt; should set completed to true if scrollPercentage &gt;= 80" time="0.000194167">
        </testcase>
        <testcase classname="src/2-application/use-cases/news/RecordNewsReadUseCase.test.ts" name="RecordNewsReadUseCase &gt; execute &gt; should set completed to false if scrollPercentage &lt; 80" time="0.000222583">
        </testcase>
        <testcase classname="src/2-application/use-cases/news/RecordNewsReadUseCase.test.ts" name="RecordNewsReadUseCase &gt; execute &gt; should handle missing scrollPercentage" time="0.000337667">
        </testcase>
        <testcase classname="src/2-application/use-cases/news/RecordNewsReadUseCase.test.ts" name="RecordNewsReadUseCase &gt; execute &gt; should return error if repository recordRead fails" time="0.000290041">
        </testcase>
    </testsuite>
    <testsuite name="src/2-application/use-cases/news/UpdateNewsUseCase.test.ts" timestamp="2025-12-16T06:40:27.804Z" hostname="Omer-MacBook-Air.local" tests="8" failures="0" errors="0" skipped="0" time="0.004586583">
        <testcase classname="src/2-application/use-cases/news/UpdateNewsUseCase.test.ts" name="UpdateNewsUseCase &gt; execute &gt; should update news successfully with valid DTO" time="0.001654167">
        </testcase>
        <testcase classname="src/2-application/use-cases/news/UpdateNewsUseCase.test.ts" name="UpdateNewsUseCase &gt; execute &gt; should return error if news not found" time="0.000440042">
        </testcase>
        <testcase classname="src/2-application/use-cases/news/UpdateNewsUseCase.test.ts" name="UpdateNewsUseCase &gt; execute &gt; should recalculate reading time when content changes" time="0.000353834">
        </testcase>
        <testcase classname="src/2-application/use-cases/news/UpdateNewsUseCase.test.ts" name="UpdateNewsUseCase &gt; execute &gt; should not recalculate reading time when content unchanged" time="0.000184125">
        </testcase>
        <testcase classname="src/2-application/use-cases/news/UpdateNewsUseCase.test.ts" name="UpdateNewsUseCase &gt; execute &gt; should update tags correctly (add new tags)" time="0.0004505">
        </testcase>
        <testcase classname="src/2-application/use-cases/news/UpdateNewsUseCase.test.ts" name="UpdateNewsUseCase &gt; execute &gt; should update tags correctly (remove old tags)" time="0.000305833">
        </testcase>
        <testcase classname="src/2-application/use-cases/news/UpdateNewsUseCase.test.ts" name="UpdateNewsUseCase &gt; execute &gt; should return error for invalid DTO (empty title)" time="0.000240584">
        </testcase>
        <testcase classname="src/2-application/use-cases/news/UpdateNewsUseCase.test.ts" name="UpdateNewsUseCase &gt; execute &gt; should return error if repository update fails" time="0.000188542">
        </testcase>
    </testsuite>
    <testsuite name="src/2-application/use-cases/leaderboard/AddLeaderboardScoreUseCase.test.ts" timestamp="2025-12-16T06:40:27.805Z" hostname="Omer-MacBook-Air.local" tests="6" failures="0" errors="0" skipped="0" time="0.004824916">
        <testcase classname="src/2-application/use-cases/leaderboard/AddLeaderboardScoreUseCase.test.ts" name="AddLeaderboardScoreUseCase &gt; execute &gt; should add score successfully when company exists" time="0.001981833">
        </testcase>
        <testcase classname="src/2-application/use-cases/leaderboard/AddLeaderboardScoreUseCase.test.ts" name="AddLeaderboardScoreUseCase &gt; execute &gt; should calculate points automatically when not provided" time="0.000921125">
        </testcase>
        <testcase classname="src/2-application/use-cases/leaderboard/AddLeaderboardScoreUseCase.test.ts" name="AddLeaderboardScoreUseCase &gt; execute &gt; should fail when company not found" time="0.0003305">
        </testcase>
        <testcase classname="src/2-application/use-cases/leaderboard/AddLeaderboardScoreUseCase.test.ts" name="AddLeaderboardScoreUseCase &gt; execute &gt; should fail when company repository fails" time="0.000147208">
        </testcase>
        <testcase classname="src/2-application/use-cases/leaderboard/AddLeaderboardScoreUseCase.test.ts" name="AddLeaderboardScoreUseCase &gt; execute &gt; should fail when leaderboard repository fails" time="0.000405459">
        </testcase>
        <testcase classname="src/2-application/use-cases/leaderboard/AddLeaderboardScoreUseCase.test.ts" name="AddLeaderboardScoreUseCase &gt; execute &gt; should use default multiplier when not provided" time="0.000269541">
        </testcase>
    </testsuite>
    <testsuite name="src/2-application/use-cases/leaderboard/CreateBadgeUseCase.test.ts" timestamp="2025-12-16T06:40:27.805Z" hostname="Omer-MacBook-Air.local" tests="3" failures="0" errors="0" skipped="0" time="0.003477541">
        <testcase classname="src/2-application/use-cases/leaderboard/CreateBadgeUseCase.test.ts" name="CreateBadgeUseCase &gt; execute &gt; should create badge successfully" time="0.002190959">
        </testcase>
        <testcase classname="src/2-application/use-cases/leaderboard/CreateBadgeUseCase.test.ts" name="CreateBadgeUseCase &gt; execute &gt; should create badge with optional fields" time="0.000467042">
        </testcase>
        <testcase classname="src/2-application/use-cases/leaderboard/CreateBadgeUseCase.test.ts" name="CreateBadgeUseCase &gt; execute &gt; should fail when repository fails" time="0.000210083">
        </testcase>
    </testsuite>
    <testsuite name="src/2-application/use-cases/leaderboard/DeleteBadgeUseCase.test.ts" timestamp="2025-12-16T06:40:27.805Z" hostname="Omer-MacBook-Air.local" tests="4" failures="0" errors="0" skipped="0" time="0.002876625">
        <testcase classname="src/2-application/use-cases/leaderboard/DeleteBadgeUseCase.test.ts" name="DeleteBadgeUseCase &gt; execute &gt; should delete badge successfully" time="0.0015175">
        </testcase>
        <testcase classname="src/2-application/use-cases/leaderboard/DeleteBadgeUseCase.test.ts" name="DeleteBadgeUseCase &gt; execute &gt; should fail when repository fails" time="0.0003675">
        </testcase>
        <testcase classname="src/2-application/use-cases/leaderboard/DeleteBadgeUseCase.test.ts" name="DeleteBadgeUseCase &gt; execute &gt; should fail when badge not found" time="0.000189125">
        </testcase>
        <testcase classname="src/2-application/use-cases/leaderboard/DeleteBadgeUseCase.test.ts" name="DeleteBadgeUseCase &gt; execute &gt; should fail when badge is in use" time="0.000125">
        </testcase>
    </testsuite>
    <testsuite name="src/2-application/use-cases/leaderboard/GetBadgesUseCase.test.ts" timestamp="2025-12-16T06:40:27.805Z" hostname="Omer-MacBook-Air.local" tests="4" failures="0" errors="0" skipped="0" time="0.003099625">
        <testcase classname="src/2-application/use-cases/leaderboard/GetBadgesUseCase.test.ts" name="GetBadgesUseCase &gt; execute &gt; should get badges successfully" time="0.0014995">
        </testcase>
        <testcase classname="src/2-application/use-cases/leaderboard/GetBadgesUseCase.test.ts" name="GetBadgesUseCase &gt; execute &gt; should get badges with filter" time="0.000499625">
        </testcase>
        <testcase classname="src/2-application/use-cases/leaderboard/GetBadgesUseCase.test.ts" name="GetBadgesUseCase &gt; execute &gt; should fail when repository fails" time="0.000292125">
        </testcase>
        <testcase classname="src/2-application/use-cases/leaderboard/GetBadgesUseCase.test.ts" name="GetBadgesUseCase &gt; execute &gt; should handle empty badges" time="0.000205041">
        </testcase>
    </testsuite>
    <testsuite name="src/2-application/use-cases/leaderboard/GetCompanyBadgesUseCase.test.ts" timestamp="2025-12-16T06:40:27.806Z" hostname="Omer-MacBook-Air.local" tests="4" failures="0" errors="0" skipped="0" time="0.003131458">
        <testcase classname="src/2-application/use-cases/leaderboard/GetCompanyBadgesUseCase.test.ts" name="GetCompanyBadgesUseCase &gt; execute &gt; should get company badges successfully" time="0.001561042">
        </testcase>
        <testcase classname="src/2-application/use-cases/leaderboard/GetCompanyBadgesUseCase.test.ts" name="GetCompanyBadgesUseCase &gt; execute &gt; should return empty array when company has no badges" time="0.00032225">
        </testcase>
        <testcase classname="src/2-application/use-cases/leaderboard/GetCompanyBadgesUseCase.test.ts" name="GetCompanyBadgesUseCase &gt; execute &gt; should fail when repository fails" time="0.000245417">
        </testcase>
        <testcase classname="src/2-application/use-cases/leaderboard/GetCompanyBadgesUseCase.test.ts" name="GetCompanyBadgesUseCase &gt; execute &gt; should return multiple badges for company" time="0.000326166">
        </testcase>
    </testsuite>
    <testsuite name="src/2-application/use-cases/leaderboard/GetCompanyRankingUseCase.test.ts" timestamp="2025-12-16T06:40:27.806Z" hostname="Omer-MacBook-Air.local" tests="3" failures="0" errors="0" skipped="0" time="0.003134">
        <testcase classname="src/2-application/use-cases/leaderboard/GetCompanyRankingUseCase.test.ts" name="GetCompanyRankingUseCase &gt; execute &gt; should get company ranking successfully" time="0.00175375">
        </testcase>
        <testcase classname="src/2-application/use-cases/leaderboard/GetCompanyRankingUseCase.test.ts" name="GetCompanyRankingUseCase &gt; execute &gt; should return null when company has no ranking" time="0.000381042">
        </testcase>
        <testcase classname="src/2-application/use-cases/leaderboard/GetCompanyRankingUseCase.test.ts" name="GetCompanyRankingUseCase &gt; execute &gt; should fail when repository fails" time="0.000265084">
        </testcase>
    </testsuite>
    <testsuite name="src/2-application/use-cases/leaderboard/GetLeaderboardHistoryUseCase.test.ts" timestamp="2025-12-16T06:40:27.806Z" hostname="Omer-MacBook-Air.local" tests="6" failures="0" errors="0" skipped="0" time="0.00384">
        <testcase classname="src/2-application/use-cases/leaderboard/GetLeaderboardHistoryUseCase.test.ts" name="GetLeaderboardHistoryUseCase &gt; execute &gt; should get leaderboard history successfully" time="0.001400583">
        </testcase>
        <testcase classname="src/2-application/use-cases/leaderboard/GetLeaderboardHistoryUseCase.test.ts" name="GetLeaderboardHistoryUseCase &gt; execute &gt; should get history with company filter" time="0.000454292">
        </testcase>
        <testcase classname="src/2-application/use-cases/leaderboard/GetLeaderboardHistoryUseCase.test.ts" name="GetLeaderboardHistoryUseCase &gt; execute &gt; should get history with date range filter" time="0.000516875">
        </testcase>
        <testcase classname="src/2-application/use-cases/leaderboard/GetLeaderboardHistoryUseCase.test.ts" name="GetLeaderboardHistoryUseCase &gt; execute &gt; should return empty array when no history found" time="0.000152875">
        </testcase>
        <testcase classname="src/2-application/use-cases/leaderboard/GetLeaderboardHistoryUseCase.test.ts" name="GetLeaderboardHistoryUseCase &gt; execute &gt; should fail when repository fails" time="0.000238375">
        </testcase>
        <testcase classname="src/2-application/use-cases/leaderboard/GetLeaderboardHistoryUseCase.test.ts" name="GetLeaderboardHistoryUseCase &gt; execute &gt; should return multiple history entries" time="0.00032725">
        </testcase>
    </testsuite>
    <testsuite name="src/2-application/use-cases/leaderboard/GetLeaderboardUseCase.test.ts" timestamp="2025-12-16T06:40:27.806Z" hostname="Omer-MacBook-Air.local" tests="4" failures="2" errors="0" skipped="0" time="0.0102035">
        <testcase classname="src/2-application/use-cases/leaderboard/GetLeaderboardUseCase.test.ts" name="GetLeaderboardUseCase &gt; execute &gt; should get leaderboard rankings successfully" time="0.002638375">
        </testcase>
        <testcase classname="src/2-application/use-cases/leaderboard/GetLeaderboardUseCase.test.ts" name="GetLeaderboardUseCase &gt; execute &gt; should get leaderboard without filter" time="0.000406459">
        </testcase>
        <testcase classname="src/2-application/use-cases/leaderboard/GetLeaderboardUseCase.test.ts" name="GetLeaderboardUseCase &gt; execute &gt; should fail when repository fails" time="0.003663375">
            <failure message="expected false to be true // Object.is equality" type="AssertionError">
AssertionError: expected false to be true // Object.is equality

- Expected
+ Received

- true
+ false

 ❯ src/2-application/use-cases/leaderboard/GetLeaderboardUseCase.test.ts:87:32
            </failure>
            <failure message="expected false to be true // Object.is equality" type="AssertionError">
AssertionError: expected false to be true // Object.is equality

- Expected
+ Received

- true
+ false

 ❯ src/2-application/use-cases/leaderboard/GetLeaderboardUseCase.test.ts:87:32
            </failure>
            <failure message="expected false to be true // Object.is equality" type="AssertionError">
AssertionError: expected false to be true // Object.is equality

- Expected
+ Received

- true
+ false

 ❯ src/2-application/use-cases/leaderboard/GetLeaderboardUseCase.test.ts:87:32
            </failure>
        </testcase>
        <testcase classname="src/2-application/use-cases/leaderboard/GetLeaderboardUseCase.test.ts" name="GetLeaderboardUseCase &gt; execute &gt; should handle empty rankings" time="0.002789917">
            <failure message="expected [ { companyId: &apos;company-1&apos;, …(12) } ] to deeply equal []" type="AssertionError">
AssertionError: expected [ { companyId: &apos;company-1&apos;, …(12) } ] to deeply equal []

- Expected
+ Received

- []
+ [
+   {
+     &quot;appointmentScore&quot;: 0,
+     &quot;badgeCount&quot;: 5,
+     &quot;companyId&quot;: &quot;company-1&quot;,
+     &quot;companyName&quot;: &quot;Test Company&quot;,
+     &quot;eventScore&quot;: 150,
+     &quot;forumScore&quot;: 100,
+     &quot;lastActivityAt&quot;: 2025-12-16T06:38:01.007Z,
+     &quot;newsScore&quot;: 50,
+     &quot;programId&quot;: &quot;program-1&quot;,
+     &quot;projectScore&quot;: 500,
+     &quot;rank&quot;: 1,
+     &quot;totalScore&quot;: 1000,
+     &quot;trainingScore&quot;: 200,
+   },
+ ]

 ❯ src/2-application/use-cases/leaderboard/GetLeaderboardUseCase.test.ts:102:28
            </failure>
            <failure message="expected [ { companyId: &apos;company-1&apos;, …(12) } ] to deeply equal []" type="AssertionError">
AssertionError: expected [ { companyId: &apos;company-1&apos;, …(12) } ] to deeply equal []

- Expected
+ Received

- []
+ [
+   {
+     &quot;appointmentScore&quot;: 0,
+     &quot;badgeCount&quot;: 5,
+     &quot;companyId&quot;: &quot;company-1&quot;,
+     &quot;companyName&quot;: &quot;Test Company&quot;,
+     &quot;eventScore&quot;: 150,
+     &quot;forumScore&quot;: 100,
+     &quot;lastActivityAt&quot;: 2025-12-16T06:38:01.007Z,
+     &quot;newsScore&quot;: 50,
+     &quot;programId&quot;: &quot;program-1&quot;,
+     &quot;projectScore&quot;: 500,
+     &quot;rank&quot;: 1,
+     &quot;totalScore&quot;: 1000,
+     &quot;trainingScore&quot;: 200,
+   },
+ ]

 ❯ src/2-application/use-cases/leaderboard/GetLeaderboardUseCase.test.ts:102:28
            </failure>
            <failure message="expected [ { companyId: &apos;company-1&apos;, …(12) } ] to deeply equal []" type="AssertionError">
AssertionError: expected [ { companyId: &apos;company-1&apos;, …(12) } ] to deeply equal []

- Expected
+ Received

- []
+ [
+   {
+     &quot;appointmentScore&quot;: 0,
+     &quot;badgeCount&quot;: 5,
+     &quot;companyId&quot;: &quot;company-1&quot;,
+     &quot;companyName&quot;: &quot;Test Company&quot;,
+     &quot;eventScore&quot;: 150,
+     &quot;forumScore&quot;: 100,
+     &quot;lastActivityAt&quot;: 2025-12-16T06:38:01.007Z,
+     &quot;newsScore&quot;: 50,
+     &quot;programId&quot;: &quot;program-1&quot;,
+     &quot;projectScore&quot;: 500,
+     &quot;rank&quot;: 1,
+     &quot;totalScore&quot;: 1000,
+     &quot;trainingScore&quot;: 200,
+   },
+ ]

 ❯ src/2-application/use-cases/leaderboard/GetLeaderboardUseCase.test.ts:102:28
            </failure>
        </testcase>
    </testsuite>
    <testsuite name="src/2-application/use-cases/leaderboard/UpdateBadgeUseCase.test.ts" timestamp="2025-12-16T06:40:27.808Z" hostname="Omer-MacBook-Air.local" tests="4" failures="0" errors="0" skipped="0" time="0.003138042">
        <testcase classname="src/2-application/use-cases/leaderboard/UpdateBadgeUseCase.test.ts" name="UpdateBadgeUseCase &gt; execute &gt; should update badge successfully" time="0.001776625">
        </testcase>
        <testcase classname="src/2-application/use-cases/leaderboard/UpdateBadgeUseCase.test.ts" name="UpdateBadgeUseCase &gt; execute &gt; should update badge with partial data" time="0.000320916">
        </testcase>
        <testcase classname="src/2-application/use-cases/leaderboard/UpdateBadgeUseCase.test.ts" name="UpdateBadgeUseCase &gt; execute &gt; should fail when repository fails" time="0.000249">
        </testcase>
        <testcase classname="src/2-application/use-cases/leaderboard/UpdateBadgeUseCase.test.ts" name="UpdateBadgeUseCase &gt; execute &gt; should fail when badge not found" time="0.000181792">
        </testcase>
    </testsuite>
    <testsuite name="src/2-application/use-cases/notification/CreateNotificationUseCase.test.ts" timestamp="2025-12-16T06:40:27.808Z" hostname="Omer-MacBook-Air.local" tests="4" failures="0" errors="0" skipped="0" time="0.003248">
        <testcase classname="src/2-application/use-cases/notification/CreateNotificationUseCase.test.ts" name="CreateNotificationUseCase &gt; execute &gt; should create notification successfully" time="0.001585209">
        </testcase>
        <testcase classname="src/2-application/use-cases/notification/CreateNotificationUseCase.test.ts" name="CreateNotificationUseCase &gt; execute &gt; should send email if email channel is enabled" time="0.000472459">
        </testcase>
        <testcase classname="src/2-application/use-cases/notification/CreateNotificationUseCase.test.ts" name="CreateNotificationUseCase &gt; execute &gt; should send push notification if push channel is enabled" time="0.000327458">
        </testcase>
        <testcase classname="src/2-application/use-cases/notification/CreateNotificationUseCase.test.ts" name="CreateNotificationUseCase &gt; execute &gt; should handle repository errors" time="0.000221542">
        </testcase>
    </testsuite>
    <testsuite name="src/2-application/use-cases/notification/DeleteNotificationUseCase.test.ts" timestamp="2025-12-16T06:40:27.808Z" hostname="Omer-MacBook-Air.local" tests="6" failures="0" errors="0" skipped="0" time="0.00508225">
        <testcase classname="src/2-application/use-cases/notification/DeleteNotificationUseCase.test.ts" name="DeleteNotificationUseCase &gt; should delete notification successfully" time="0.001477042">
        </testcase>
        <testcase classname="src/2-application/use-cases/notification/DeleteNotificationUseCase.test.ts" name="DeleteNotificationUseCase &gt; should return error when notification not found" time="0.000480584">
        </testcase>
        <testcase classname="src/2-application/use-cases/notification/DeleteNotificationUseCase.test.ts" name="DeleteNotificationUseCase &gt; should return error when repository findById fails" time="0.000197708">
        </testcase>
        <testcase classname="src/2-application/use-cases/notification/DeleteNotificationUseCase.test.ts" name="DeleteNotificationUseCase &gt; should return error when user tries to delete another user notification" time="0.000140084">
        </testcase>
        <testcase classname="src/2-application/use-cases/notification/DeleteNotificationUseCase.test.ts" name="DeleteNotificationUseCase &gt; should handle repository delete errors" time="0.000225">
        </testcase>
        <testcase classname="src/2-application/use-cases/notification/DeleteNotificationUseCase.test.ts" name="DeleteNotificationUseCase &gt; should handle exceptions" time="0.001830958">
            <system-err>
DeleteNotificationUseCase failed {
  error: Error: Unexpected error
      at /Users/omerunsal/Desktop/akademi-port/src/2-application/use-cases/notification/DeleteNotificationUseCase.test.ts:126:58
      at file:///Users/omerunsal/Desktop/akademi-port/node_modules/@vitest/runner/dist/index.js:157:11
      at file:///Users/omerunsal/Desktop/akademi-port/node_modules/@vitest/runner/dist/index.js:753:26
      at file:///Users/omerunsal/Desktop/akademi-port/node_modules/@vitest/runner/dist/index.js:1636:20
      at new Promise (&lt;anonymous&gt;)
      at runWithTimeout (file:///Users/omerunsal/Desktop/akademi-port/node_modules/@vitest/runner/dist/index.js:1602:10)
      at runTest (file:///Users/omerunsal/Desktop/akademi-port/node_modules/@vitest/runner/dist/index.js:1309:12)
      at processTicksAndRejections (node:internal/process/task_queues:105:5)
      at runSuite (file:///Users/omerunsal/Desktop/akademi-port/node_modules/@vitest/runner/dist/index.js:1468:8)
      at runSuite (file:///Users/omerunsal/Desktop/akademi-port/node_modules/@vitest/runner/dist/index.js:1468:8),
  notificationId: &apos;notif-1&apos;,
  userId: &apos;user-1&apos;
}

            </system-err>
        </testcase>
    </testsuite>
    <testsuite name="src/2-application/use-cases/notification/GetNotificationsUseCase.test.ts" timestamp="2025-12-16T06:40:27.809Z" hostname="Omer-MacBook-Air.local" tests="4" failures="0" errors="0" skipped="0" time="0.004359625">
        <testcase classname="src/2-application/use-cases/notification/GetNotificationsUseCase.test.ts" name="GetNotificationsUseCase &gt; should get notifications successfully" time="0.001547375">
        </testcase>
        <testcase classname="src/2-application/use-cases/notification/GetNotificationsUseCase.test.ts" name="GetNotificationsUseCase &gt; should apply filters correctly" time="0.000477167">
        </testcase>
        <testcase classname="src/2-application/use-cases/notification/GetNotificationsUseCase.test.ts" name="GetNotificationsUseCase &gt; should handle repository errors" time="0.000182417">
        </testcase>
        <testcase classname="src/2-application/use-cases/notification/GetNotificationsUseCase.test.ts" name="GetNotificationsUseCase &gt; should handle exceptions" time="0.001588666">
            <system-err>
GetNotificationsUseCase failed {
  error: Error: Unexpected error
      at /Users/omerunsal/Desktop/akademi-port/src/2-application/use-cases/notification/GetNotificationsUseCase.test.ts:140:58
      at file:///Users/omerunsal/Desktop/akademi-port/node_modules/@vitest/runner/dist/index.js:157:11
      at file:///Users/omerunsal/Desktop/akademi-port/node_modules/@vitest/runner/dist/index.js:753:26
      at file:///Users/omerunsal/Desktop/akademi-port/node_modules/@vitest/runner/dist/index.js:1636:20
      at new Promise (&lt;anonymous&gt;)
      at runWithTimeout (file:///Users/omerunsal/Desktop/akademi-port/node_modules/@vitest/runner/dist/index.js:1602:10)
      at runTest (file:///Users/omerunsal/Desktop/akademi-port/node_modules/@vitest/runner/dist/index.js:1309:12)
      at processTicksAndRejections (node:internal/process/task_queues:105:5)
      at runSuite (file:///Users/omerunsal/Desktop/akademi-port/node_modules/@vitest/runner/dist/index.js:1468:8)
      at runSuite (file:///Users/omerunsal/Desktop/akademi-port/node_modules/@vitest/runner/dist/index.js:1468:8),
  filter: {
    userId: &apos;user-1&apos;,
    limit: 10,
    offset: 0,
    orderBy: &apos;created_at&apos;,
    orderDirection: &apos;desc&apos;
  }
}

            </system-err>
        </testcase>
    </testsuite>
    <testsuite name="src/2-application/use-cases/notification/GetUnreadNotificationCountUseCase.test.ts" timestamp="2025-12-16T06:40:27.809Z" hostname="Omer-MacBook-Air.local" tests="4" failures="0" errors="0" skipped="0" time="0.0044175">
        <testcase classname="src/2-application/use-cases/notification/GetUnreadNotificationCountUseCase.test.ts" name="GetUnreadNotificationCountUseCase &gt; should get unread notification count successfully" time="0.001703666">
        </testcase>
        <testcase classname="src/2-application/use-cases/notification/GetUnreadNotificationCountUseCase.test.ts" name="GetUnreadNotificationCountUseCase &gt; should return zero when no unread notifications" time="0.000357458">
        </testcase>
        <testcase classname="src/2-application/use-cases/notification/GetUnreadNotificationCountUseCase.test.ts" name="GetUnreadNotificationCountUseCase &gt; should handle repository errors" time="0.000141208">
        </testcase>
        <testcase classname="src/2-application/use-cases/notification/GetUnreadNotificationCountUseCase.test.ts" name="GetUnreadNotificationCountUseCase &gt; should handle exceptions" time="0.001635958">
            <system-err>
GetUnreadNotificationCountUseCase failed {
  error: Error: Unexpected error
      at /Users/omerunsal/Desktop/akademi-port/src/2-application/use-cases/notification/GetUnreadNotificationCountUseCase.test.ts:74:64
      at file:///Users/omerunsal/Desktop/akademi-port/node_modules/@vitest/runner/dist/index.js:157:11
      at file:///Users/omerunsal/Desktop/akademi-port/node_modules/@vitest/runner/dist/index.js:753:26
      at file:///Users/omerunsal/Desktop/akademi-port/node_modules/@vitest/runner/dist/index.js:1636:20
      at new Promise (&lt;anonymous&gt;)
      at runWithTimeout (file:///Users/omerunsal/Desktop/akademi-port/node_modules/@vitest/runner/dist/index.js:1602:10)
      at runTest (file:///Users/omerunsal/Desktop/akademi-port/node_modules/@vitest/runner/dist/index.js:1309:12)
      at processTicksAndRejections (node:internal/process/task_queues:105:5)
      at runSuite (file:///Users/omerunsal/Desktop/akademi-port/node_modules/@vitest/runner/dist/index.js:1468:8)
      at runSuite (file:///Users/omerunsal/Desktop/akademi-port/node_modules/@vitest/runner/dist/index.js:1468:8),
  userId: &apos;user-1&apos;
}

            </system-err>
        </testcase>
    </testsuite>
    <testsuite name="src/2-application/use-cases/notification/MarkAllNotificationsAsReadUseCase.test.ts" timestamp="2025-12-16T06:40:27.809Z" hostname="Omer-MacBook-Air.local" tests="4" failures="0" errors="0" skipped="0" time="0.004679125">
        <testcase classname="src/2-application/use-cases/notification/MarkAllNotificationsAsReadUseCase.test.ts" name="MarkAllNotificationsAsReadUseCase &gt; should mark all notifications as read successfully" time="0.001473875">
        </testcase>
        <testcase classname="src/2-application/use-cases/notification/MarkAllNotificationsAsReadUseCase.test.ts" name="MarkAllNotificationsAsReadUseCase &gt; should return zero when no notifications to mark" time="0.000341">
        </testcase>
        <testcase classname="src/2-application/use-cases/notification/MarkAllNotificationsAsReadUseCase.test.ts" name="MarkAllNotificationsAsReadUseCase &gt; should handle repository errors" time="0.000175625">
        </testcase>
        <testcase classname="src/2-application/use-cases/notification/MarkAllNotificationsAsReadUseCase.test.ts" name="MarkAllNotificationsAsReadUseCase &gt; should handle exceptions" time="0.002073916">
            <system-err>
MarkAllNotificationsAsReadUseCase failed {
  error: Error: Unexpected error
      at /Users/omerunsal/Desktop/akademi-port/src/2-application/use-cases/notification/MarkAllNotificationsAsReadUseCase.test.ts:72:63
      at file:///Users/omerunsal/Desktop/akademi-port/node_modules/@vitest/runner/dist/index.js:157:11
      at file:///Users/omerunsal/Desktop/akademi-port/node_modules/@vitest/runner/dist/index.js:753:26
      at file:///Users/omerunsal/Desktop/akademi-port/node_modules/@vitest/runner/dist/index.js:1636:20
      at new Promise (&lt;anonymous&gt;)
      at runWithTimeout (file:///Users/omerunsal/Desktop/akademi-port/node_modules/@vitest/runner/dist/index.js:1602:10)
      at runTest (file:///Users/omerunsal/Desktop/akademi-port/node_modules/@vitest/runner/dist/index.js:1309:12)
      at processTicksAndRejections (node:internal/process/task_queues:105:5)
      at runSuite (file:///Users/omerunsal/Desktop/akademi-port/node_modules/@vitest/runner/dist/index.js:1468:8)
      at runSuite (file:///Users/omerunsal/Desktop/akademi-port/node_modules/@vitest/runner/dist/index.js:1468:8),
  userId: &apos;user-1&apos;
}

            </system-err>
        </testcase>
    </testsuite>
    <testsuite name="src/2-application/use-cases/notification/MarkNotificationAsReadUseCase.test.ts" timestamp="2025-12-16T06:40:27.809Z" hostname="Omer-MacBook-Air.local" tests="7" failures="0" errors="0" skipped="0" time="0.005057625">
        <testcase classname="src/2-application/use-cases/notification/MarkNotificationAsReadUseCase.test.ts" name="MarkNotificationAsReadUseCase &gt; should mark notification as read successfully" time="0.001498333">
        </testcase>
        <testcase classname="src/2-application/use-cases/notification/MarkNotificationAsReadUseCase.test.ts" name="MarkNotificationAsReadUseCase &gt; should return notification if already read" time="0.0004475">
        </testcase>
        <testcase classname="src/2-application/use-cases/notification/MarkNotificationAsReadUseCase.test.ts" name="MarkNotificationAsReadUseCase &gt; should return error when notification not found" time="0.000185417">
        </testcase>
        <testcase classname="src/2-application/use-cases/notification/MarkNotificationAsReadUseCase.test.ts" name="MarkNotificationAsReadUseCase &gt; should return error when repository findById fails" time="0.000175917">
        </testcase>
        <testcase classname="src/2-application/use-cases/notification/MarkNotificationAsReadUseCase.test.ts" name="MarkNotificationAsReadUseCase &gt; should return error when user tries to mark another user notification" time="0.000128792">
        </testcase>
        <testcase classname="src/2-application/use-cases/notification/MarkNotificationAsReadUseCase.test.ts" name="MarkNotificationAsReadUseCase &gt; should handle repository markAsRead errors" time="0.000130209">
        </testcase>
        <testcase classname="src/2-application/use-cases/notification/MarkNotificationAsReadUseCase.test.ts" name="MarkNotificationAsReadUseCase &gt; should handle exceptions" time="0.00172875">
            <system-err>
MarkNotificationAsReadUseCase failed {
  error: Error: Unexpected error
      at /Users/omerunsal/Desktop/akademi-port/src/2-application/use-cases/notification/MarkNotificationAsReadUseCase.test.ts:146:58
      at file:///Users/omerunsal/Desktop/akademi-port/node_modules/@vitest/runner/dist/index.js:157:11
      at file:///Users/omerunsal/Desktop/akademi-port/node_modules/@vitest/runner/dist/index.js:753:26
      at file:///Users/omerunsal/Desktop/akademi-port/node_modules/@vitest/runner/dist/index.js:1636:20
      at new Promise (&lt;anonymous&gt;)
      at runWithTimeout (file:///Users/omerunsal/Desktop/akademi-port/node_modules/@vitest/runner/dist/index.js:1602:10)
      at runTest (file:///Users/omerunsal/Desktop/akademi-port/node_modules/@vitest/runner/dist/index.js:1309:12)
      at processTicksAndRejections (node:internal/process/task_queues:105:5)
      at runSuite (file:///Users/omerunsal/Desktop/akademi-port/node_modules/@vitest/runner/dist/index.js:1468:8)
      at runSuite (file:///Users/omerunsal/Desktop/akademi-port/node_modules/@vitest/runner/dist/index.js:1468:8),
  notificationId: &apos;notif-1&apos;,
  userId: &apos;user-1&apos;
}

            </system-err>
        </testcase>
    </testsuite>
    <testsuite name="src/2-application/use-cases/notification/SubscribeToPushNotificationsUseCase.test.ts" timestamp="2025-12-16T06:40:27.810Z" hostname="Omer-MacBook-Air.local" tests="5" failures="0" errors="0" skipped="0" time="0.005081041">
        <testcase classname="src/2-application/use-cases/notification/SubscribeToPushNotificationsUseCase.test.ts" name="SubscribeToPushNotificationsUseCase &gt; should subscribe to push notifications successfully" time="0.00161175">
        </testcase>
        <testcase classname="src/2-application/use-cases/notification/SubscribeToPushNotificationsUseCase.test.ts" name="SubscribeToPushNotificationsUseCase &gt; should replace existing subscription" time="0.000545792">
        </testcase>
        <testcase classname="src/2-application/use-cases/notification/SubscribeToPushNotificationsUseCase.test.ts" name="SubscribeToPushNotificationsUseCase &gt; should fail when subscription data is invalid" time="0.000217292">
        </testcase>
        <testcase classname="src/2-application/use-cases/notification/SubscribeToPushNotificationsUseCase.test.ts" name="SubscribeToPushNotificationsUseCase &gt; should handle repository errors" time="0.000182292">
        </testcase>
        <testcase classname="src/2-application/use-cases/notification/SubscribeToPushNotificationsUseCase.test.ts" name="SubscribeToPushNotificationsUseCase &gt; should handle exceptions" time="0.00180025">
            <system-err>
SubscribeToPushNotificationsUseCase failed {
  error: Error: Unexpected error
      at /Users/omerunsal/Desktop/akademi-port/src/2-application/use-cases/notification/SubscribeToPushNotificationsUseCase.test.ts:124:64
      at file:///Users/omerunsal/Desktop/akademi-port/node_modules/@vitest/runner/dist/index.js:157:11
      at file:///Users/omerunsal/Desktop/akademi-port/node_modules/@vitest/runner/dist/index.js:753:26
      at file:///Users/omerunsal/Desktop/akademi-port/node_modules/@vitest/runner/dist/index.js:1636:20
      at new Promise (&lt;anonymous&gt;)
      at runWithTimeout (file:///Users/omerunsal/Desktop/akademi-port/node_modules/@vitest/runner/dist/index.js:1602:10)
      at runTest (file:///Users/omerunsal/Desktop/akademi-port/node_modules/@vitest/runner/dist/index.js:1309:12)
      at processTicksAndRejections (node:internal/process/task_queues:105:5)
      at runSuite (file:///Users/omerunsal/Desktop/akademi-port/node_modules/@vitest/runner/dist/index.js:1468:8)
      at runSuite (file:///Users/omerunsal/Desktop/akademi-port/node_modules/@vitest/runner/dist/index.js:1468:8),
  userId: &apos;user-1&apos;
}

            </system-err>
        </testcase>
    </testsuite>
    <testsuite name="src/2-application/use-cases/notification/UnsubscribeFromPushNotificationsUseCase.test.ts" timestamp="2025-12-16T06:40:27.810Z" hostname="Omer-MacBook-Air.local" tests="5" failures="0" errors="0" skipped="0" time="0.004697833">
        <testcase classname="src/2-application/use-cases/notification/UnsubscribeFromPushNotificationsUseCase.test.ts" name="UnsubscribeFromPushNotificationsUseCase &gt; should unsubscribe from specific endpoint successfully" time="0.001453167">
        </testcase>
        <testcase classname="src/2-application/use-cases/notification/UnsubscribeFromPushNotificationsUseCase.test.ts" name="UnsubscribeFromPushNotificationsUseCase &gt; should unsubscribe from all endpoints when endpoint not provided" time="0.00049775">
        </testcase>
        <testcase classname="src/2-application/use-cases/notification/UnsubscribeFromPushNotificationsUseCase.test.ts" name="UnsubscribeFromPushNotificationsUseCase &gt; should handle deleteByEndpoint errors" time="0.000126334">
        </testcase>
        <testcase classname="src/2-application/use-cases/notification/UnsubscribeFromPushNotificationsUseCase.test.ts" name="UnsubscribeFromPushNotificationsUseCase &gt; should handle deleteByUserId errors" time="0.000097708">
        </testcase>
        <testcase classname="src/2-application/use-cases/notification/UnsubscribeFromPushNotificationsUseCase.test.ts" name="UnsubscribeFromPushNotificationsUseCase &gt; should handle exceptions" time="0.001629625">
            <system-err>
UnsubscribeFromPushNotificationsUseCase failed {
  error: Error: Unexpected error
      at /Users/omerunsal/Desktop/akademi-port/src/2-application/use-cases/notification/UnsubscribeFromPushNotificationsUseCase.test.ts:86:66
      at file:///Users/omerunsal/Desktop/akademi-port/node_modules/@vitest/runner/dist/index.js:157:11
      at file:///Users/omerunsal/Desktop/akademi-port/node_modules/@vitest/runner/dist/index.js:753:26
      at file:///Users/omerunsal/Desktop/akademi-port/node_modules/@vitest/runner/dist/index.js:1636:20
      at new Promise (&lt;anonymous&gt;)
      at runWithTimeout (file:///Users/omerunsal/Desktop/akademi-port/node_modules/@vitest/runner/dist/index.js:1602:10)
      at runTest (file:///Users/omerunsal/Desktop/akademi-port/node_modules/@vitest/runner/dist/index.js:1309:12)
      at processTicksAndRejections (node:internal/process/task_queues:105:5)
      at runSuite (file:///Users/omerunsal/Desktop/akademi-port/node_modules/@vitest/runner/dist/index.js:1468:8)
      at runSuite (file:///Users/omerunsal/Desktop/akademi-port/node_modules/@vitest/runner/dist/index.js:1468:8),
  userId: &apos;user-1&apos;,
  endpoint: &apos;https://example.com/push&apos;
}

            </system-err>
        </testcase>
    </testsuite>
    <testsuite name="src/2-application/use-cases/notification/UpdateNotificationPreferencesUseCase.test.ts" timestamp="2025-12-16T06:40:27.811Z" hostname="Omer-MacBook-Air.local" tests="8" failures="0" errors="0" skipped="0" time="0.0094705">
        <testcase classname="src/2-application/use-cases/notification/UpdateNotificationPreferencesUseCase.test.ts" name="UpdateNotificationPreferencesUseCase &gt; should update existing preferences successfully" time="0.001580792">
        </testcase>
        <testcase classname="src/2-application/use-cases/notification/UpdateNotificationPreferencesUseCase.test.ts" name="UpdateNotificationPreferencesUseCase &gt; should create default preferences if not exists" time="0.0035545">
        </testcase>
        <testcase classname="src/2-application/use-cases/notification/UpdateNotificationPreferencesUseCase.test.ts" name="UpdateNotificationPreferencesUseCase &gt; should update type preferences" time="0.000419166">
        </testcase>
        <testcase classname="src/2-application/use-cases/notification/UpdateNotificationPreferencesUseCase.test.ts" name="UpdateNotificationPreferencesUseCase &gt; should update quiet hours" time="0.000345583">
        </testcase>
        <testcase classname="src/2-application/use-cases/notification/UpdateNotificationPreferencesUseCase.test.ts" name="UpdateNotificationPreferencesUseCase &gt; should handle repository findByUserId errors" time="0.000236584">
        </testcase>
        <testcase classname="src/2-application/use-cases/notification/UpdateNotificationPreferencesUseCase.test.ts" name="UpdateNotificationPreferencesUseCase &gt; should handle repository create errors when creating default preferences" time="0.000256458">
        </testcase>
        <testcase classname="src/2-application/use-cases/notification/UpdateNotificationPreferencesUseCase.test.ts" name="UpdateNotificationPreferencesUseCase &gt; should handle repository update errors" time="0.000165">
        </testcase>
        <testcase classname="src/2-application/use-cases/notification/UpdateNotificationPreferencesUseCase.test.ts" name="UpdateNotificationPreferencesUseCase &gt; should handle exceptions" time="0.002122625">
            <system-err>
UpdateNotificationPreferencesUseCase failed {
  error: Error: Unexpected error
      at Object.&lt;anonymous&gt; (/Users/omerunsal/Desktop/akademi-port/src/2-application/use-cases/notification/UpdateNotificationPreferencesUseCase.test.ts:218:13)
      at Object.Mock [as findByUserId] (file:///Users/omerunsal/Desktop/akademi-port/node_modules/vitest/node_modules/@vitest/spy/dist/index.js:274:34)
      at UpdateNotificationPreferencesUseCase.execute (/Users/omerunsal/Desktop/akademi-port/src/2-application/use-cases/notification/UpdateNotificationPreferencesUseCase.ts:22:59)
      at /Users/omerunsal/Desktop/akademi-port/src/2-application/use-cases/notification/UpdateNotificationPreferencesUseCase.test.ts:221:34
      at file:///Users/omerunsal/Desktop/akademi-port/node_modules/@vitest/runner/dist/index.js:157:11
      at file:///Users/omerunsal/Desktop/akademi-port/node_modules/@vitest/runner/dist/index.js:753:26
      at file:///Users/omerunsal/Desktop/akademi-port/node_modules/@vitest/runner/dist/index.js:1636:20
      at new Promise (&lt;anonymous&gt;)
      at runWithTimeout (file:///Users/omerunsal/Desktop/akademi-port/node_modules/@vitest/runner/dist/index.js:1602:10)
      at runTest (file:///Users/omerunsal/Desktop/akademi-port/node_modules/@vitest/runner/dist/index.js:1309:12),
  userId: &apos;user-1&apos;,
  dto: { emailEnabled: false }
}

            </system-err>
        </testcase>
    </testsuite>
    <testsuite name="src/2-application/use-cases/project/BulkAssignDatesToCompanySubProjectsUseCase.test.ts" timestamp="2025-12-16T06:40:27.811Z" hostname="Omer-MacBook-Air.local" tests="8" failures="0" errors="0" skipped="0" time="0.00347525">
        <testcase classname="src/2-application/use-cases/project/BulkAssignDatesToCompanySubProjectsUseCase.test.ts" name="BulkAssignDatesToCompanySubProjectsUseCase &gt; should return error when projectId is missing" time="0.000953208">
        </testcase>
        <testcase classname="src/2-application/use-cases/project/BulkAssignDatesToCompanySubProjectsUseCase.test.ts" name="BulkAssignDatesToCompanySubProjectsUseCase &gt; should return error when subProjectId is missing" time="0.000424334">
        </testcase>
        <testcase classname="src/2-application/use-cases/project/BulkAssignDatesToCompanySubProjectsUseCase.test.ts" name="BulkAssignDatesToCompanySubProjectsUseCase &gt; should return error when project not found" time="0.000203333">
        </testcase>
        <testcase classname="src/2-application/use-cases/project/BulkAssignDatesToCompanySubProjectsUseCase.test.ts" name="BulkAssignDatesToCompanySubProjectsUseCase &gt; should return error when sub-project not in project" time="0.000126875">
        </testcase>
        <testcase classname="src/2-application/use-cases/project/BulkAssignDatesToCompanySubProjectsUseCase.test.ts" name="BulkAssignDatesToCompanySubProjectsUseCase &gt; should update dates for existing assignments" time="0.000359333">
        </testcase>
        <testcase classname="src/2-application/use-cases/project/BulkAssignDatesToCompanySubProjectsUseCase.test.ts" name="BulkAssignDatesToCompanySubProjectsUseCase &gt; should return error for company not assigned to sub-project" time="0.000346417">
        </testcase>
        <testcase classname="src/2-application/use-cases/project/BulkAssignDatesToCompanySubProjectsUseCase.test.ts" name="BulkAssignDatesToCompanySubProjectsUseCase &gt; should validate date format" time="0.000180084">
        </testcase>
        <testcase classname="src/2-application/use-cases/project/BulkAssignDatesToCompanySubProjectsUseCase.test.ts" name="BulkAssignDatesToCompanySubProjectsUseCase &gt; should validate start date is before end date" time="0.0001145">
        </testcase>
    </testsuite>
    <testsuite name="src/2-application/use-cases/project/BulkAssignSubProjectsToCompaniesUseCase.test.ts" timestamp="2025-12-16T06:40:27.812Z" hostname="Omer-MacBook-Air.local" tests="6" failures="0" errors="0" skipped="0" time="0.003149292">
        <testcase classname="src/2-application/use-cases/project/BulkAssignSubProjectsToCompaniesUseCase.test.ts" name="BulkAssignSubProjectsToCompaniesUseCase &gt; should return error when projectId is missing" time="0.00083425">
        </testcase>
        <testcase classname="src/2-application/use-cases/project/BulkAssignSubProjectsToCompaniesUseCase.test.ts" name="BulkAssignSubProjectsToCompaniesUseCase &gt; should return error when project not found" time="0.000523792">
        </testcase>
        <testcase classname="src/2-application/use-cases/project/BulkAssignSubProjectsToCompaniesUseCase.test.ts" name="BulkAssignSubProjectsToCompaniesUseCase &gt; should create new assignments" time="0.000301583">
        </testcase>
        <testcase classname="src/2-application/use-cases/project/BulkAssignSubProjectsToCompaniesUseCase.test.ts" name="BulkAssignSubProjectsToCompaniesUseCase &gt; should remove existing assignments when not in desired list" time="0.000380458">
        </testcase>
        <testcase classname="src/2-application/use-cases/project/BulkAssignSubProjectsToCompaniesUseCase.test.ts" name="BulkAssignSubProjectsToCompaniesUseCase &gt; should return error for invalid sub-project IDs" time="0.00020975">
        </testcase>
        <testcase classname="src/2-application/use-cases/project/BulkAssignSubProjectsToCompaniesUseCase.test.ts" name="BulkAssignSubProjectsToCompaniesUseCase &gt; should return error for non-existent company" time="0.000143958">
        </testcase>
    </testsuite>
    <testsuite name="src/2-application/use-cases/project/CreateProjectFromTemplateUseCase.test.ts" timestamp="2025-12-16T06:40:27.812Z" hostname="Omer-MacBook-Air.local" tests="6" failures="0" errors="0" skipped="0" time="0.005141042">
        <testcase classname="src/2-application/use-cases/project/CreateProjectFromTemplateUseCase.test.ts" name="CreateProjectFromTemplateUseCase &gt; execute &gt; should create project from template successfully" time="0.001995375">
        </testcase>
        <testcase classname="src/2-application/use-cases/project/CreateProjectFromTemplateUseCase.test.ts" name="CreateProjectFromTemplateUseCase &gt; execute &gt; should return error when template not found" time="0.000526791">
        </testcase>
        <testcase classname="src/2-application/use-cases/project/CreateProjectFromTemplateUseCase.test.ts" name="CreateProjectFromTemplateUseCase &gt; execute &gt; should return error when project is not a template" time="0.00024675">
        </testcase>
        <testcase classname="src/2-application/use-cases/project/CreateProjectFromTemplateUseCase.test.ts" name="CreateProjectFromTemplateUseCase &gt; execute &gt; should create template duplicate when companyId is not provided" time="0.000911875">
        </testcase>
        <testcase classname="src/2-application/use-cases/project/CreateProjectFromTemplateUseCase.test.ts" name="CreateProjectFromTemplateUseCase &gt; execute &gt; should copy all sub-projects and tasks from template" time="0.000446041">
        </testcase>
        <testcase classname="src/2-application/use-cases/project/CreateProjectFromTemplateUseCase.test.ts" name="CreateProjectFromTemplateUseCase &gt; execute &gt; should handle errors gracefully" time="0.00025325">
        </testcase>
    </testsuite>
    <testsuite name="src/2-application/use-cases/project/CreateProjectUseCase.test.ts" timestamp="2025-12-16T06:40:27.812Z" hostname="Omer-MacBook-Air.local" tests="4" failures="0" errors="0" skipped="0" time="0.002994583">
        <testcase classname="src/2-application/use-cases/project/CreateProjectUseCase.test.ts" name="CreateProjectUseCase &gt; should create a project successfully" time="0.001632209">
        </testcase>
        <testcase classname="src/2-application/use-cases/project/CreateProjectUseCase.test.ts" name="CreateProjectUseCase &gt; should create a project template" time="0.000398959">
        </testcase>
        <testcase classname="src/2-application/use-cases/project/CreateProjectUseCase.test.ts" name="CreateProjectUseCase &gt; should handle repository error" time="0.000269875">
        </testcase>
        <testcase classname="src/2-application/use-cases/project/CreateProjectUseCase.test.ts" name="CreateProjectUseCase &gt; should validate required fields" time="0.000118083">
        </testcase>
    </testsuite>
    <testsuite name="src/2-application/use-cases/project/DeleteProjectUseCase.test.ts" timestamp="2025-12-16T06:40:27.813Z" hostname="Omer-MacBook-Air.local" tests="3" failures="0" errors="0" skipped="0" time="0.003096583">
        <testcase classname="src/2-application/use-cases/project/DeleteProjectUseCase.test.ts" name="DeleteProjectUseCase &gt; should delete a project successfully" time="0.001751083">
        </testcase>
        <testcase classname="src/2-application/use-cases/project/DeleteProjectUseCase.test.ts" name="DeleteProjectUseCase &gt; should fail when project not found" time="0.000514375">
        </testcase>
        <testcase classname="src/2-application/use-cases/project/DeleteProjectUseCase.test.ts" name="DeleteProjectUseCase &gt; should handle repository error" time="0.000207375">
        </testcase>
    </testsuite>
    <testsuite name="src/2-application/use-cases/project/GetAssignmentMatrixUseCase.test.ts" timestamp="2025-12-16T06:40:27.813Z" hostname="Omer-MacBook-Air.local" tests="6" failures="0" errors="0" skipped="0" time="0.011126458">
        <testcase classname="src/2-application/use-cases/project/GetAssignmentMatrixUseCase.test.ts" name="GetAssignmentMatrixUseCase &gt; should return error when projectId is empty" time="0.000885375">
        </testcase>
        <testcase classname="src/2-application/use-cases/project/GetAssignmentMatrixUseCase.test.ts" name="GetAssignmentMatrixUseCase &gt; should return error when project not found" time="0.000523667">
        </testcase>
        <testcase classname="src/2-application/use-cases/project/GetAssignmentMatrixUseCase.test.ts" name="GetAssignmentMatrixUseCase &gt; should return matrix with programId" time="0.001231083">
        </testcase>
        <testcase classname="src/2-application/use-cases/project/GetAssignmentMatrixUseCase.test.ts" name="GetAssignmentMatrixUseCase &gt; should use consultant programs as fallback when programId is missing" time="0.000341667">
        </testcase>
        <testcase classname="src/2-application/use-cases/project/GetAssignmentMatrixUseCase.test.ts" name="GetAssignmentMatrixUseCase &gt; should include companies from existing assignments even if not in program" time="0.000235125">
        </testcase>
        <testcase classname="src/2-application/use-cases/project/GetAssignmentMatrixUseCase.test.ts" name="GetAssignmentMatrixUseCase &gt; should sort companies alphabetically" time="0.007137959">
        </testcase>
    </testsuite>
    <testsuite name="src/2-application/use-cases/project/GetProjectHierarchyUseCase.test.ts" timestamp="2025-12-16T06:40:27.813Z" hostname="Omer-MacBook-Air.local" tests="5" failures="0" errors="0" skipped="0" time="0.012058917">
        <testcase classname="src/2-application/use-cases/project/GetProjectHierarchyUseCase.test.ts" name="GetProjectHierarchyUseCase &gt; should get project hierarchy successfully" time="0.003957708">
            <system-out>
🔍 [GetProjectHierarchyUseCase] Fetching hierarchy for project: project-1

📁 [GetProjectHierarchyUseCase] Found sub-projects: 1

📋 [GetProjectHierarchyUseCase] Found tasks: 1
✅ [GetProjectHierarchyUseCase] Hierarchy built successfully: { subProjects: 1, totalTasks: 1, progress: 0 }

            </system-out>
        </testcase>
        <testcase classname="src/2-application/use-cases/project/GetProjectHierarchyUseCase.test.ts" name="GetProjectHierarchyUseCase &gt; should return error when project not found" time="0.001038292">
            <system-out>
🔍 [GetProjectHierarchyUseCase] Fetching hierarchy for project: non-existent

            </system-out>
        </testcase>
        <testcase classname="src/2-application/use-cases/project/GetProjectHierarchyUseCase.test.ts" name="GetProjectHierarchyUseCase &gt; should handle empty sub-projects" time="0.001235875">
            <system-out>
🔍 [GetProjectHierarchyUseCase] Fetching hierarchy for project: project-1

📁 [GetProjectHierarchyUseCase] Found sub-projects: 0
✅ [GetProjectHierarchyUseCase] Hierarchy built successfully: { subProjects: 0, totalTasks: 0, progress: 0 }

            </system-out>
        </testcase>
        <testcase classname="src/2-application/use-cases/project/GetProjectHierarchyUseCase.test.ts" name="GetProjectHierarchyUseCase &gt; should calculate progress correctly" time="0.001061959">
            <system-out>
🔍 [GetProjectHierarchyUseCase] Fetching hierarchy for project: project-1

📁 [GetProjectHierarchyUseCase] Found sub-projects: 1

📋 [GetProjectHierarchyUseCase] Found tasks: 2
✅ [GetProjectHierarchyUseCase] Hierarchy built successfully: { subProjects: 1, totalTasks: 2, progress: 50 }

            </system-out>
        </testcase>
        <testcase classname="src/2-application/use-cases/project/GetProjectHierarchyUseCase.test.ts" name="GetProjectHierarchyUseCase &gt; should handle exceptions" time="0.003870291">
            <system-out>
🔍 [GetProjectHierarchyUseCase] Fetching hierarchy for project: project-1

            </system-out>
            <system-err>
❌ [GetProjectHierarchyUseCase] Error: Error: Unexpected error
    at /Users/omerunsal/Desktop/akademi-port/src/2-application/use-cases/project/GetProjectHierarchyUseCase.test.ts:251:65
    at file:///Users/omerunsal/Desktop/akademi-port/node_modules/@vitest/runner/dist/index.js:157:11
    at file:///Users/omerunsal/Desktop/akademi-port/node_modules/@vitest/runner/dist/index.js:753:26
    at file:///Users/omerunsal/Desktop/akademi-port/node_modules/@vitest/runner/dist/index.js:1636:20
    at new Promise (&lt;anonymous&gt;)
    at runWithTimeout (file:///Users/omerunsal/Desktop/akademi-port/node_modules/@vitest/runner/dist/index.js:1602:10)
    at runTest (file:///Users/omerunsal/Desktop/akademi-port/node_modules/@vitest/runner/dist/index.js:1309:12)
    at processTicksAndRejections (node:internal/process/task_queues:105:5)
    at runSuite (file:///Users/omerunsal/Desktop/akademi-port/node_modules/@vitest/runner/dist/index.js:1468:8)
    at runSuite (file:///Users/omerunsal/Desktop/akademi-port/node_modules/@vitest/runner/dist/index.js:1468:8)

            </system-err>
        </testcase>
    </testsuite>
    <testsuite name="src/2-application/use-cases/project/GetProjectTemplatesUseCase.test.ts" timestamp="2025-12-16T06:40:27.814Z" hostname="Omer-MacBook-Air.local" tests="3" failures="0" errors="0" skipped="0" time="0.002391042">
        <testcase classname="src/2-application/use-cases/project/GetProjectTemplatesUseCase.test.ts" name="GetProjectTemplatesUseCase &gt; execute &gt; should get templates successfully" time="0.001288792">
        </testcase>
        <testcase classname="src/2-application/use-cases/project/GetProjectTemplatesUseCase.test.ts" name="GetProjectTemplatesUseCase &gt; execute &gt; should return empty array when no templates found" time="0.000293">
        </testcase>
        <testcase classname="src/2-application/use-cases/project/GetProjectTemplatesUseCase.test.ts" name="GetProjectTemplatesUseCase &gt; execute &gt; should handle errors gracefully" time="0.000224667">
        </testcase>
    </testsuite>
    <testsuite name="src/2-application/use-cases/project/GetProjectUseCase.test.ts" timestamp="2025-12-16T06:40:27.814Z" hostname="Omer-MacBook-Air.local" tests="4" failures="0" errors="0" skipped="0" time="0.002975834">
        <testcase classname="src/2-application/use-cases/project/GetProjectUseCase.test.ts" name="GetProjectUseCase &gt; should get project successfully" time="0.001459917">
        </testcase>
        <testcase classname="src/2-application/use-cases/project/GetProjectUseCase.test.ts" name="GetProjectUseCase &gt; should return error when project ID is empty" time="0.000409">
        </testcase>
        <testcase classname="src/2-application/use-cases/project/GetProjectUseCase.test.ts" name="GetProjectUseCase &gt; should return error when project not found" time="0.000247875">
        </testcase>
        <testcase classname="src/2-application/use-cases/project/GetProjectUseCase.test.ts" name="GetProjectUseCase &gt; should handle repository errors" time="0.0002105">
        </testcase>
    </testsuite>
    <testsuite name="src/2-application/use-cases/project/ListDeletedProjectsUseCase.test.ts" timestamp="2025-12-16T06:40:27.814Z" hostname="Omer-MacBook-Air.local" tests="3" failures="0" errors="0" skipped="0" time="0.002602584">
        <testcase classname="src/2-application/use-cases/project/ListDeletedProjectsUseCase.test.ts" name="ListDeletedProjectsUseCase &gt; execute &gt; should list deleted projects successfully" time="0.001405958">
        </testcase>
        <testcase classname="src/2-application/use-cases/project/ListDeletedProjectsUseCase.test.ts" name="ListDeletedProjectsUseCase &gt; execute &gt; should return empty array when no deleted projects found" time="0.000320875">
        </testcase>
        <testcase classname="src/2-application/use-cases/project/ListDeletedProjectsUseCase.test.ts" name="ListDeletedProjectsUseCase &gt; execute &gt; should handle errors gracefully" time="0.000246333">
        </testcase>
    </testsuite>
    <testsuite name="src/2-application/use-cases/project/ListProjectsUseCase.test.ts" timestamp="2025-12-16T06:40:27.814Z" hostname="Omer-MacBook-Air.local" tests="9" failures="0" errors="0" skipped="0" time="0.004923334">
        <testcase classname="src/2-application/use-cases/project/ListProjectsUseCase.test.ts" name="ListProjectsUseCase &gt; execute &gt; should list projects successfully without filters" time="0.001515">
        </testcase>
        <testcase classname="src/2-application/use-cases/project/ListProjectsUseCase.test.ts" name="ListProjectsUseCase &gt; execute &gt; should list projects with filters" time="0.000571083">
        </testcase>
        <testcase classname="src/2-application/use-cases/project/ListProjectsUseCase.test.ts" name="ListProjectsUseCase &gt; execute &gt; should filter projects by companyId" time="0.000596083">
        </testcase>
        <testcase classname="src/2-application/use-cases/project/ListProjectsUseCase.test.ts" name="ListProjectsUseCase &gt; execute &gt; should filter projects by consultantId" time="0.000298042">
        </testcase>
        <testcase classname="src/2-application/use-cases/project/ListProjectsUseCase.test.ts" name="ListProjectsUseCase &gt; execute &gt; should filter projects by status" time="0.000220792">
        </testcase>
        <testcase classname="src/2-application/use-cases/project/ListProjectsUseCase.test.ts" name="ListProjectsUseCase &gt; execute &gt; should filter templates" time="0.000166292">
        </testcase>
        <testcase classname="src/2-application/use-cases/project/ListProjectsUseCase.test.ts" name="ListProjectsUseCase &gt; execute &gt; should handle pagination" time="0.000259084">
        </testcase>
        <testcase classname="src/2-application/use-cases/project/ListProjectsUseCase.test.ts" name="ListProjectsUseCase &gt; execute &gt; should return empty list when no projects found" time="0.000139584">
        </testcase>
        <testcase classname="src/2-application/use-cases/project/ListProjectsUseCase.test.ts" name="ListProjectsUseCase &gt; execute &gt; should handle errors gracefully" time="0.000433542">
        </testcase>
    </testsuite>
    <testsuite name="src/2-application/use-cases/project/RestoreProjectUseCase.test.ts" timestamp="2025-12-16T06:40:27.815Z" hostname="Omer-MacBook-Air.local" tests="3" failures="0" errors="0" skipped="0" time="0.002675958">
        <testcase classname="src/2-application/use-cases/project/RestoreProjectUseCase.test.ts" name="RestoreProjectUseCase &gt; should restore project successfully" time="0.00142225">
        </testcase>
        <testcase classname="src/2-application/use-cases/project/RestoreProjectUseCase.test.ts" name="RestoreProjectUseCase &gt; should handle repository errors" time="0.000493417">
        </testcase>
        <testcase classname="src/2-application/use-cases/project/RestoreProjectUseCase.test.ts" name="RestoreProjectUseCase &gt; should handle exceptions" time="0.000146333">
        </testcase>
    </testsuite>
    <testsuite name="src/2-application/use-cases/project/UpdateProjectUseCase.test.ts" timestamp="2025-12-16T06:40:27.815Z" hostname="Omer-MacBook-Air.local" tests="4" failures="0" errors="0" skipped="0" time="0.003182959">
        <testcase classname="src/2-application/use-cases/project/UpdateProjectUseCase.test.ts" name="UpdateProjectUseCase &gt; should update a project successfully" time="0.001712292">
        </testcase>
        <testcase classname="src/2-application/use-cases/project/UpdateProjectUseCase.test.ts" name="UpdateProjectUseCase &gt; should fail when project not found" time="0.000500875">
        </testcase>
        <testcase classname="src/2-application/use-cases/project/UpdateProjectUseCase.test.ts" name="UpdateProjectUseCase &gt; should validate start date is before end date when updating dates" time="0.00014825">
        </testcase>
        <testcase classname="src/2-application/use-cases/project/UpdateProjectUseCase.test.ts" name="UpdateProjectUseCase &gt; should handle repository error" time="0.000226833">
        </testcase>
    </testsuite>
    <testsuite name="src/2-application/use-cases/program/AssignManagerUseCase.test.ts" timestamp="2025-12-16T06:40:27.815Z" hostname="Omer-MacBook-Air.local" tests="8" failures="0" errors="0" skipped="0" time="0.003965375">
        <testcase classname="src/2-application/use-cases/program/AssignManagerUseCase.test.ts" name="AssignManagerUseCase &gt; should assign manager successfully for MASTER_ADMIN" time="0.001692625">
        </testcase>
        <testcase classname="src/2-application/use-cases/program/AssignManagerUseCase.test.ts" name="AssignManagerUseCase &gt; should return error when user is not MASTER_ADMIN" time="0.000493291">
        </testcase>
        <testcase classname="src/2-application/use-cases/program/AssignManagerUseCase.test.ts" name="AssignManagerUseCase &gt; should return error when program ID is empty" time="0.000148667">
        </testcase>
        <testcase classname="src/2-application/use-cases/program/AssignManagerUseCase.test.ts" name="AssignManagerUseCase &gt; should return error when manager ID is empty" time="0.000170917">
        </testcase>
        <testcase classname="src/2-application/use-cases/program/AssignManagerUseCase.test.ts" name="AssignManagerUseCase &gt; should return error when program not found" time="0.000138208">
        </testcase>
        <testcase classname="src/2-application/use-cases/program/AssignManagerUseCase.test.ts" name="AssignManagerUseCase &gt; should handle repository errors" time="0.00013775">
        </testcase>
        <testcase classname="src/2-application/use-cases/program/AssignManagerUseCase.test.ts" name="AssignManagerUseCase &gt; should handle update errors" time="0.000189875">
        </testcase>
        <testcase classname="src/2-application/use-cases/program/AssignManagerUseCase.test.ts" name="AssignManagerUseCase &gt; should handle exceptions" time="0.000150166">
        </testcase>
    </testsuite>
    <testsuite name="src/2-application/use-cases/program/CreateProgramUseCase.test.ts" timestamp="2025-12-16T06:40:27.816Z" hostname="Omer-MacBook-Air.local" tests="13" failures="0" errors="0" skipped="0" time="0.004418833">
        <testcase classname="src/2-application/use-cases/program/CreateProgramUseCase.test.ts" name="CreateProgramUseCase &gt; should create program successfully" time="0.001397125">
        </testcase>
        <testcase classname="src/2-application/use-cases/program/CreateProgramUseCase.test.ts" name="CreateProgramUseCase &gt; should return error when user is not MASTER_ADMIN" time="0.000430958">
        </testcase>
        <testcase classname="src/2-application/use-cases/program/CreateProgramUseCase.test.ts" name="CreateProgramUseCase &gt; should return error when name is empty" time="0.000212625">
        </testcase>
        <testcase classname="src/2-application/use-cases/program/CreateProgramUseCase.test.ts" name="CreateProgramUseCase &gt; should return error when name is too short" time="0.000127416">
        </testcase>
        <testcase classname="src/2-application/use-cases/program/CreateProgramUseCase.test.ts" name="CreateProgramUseCase &gt; should return error when name is too long" time="0.00012625">
        </testcase>
        <testcase classname="src/2-application/use-cases/program/CreateProgramUseCase.test.ts" name="CreateProgramUseCase &gt; should return error when start date is missing" time="0.000134459">
        </testcase>
        <testcase classname="src/2-application/use-cases/program/CreateProgramUseCase.test.ts" name="CreateProgramUseCase &gt; should return error when end date is missing" time="0.000171375">
        </testcase>
        <testcase classname="src/2-application/use-cases/program/CreateProgramUseCase.test.ts" name="CreateProgramUseCase &gt; should return error when end date is before start date" time="0.0001195">
        </testcase>
        <testcase classname="src/2-application/use-cases/program/CreateProgramUseCase.test.ts" name="CreateProgramUseCase &gt; should auto-generate slug when not provided" time="0.000340584">
        </testcase>
        <testcase classname="src/2-application/use-cases/program/CreateProgramUseCase.test.ts" name="CreateProgramUseCase &gt; should set default status when not provided" time="0.000141458">
        </testcase>
        <testcase classname="src/2-application/use-cases/program/CreateProgramUseCase.test.ts" name="CreateProgramUseCase &gt; should calculate duration when not provided" time="0.00015125">
        </testcase>
        <testcase classname="src/2-application/use-cases/program/CreateProgramUseCase.test.ts" name="CreateProgramUseCase &gt; should handle repository errors" time="0.000111792">
        </testcase>
        <testcase classname="src/2-application/use-cases/program/CreateProgramUseCase.test.ts" name="CreateProgramUseCase &gt; should handle exceptions" time="0.000145459">
        </testcase>
    </testsuite>
    <testsuite name="src/2-application/use-cases/program/DeleteProgramUseCase.test.ts" timestamp="2025-12-16T06:40:27.816Z" hostname="Omer-MacBook-Air.local" tests="7" failures="0" errors="0" skipped="0" time="0.006001708">
        <testcase classname="src/2-application/use-cases/program/DeleteProgramUseCase.test.ts" name="DeleteProgramUseCase &gt; should delete program successfully when no active companies" time="0.003391458">
            <system-err>
Could not check trainings before program deletion: TypeError: Cannot read properties of undefined (reading &apos;findByProgramId&apos;)
    at DeleteProgramUseCase.execute (/Users/omerunsal/Desktop/akademi-port/src/2-application/use-cases/program/DeleteProgramUseCase.ts:73:57)
    at processTicksAndRejections (node:internal/process/task_queues:105:5)
    at /Users/omerunsal/Desktop/akademi-port/src/2-application/use-cases/program/DeleteProgramUseCase.test.ts:125:20
    at file:///Users/omerunsal/Desktop/akademi-port/node_modules/@vitest/runner/dist/index.js:753:20

            </system-err>
        </testcase>
        <testcase classname="src/2-application/use-cases/program/DeleteProgramUseCase.test.ts" name="DeleteProgramUseCase &gt; should return error when user is not MASTER_ADMIN" time="0.000493375">
        </testcase>
        <testcase classname="src/2-application/use-cases/program/DeleteProgramUseCase.test.ts" name="DeleteProgramUseCase &gt; should return error when program not found" time="0.000184666">
        </testcase>
        <testcase classname="src/2-application/use-cases/program/DeleteProgramUseCase.test.ts" name="DeleteProgramUseCase &gt; should return error when program has active companies" time="0.000196334">
        </testcase>
        <testcase classname="src/2-application/use-cases/program/DeleteProgramUseCase.test.ts" name="DeleteProgramUseCase &gt; should return error when company check fails" time="0.000247166">
        </testcase>
        <testcase classname="src/2-application/use-cases/program/DeleteProgramUseCase.test.ts" name="DeleteProgramUseCase &gt; should handle repository errors" time="0.000279583">
        </testcase>
        <testcase classname="src/2-application/use-cases/program/DeleteProgramUseCase.test.ts" name="DeleteProgramUseCase &gt; should handle exceptions" time="0.000466">
        </testcase>
    </testsuite>
    <testsuite name="src/2-application/use-cases/program/GetProgramUseCase.test.ts" timestamp="2025-12-16T06:40:27.817Z" hostname="Omer-MacBook-Air.local" tests="6" failures="0" errors="0" skipped="0" time="0.003213958">
        <testcase classname="src/2-application/use-cases/program/GetProgramUseCase.test.ts" name="GetProgramUseCase &gt; should get program successfully" time="0.001435709">
        </testcase>
        <testcase classname="src/2-application/use-cases/program/GetProgramUseCase.test.ts" name="GetProgramUseCase &gt; should return error when program ID is empty" time="0.000442833">
        </testcase>
        <testcase classname="src/2-application/use-cases/program/GetProgramUseCase.test.ts" name="GetProgramUseCase &gt; should return error when program ID is whitespace" time="0.000189541">
        </testcase>
        <testcase classname="src/2-application/use-cases/program/GetProgramUseCase.test.ts" name="GetProgramUseCase &gt; should return error when program not found" time="0.000141791">
        </testcase>
        <testcase classname="src/2-application/use-cases/program/GetProgramUseCase.test.ts" name="GetProgramUseCase &gt; should return error when repository fails" time="0.000115833">
        </testcase>
        <testcase classname="src/2-application/use-cases/program/GetProgramUseCase.test.ts" name="GetProgramUseCase &gt; should handle exceptions" time="0.000162209">
        </testcase>
    </testsuite>
    <testsuite name="src/2-application/use-cases/program/ListProgramsUseCase.test.ts" timestamp="2025-12-16T06:40:27.817Z" hostname="Omer-MacBook-Air.local" tests="7" failures="0" errors="0" skipped="0" time="0.004512">
        <testcase classname="src/2-application/use-cases/program/ListProgramsUseCase.test.ts" name="ListProgramsUseCase &gt; should list all programs successfully" time="0.001388458">
        </testcase>
        <testcase classname="src/2-application/use-cases/program/ListProgramsUseCase.test.ts" name="ListProgramsUseCase &gt; should filter programs by PROGRAM_MANAGER" time="0.001053625">
        </testcase>
        <testcase classname="src/2-application/use-cases/program/ListProgramsUseCase.test.ts" name="ListProgramsUseCase &gt; should filter programs by status" time="0.000216083">
        </testcase>
        <testcase classname="src/2-application/use-cases/program/ListProgramsUseCase.test.ts" name="ListProgramsUseCase &gt; should filter programs by search term" time="0.000413041">
        </testcase>
        <testcase classname="src/2-application/use-cases/program/ListProgramsUseCase.test.ts" name="ListProgramsUseCase &gt; should paginate results correctly" time="0.0003085">
        </testcase>
        <testcase classname="src/2-application/use-cases/program/ListProgramsUseCase.test.ts" name="ListProgramsUseCase &gt; should handle repository errors" time="0.000152666">
        </testcase>
        <testcase classname="src/2-application/use-cases/program/ListProgramsUseCase.test.ts" name="ListProgramsUseCase &gt; should handle exceptions" time="0.000208917">
        </testcase>
    </testsuite>
    <testsuite name="src/2-application/use-cases/program/UpdateProgramUseCase.test.ts" timestamp="2025-12-16T06:40:27.818Z" hostname="Omer-MacBook-Air.local" tests="11" failures="0" errors="0" skipped="0" time="0.004562708">
        <testcase classname="src/2-application/use-cases/program/UpdateProgramUseCase.test.ts" name="UpdateProgramUseCase &gt; should update program successfully for MASTER_ADMIN" time="0.001501792">
        </testcase>
        <testcase classname="src/2-application/use-cases/program/UpdateProgramUseCase.test.ts" name="UpdateProgramUseCase &gt; should update program successfully for PROGRAM_MANAGER managing the program" time="0.000446917">
        </testcase>
        <testcase classname="src/2-application/use-cases/program/UpdateProgramUseCase.test.ts" name="UpdateProgramUseCase &gt; should return error when PROGRAM_MANAGER tries to update another program" time="0.000221084">
        </testcase>
        <testcase classname="src/2-application/use-cases/program/UpdateProgramUseCase.test.ts" name="UpdateProgramUseCase &gt; should return error when program not found" time="0.000183042">
        </testcase>
        <testcase classname="src/2-application/use-cases/program/UpdateProgramUseCase.test.ts" name="UpdateProgramUseCase &gt; should return error when name is empty" time="0.00013375">
        </testcase>
        <testcase classname="src/2-application/use-cases/program/UpdateProgramUseCase.test.ts" name="UpdateProgramUseCase &gt; should return error when name is too short" time="0.000147083">
        </testcase>
        <testcase classname="src/2-application/use-cases/program/UpdateProgramUseCase.test.ts" name="UpdateProgramUseCase &gt; should return error when end date is before start date" time="0.000374166">
        </testcase>
        <testcase classname="src/2-application/use-cases/program/UpdateProgramUseCase.test.ts" name="UpdateProgramUseCase &gt; should return error when non-MASTER_ADMIN tries to change status" time="0.000143917">
        </testcase>
        <testcase classname="src/2-application/use-cases/program/UpdateProgramUseCase.test.ts" name="UpdateProgramUseCase &gt; should return error when non-MASTER_ADMIN tries to change manager" time="0.000316209">
        </testcase>
        <testcase classname="src/2-application/use-cases/program/UpdateProgramUseCase.test.ts" name="UpdateProgramUseCase &gt; should handle repository errors" time="0.000150834">
        </testcase>
        <testcase classname="src/2-application/use-cases/program/UpdateProgramUseCase.test.ts" name="UpdateProgramUseCase &gt; should handle exceptions" time="0.000147875">
        </testcase>
    </testsuite>
    <testsuite name="src/2-application/use-cases/report/CreateReportTemplateUseCase.test.ts" timestamp="2025-12-16T06:40:27.818Z" hostname="Omer-MacBook-Air.local" tests="5" failures="0" errors="0" skipped="0" time="0.003836375">
        <testcase classname="src/2-application/use-cases/report/CreateReportTemplateUseCase.test.ts" name="CreateReportTemplateUseCase &gt; execute &gt; should create template successfully" time="0.002019167">
        </testcase>
        <testcase classname="src/2-application/use-cases/report/CreateReportTemplateUseCase.test.ts" name="CreateReportTemplateUseCase &gt; execute &gt; should use default values when optional fields not provided" time="0.000456208">
        </testcase>
        <testcase classname="src/2-application/use-cases/report/CreateReportTemplateUseCase.test.ts" name="CreateReportTemplateUseCase &gt; execute &gt; should fail when validation fails" time="0.000230333">
        </testcase>
        <testcase classname="src/2-application/use-cases/report/CreateReportTemplateUseCase.test.ts" name="CreateReportTemplateUseCase &gt; execute &gt; should fail when repository fails" time="0.000167833">
        </testcase>
        <testcase classname="src/2-application/use-cases/report/CreateReportTemplateUseCase.test.ts" name="CreateReportTemplateUseCase &gt; execute &gt; should handle exceptions" time="0.000227125">
        </testcase>
    </testsuite>
    <testsuite name="src/2-application/use-cases/report/GenerateReportUseCase.test.ts" timestamp="2025-12-16T06:40:27.819Z" hostname="Omer-MacBook-Air.local" tests="7" failures="0" errors="0" skipped="0" time="0.005704375">
        <testcase classname="src/2-application/use-cases/report/GenerateReportUseCase.test.ts" name="GenerateReportUseCase &gt; execute &gt; should generate monthly report successfully with AI analysis" time="0.0022685">
        </testcase>
        <testcase classname="src/2-application/use-cases/report/GenerateReportUseCase.test.ts" name="GenerateReportUseCase &gt; execute &gt; should fail when monthly report missing period info" time="0.000537208">
        </testcase>
        <testcase classname="src/2-application/use-cases/report/GenerateReportUseCase.test.ts" name="GenerateReportUseCase &gt; execute &gt; should fail when template not found" time="0.000376958">
        </testcase>
        <testcase classname="src/2-application/use-cases/report/GenerateReportUseCase.test.ts" name="GenerateReportUseCase &gt; execute &gt; should fail when monthly report already exists" time="0.000290333">
        </testcase>
        <testcase classname="src/2-application/use-cases/report/GenerateReportUseCase.test.ts" name="GenerateReportUseCase &gt; execute &gt; should generate report without AI when AI is disabled" time="0.000399">
        </testcase>
        <testcase classname="src/2-application/use-cases/report/GenerateReportUseCase.test.ts" name="GenerateReportUseCase &gt; execute &gt; should handle AI analysis failure gracefully" time="0.000412375">
        </testcase>
        <testcase classname="src/2-application/use-cases/report/GenerateReportUseCase.test.ts" name="GenerateReportUseCase &gt; execute &gt; should use custom template when templateId provided" time="0.000646">
        </testcase>
    </testsuite>
    <testsuite name="src/2-application/use-cases/report/GetReportUseCase.test.ts" timestamp="2025-12-16T06:40:27.819Z" hostname="Omer-MacBook-Air.local" tests="4" failures="0" errors="0" skipped="0" time="0.002960833">
        <testcase classname="src/2-application/use-cases/report/GetReportUseCase.test.ts" name="GetReportUseCase &gt; execute &gt; should get report successfully" time="0.001540375">
        </testcase>
        <testcase classname="src/2-application/use-cases/report/GetReportUseCase.test.ts" name="GetReportUseCase &gt; execute &gt; should fail when report not found" time="0.000389666">
        </testcase>
        <testcase classname="src/2-application/use-cases/report/GetReportUseCase.test.ts" name="GetReportUseCase &gt; execute &gt; should fail when repository fails" time="0.000193416">
        </testcase>
        <testcase classname="src/2-application/use-cases/report/GetReportUseCase.test.ts" name="GetReportUseCase &gt; execute &gt; should handle exceptions" time="0.000149666">
        </testcase>
    </testsuite>
    <testsuite name="src/2-application/use-cases/report/GetReportsUseCase.test.ts" timestamp="2025-12-16T06:40:27.819Z" hostname="Omer-MacBook-Air.local" tests="8" failures="0" errors="0" skipped="0" time="0.005169167">
        <testcase classname="src/2-application/use-cases/report/GetReportsUseCase.test.ts" name="GetReportsUseCase &gt; execute &gt; should get reports successfully" time="0.001547334">
        </testcase>
        <testcase classname="src/2-application/use-cases/report/GetReportsUseCase.test.ts" name="GetReportsUseCase &gt; execute &gt; should filter reports by companyId" time="0.001356208">
        </testcase>
        <testcase classname="src/2-application/use-cases/report/GetReportsUseCase.test.ts" name="GetReportsUseCase &gt; execute &gt; should filter reports by reportType" time="0.000216917">
        </testcase>
        <testcase classname="src/2-application/use-cases/report/GetReportsUseCase.test.ts" name="GetReportsUseCase &gt; execute &gt; should filter reports by status" time="0.000241375">
        </testcase>
        <testcase classname="src/2-application/use-cases/report/GetReportsUseCase.test.ts" name="GetReportsUseCase &gt; execute &gt; should handle pagination" time="0.000430125">
        </testcase>
        <testcase classname="src/2-application/use-cases/report/GetReportsUseCase.test.ts" name="GetReportsUseCase &gt; execute &gt; should use default pagination values" time="0.000257167">
        </testcase>
        <testcase classname="src/2-application/use-cases/report/GetReportsUseCase.test.ts" name="GetReportsUseCase &gt; execute &gt; should fail when repository fails" time="0.000205583">
        </testcase>
        <testcase classname="src/2-application/use-cases/report/GetReportsUseCase.test.ts" name="GetReportsUseCase &gt; execute &gt; should handle count failure gracefully" time="0.00017125">
        </testcase>
    </testsuite>
    <testsuite name="src/2-application/use-cases/report/SendReportEmailUseCase.test.ts" timestamp="2025-12-16T06:40:27.820Z" hostname="Omer-MacBook-Air.local" tests="5" failures="0" errors="0" skipped="0" time="0.014958125">
        <testcase classname="src/2-application/use-cases/report/SendReportEmailUseCase.test.ts" name="SendReportEmailUseCase &gt; execute &gt; should send email successfully" time="0.012843958">
        </testcase>
        <testcase classname="src/2-application/use-cases/report/SendReportEmailUseCase.test.ts" name="SendReportEmailUseCase &gt; execute &gt; should fail when report not found" time="0.000588958">
        </testcase>
        <testcase classname="src/2-application/use-cases/report/SendReportEmailUseCase.test.ts" name="SendReportEmailUseCase &gt; execute &gt; should fail when report not completed" time="0.000250375">
        </testcase>
        <testcase classname="src/2-application/use-cases/report/SendReportEmailUseCase.test.ts" name="SendReportEmailUseCase &gt; execute &gt; should fail when repository findById fails" time="0.000327792">
        </testcase>
        <testcase classname="src/2-application/use-cases/report/SendReportEmailUseCase.test.ts" name="SendReportEmailUseCase &gt; execute &gt; should handle exceptions" time="0.000197916">
        </testcase>
    </testsuite>
    <testsuite name="src/2-application/use-cases/task/ApproveTaskUseCase.test.ts" timestamp="2025-12-16T06:40:27.820Z" hostname="Omer-MacBook-Air.local" tests="7" failures="0" errors="0" skipped="0" time="0.006202333">
        <testcase classname="src/2-application/use-cases/task/ApproveTaskUseCase.test.ts" name="ApproveTaskUseCase &gt; should approve task successfully" time="0.001572041">
        </testcase>
        <testcase classname="src/2-application/use-cases/task/ApproveTaskUseCase.test.ts" name="ApproveTaskUseCase &gt; should approve completed task" time="0.000427875">
        </testcase>
        <testcase classname="src/2-application/use-cases/task/ApproveTaskUseCase.test.ts" name="ApproveTaskUseCase &gt; should return error when task not found" time="0.000270792">
        </testcase>
        <testcase classname="src/2-application/use-cases/task/ApproveTaskUseCase.test.ts" name="ApproveTaskUseCase &gt; should return error when task is not in review or completed" time="0.000171417">
        </testcase>
        <testcase classname="src/2-application/use-cases/task/ApproveTaskUseCase.test.ts" name="ApproveTaskUseCase &gt; should return error when task is already approved" time="0.000378209">
        </testcase>
        <testcase classname="src/2-application/use-cases/task/ApproveTaskUseCase.test.ts" name="ApproveTaskUseCase &gt; should continue even if notification fails" time="0.002255584">
            <system-err>
Failed to send task approved notification {
  error: Error: Notification failed
      at /Users/omerunsal/Desktop/akademi-port/src/2-application/use-cases/task/ApproveTaskUseCase.test.ts:157:7
      at file:///Users/omerunsal/Desktop/akademi-port/node_modules/@vitest/runner/dist/index.js:157:11
      at file:///Users/omerunsal/Desktop/akademi-port/node_modules/@vitest/runner/dist/index.js:753:26
      at file:///Users/omerunsal/Desktop/akademi-port/node_modules/@vitest/runner/dist/index.js:1636:20
      at new Promise (&lt;anonymous&gt;)
      at runWithTimeout (file:///Users/omerunsal/Desktop/akademi-port/node_modules/@vitest/runner/dist/index.js:1602:10)
      at runTest (file:///Users/omerunsal/Desktop/akademi-port/node_modules/@vitest/runner/dist/index.js:1309:12)
      at processTicksAndRejections (node:internal/process/task_queues:105:5)
      at runSuite (file:///Users/omerunsal/Desktop/akademi-port/node_modules/@vitest/runner/dist/index.js:1468:8)
      at runSuite (file:///Users/omerunsal/Desktop/akademi-port/node_modules/@vitest/runner/dist/index.js:1468:8),
  taskId: &apos;task-1&apos;
}

            </system-err>
        </testcase>
        <testcase classname="src/2-application/use-cases/task/ApproveTaskUseCase.test.ts" name="ApproveTaskUseCase &gt; should handle repository errors" time="0.000313208">
        </testcase>
    </testsuite>
    <testsuite name="src/2-application/use-cases/task/AssignTaskUseCase.test.ts" timestamp="2025-12-16T06:40:27.820Z" hostname="Omer-MacBook-Air.local" tests="6" failures="0" errors="0" skipped="0" time="0.006803291">
        <testcase classname="src/2-application/use-cases/task/AssignTaskUseCase.test.ts" name="AssignTaskUseCase &gt; should assign task successfully" time="0.001759667">
        </testcase>
        <testcase classname="src/2-application/use-cases/task/AssignTaskUseCase.test.ts" name="AssignTaskUseCase &gt; should return error when task does not exist" time="0.000555792">
        </testcase>
        <testcase classname="src/2-application/use-cases/task/AssignTaskUseCase.test.ts" name="AssignTaskUseCase &gt; should return error when task not found by ID" time="0.000205083">
        </testcase>
        <testcase classname="src/2-application/use-cases/task/AssignTaskUseCase.test.ts" name="AssignTaskUseCase &gt; should continue even if notification fails" time="0.002857917">
            <system-err>
Failed to send task assigned notification {
  error: Error: Notification failed
      at /Users/omerunsal/Desktop/akademi-port/src/2-application/use-cases/task/AssignTaskUseCase.test.ts:137:7
      at file:///Users/omerunsal/Desktop/akademi-port/node_modules/@vitest/runner/dist/index.js:157:11
      at file:///Users/omerunsal/Desktop/akademi-port/node_modules/@vitest/runner/dist/index.js:753:26
      at file:///Users/omerunsal/Desktop/akademi-port/node_modules/@vitest/runner/dist/index.js:1636:20
      at new Promise (&lt;anonymous&gt;)
      at runWithTimeout (file:///Users/omerunsal/Desktop/akademi-port/node_modules/@vitest/runner/dist/index.js:1602:10)
      at runTest (file:///Users/omerunsal/Desktop/akademi-port/node_modules/@vitest/runner/dist/index.js:1309:12)
      at processTicksAndRejections (node:internal/process/task_queues:105:5)
      at runSuite (file:///Users/omerunsal/Desktop/akademi-port/node_modules/@vitest/runner/dist/index.js:1468:8)
      at runSuite (file:///Users/omerunsal/Desktop/akademi-port/node_modules/@vitest/runner/dist/index.js:1468:8),
  taskId: &apos;task-1&apos;,
  userId: &apos;user-1&apos;
}

            </system-err>
        </testcase>
        <testcase classname="src/2-application/use-cases/task/AssignTaskUseCase.test.ts" name="AssignTaskUseCase &gt; should work without notification service" time="0.000289792">
        </testcase>
        <testcase classname="src/2-application/use-cases/task/AssignTaskUseCase.test.ts" name="AssignTaskUseCase &gt; should handle repository errors" time="0.000346542">
        </testcase>
    </testsuite>
    <testsuite name="src/2-application/use-cases/task/CheckTaskDependenciesCompleteUseCase.test.ts" timestamp="2025-12-16T06:40:27.821Z" hostname="Omer-MacBook-Air.local" tests="6" failures="0" errors="0" skipped="0" time="0.004449084">
        <testcase classname="src/2-application/use-cases/task/CheckTaskDependenciesCompleteUseCase.test.ts" name="CheckTaskDependenciesCompleteUseCase &gt; execute &gt; should return all complete when no dependencies" time="0.001352833">
        </testcase>
        <testcase classname="src/2-application/use-cases/task/CheckTaskDependenciesCompleteUseCase.test.ts" name="CheckTaskDependenciesCompleteUseCase &gt; execute &gt; should return all complete when all blocking dependencies are done" time="0.000406292">
        </testcase>
        <testcase classname="src/2-application/use-cases/task/CheckTaskDependenciesCompleteUseCase.test.ts" name="CheckTaskDependenciesCompleteUseCase &gt; execute &gt; should return incomplete when some blocking dependencies are not done" time="0.001055083">
        </testcase>
        <testcase classname="src/2-application/use-cases/task/CheckTaskDependenciesCompleteUseCase.test.ts" name="CheckTaskDependenciesCompleteUseCase &gt; execute &gt; should ignore related dependencies (only check blocks)" time="0.0003385">
        </testcase>
        <testcase classname="src/2-application/use-cases/task/CheckTaskDependenciesCompleteUseCase.test.ts" name="CheckTaskDependenciesCompleteUseCase &gt; execute &gt; should return error when task not found" time="0.00024875">
        </testcase>
        <testcase classname="src/2-application/use-cases/task/CheckTaskDependenciesCompleteUseCase.test.ts" name="CheckTaskDependenciesCompleteUseCase &gt; execute &gt; should handle errors gracefully" time="0.000245875">
        </testcase>
    </testsuite>
    <testsuite name="src/2-application/use-cases/task/CompleteTaskUseCase.test.ts" timestamp="2025-12-16T06:40:27.821Z" hostname="Omer-MacBook-Air.local" tests="4" failures="0" errors="0" skipped="0" time="0.002916208">
        <testcase classname="src/2-application/use-cases/task/CompleteTaskUseCase.test.ts" name="CompleteTaskUseCase &gt; should complete a task successfully" time="0.001436083">
        </testcase>
        <testcase classname="src/2-application/use-cases/task/CompleteTaskUseCase.test.ts" name="CompleteTaskUseCase &gt; should fail if task not found" time="0.000472042">
        </testcase>
        <testcase classname="src/2-application/use-cases/task/CompleteTaskUseCase.test.ts" name="CompleteTaskUseCase &gt; should fail if task is already completed" time="0.000212625">
        </testcase>
        <testcase classname="src/2-application/use-cases/task/CompleteTaskUseCase.test.ts" name="CompleteTaskUseCase &gt; should fail if task is cancelled" time="0.00019725">
        </testcase>
    </testsuite>
    <testsuite name="src/2-application/use-cases/task/CreateTaskDependencyUseCase.test.ts" timestamp="2025-12-16T06:40:27.821Z" hostname="Omer-MacBook-Air.local" tests="7" failures="0" errors="0" skipped="0" time="0.004546959">
        <testcase classname="src/2-application/use-cases/task/CreateTaskDependencyUseCase.test.ts" name="CreateTaskDependencyUseCase &gt; execute &gt; should create dependency successfully" time="0.002073875">
        </testcase>
        <testcase classname="src/2-application/use-cases/task/CreateTaskDependencyUseCase.test.ts" name="CreateTaskDependencyUseCase &gt; execute &gt; should return error when validation fails (self-dependency)" time="0.000445459">
        </testcase>
        <testcase classname="src/2-application/use-cases/task/CreateTaskDependencyUseCase.test.ts" name="CreateTaskDependencyUseCase &gt; execute &gt; should return error when task not found" time="0.000254291">
        </testcase>
        <testcase classname="src/2-application/use-cases/task/CreateTaskDependencyUseCase.test.ts" name="CreateTaskDependencyUseCase &gt; execute &gt; should return error when depends on task not found" time="0.000185375">
        </testcase>
        <testcase classname="src/2-application/use-cases/task/CreateTaskDependencyUseCase.test.ts" name="CreateTaskDependencyUseCase &gt; execute &gt; should return error when dependency already exists" time="0.000362792">
        </testcase>
        <testcase classname="src/2-application/use-cases/task/CreateTaskDependencyUseCase.test.ts" name="CreateTaskDependencyUseCase &gt; execute &gt; should return error when circular dependency detected" time="0.000209542">
        </testcase>
        <testcase classname="src/2-application/use-cases/task/CreateTaskDependencyUseCase.test.ts" name="CreateTaskDependencyUseCase &gt; execute &gt; should handle errors gracefully" time="0.00025625">
        </testcase>
    </testsuite>
    <testsuite name="src/2-application/use-cases/task/CreateTaskUseCase.test.ts" timestamp="2025-12-16T06:40:27.822Z" hostname="Omer-MacBook-Air.local" tests="4" failures="0" errors="0" skipped="0" time="0.003284083">
        <testcase classname="src/2-application/use-cases/task/CreateTaskUseCase.test.ts" name="CreateTaskUseCase &gt; should create task successfully" time="0.001715583">
        </testcase>
        <testcase classname="src/2-application/use-cases/task/CreateTaskUseCase.test.ts" name="CreateTaskUseCase &gt; should return error when validation fails" time="0.000505375">
        </testcase>
        <testcase classname="src/2-application/use-cases/task/CreateTaskUseCase.test.ts" name="CreateTaskUseCase &gt; should return error when sub-project not found" time="0.000274125">
        </testcase>
        <testcase classname="src/2-application/use-cases/task/CreateTaskUseCase.test.ts" name="CreateTaskUseCase &gt; should handle repository errors" time="0.000197625">
        </testcase>
    </testsuite>
    <testsuite name="src/2-application/use-cases/task/DeleteTaskDependencyUseCase.test.ts" timestamp="2025-12-16T06:40:27.822Z" hostname="Omer-MacBook-Air.local" tests="3" failures="0" errors="0" skipped="0" time="0.002871167">
        <testcase classname="src/2-application/use-cases/task/DeleteTaskDependencyUseCase.test.ts" name="DeleteTaskDependencyUseCase &gt; execute &gt; should delete dependency successfully" time="0.00159775">
        </testcase>
        <testcase classname="src/2-application/use-cases/task/DeleteTaskDependencyUseCase.test.ts" name="DeleteTaskDependencyUseCase &gt; execute &gt; should return error when dependency not found" time="0.000444625">
        </testcase>
        <testcase classname="src/2-application/use-cases/task/DeleteTaskDependencyUseCase.test.ts" name="DeleteTaskDependencyUseCase &gt; execute &gt; should handle errors gracefully" time="0.00015575">
        </testcase>
    </testsuite>
    <testsuite name="src/2-application/use-cases/task/DeleteTaskUseCase.test.ts" timestamp="2025-12-16T06:40:27.822Z" hostname="Omer-MacBook-Air.local" tests="3" failures="0" errors="0" skipped="0" time="0.002881584">
        <testcase classname="src/2-application/use-cases/task/DeleteTaskUseCase.test.ts" name="DeleteTaskUseCase &gt; should delete task successfully" time="0.001506458">
        </testcase>
        <testcase classname="src/2-application/use-cases/task/DeleteTaskUseCase.test.ts" name="DeleteTaskUseCase &gt; should return error when task not found" time="0.000527166">
        </testcase>
        <testcase classname="src/2-application/use-cases/task/DeleteTaskUseCase.test.ts" name="DeleteTaskUseCase &gt; should handle repository errors" time="0.000242708">
        </testcase>
    </testsuite>
    <testsuite name="src/2-application/use-cases/task/GetTaskDependenciesUseCase.test.ts" timestamp="2025-12-16T06:40:27.822Z" hostname="Omer-MacBook-Air.local" tests="4" failures="0" errors="0" skipped="0" time="0.003765875">
        <testcase classname="src/2-application/use-cases/task/GetTaskDependenciesUseCase.test.ts" name="GetTaskDependenciesUseCase &gt; execute &gt; should get dependencies and dependents successfully" time="0.001901875">
        </testcase>
        <testcase classname="src/2-application/use-cases/task/GetTaskDependenciesUseCase.test.ts" name="GetTaskDependenciesUseCase &gt; execute &gt; should return empty arrays when no dependencies" time="0.000553375">
        </testcase>
        <testcase classname="src/2-application/use-cases/task/GetTaskDependenciesUseCase.test.ts" name="GetTaskDependenciesUseCase &gt; execute &gt; should return error when task not found" time="0.000448291">
        </testcase>
        <testcase classname="src/2-application/use-cases/task/GetTaskDependenciesUseCase.test.ts" name="GetTaskDependenciesUseCase &gt; execute &gt; should handle errors gracefully" time="0.000211792">
        </testcase>
    </testsuite>
    <testsuite name="src/2-application/use-cases/task/GetTaskUseCase.test.ts" timestamp="2025-12-16T06:40:27.823Z" hostname="Omer-MacBook-Air.local" tests="3" failures="0" errors="0" skipped="0" time="0.0030425">
        <testcase classname="src/2-application/use-cases/task/GetTaskUseCase.test.ts" name="GetTaskUseCase &gt; should get task successfully" time="0.001540083">
        </testcase>
        <testcase classname="src/2-application/use-cases/task/GetTaskUseCase.test.ts" name="GetTaskUseCase &gt; should return error when task not found" time="0.000565042">
        </testcase>
        <testcase classname="src/2-application/use-cases/task/GetTaskUseCase.test.ts" name="GetTaskUseCase &gt; should handle repository errors" time="0.000247542">
        </testcase>
    </testsuite>
    <testsuite name="src/2-application/use-cases/task/ListTasksUseCase.test.ts" timestamp="2025-12-16T06:40:27.823Z" hostname="Omer-MacBook-Air.local" tests="3" failures="0" errors="0" skipped="0" time="0.002810833">
        <testcase classname="src/2-application/use-cases/task/ListTasksUseCase.test.ts" name="ListTasksUseCase &gt; should list tasks successfully" time="0.001498125">
        </testcase>
        <testcase classname="src/2-application/use-cases/task/ListTasksUseCase.test.ts" name="ListTasksUseCase &gt; should return empty array when no tasks found" time="0.00045575">
        </testcase>
        <testcase classname="src/2-application/use-cases/task/ListTasksUseCase.test.ts" name="ListTasksUseCase &gt; should handle repository errors" time="0.000267959">
        </testcase>
    </testsuite>
    <testsuite name="src/2-application/use-cases/task/RejectTaskUseCase.test.ts" timestamp="2025-12-16T06:40:27.823Z" hostname="Omer-MacBook-Air.local" tests="6" failures="0" errors="0" skipped="0" time="0.005776042">
        <testcase classname="src/2-application/use-cases/task/RejectTaskUseCase.test.ts" name="RejectTaskUseCase &gt; should reject task successfully" time="0.00164775">
        </testcase>
        <testcase classname="src/2-application/use-cases/task/RejectTaskUseCase.test.ts" name="RejectTaskUseCase &gt; should reject task without reason" time="0.000485417">
        </testcase>
        <testcase classname="src/2-application/use-cases/task/RejectTaskUseCase.test.ts" name="RejectTaskUseCase &gt; should return error when task not found" time="0.000281541">
        </testcase>
        <testcase classname="src/2-application/use-cases/task/RejectTaskUseCase.test.ts" name="RejectTaskUseCase &gt; should return error when task is not in review" time="0.00017525">
        </testcase>
        <testcase classname="src/2-application/use-cases/task/RejectTaskUseCase.test.ts" name="RejectTaskUseCase &gt; should continue even if notification fails" time="0.002111292">
            <system-err>
Failed to send task rejected notification {
  error: Error: Notification failed
      at /Users/omerunsal/Desktop/akademi-port/src/2-application/use-cases/task/RejectTaskUseCase.test.ts:137:7
      at file:///Users/omerunsal/Desktop/akademi-port/node_modules/@vitest/runner/dist/index.js:157:11
      at file:///Users/omerunsal/Desktop/akademi-port/node_modules/@vitest/runner/dist/index.js:753:26
      at file:///Users/omerunsal/Desktop/akademi-port/node_modules/@vitest/runner/dist/index.js:1636:20
      at new Promise (&lt;anonymous&gt;)
      at runWithTimeout (file:///Users/omerunsal/Desktop/akademi-port/node_modules/@vitest/runner/dist/index.js:1602:10)
      at runTest (file:///Users/omerunsal/Desktop/akademi-port/node_modules/@vitest/runner/dist/index.js:1309:12)
      at processTicksAndRejections (node:internal/process/task_queues:105:5)
      at runSuite (file:///Users/omerunsal/Desktop/akademi-port/node_modules/@vitest/runner/dist/index.js:1468:8)
      at runSuite (file:///Users/omerunsal/Desktop/akademi-port/node_modules/@vitest/runner/dist/index.js:1468:8),
  taskId: &apos;task-1&apos;
}

            </system-err>
        </testcase>
        <testcase classname="src/2-application/use-cases/task/RejectTaskUseCase.test.ts" name="RejectTaskUseCase &gt; should handle repository errors" time="0.000275041">
        </testcase>
    </testsuite>
    <testsuite name="src/2-application/use-cases/task/UpdateTaskUseCase.test.ts" timestamp="2025-12-16T06:40:27.823Z" hostname="Omer-MacBook-Air.local" tests="6" failures="0" errors="0" skipped="0" time="0.004278709">
        <testcase classname="src/2-application/use-cases/task/UpdateTaskUseCase.test.ts" name="UpdateTaskUseCase &gt; should update task successfully" time="0.001698083">
        </testcase>
        <testcase classname="src/2-application/use-cases/task/UpdateTaskUseCase.test.ts" name="UpdateTaskUseCase &gt; should return error when task not found" time="0.000517708">
        </testcase>
        <testcase classname="src/2-application/use-cases/task/UpdateTaskUseCase.test.ts" name="UpdateTaskUseCase &gt; should check dependencies when changing status to in_progress" time="0.000235917">
        </testcase>
        <testcase classname="src/2-application/use-cases/task/UpdateTaskUseCase.test.ts" name="UpdateTaskUseCase &gt; should fail when blocking dependencies are not completed" time="0.000332917">
        </testcase>
        <testcase classname="src/2-application/use-cases/task/UpdateTaskUseCase.test.ts" name="UpdateTaskUseCase &gt; should allow status change when all blocking dependencies are completed" time="0.00031275">
        </testcase>
        <testcase classname="src/2-application/use-cases/task/UpdateTaskUseCase.test.ts" name="UpdateTaskUseCase &gt; should handle repository errors" time="0.000435666">
        </testcase>
    </testsuite>
    <testsuite name="src/2-application/use-cases/task/ValidateTaskDependencyUseCase.test.ts" timestamp="2025-12-16T06:40:27.824Z" hostname="Omer-MacBook-Air.local" tests="7" failures="0" errors="0" skipped="0" time="0.004060417">
        <testcase classname="src/2-application/use-cases/task/ValidateTaskDependencyUseCase.test.ts" name="ValidateTaskDependencyUseCase &gt; execute &gt; should validate dependency successfully" time="0.001178708">
        </testcase>
        <testcase classname="src/2-application/use-cases/task/ValidateTaskDependencyUseCase.test.ts" name="ValidateTaskDependencyUseCase &gt; execute &gt; should return invalid when task not found" time="0.000446458">
        </testcase>
        <testcase classname="src/2-application/use-cases/task/ValidateTaskDependencyUseCase.test.ts" name="ValidateTaskDependencyUseCase &gt; execute &gt; should return invalid when depends on task not found" time="0.000451958">
        </testcase>
        <testcase classname="src/2-application/use-cases/task/ValidateTaskDependencyUseCase.test.ts" name="ValidateTaskDependencyUseCase &gt; execute &gt; should return invalid for self-dependency" time="0.00031525">
        </testcase>
        <testcase classname="src/2-application/use-cases/task/ValidateTaskDependencyUseCase.test.ts" name="ValidateTaskDependencyUseCase &gt; execute &gt; should return invalid when dependency already exists" time="0.00031675">
        </testcase>
        <testcase classname="src/2-application/use-cases/task/ValidateTaskDependencyUseCase.test.ts" name="ValidateTaskDependencyUseCase &gt; execute &gt; should return invalid when circular dependency detected" time="0.000253">
        </testcase>
        <testcase classname="src/2-application/use-cases/task/ValidateTaskDependencyUseCase.test.ts" name="ValidateTaskDependencyUseCase &gt; execute &gt; should handle errors gracefully" time="0.0003235">
        </testcase>
    </testsuite>
    <testsuite name="src/2-application/use-cases/sub-project/CreateSubProjectUseCase.test.ts" timestamp="2025-12-16T06:40:27.824Z" hostname="Omer-MacBook-Air.local" tests="11" failures="0" errors="0" skipped="0" time="0.005140875">
        <testcase classname="src/2-application/use-cases/sub-project/CreateSubProjectUseCase.test.ts" name="CreateSubProjectUseCase &gt; execute &gt; should create sub-project successfully" time="0.001853667">
        </testcase>
        <testcase classname="src/2-application/use-cases/sub-project/CreateSubProjectUseCase.test.ts" name="CreateSubProjectUseCase &gt; execute &gt; should return error when project ID is empty" time="0.000493125">
        </testcase>
        <testcase classname="src/2-application/use-cases/sub-project/CreateSubProjectUseCase.test.ts" name="CreateSubProjectUseCase &gt; execute &gt; should return error when sub-project name is empty" time="0.000214375">
        </testcase>
        <testcase classname="src/2-application/use-cases/sub-project/CreateSubProjectUseCase.test.ts" name="CreateSubProjectUseCase &gt; execute &gt; should return error when sub-project name is only whitespace" time="0.000132">
        </testcase>
        <testcase classname="src/2-application/use-cases/sub-project/CreateSubProjectUseCase.test.ts" name="CreateSubProjectUseCase &gt; execute &gt; should return error when sub-project name exceeds 255 characters" time="0.000200542">
        </testcase>
        <testcase classname="src/2-application/use-cases/sub-project/CreateSubProjectUseCase.test.ts" name="CreateSubProjectUseCase &gt; execute &gt; should return error when order index is negative" time="0.000158458">
        </testcase>
        <testcase classname="src/2-application/use-cases/sub-project/CreateSubProjectUseCase.test.ts" name="CreateSubProjectUseCase &gt; execute &gt; should return error when project does not exist" time="0.000189542">
        </testcase>
        <testcase classname="src/2-application/use-cases/sub-project/CreateSubProjectUseCase.test.ts" name="CreateSubProjectUseCase &gt; execute &gt; should create sub-project with minimal required fields" time="0.000121792">
        </testcase>
        <testcase classname="src/2-application/use-cases/sub-project/CreateSubProjectUseCase.test.ts" name="CreateSubProjectUseCase &gt; execute &gt; should create sub-project with all fields" time="0.000380167">
        </testcase>
        <testcase classname="src/2-application/use-cases/sub-project/CreateSubProjectUseCase.test.ts" name="CreateSubProjectUseCase &gt; execute &gt; should handle repository errors" time="0.000314125">
        </testcase>
        <testcase classname="src/2-application/use-cases/sub-project/CreateSubProjectUseCase.test.ts" name="CreateSubProjectUseCase &gt; execute &gt; should handle multiple validation errors" time="0.000140709">
        </testcase>
    </testsuite>
    <testsuite name="src/2-application/use-cases/sub-project/DeleteSubProjectUseCase.test.ts" timestamp="2025-12-16T06:40:27.825Z" hostname="Omer-MacBook-Air.local" tests="4" failures="0" errors="0" skipped="0" time="0.003053792">
        <testcase classname="src/2-application/use-cases/sub-project/DeleteSubProjectUseCase.test.ts" name="DeleteSubProjectUseCase &gt; execute &gt; should delete sub-project successfully" time="0.00155">
        </testcase>
        <testcase classname="src/2-application/use-cases/sub-project/DeleteSubProjectUseCase.test.ts" name="DeleteSubProjectUseCase &gt; execute &gt; should return error when sub-project is not found" time="0.000442458">
        </testcase>
        <testcase classname="src/2-application/use-cases/sub-project/DeleteSubProjectUseCase.test.ts" name="DeleteSubProjectUseCase &gt; execute &gt; should handle repository errors during exists check" time="0.000296166">
        </testcase>
        <testcase classname="src/2-application/use-cases/sub-project/DeleteSubProjectUseCase.test.ts" name="DeleteSubProjectUseCase &gt; execute &gt; should handle repository errors during delete" time="0.000136417">
        </testcase>
    </testsuite>
    <testsuite name="src/2-application/use-cases/sub-project/GetSubProjectUseCase.test.ts" timestamp="2025-12-16T06:40:27.825Z" hostname="Omer-MacBook-Air.local" tests="5" failures="0" errors="0" skipped="0" time="0.003536375">
        <testcase classname="src/2-application/use-cases/sub-project/GetSubProjectUseCase.test.ts" name="GetSubProjectUseCase &gt; execute &gt; should get sub-project successfully" time="0.00156">
        </testcase>
        <testcase classname="src/2-application/use-cases/sub-project/GetSubProjectUseCase.test.ts" name="GetSubProjectUseCase &gt; execute &gt; should return error when sub-project is not found" time="0.000530167">
        </testcase>
        <testcase classname="src/2-application/use-cases/sub-project/GetSubProjectUseCase.test.ts" name="GetSubProjectUseCase &gt; execute &gt; should handle repository errors" time="0.0002475">
        </testcase>
        <testcase classname="src/2-application/use-cases/sub-project/GetSubProjectUseCase.test.ts" name="GetSubProjectUseCase &gt; execute &gt; should get sub-project with different statuses" time="0.000211125">
        </testcase>
        <testcase classname="src/2-application/use-cases/sub-project/GetSubProjectUseCase.test.ts" name="GetSubProjectUseCase &gt; execute &gt; should get sub-project with progress" time="0.000256708">
        </testcase>
    </testsuite>
    <testsuite name="src/2-application/use-cases/sub-project/ListSubProjectsUseCase.test.ts" timestamp="2025-12-16T06:40:27.825Z" hostname="Omer-MacBook-Air.local" tests="6" failures="0" errors="0" skipped="0" time="0.003761416">
        <testcase classname="src/2-application/use-cases/sub-project/ListSubProjectsUseCase.test.ts" name="ListSubProjectsUseCase &gt; execute &gt; should list sub-projects successfully" time="0.001491291">
        </testcase>
        <testcase classname="src/2-application/use-cases/sub-project/ListSubProjectsUseCase.test.ts" name="ListSubProjectsUseCase &gt; execute &gt; should return empty array when no sub-projects found" time="0.000410708">
        </testcase>
        <testcase classname="src/2-application/use-cases/sub-project/ListSubProjectsUseCase.test.ts" name="ListSubProjectsUseCase &gt; execute &gt; should list sub-projects with different statuses" time="0.000357417">
        </testcase>
        <testcase classname="src/2-application/use-cases/sub-project/ListSubProjectsUseCase.test.ts" name="ListSubProjectsUseCase &gt; execute &gt; should list sub-projects ordered by orderIndex" time="0.000151375">
        </testcase>
        <testcase classname="src/2-application/use-cases/sub-project/ListSubProjectsUseCase.test.ts" name="ListSubProjectsUseCase &gt; execute &gt; should handle repository errors" time="0.000327708">
        </testcase>
        <testcase classname="src/2-application/use-cases/sub-project/ListSubProjectsUseCase.test.ts" name="ListSubProjectsUseCase &gt; execute &gt; should list sub-projects with progress" time="0.000238334">
        </testcase>
    </testsuite>
    <testsuite name="src/2-application/use-cases/sub-project/UpdateSubProjectUseCase.test.ts" timestamp="2025-12-16T06:40:27.826Z" hostname="Omer-MacBook-Air.local" tests="8" failures="0" errors="0" skipped="0" time="0.004343167">
        <testcase classname="src/2-application/use-cases/sub-project/UpdateSubProjectUseCase.test.ts" name="UpdateSubProjectUseCase &gt; execute &gt; should update sub-project successfully" time="0.001740292">
        </testcase>
        <testcase classname="src/2-application/use-cases/sub-project/UpdateSubProjectUseCase.test.ts" name="UpdateSubProjectUseCase &gt; execute &gt; should return error when sub-project is not found" time="0.00046525">
        </testcase>
        <testcase classname="src/2-application/use-cases/sub-project/UpdateSubProjectUseCase.test.ts" name="UpdateSubProjectUseCase &gt; execute &gt; should update sub-project with partial data" time="0.000343959">
        </testcase>
        <testcase classname="src/2-application/use-cases/sub-project/UpdateSubProjectUseCase.test.ts" name="UpdateSubProjectUseCase &gt; execute &gt; should update sub-project status" time="0.000145333">
        </testcase>
        <testcase classname="src/2-application/use-cases/sub-project/UpdateSubProjectUseCase.test.ts" name="UpdateSubProjectUseCase &gt; execute &gt; should update sub-project progress" time="0.000294208">
        </testcase>
        <testcase classname="src/2-application/use-cases/sub-project/UpdateSubProjectUseCase.test.ts" name="UpdateSubProjectUseCase &gt; execute &gt; should update sub-project order index" time="0.000199542">
        </testcase>
        <testcase classname="src/2-application/use-cases/sub-project/UpdateSubProjectUseCase.test.ts" name="UpdateSubProjectUseCase &gt; execute &gt; should handle repository errors during exists check" time="0.000239708">
        </testcase>
        <testcase classname="src/2-application/use-cases/sub-project/UpdateSubProjectUseCase.test.ts" name="UpdateSubProjectUseCase &gt; execute &gt; should handle repository errors during update" time="0.000134625">
        </testcase>
    </testsuite>
    <testsuite name="src/2-application/use-cases/task-comment/CreateTaskCommentUseCase.test.ts" timestamp="2025-12-16T06:40:27.826Z" hostname="Omer-MacBook-Air.local" tests="4" failures="0" errors="0" skipped="0" time="0.003273542">
        <testcase classname="src/2-application/use-cases/task-comment/CreateTaskCommentUseCase.test.ts" name="CreateTaskCommentUseCase &gt; should create task comment successfully" time="0.001726875">
        </testcase>
        <testcase classname="src/2-application/use-cases/task-comment/CreateTaskCommentUseCase.test.ts" name="CreateTaskCommentUseCase &gt; should fail when task does not exist" time="0.000525958">
        </testcase>
        <testcase classname="src/2-application/use-cases/task-comment/CreateTaskCommentUseCase.test.ts" name="CreateTaskCommentUseCase &gt; should fail when validation fails" time="0.000225">
        </testcase>
        <testcase classname="src/2-application/use-cases/task-comment/CreateTaskCommentUseCase.test.ts" name="CreateTaskCommentUseCase &gt; should handle repository errors" time="0.00018675">
        </testcase>
    </testsuite>
    <testsuite name="src/2-application/use-cases/task-comment/DeleteTaskCommentUseCase.test.ts" timestamp="2025-12-16T06:40:27.826Z" hostname="Omer-MacBook-Air.local" tests="4" failures="0" errors="0" skipped="0" time="0.00306775">
        <testcase classname="src/2-application/use-cases/task-comment/DeleteTaskCommentUseCase.test.ts" name="DeleteTaskCommentUseCase &gt; should delete task comment successfully" time="0.001383166">
        </testcase>
        <testcase classname="src/2-application/use-cases/task-comment/DeleteTaskCommentUseCase.test.ts" name="DeleteTaskCommentUseCase &gt; should fail when comment does not exist" time="0.000667917">
        </testcase>
        <testcase classname="src/2-application/use-cases/task-comment/DeleteTaskCommentUseCase.test.ts" name="DeleteTaskCommentUseCase &gt; should handle repository errors" time="0.000234">
        </testcase>
        <testcase classname="src/2-application/use-cases/task-comment/DeleteTaskCommentUseCase.test.ts" name="DeleteTaskCommentUseCase &gt; should handle exists check errors" time="0.000173084">
        </testcase>
    </testsuite>
    <testsuite name="src/2-application/use-cases/task-comment/ListTaskCommentsUseCase.test.ts" timestamp="2025-12-16T06:40:27.827Z" hostname="Omer-MacBook-Air.local" tests="3" failures="0" errors="0" skipped="0" time="0.002687125">
        <testcase classname="src/2-application/use-cases/task-comment/ListTaskCommentsUseCase.test.ts" name="ListTaskCommentsUseCase &gt; should list task comments successfully" time="0.001363959">
        </testcase>
        <testcase classname="src/2-application/use-cases/task-comment/ListTaskCommentsUseCase.test.ts" name="ListTaskCommentsUseCase &gt; should return empty array when no comments" time="0.000505416">
        </testcase>
        <testcase classname="src/2-application/use-cases/task-comment/ListTaskCommentsUseCase.test.ts" name="ListTaskCommentsUseCase &gt; should handle repository errors" time="0.000192125">
        </testcase>
    </testsuite>
    <testsuite name="src/2-application/use-cases/training/CreateTrainingUseCase.test.ts" timestamp="2025-12-16T06:40:27.827Z" hostname="Omer-MacBook-Air.local" tests="11" failures="0" errors="0" skipped="0" time="0.005412375">
        <testcase classname="src/2-application/use-cases/training/CreateTrainingUseCase.test.ts" name="CreateTrainingUseCase &gt; execute &gt; should create training successfully with program ID" time="0.001680041">
        </testcase>
        <testcase classname="src/2-application/use-cases/training/CreateTrainingUseCase.test.ts" name="CreateTrainingUseCase &gt; execute &gt; should create global training successfully without program ID" time="0.000421083">
        </testcase>
        <testcase classname="src/2-application/use-cases/training/CreateTrainingUseCase.test.ts" name="CreateTrainingUseCase &gt; execute &gt; should use userId as consultantId when consultantId is not provided" time="0.000286458">
        </testcase>
        <testcase classname="src/2-application/use-cases/training/CreateTrainingUseCase.test.ts" name="CreateTrainingUseCase &gt; execute &gt; should return error when training name is empty" time="0.000348416">
        </testcase>
        <testcase classname="src/2-application/use-cases/training/CreateTrainingUseCase.test.ts" name="CreateTrainingUseCase &gt; execute &gt; should return error when training name is only whitespace" time="0.0001445">
        </testcase>
        <testcase classname="src/2-application/use-cases/training/CreateTrainingUseCase.test.ts" name="CreateTrainingUseCase &gt; execute &gt; should return error when training name exceeds 255 characters" time="0.00058575">
        </testcase>
        <testcase classname="src/2-application/use-cases/training/CreateTrainingUseCase.test.ts" name="CreateTrainingUseCase &gt; execute &gt; should return error when global training has program ID" time="0.000197917">
        </testcase>
        <testcase classname="src/2-application/use-cases/training/CreateTrainingUseCase.test.ts" name="CreateTrainingUseCase &gt; execute &gt; should return error when program-based training does not have program ID" time="0.000152083">
        </testcase>
        <testcase classname="src/2-application/use-cases/training/CreateTrainingUseCase.test.ts" name="CreateTrainingUseCase &gt; execute &gt; should handle repository errors" time="0.000368666">
        </testcase>
        <testcase classname="src/2-application/use-cases/training/CreateTrainingUseCase.test.ts" name="CreateTrainingUseCase &gt; execute &gt; should create training with optional fields" time="0.000161583">
        </testcase>
        <testcase classname="src/2-application/use-cases/training/CreateTrainingUseCase.test.ts" name="CreateTrainingUseCase &gt; execute &gt; should create training with all fields provided" time="0.000175417">
        </testcase>
    </testsuite>
    <testsuite name="src/2-application/use-cases/training/DeleteTrainingUseCase.test.ts" timestamp="2025-12-16T06:40:27.827Z" hostname="Omer-MacBook-Air.local" tests="6" failures="0" errors="0" skipped="0" time="0.003678667">
        <testcase classname="src/2-application/use-cases/training/DeleteTrainingUseCase.test.ts" name="DeleteTrainingUseCase &gt; execute &gt; should delete training successfully" time="0.001540417">
        </testcase>
        <testcase classname="src/2-application/use-cases/training/DeleteTrainingUseCase.test.ts" name="DeleteTrainingUseCase &gt; execute &gt; should return error when training is not found" time="0.000477125">
        </testcase>
        <testcase classname="src/2-application/use-cases/training/DeleteTrainingUseCase.test.ts" name="DeleteTrainingUseCase &gt; execute &gt; should handle repository errors during findById" time="0.000252917">
        </testcase>
        <testcase classname="src/2-application/use-cases/training/DeleteTrainingUseCase.test.ts" name="DeleteTrainingUseCase &gt; execute &gt; should handle repository errors during delete" time="0.00014525">
        </testcase>
        <testcase classname="src/2-application/use-cases/training/DeleteTrainingUseCase.test.ts" name="DeleteTrainingUseCase &gt; execute &gt; should delete global training successfully" time="0.000180583">
        </testcase>
        <testcase classname="src/2-application/use-cases/training/DeleteTrainingUseCase.test.ts" name="DeleteTrainingUseCase &gt; execute &gt; should delete program-based training successfully" time="0.000272667">
        </testcase>
    </testsuite>
    <testsuite name="src/2-application/use-cases/training/GetTrainingUseCase.test.ts" timestamp="2025-12-16T06:40:27.828Z" hostname="Omer-MacBook-Air.local" tests="5" failures="0" errors="0" skipped="0" time="0.0032785">
        <testcase classname="src/2-application/use-cases/training/GetTrainingUseCase.test.ts" name="GetTrainingUseCase &gt; execute &gt; should get training successfully" time="0.001527">
        </testcase>
        <testcase classname="src/2-application/use-cases/training/GetTrainingUseCase.test.ts" name="GetTrainingUseCase &gt; execute &gt; should return error when training is not found" time="0.000519334">
        </testcase>
        <testcase classname="src/2-application/use-cases/training/GetTrainingUseCase.test.ts" name="GetTrainingUseCase &gt; execute &gt; should handle repository errors" time="0.000234791">
        </testcase>
        <testcase classname="src/2-application/use-cases/training/GetTrainingUseCase.test.ts" name="GetTrainingUseCase &gt; execute &gt; should get global training successfully" time="0.000123125">
        </testcase>
        <testcase classname="src/2-application/use-cases/training/GetTrainingUseCase.test.ts" name="GetTrainingUseCase &gt; execute &gt; should get program-based training successfully" time="0.000113542">
        </testcase>
    </testsuite>
    <testsuite name="src/2-application/use-cases/training/ListTrainingsUseCase.test.ts" timestamp="2025-12-16T06:40:27.828Z" hostname="Omer-MacBook-Air.local" tests="12" failures="0" errors="0" skipped="0" time="0.005016041">
        <testcase classname="src/2-application/use-cases/training/ListTrainingsUseCase.test.ts" name="ListTrainingsUseCase &gt; execute &gt; should list trainings successfully without filters" time="0.001482917">
        </testcase>
        <testcase classname="src/2-application/use-cases/training/ListTrainingsUseCase.test.ts" name="ListTrainingsUseCase &gt; execute &gt; should list trainings with filters" time="0.000566792">
        </testcase>
        <testcase classname="src/2-application/use-cases/training/ListTrainingsUseCase.test.ts" name="ListTrainingsUseCase &gt; execute &gt; should list global trainings" time="0.000372666">
        </testcase>
        <testcase classname="src/2-application/use-cases/training/ListTrainingsUseCase.test.ts" name="ListTrainingsUseCase &gt; execute &gt; should list program-based trainings" time="0.000215875">
        </testcase>
        <testcase classname="src/2-application/use-cases/training/ListTrainingsUseCase.test.ts" name="ListTrainingsUseCase &gt; execute &gt; should list trainings with search filter" time="0.000199459">
        </testcase>
        <testcase classname="src/2-application/use-cases/training/ListTrainingsUseCase.test.ts" name="ListTrainingsUseCase &gt; execute &gt; should list trainings with pagination" time="0.000227083">
        </testcase>
        <testcase classname="src/2-application/use-cases/training/ListTrainingsUseCase.test.ts" name="ListTrainingsUseCase &gt; execute &gt; should return empty list when no trainings found" time="0.000137166">
        </testcase>
        <testcase classname="src/2-application/use-cases/training/ListTrainingsUseCase.test.ts" name="ListTrainingsUseCase &gt; execute &gt; should use admin client when useAdminClient is true" time="0.0001205">
        </testcase>
        <testcase classname="src/2-application/use-cases/training/ListTrainingsUseCase.test.ts" name="ListTrainingsUseCase &gt; execute &gt; should handle repository errors" time="0.000514459">
        </testcase>
        <testcase classname="src/2-application/use-cases/training/ListTrainingsUseCase.test.ts" name="ListTrainingsUseCase &gt; execute &gt; should filter by consultant ID" time="0.000201083">
        </testcase>
        <testcase classname="src/2-application/use-cases/training/ListTrainingsUseCase.test.ts" name="ListTrainingsUseCase &gt; execute &gt; should filter by status" time="0.000108">
        </testcase>
        <testcase classname="src/2-application/use-cases/training/ListTrainingsUseCase.test.ts" name="ListTrainingsUseCase &gt; execute &gt; should filter by priority" time="0.000088958">
        </testcase>
    </testsuite>
    <testsuite name="src/2-application/use-cases/training/UpdateTrainingUseCase.test.ts" timestamp="2025-12-16T06:40:27.829Z" hostname="Omer-MacBook-Air.local" tests="10" failures="0" errors="0" skipped="0" time="0.00508125">
        <testcase classname="src/2-application/use-cases/training/UpdateTrainingUseCase.test.ts" name="UpdateTrainingUseCase &gt; execute &gt; should update training successfully" time="0.001756125">
        </testcase>
        <testcase classname="src/2-application/use-cases/training/UpdateTrainingUseCase.test.ts" name="UpdateTrainingUseCase &gt; execute &gt; should return error when training is not found" time="0.00048625">
        </testcase>
        <testcase classname="src/2-application/use-cases/training/UpdateTrainingUseCase.test.ts" name="UpdateTrainingUseCase &gt; execute &gt; should return error when training name is empty" time="0.000229417">
        </testcase>
        <testcase classname="src/2-application/use-cases/training/UpdateTrainingUseCase.test.ts" name="UpdateTrainingUseCase &gt; execute &gt; should return error when training name is only whitespace" time="0.000143125">
        </testcase>
        <testcase classname="src/2-application/use-cases/training/UpdateTrainingUseCase.test.ts" name="UpdateTrainingUseCase &gt; execute &gt; should return error when training name exceeds 255 characters" time="0.000196">
        </testcase>
        <testcase classname="src/2-application/use-cases/training/UpdateTrainingUseCase.test.ts" name="UpdateTrainingUseCase &gt; execute &gt; should return error when global training gets program ID" time="0.000161459">
        </testcase>
        <testcase classname="src/2-application/use-cases/training/UpdateTrainingUseCase.test.ts" name="UpdateTrainingUseCase &gt; execute &gt; should return error when program-based training loses program ID" time="0.000178167">
        </testcase>
        <testcase classname="src/2-application/use-cases/training/UpdateTrainingUseCase.test.ts" name="UpdateTrainingUseCase &gt; execute &gt; should update training with partial data" time="0.000372083">
        </testcase>
        <testcase classname="src/2-application/use-cases/training/UpdateTrainingUseCase.test.ts" name="UpdateTrainingUseCase &gt; execute &gt; should update training status and priority" time="0.000380084">
        </testcase>
        <testcase classname="src/2-application/use-cases/training/UpdateTrainingUseCase.test.ts" name="UpdateTrainingUseCase &gt; execute &gt; should handle repository errors" time="0.000182625">
        </testcase>
    </testsuite>
    <testsuite name="src/2-application/use-cases/user/AssignRoleUseCase.test.ts" timestamp="2025-12-16T06:40:27.829Z" hostname="Omer-MacBook-Air.local" tests="7" failures="0" errors="0" skipped="0" time="0.004972292">
        <testcase classname="src/2-application/use-cases/user/AssignRoleUseCase.test.ts" name="AssignRoleUseCase &gt; should assign role successfully" time="0.002292666">
        </testcase>
        <testcase classname="src/2-application/use-cases/user/AssignRoleUseCase.test.ts" name="AssignRoleUseCase &gt; should return error when user not found" time="0.00055875">
        </testcase>
        <testcase classname="src/2-application/use-cases/user/AssignRoleUseCase.test.ts" name="AssignRoleUseCase &gt; should return error when role assignment is not allowed" time="0.00031075">
        </testcase>
        <testcase classname="src/2-application/use-cases/user/AssignRoleUseCase.test.ts" name="AssignRoleUseCase &gt; should return error when trying to assign role to self" time="0.000286917">
        </testcase>
        <testcase classname="src/2-application/use-cases/user/AssignRoleUseCase.test.ts" name="AssignRoleUseCase &gt; should allow MASTER_ADMIN to assign role to self" time="0.00039675">
        </testcase>
        <testcase classname="src/2-application/use-cases/user/AssignRoleUseCase.test.ts" name="AssignRoleUseCase &gt; should handle repository errors" time="0.000165333">
        </testcase>
        <testcase classname="src/2-application/use-cases/user/AssignRoleUseCase.test.ts" name="AssignRoleUseCase &gt; should handle exceptions" time="0.000230416">
        </testcase>
    </testsuite>
    <testsuite name="src/2-application/use-cases/user/ChangePasswordUseCase.test.ts" timestamp="2025-12-16T06:40:27.830Z" hostname="Omer-MacBook-Air.local" tests="9" failures="0" errors="0" skipped="0" time="0.004705125">
        <testcase classname="src/2-application/use-cases/user/ChangePasswordUseCase.test.ts" name="ChangePasswordUseCase &gt; should validate password change successfully" time="0.001593792">
        </testcase>
        <testcase classname="src/2-application/use-cases/user/ChangePasswordUseCase.test.ts" name="ChangePasswordUseCase &gt; should return error when old password is missing" time="0.000487708">
        </testcase>
        <testcase classname="src/2-application/use-cases/user/ChangePasswordUseCase.test.ts" name="ChangePasswordUseCase &gt; should return error when new password is missing" time="0.00017025">
        </testcase>
        <testcase classname="src/2-application/use-cases/user/ChangePasswordUseCase.test.ts" name="ChangePasswordUseCase &gt; should return error when passwords do not match" time="0.0001995">
        </testcase>
        <testcase classname="src/2-application/use-cases/user/ChangePasswordUseCase.test.ts" name="ChangePasswordUseCase &gt; should return error when new password is same as old password" time="0.000150375">
        </testcase>
        <testcase classname="src/2-application/use-cases/user/ChangePasswordUseCase.test.ts" name="ChangePasswordUseCase &gt; should return error when password strength is invalid" time="0.0002705">
        </testcase>
        <testcase classname="src/2-application/use-cases/user/ChangePasswordUseCase.test.ts" name="ChangePasswordUseCase &gt; should return error when user not found" time="0.000284">
        </testcase>
        <testcase classname="src/2-application/use-cases/user/ChangePasswordUseCase.test.ts" name="ChangePasswordUseCase &gt; should handle repository errors" time="0.000259125">
        </testcase>
        <testcase classname="src/2-application/use-cases/user/ChangePasswordUseCase.test.ts" name="ChangePasswordUseCase &gt; should handle exceptions" time="0.000547875">
        </testcase>
    </testsuite>
    <testsuite name="src/2-application/use-cases/user/CreateUserUseCase.test.ts" timestamp="2025-12-16T06:40:27.830Z" hostname="Omer-MacBook-Air.local" tests="14" failures="0" errors="0" skipped="0" time="0.005901">
        <testcase classname="src/2-application/use-cases/user/CreateUserUseCase.test.ts" name="CreateUserUseCase &gt; should create user successfully for MASTER_ADMIN" time="0.001822417">
        </testcase>
        <testcase classname="src/2-application/use-cases/user/CreateUserUseCase.test.ts" name="CreateUserUseCase &gt; should return error when user is not authorized" time="0.00051475">
        </testcase>
        <testcase classname="src/2-application/use-cases/user/CreateUserUseCase.test.ts" name="CreateUserUseCase &gt; should return error when PROGRAM_MANAGER tries to create MASTER_ADMIN" time="0.000175084">
        </testcase>
        <testcase classname="src/2-application/use-cases/user/CreateUserUseCase.test.ts" name="CreateUserUseCase &gt; should return error when CONSULTANT tries to create non-company user" time="0.000223167">
        </testcase>
        <testcase classname="src/2-application/use-cases/user/CreateUserUseCase.test.ts" name="CreateUserUseCase &gt; should return error when email is empty" time="0.000158916">
        </testcase>
        <testcase classname="src/2-application/use-cases/user/CreateUserUseCase.test.ts" name="CreateUserUseCase &gt; should return error when firstName is empty" time="0.000181375">
        </testcase>
        <testcase classname="src/2-application/use-cases/user/CreateUserUseCase.test.ts" name="CreateUserUseCase &gt; should return error when lastName is empty" time="0.000213625">
        </testcase>
        <testcase classname="src/2-application/use-cases/user/CreateUserUseCase.test.ts" name="CreateUserUseCase &gt; should return error when firstName is too short" time="0.000153209">
        </testcase>
        <testcase classname="src/2-application/use-cases/user/CreateUserUseCase.test.ts" name="CreateUserUseCase &gt; should return error when email format is invalid" time="0.00035075">
        </testcase>
        <testcase classname="src/2-application/use-cases/user/CreateUserUseCase.test.ts" name="CreateUserUseCase &gt; should return error when email already exists" time="0.00020225">
        </testcase>
        <testcase classname="src/2-application/use-cases/user/CreateUserUseCase.test.ts" name="CreateUserUseCase &gt; should return error when password is too short" time="0.000224291">
        </testcase>
        <testcase classname="src/2-application/use-cases/user/CreateUserUseCase.test.ts" name="CreateUserUseCase &gt; should return error when company is missing for COMPANY_USER" time="0.000262875">
        </testcase>
        <testcase classname="src/2-application/use-cases/user/CreateUserUseCase.test.ts" name="CreateUserUseCase &gt; should handle repository errors" time="0.000174167">
        </testcase>
        <testcase classname="src/2-application/use-cases/user/CreateUserUseCase.test.ts" name="CreateUserUseCase &gt; should handle exceptions" time="0.000199083">
        </testcase>
    </testsuite>
    <testsuite name="src/2-application/use-cases/user/DeleteUserUseCase.test.ts" timestamp="2025-12-16T06:40:27.831Z" hostname="Omer-MacBook-Air.local" tests="6" failures="0" errors="0" skipped="0" time="0.003875416">
        <testcase classname="src/2-application/use-cases/user/DeleteUserUseCase.test.ts" name="DeleteUserUseCase &gt; should delete user successfully for MASTER_ADMIN" time="0.001848917">
        </testcase>
        <testcase classname="src/2-application/use-cases/user/DeleteUserUseCase.test.ts" name="DeleteUserUseCase &gt; should return error when user is not MASTER_ADMIN" time="0.000477917">
        </testcase>
        <testcase classname="src/2-application/use-cases/user/DeleteUserUseCase.test.ts" name="DeleteUserUseCase &gt; should return error when user not found" time="0.000243625">
        </testcase>
        <testcase classname="src/2-application/use-cases/user/DeleteUserUseCase.test.ts" name="DeleteUserUseCase &gt; should return error when trying to delete self" time="0.000205167">
        </testcase>
        <testcase classname="src/2-application/use-cases/user/DeleteUserUseCase.test.ts" name="DeleteUserUseCase &gt; should handle repository errors" time="0.000202791">
        </testcase>
        <testcase classname="src/2-application/use-cases/user/DeleteUserUseCase.test.ts" name="DeleteUserUseCase &gt; should handle exceptions" time="0.000192625">
        </testcase>
    </testsuite>
    <testsuite name="src/2-application/use-cases/user/GetUserUseCase.test.ts" timestamp="2025-12-16T06:40:27.832Z" hostname="Omer-MacBook-Air.local" tests="8" failures="0" errors="0" skipped="0" time="0.004660958">
        <testcase classname="src/2-application/use-cases/user/GetUserUseCase.test.ts" name="GetUserUseCase &gt; should get user successfully for MASTER_ADMIN" time="0.00202775">
        </testcase>
        <testcase classname="src/2-application/use-cases/user/GetUserUseCase.test.ts" name="GetUserUseCase &gt; should get user successfully for self" time="0.000493667">
        </testcase>
        <testcase classname="src/2-application/use-cases/user/GetUserUseCase.test.ts" name="GetUserUseCase &gt; should get user successfully for COMPANY_ADMIN viewing same company user" time="0.000201125">
        </testcase>
        <testcase classname="src/2-application/use-cases/user/GetUserUseCase.test.ts" name="GetUserUseCase &gt; should return error when user not found" time="0.000259416">
        </testcase>
        <testcase classname="src/2-application/use-cases/user/GetUserUseCase.test.ts" name="GetUserUseCase &gt; should return error when unauthorized user tries to view" time="0.000219209">
        </testcase>
        <testcase classname="src/2-application/use-cases/user/GetUserUseCase.test.ts" name="GetUserUseCase &gt; should return error when COMPANY_ADMIN tries to view different company user" time="0.000181459">
        </testcase>
        <testcase classname="src/2-application/use-cases/user/GetUserUseCase.test.ts" name="GetUserUseCase &gt; should handle repository errors" time="0.000294583">
        </testcase>
        <testcase classname="src/2-application/use-cases/user/GetUserUseCase.test.ts" name="GetUserUseCase &gt; should handle exceptions" time="0.000206959">
        </testcase>
    </testsuite>
    <testsuite name="src/2-application/use-cases/user/ListUsersUseCase.test.ts" timestamp="2025-12-16T06:40:27.833Z" hostname="Omer-MacBook-Air.local" tests="6" failures="0" errors="0" skipped="0" time="0.003873791">
        <testcase classname="src/2-application/use-cases/user/ListUsersUseCase.test.ts" name="ListUsersUseCase &gt; should list users successfully for MASTER_ADMIN" time="0.001435125">
        </testcase>
        <testcase classname="src/2-application/use-cases/user/ListUsersUseCase.test.ts" name="ListUsersUseCase &gt; should list users successfully for PROGRAM_MANAGER" time="0.000404167">
        </testcase>
        <testcase classname="src/2-application/use-cases/user/ListUsersUseCase.test.ts" name="ListUsersUseCase &gt; should return error when user is not authorized" time="0.000247333">
        </testcase>
        <testcase classname="src/2-application/use-cases/user/ListUsersUseCase.test.ts" name="ListUsersUseCase &gt; should apply filters correctly" time="0.000630333">
        </testcase>
        <testcase classname="src/2-application/use-cases/user/ListUsersUseCase.test.ts" name="ListUsersUseCase &gt; should handle repository errors" time="0.000229458">
        </testcase>
        <testcase classname="src/2-application/use-cases/user/ListUsersUseCase.test.ts" name="ListUsersUseCase &gt; should handle exceptions" time="0.0002035">
        </testcase>
    </testsuite>
    <testsuite name="src/2-application/use-cases/user/UpdateUserUseCase.test.ts" timestamp="2025-12-16T06:40:27.833Z" hostname="Omer-MacBook-Air.local" tests="12" failures="0" errors="0" skipped="0" time="0.005706292">
        <testcase classname="src/2-application/use-cases/user/UpdateUserUseCase.test.ts" name="UpdateUserUseCase &gt; should update user successfully for MASTER_ADMIN" time="0.001941917">
        </testcase>
        <testcase classname="src/2-application/use-cases/user/UpdateUserUseCase.test.ts" name="UpdateUserUseCase &gt; should update user successfully for self" time="0.000491">
        </testcase>
        <testcase classname="src/2-application/use-cases/user/UpdateUserUseCase.test.ts" name="UpdateUserUseCase &gt; should return error when user not found" time="0.000272792">
        </testcase>
        <testcase classname="src/2-application/use-cases/user/UpdateUserUseCase.test.ts" name="UpdateUserUseCase &gt; should return error when unauthorized user tries to update" time="0.000255625">
        </testcase>
        <testcase classname="src/2-application/use-cases/user/UpdateUserUseCase.test.ts" name="UpdateUserUseCase &gt; should return error when self tries to change role" time="0.000184417">
        </testcase>
        <testcase classname="src/2-application/use-cases/user/UpdateUserUseCase.test.ts" name="UpdateUserUseCase &gt; should return error when PROGRAM_MANAGER tries to update MASTER_ADMIN" time="0.000186875">
        </testcase>
        <testcase classname="src/2-application/use-cases/user/UpdateUserUseCase.test.ts" name="UpdateUserUseCase &gt; should return error when PROGRAM_MANAGER tries to assign MASTER_ADMIN role" time="0.000415959">
        </testcase>
        <testcase classname="src/2-application/use-cases/user/UpdateUserUseCase.test.ts" name="UpdateUserUseCase &gt; should return error when fullName is too short" time="0.000172333">
        </testcase>
        <testcase classname="src/2-application/use-cases/user/UpdateUserUseCase.test.ts" name="UpdateUserUseCase &gt; should return error when bio is too long" time="0.000410375">
        </testcase>
        <testcase classname="src/2-application/use-cases/user/UpdateUserUseCase.test.ts" name="UpdateUserUseCase &gt; should return error when expertiseAreas exceeds limit" time="0.000246">
        </testcase>
        <testcase classname="src/2-application/use-cases/user/UpdateUserUseCase.test.ts" name="UpdateUserUseCase &gt; should handle repository errors" time="0.00015075">
        </testcase>
        <testcase classname="src/2-application/use-cases/user/UpdateUserUseCase.test.ts" name="UpdateUserUseCase &gt; should handle exceptions" time="0.000197209">
        </testcase>
    </testsuite>
    <testsuite name="src/4-infrastructure/database/repositories/AppointmentRepository.test.ts" timestamp="2025-12-16T06:40:27.834Z" hostname="Omer-MacBook-Air.local" tests="3" failures="0" errors="0" skipped="0" time="0.002459208">
        <testcase classname="src/4-infrastructure/database/repositories/AppointmentRepository.test.ts" name="AppointmentRepository &gt; findById &gt; should return appointment when found" time="0.001232833">
        </testcase>
        <testcase classname="src/4-infrastructure/database/repositories/AppointmentRepository.test.ts" name="AppointmentRepository &gt; findById &gt; should return null when appointment not found" time="0.00038625">
        </testcase>
        <testcase classname="src/4-infrastructure/database/repositories/AppointmentRepository.test.ts" name="AppointmentRepository &gt; create &gt; should create appointment successfully" time="0.000255667">
        </testcase>
    </testsuite>
    <testsuite name="src/4-infrastructure/database/repositories/CompanyRepository.test.ts" timestamp="2025-12-16T06:40:27.834Z" hostname="Omer-MacBook-Air.local" tests="7" failures="0" errors="0" skipped="0" time="0.003401708">
        <testcase classname="src/4-infrastructure/database/repositories/CompanyRepository.test.ts" name="CompanyRepository &gt; findById &gt; should return company when found" time="0.001274375">
        </testcase>
        <testcase classname="src/4-infrastructure/database/repositories/CompanyRepository.test.ts" name="CompanyRepository &gt; findById &gt; should return null when company not found" time="0.000398708">
        </testcase>
        <testcase classname="src/4-infrastructure/database/repositories/CompanyRepository.test.ts" name="CompanyRepository &gt; findById &gt; should return error on database error" time="0.000219583">
        </testcase>
        <testcase classname="src/4-infrastructure/database/repositories/CompanyRepository.test.ts" name="CompanyRepository &gt; findAll &gt; should return all companies" time="0.000244375">
        </testcase>
        <testcase classname="src/4-infrastructure/database/repositories/CompanyRepository.test.ts" name="CompanyRepository &gt; findAll &gt; should return error on database error" time="0.00012025">
        </testcase>
        <testcase classname="src/4-infrastructure/database/repositories/CompanyRepository.test.ts" name="CompanyRepository &gt; create &gt; should create company successfully" time="0.000188041">
        </testcase>
        <testcase classname="src/4-infrastructure/database/repositories/CompanyRepository.test.ts" name="CompanyRepository &gt; create &gt; should return error on creation failure" time="0.000157208">
        </testcase>
    </testsuite>
    <testsuite name="src/4-infrastructure/database/repositories/EventRepository.test.ts" timestamp="2025-12-16T06:40:27.835Z" hostname="Omer-MacBook-Air.local" tests="3" failures="0" errors="0" skipped="0" time="0.002546208">
        <testcase classname="src/4-infrastructure/database/repositories/EventRepository.test.ts" name="EventRepository &gt; findById &gt; should return event when found" time="0.0012585">
        </testcase>
        <testcase classname="src/4-infrastructure/database/repositories/EventRepository.test.ts" name="EventRepository &gt; findById &gt; should return null when event not found" time="0.000411625">
        </testcase>
        <testcase classname="src/4-infrastructure/database/repositories/EventRepository.test.ts" name="EventRepository &gt; create &gt; should create event successfully" time="0.000266334">
        </testcase>
    </testsuite>
    <testsuite name="src/4-infrastructure/database/repositories/ProgramRepository.test.ts" timestamp="2025-12-16T06:40:27.835Z" hostname="Omer-MacBook-Air.local" tests="3" failures="0" errors="0" skipped="0" time="0.002623791">
        <testcase classname="src/4-infrastructure/database/repositories/ProgramRepository.test.ts" name="ProgramRepository &gt; findById &gt; should return program when found" time="0.001305792">
        </testcase>
        <testcase classname="src/4-infrastructure/database/repositories/ProgramRepository.test.ts" name="ProgramRepository &gt; findById &gt; should return null when program not found" time="0.000424416">
        </testcase>
        <testcase classname="src/4-infrastructure/database/repositories/ProgramRepository.test.ts" name="ProgramRepository &gt; findAll &gt; should return all programs" time="0.000242709">
        </testcase>
    </testsuite>
    <testsuite name="src/4-infrastructure/database/repositories/ProjectRepository.test.ts" timestamp="2025-12-16T06:40:27.835Z" hostname="Omer-MacBook-Air.local" tests="3" failures="0" errors="0" skipped="0" time="0.00254625">
        <testcase classname="src/4-infrastructure/database/repositories/ProjectRepository.test.ts" name="ProjectRepository &gt; findById &gt; should return project when found" time="0.001279875">
        </testcase>
        <testcase classname="src/4-infrastructure/database/repositories/ProjectRepository.test.ts" name="ProjectRepository &gt; findById &gt; should return null when project not found" time="0.0004015">
        </testcase>
        <testcase classname="src/4-infrastructure/database/repositories/ProjectRepository.test.ts" name="ProjectRepository &gt; create &gt; should create project successfully" time="0.000251875">
        </testcase>
    </testsuite>
    <testsuite name="src/4-infrastructure/database/repositories/SupabaseCustomReportRepository.test.ts" timestamp="2025-12-16T06:40:27.835Z" hostname="Omer-MacBook-Air.local" tests="3" failures="0" errors="0" skipped="0" time="0.00258475">
        <testcase classname="src/4-infrastructure/database/repositories/SupabaseCustomReportRepository.test.ts" name="SupabaseCustomReportRepository &gt; findById &gt; should return custom report when found" time="0.001328834">
        </testcase>
        <testcase classname="src/4-infrastructure/database/repositories/SupabaseCustomReportRepository.test.ts" name="SupabaseCustomReportRepository &gt; findById &gt; should return null when custom report not found" time="0.000409959">
        </testcase>
        <testcase classname="src/4-infrastructure/database/repositories/SupabaseCustomReportRepository.test.ts" name="SupabaseCustomReportRepository &gt; create &gt; should create custom report successfully" time="0.000250083">
        </testcase>
    </testsuite>
    <testsuite name="src/4-infrastructure/database/repositories/SupabaseForumRepository.test.ts" timestamp="2025-12-16T06:40:27.835Z" hostname="Omer-MacBook-Air.local" tests="3" failures="0" errors="0" skipped="0" time="0.002539">
        <testcase classname="src/4-infrastructure/database/repositories/SupabaseForumRepository.test.ts" name="SupabaseForumRepository &gt; findCategoryById &gt; should return category when found" time="0.0012485">
        </testcase>
        <testcase classname="src/4-infrastructure/database/repositories/SupabaseForumRepository.test.ts" name="SupabaseForumRepository &gt; findCategoryById &gt; should return null when category not found" time="0.000423">
        </testcase>
        <testcase classname="src/4-infrastructure/database/repositories/SupabaseForumRepository.test.ts" name="SupabaseForumRepository &gt; createCategory &gt; should create category successfully" time="0.000236541">
        </testcase>
    </testsuite>
    <testsuite name="src/4-infrastructure/database/repositories/SupabaseNewsRepository.test.ts" timestamp="2025-12-16T06:40:27.836Z" hostname="Omer-MacBook-Air.local" tests="30" failures="0" errors="0" skipped="30" time="0">
        <testcase classname="src/4-infrastructure/database/repositories/SupabaseNewsRepository.test.ts" name="SupabaseNewsRepository Integration Tests &gt; create &gt; should create news successfully" time="0">
            <skipped/>
        </testcase>
        <testcase classname="src/4-infrastructure/database/repositories/SupabaseNewsRepository.test.ts" name="SupabaseNewsRepository Integration Tests &gt; create &gt; should fail with invalid data" time="0">
            <skipped/>
        </testcase>
        <testcase classname="src/4-infrastructure/database/repositories/SupabaseNewsRepository.test.ts" name="SupabaseNewsRepository Integration Tests &gt; findById &gt; should find news by id" time="0">
            <skipped/>
        </testcase>
        <testcase classname="src/4-infrastructure/database/repositories/SupabaseNewsRepository.test.ts" name="SupabaseNewsRepository Integration Tests &gt; findById &gt; should return null for non-existent news" time="0">
            <skipped/>
        </testcase>
        <testcase classname="src/4-infrastructure/database/repositories/SupabaseNewsRepository.test.ts" name="SupabaseNewsRepository Integration Tests &gt; findBySlug &gt; should find news by slug" time="0">
            <skipped/>
        </testcase>
        <testcase classname="src/4-infrastructure/database/repositories/SupabaseNewsRepository.test.ts" name="SupabaseNewsRepository Integration Tests &gt; findBySlug &gt; should return null for non-existent slug" time="0">
            <skipped/>
        </testcase>
        <testcase classname="src/4-infrastructure/database/repositories/SupabaseNewsRepository.test.ts" name="SupabaseNewsRepository Integration Tests &gt; findAll &gt; should return all news" time="0">
            <skipped/>
        </testcase>
        <testcase classname="src/4-infrastructure/database/repositories/SupabaseNewsRepository.test.ts" name="SupabaseNewsRepository Integration Tests &gt; findAll &gt; should filter by category" time="0">
            <skipped/>
        </testcase>
        <testcase classname="src/4-infrastructure/database/repositories/SupabaseNewsRepository.test.ts" name="SupabaseNewsRepository Integration Tests &gt; findAll &gt; should filter by status" time="0">
            <skipped/>
        </testcase>
        <testcase classname="src/4-infrastructure/database/repositories/SupabaseNewsRepository.test.ts" name="SupabaseNewsRepository Integration Tests &gt; findAll &gt; should support pagination" time="0">
            <skipped/>
        </testcase>
        <testcase classname="src/4-infrastructure/database/repositories/SupabaseNewsRepository.test.ts" name="SupabaseNewsRepository Integration Tests &gt; update &gt; should update news successfully" time="0">
            <skipped/>
        </testcase>
        <testcase classname="src/4-infrastructure/database/repositories/SupabaseNewsRepository.test.ts" name="SupabaseNewsRepository Integration Tests &gt; delete &gt; should delete news successfully" time="0">
            <skipped/>
        </testcase>
        <testcase classname="src/4-infrastructure/database/repositories/SupabaseNewsRepository.test.ts" name="SupabaseNewsRepository Integration Tests &gt; publish &gt; should publish draft news" time="0">
            <skipped/>
        </testcase>
        <testcase classname="src/4-infrastructure/database/repositories/SupabaseNewsRepository.test.ts" name="SupabaseNewsRepository Integration Tests &gt; archive &gt; should archive published news" time="0">
            <skipped/>
        </testcase>
        <testcase classname="src/4-infrastructure/database/repositories/SupabaseNewsRepository.test.ts" name="SupabaseNewsRepository Integration Tests &gt; feature operations &gt; should feature news" time="0">
            <skipped/>
        </testcase>
        <testcase classname="src/4-infrastructure/database/repositories/SupabaseNewsRepository.test.ts" name="SupabaseNewsRepository Integration Tests &gt; feature operations &gt; should unfeature news" time="0">
            <skipped/>
        </testcase>
        <testcase classname="src/4-infrastructure/database/repositories/SupabaseNewsRepository.test.ts" name="SupabaseNewsRepository Integration Tests &gt; feature operations &gt; should pin news" time="0">
            <skipped/>
        </testcase>
        <testcase classname="src/4-infrastructure/database/repositories/SupabaseNewsRepository.test.ts" name="SupabaseNewsRepository Integration Tests &gt; feature operations &gt; should unpin news" time="0">
            <skipped/>
        </testcase>
        <testcase classname="src/4-infrastructure/database/repositories/SupabaseNewsRepository.test.ts" name="SupabaseNewsRepository Integration Tests &gt; tag operations &gt; should get all tags" time="0">
            <skipped/>
        </testcase>
        <testcase classname="src/4-infrastructure/database/repositories/SupabaseNewsRepository.test.ts" name="SupabaseNewsRepository Integration Tests &gt; tag operations &gt; should create tag" time="0">
            <skipped/>
        </testcase>
        <testcase classname="src/4-infrastructure/database/repositories/SupabaseNewsRepository.test.ts" name="SupabaseNewsRepository Integration Tests &gt; tag operations &gt; should add tag to news" time="0">
            <skipped/>
        </testcase>
        <testcase classname="src/4-infrastructure/database/repositories/SupabaseNewsRepository.test.ts" name="SupabaseNewsRepository Integration Tests &gt; tag operations &gt; should remove tag from news" time="0">
            <skipped/>
        </testcase>
        <testcase classname="src/4-infrastructure/database/repositories/SupabaseNewsRepository.test.ts" name="SupabaseNewsRepository Integration Tests &gt; like operations &gt; should like news" time="0">
            <skipped/>
        </testcase>
        <testcase classname="src/4-infrastructure/database/repositories/SupabaseNewsRepository.test.ts" name="SupabaseNewsRepository Integration Tests &gt; like operations &gt; should check if news is liked by user" time="0">
            <skipped/>
        </testcase>
        <testcase classname="src/4-infrastructure/database/repositories/SupabaseNewsRepository.test.ts" name="SupabaseNewsRepository Integration Tests &gt; like operations &gt; should unlike news" time="0">
            <skipped/>
        </testcase>
        <testcase classname="src/4-infrastructure/database/repositories/SupabaseNewsRepository.test.ts" name="SupabaseNewsRepository Integration Tests &gt; read operations &gt; should record read" time="0">
            <skipped/>
        </testcase>
        <testcase classname="src/4-infrastructure/database/repositories/SupabaseNewsRepository.test.ts" name="SupabaseNewsRepository Integration Tests &gt; read operations &gt; should set completed to true when scrollPercentage &gt;= 80" time="0">
            <skipped/>
        </testcase>
        <testcase classname="src/4-infrastructure/database/repositories/SupabaseNewsRepository.test.ts" name="SupabaseNewsRepository Integration Tests &gt; read operations &gt; should get user reads" time="0">
            <skipped/>
        </testcase>
        <testcase classname="src/4-infrastructure/database/repositories/SupabaseNewsRepository.test.ts" name="SupabaseNewsRepository Integration Tests &gt; read operations &gt; should get news reads" time="0">
            <skipped/>
        </testcase>
        <testcase classname="src/4-infrastructure/database/repositories/SupabaseNewsRepository.test.ts" name="SupabaseNewsRepository Integration Tests &gt; statistics &gt; should get statistics" time="0">
            <skipped/>
        </testcase>
    </testsuite>
    <testsuite name="src/4-infrastructure/database/repositories/TaskRepository.test.ts" timestamp="2025-12-16T06:40:27.838Z" hostname="Omer-MacBook-Air.local" tests="3" failures="0" errors="0" skipped="0" time="0.002582792">
        <testcase classname="src/4-infrastructure/database/repositories/TaskRepository.test.ts" name="TaskRepository &gt; findById &gt; should return task when found" time="0.0012965">
        </testcase>
        <testcase classname="src/4-infrastructure/database/repositories/TaskRepository.test.ts" name="TaskRepository &gt; findById &gt; should return null when task not found" time="0.000417959">
        </testcase>
        <testcase classname="src/4-infrastructure/database/repositories/TaskRepository.test.ts" name="TaskRepository &gt; create &gt; should create task successfully" time="0.000243833">
        </testcase>
    </testsuite>
    <testsuite name="src/4-infrastructure/database/repositories/TrainingRepository.test.ts" timestamp="2025-12-16T06:40:27.838Z" hostname="Omer-MacBook-Air.local" tests="3" failures="0" errors="0" skipped="0" time="0.002580416">
        <testcase classname="src/4-infrastructure/database/repositories/TrainingRepository.test.ts" name="TrainingRepository &gt; findById &gt; should return training when found" time="0.001261792">
        </testcase>
        <testcase classname="src/4-infrastructure/database/repositories/TrainingRepository.test.ts" name="TrainingRepository &gt; findById &gt; should return null when training not found" time="0.000404667">
        </testcase>
        <testcase classname="src/4-infrastructure/database/repositories/TrainingRepository.test.ts" name="TrainingRepository &gt; create &gt; should create training successfully" time="0.000244875">
        </testcase>
    </testsuite>
    <testsuite name="src/4-infrastructure/database/repositories/UserRepository.test.ts" timestamp="2025-12-16T06:40:27.838Z" hostname="Omer-MacBook-Air.local" tests="3" failures="0" errors="0" skipped="0" time="0.002651917">
        <testcase classname="src/4-infrastructure/database/repositories/UserRepository.test.ts" name="UserRepository &gt; findById &gt; should return user when found" time="0.001331042">
        </testcase>
        <testcase classname="src/4-infrastructure/database/repositories/UserRepository.test.ts" name="UserRepository &gt; findById &gt; should return null when user not found" time="0.000405459">
        </testcase>
        <testcase classname="src/4-infrastructure/database/repositories/UserRepository.test.ts" name="UserRepository &gt; findAll &gt; should return all users" time="0.000247083">
        </testcase>
    </testsuite>
    <testsuite name="src/5-shared/services/email/email-template.service.test.ts" timestamp="2025-12-16T06:40:27.839Z" hostname="Omer-MacBook-Air.local" tests="5" failures="0" errors="0" skipped="0" time="0.003161042">
        <testcase classname="src/5-shared/services/email/email-template.service.test.ts" name="EmailTemplateService &gt; getTemplate &gt; should get template by name" time="0.001248375">
        </testcase>
        <testcase classname="src/5-shared/services/email/email-template.service.test.ts" name="EmailTemplateService &gt; renderTemplate &gt; should render template with variables" time="0.000583083">
        </testcase>
        <testcase classname="src/5-shared/services/email/email-template.service.test.ts" name="EmailTemplateService &gt; compileMJML &gt; should compile MJML to HTML" time="0.000112334">
        </testcase>
        <testcase classname="src/5-shared/services/email/email-template.service.test.ts" name="EmailTemplateService &gt; validateVariables &gt; should validate template variables" time="0.000233167">
        </testcase>
        <testcase classname="src/5-shared/services/email/email-template.service.test.ts" name="EmailTemplateService &gt; validateVariables &gt; should fail if required variables are missing" time="0.00017075">
        </testcase>
    </testsuite>
    <testsuite name="src/app/api/appointments/route.test.ts" timestamp="2025-12-16T06:40:27.839Z" hostname="Omer-MacBook-Air.local" tests="10" failures="0" errors="0" skipped="0" time="0.041312209">
        <testcase classname="src/app/api/appointments/route.test.ts" name="GET /api/appointments &gt; returns 401 when user is not authenticated" time="0.028800709">
        </testcase>
        <testcase classname="src/app/api/appointments/route.test.ts" name="GET /api/appointments &gt; returns appointments for consultant" time="0.001839125">
        </testcase>
        <testcase classname="src/app/api/appointments/route.test.ts" name="GET /api/appointments &gt; returns appointments for company user" time="0.000767792">
        </testcase>
        <testcase classname="src/app/api/appointments/route.test.ts" name="GET /api/appointments &gt; returns 403 when company user has no companyId" time="0.000489041">
        </testcase>
        <testcase classname="src/app/api/appointments/route.test.ts" name="GET /api/appointments &gt; handles query parameters correctly" time="0.000975583">
        </testcase>
        <testcase classname="src/app/api/appointments/route.test.ts" name="POST /api/appointments &gt; returns 401 when user is not authenticated" time="0.000892041">
        </testcase>
        <testcase classname="src/app/api/appointments/route.test.ts" name="POST /api/appointments &gt; returns 403 when user is not company user or admin" time="0.000688709">
        </testcase>
        <testcase classname="src/app/api/appointments/route.test.ts" name="POST /api/appointments &gt; creates appointment successfully for company user" time="0.002033875">
            <system-out>
📥 [POST /api/appointments] Request body: {
  title: &apos;Test Appointment&apos;,
  consultantId: &apos;550e8400-e29b-41d4-a716-446655440004&apos;,
  startTime: &apos;2025-12-17T06:38:45.976Z&apos;,
  endTime: &apos;2025-12-17T07:38:45.976Z&apos;
}
📥 [POST /api/appointments] User: {
  id: &apos;550e8400-e29b-41d4-a716-446655440001&apos;,
  companyId: &apos;550e8400-e29b-41d4-a716-446655440002&apos;,
  role: &apos;company_user&apos;
}
📥 [POST /api/appointments] Validation data: {
  title: &apos;Test Appointment&apos;,
  consultantId: &apos;550e8400-e29b-41d4-a716-446655440004&apos;,
  startTime: &apos;2025-12-17T06:38:45.976Z&apos;,
  endTime: &apos;2025-12-17T07:38:45.976Z&apos;,
  companyId: &apos;550e8400-e29b-41d4-a716-446655440002&apos;,
  requestedBy: &apos;550e8400-e29b-41d4-a716-446655440001&apos;,
  programId: null,
  description: null,
  companyNotes: null
}
✅ [POST /api/appointments] Validation passed

            </system-out>
        </testcase>
        <testcase classname="src/app/api/appointments/route.test.ts" name="POST /api/appointments &gt; validates required fields" time="0.0025045">
            <system-out>
📥 [POST /api/appointments] Request body: { title: &apos;&apos; }
📥 [POST /api/appointments] User: { id: &apos;test-user-id&apos;, companyId: &apos;company-1&apos;, role: &apos;company_user&apos; }
📥 [POST /api/appointments] Validation data: {
  title: &apos;&apos;,
  companyId: &apos;company-1&apos;,
  requestedBy: &apos;test-user-id&apos;,
  programId: null,
  description: null,
  companyNotes: null
}

            </system-out>
            <system-err>
❌ [POST /api/appointments] Validation failed: [
  {
    expected: &apos;string&apos;,
    code: &apos;invalid_type&apos;,
    path: [ &apos;consultantId&apos; ],
    message: &apos;Invalid input: expected string, received undefined&apos;
  },
  {
    origin: &apos;string&apos;,
    code: &apos;invalid_format&apos;,
    format: &apos;uuid&apos;,
    pattern: &apos;/^([0-9a-fA-F]{8}-[0-9a-fA-F]{4}-[1-8][0-9a-fA-F]{3}-[89abAB][0-9a-fA-F]{3}-[0-9a-fA-F]{12}|00000000-0000-0000-0000-000000000000|ffffffff-ffff-ffff-ffff-ffffffffffff)$/&apos;,
    path: [ &apos;companyId&apos; ],
    message: &apos;Geçerli bir firma ID giriniz&apos;
  },
  {
    origin: &apos;string&apos;,
    code: &apos;too_small&apos;,
    minimum: 1,
    inclusive: true,
    path: [ &apos;title&apos; ],
    message: &apos;Randevu başlığı gereklidir&apos;
  },
  {
    expected: &apos;string&apos;,
    code: &apos;invalid_type&apos;,
    path: [ &apos;startTime&apos; ],
    message: &apos;Invalid input: expected string, received undefined&apos;
  },
  {
    expected: &apos;string&apos;,
    code: &apos;invalid_type&apos;,
    path: [ &apos;endTime&apos; ],
    message: &apos;Invalid input: expected string, received undefined&apos;
  },
  {
    origin: &apos;string&apos;,
    code: &apos;invalid_format&apos;,
    format: &apos;uuid&apos;,
    pattern: &apos;/^([0-9a-fA-F]{8}-[0-9a-fA-F]{4}-[1-8][0-9a-fA-F]{3}-[89abAB][0-9a-fA-F]{3}-[0-9a-fA-F]{12}|00000000-0000-0000-0000-000000000000|ffffffff-ffff-ffff-ffff-ffffffffffff)$/&apos;,
    path: [ &apos;requestedBy&apos; ],
    message: &apos;Geçerli bir kullanıcı ID giriniz&apos;
  }
]

            </system-err>
        </testcase>
        <testcase classname="src/app/api/appointments/route.test.ts" name="POST /api/appointments &gt; handles use case failure" time="0.001494542">
            <system-out>
📥 [POST /api/appointments] Request body: {
  title: &apos;Test Appointment&apos;,
  consultantId: &apos;550e8400-e29b-41d4-a716-446655440004&apos;,
  startTime: &apos;2025-12-17T06:38:45.980Z&apos;,
  endTime: &apos;2025-12-17T07:38:45.980Z&apos;
}
📥 [POST /api/appointments] User: {
  id: &apos;550e8400-e29b-41d4-a716-446655440001&apos;,
  companyId: &apos;550e8400-e29b-41d4-a716-446655440002&apos;,
  role: &apos;company_user&apos;
}
📥 [POST /api/appointments] Validation data: {
  title: &apos;Test Appointment&apos;,
  consultantId: &apos;550e8400-e29b-41d4-a716-446655440004&apos;,
  startTime: &apos;2025-12-17T06:38:45.980Z&apos;,
  endTime: &apos;2025-12-17T07:38:45.980Z&apos;,
  companyId: &apos;550e8400-e29b-41d4-a716-446655440002&apos;,
  requestedBy: &apos;550e8400-e29b-41d4-a716-446655440001&apos;,
  programId: null,
  description: null,
  companyNotes: null
}
✅ [POST /api/appointments] Validation passed

            </system-out>
        </testcase>
    </testsuite>
    <testsuite name="src/app/api/companies/route.test.ts" timestamp="2025-12-16T06:40:27.840Z" hostname="Omer-MacBook-Air.local" tests="7" failures="0" errors="0" skipped="0" time="0.049896167">
        <testcase classname="src/app/api/companies/route.test.ts" name="GET /api/companies &gt; returns 401 when user is not authenticated" time="0.04235825">
        </testcase>
        <testcase classname="src/app/api/companies/route.test.ts" name="GET /api/companies &gt; returns companies list successfully" time="0.001355958">
        </testcase>
        <testcase classname="src/app/api/companies/route.test.ts" name="GET /api/companies &gt; handles use case failure" time="0.000702208">
        </testcase>
        <testcase classname="src/app/api/companies/route.test.ts" name="POST /api/companies &gt; returns 500 when user is not authenticated (caught by try-catch)" time="0.000791292">
        </testcase>
        <testcase classname="src/app/api/companies/route.test.ts" name="POST /api/companies &gt; creates company successfully" time="0.002099208">
        </testcase>
        <testcase classname="src/app/api/companies/route.test.ts" name="POST /api/companies &gt; returns 400 when validation fails" time="0.00107075">
        </testcase>
        <testcase classname="src/app/api/companies/route.test.ts" name="POST /api/companies &gt; handles use case failure" time="0.000618917">
        </testcase>
    </testsuite>
    <testsuite name="src/5-shared/services/ai/ai-router.service.test.ts" timestamp="2025-12-16T06:40:27.840Z" hostname="Omer-MacBook-Air.local" tests="7" failures="0" errors="0" skipped="0" time="0.002438542">
        <testcase classname="src/5-shared/services/ai/ai-router.service.test.ts" name="AIRouterService &gt; selectProvider &gt; should select OpenAI for task_description" time="0.000795">
        </testcase>
        <testcase classname="src/5-shared/services/ai/ai-router.service.test.ts" name="AIRouterService &gt; selectProvider &gt; should select Claude for report_generation" time="0.000249083">
        </testcase>
        <testcase classname="src/5-shared/services/ai/ai-router.service.test.ts" name="AIRouterService &gt; selectProvider &gt; should select OpenAI for chatbot" time="0.000152417">
        </testcase>
        <testcase classname="src/5-shared/services/ai/ai-router.service.test.ts" name="AIRouterService &gt; selectProvider &gt; should select Claude for risk_analysis" time="0.000068458">
        </testcase>
        <testcase classname="src/5-shared/services/ai/ai-router.service.test.ts" name="AIRouterService &gt; selectProvider &gt; should select Claude for document_summary" time="0.000126833">
        </testcase>
        <testcase classname="src/5-shared/services/ai/ai-router.service.test.ts" name="AIRouterService &gt; checkProviderHealth &gt; should check OpenAI health" time="0.000194667">
        </testcase>
        <testcase classname="src/5-shared/services/ai/ai-router.service.test.ts" name="AIRouterService &gt; checkProviderHealth &gt; should check Claude health" time="0.000055917">
        </testcase>
    </testsuite>
    <testsuite name="src/5-shared/services/ai/claude.service.test.ts" timestamp="2025-12-16T06:40:27.840Z" hostname="Omer-MacBook-Air.local" tests="7" failures="0" errors="0" skipped="0" time="0.002276542">
        <testcase classname="src/5-shared/services/ai/claude.service.test.ts" name="ClaudeService &gt; constructor &gt; should create service with default model" time="0.000701375">
        </testcase>
        <testcase classname="src/5-shared/services/ai/claude.service.test.ts" name="ClaudeService &gt; constructor &gt; should create service with custom model" time="0.0002205">
        </testcase>
        <testcase classname="src/5-shared/services/ai/claude.service.test.ts" name="ClaudeService &gt; constructor &gt; should throw error if API key is not set" time="0.00006625">
        </testcase>
        <testcase classname="src/5-shared/services/ai/claude.service.test.ts" name="ClaudeService &gt; getProvider &gt; should return Claude provider" time="0.000178041">
        </testcase>
        <testcase classname="src/5-shared/services/ai/claude.service.test.ts" name="ClaudeService &gt; getDefaultModel &gt; should return default model" time="0.000072">
        </testcase>
        <testcase classname="src/5-shared/services/ai/claude.service.test.ts" name="ClaudeService &gt; getDefaultModel &gt; should return custom model" time="0.000071958">
        </testcase>
        <testcase classname="src/5-shared/services/ai/claude.service.test.ts" name="ClaudeService &gt; isAvailable &gt; should return true when API key is set" time="0.000127916">
        </testcase>
    </testsuite>
    <testsuite name="src/5-shared/services/ai/cost-tracker.service.test.ts" timestamp="2025-12-16T06:40:27.841Z" hostname="Omer-MacBook-Air.local" tests="8" failures="0" errors="0" skipped="0" time="0.010586167">
        <testcase classname="src/5-shared/services/ai/cost-tracker.service.test.ts" name="CostTrackerService &gt; calculateCost &gt; should calculate cost for GPT-4" time="0.00094525">
        </testcase>
        <testcase classname="src/5-shared/services/ai/cost-tracker.service.test.ts" name="CostTrackerService &gt; calculateCost &gt; should calculate cost for Claude Sonnet" time="0.000325584">
        </testcase>
        <testcase classname="src/5-shared/services/ai/cost-tracker.service.test.ts" name="CostTrackerService &gt; calculateCost &gt; should return 0 for unknown model" time="0.000281666">
        </testcase>
        <testcase classname="src/5-shared/services/ai/cost-tracker.service.test.ts" name="CostTrackerService &gt; calculateCost &gt; should handle zero tokens" time="0.000184333">
        </testcase>
        <testcase classname="src/5-shared/services/ai/cost-tracker.service.test.ts" name="CostTrackerService &gt; getTotalCost &gt; should return total cost with filter" time="0.000375709">
        </testcase>
        <testcase classname="src/5-shared/services/ai/cost-tracker.service.test.ts" name="CostTrackerService &gt; getTotalCost &gt; should return 0 if no logs found" time="0.000161208">
        </testcase>
        <testcase classname="src/5-shared/services/ai/cost-tracker.service.test.ts" name="CostTrackerService &gt; getCostStats &gt; should return cost statistics" time="0.007115333">
        </testcase>
        <testcase classname="src/5-shared/services/ai/cost-tracker.service.test.ts" name="CostTrackerService &gt; getCostStats &gt; should group costs by date" time="0.000327">
        </testcase>
    </testsuite>
    <testsuite name="src/5-shared/services/ai/openai.service.test.ts" timestamp="2025-12-16T06:40:27.841Z" hostname="Omer-MacBook-Air.local" tests="7" failures="0" errors="0" skipped="0" time="0.002431208">
        <testcase classname="src/5-shared/services/ai/openai.service.test.ts" name="OpenAIService &gt; constructor &gt; should create service with default model" time="0.000809542">
        </testcase>
        <testcase classname="src/5-shared/services/ai/openai.service.test.ts" name="OpenAIService &gt; constructor &gt; should create service with custom model" time="0.000242">
        </testcase>
        <testcase classname="src/5-shared/services/ai/openai.service.test.ts" name="OpenAIService &gt; constructor &gt; should throw error if API key is not set" time="0.000115583">
        </testcase>
        <testcase classname="src/5-shared/services/ai/openai.service.test.ts" name="OpenAIService &gt; getProvider &gt; should return OpenAI provider" time="0.0001355">
        </testcase>
        <testcase classname="src/5-shared/services/ai/openai.service.test.ts" name="OpenAIService &gt; getDefaultModel &gt; should return default model" time="0.0001675">
        </testcase>
        <testcase classname="src/5-shared/services/ai/openai.service.test.ts" name="OpenAIService &gt; getDefaultModel &gt; should return custom model" time="0.000075208">
        </testcase>
        <testcase classname="src/5-shared/services/ai/openai.service.test.ts" name="OpenAIService &gt; isAvailable &gt; should return true when API key is set" time="0.000119917">
        </testcase>
    </testsuite>
    <testsuite name="src/5-shared/services/ai/prompt-manager.service.test.ts" timestamp="2025-12-16T06:40:27.842Z" hostname="Omer-MacBook-Air.local" tests="8" failures="0" errors="0" skipped="0" time="0.004179167">
        <testcase classname="src/5-shared/services/ai/prompt-manager.service.test.ts" name="PromptManagerService &gt; getActivePrompt &gt; should return active prompt for use case" time="0.001204875">
        </testcase>
        <testcase classname="src/5-shared/services/ai/prompt-manager.service.test.ts" name="PromptManagerService &gt; getActivePrompt &gt; should return null if no active prompt found" time="0.000456291">
        </testcase>
        <testcase classname="src/5-shared/services/ai/prompt-manager.service.test.ts" name="PromptManagerService &gt; getActivePrompt &gt; should handle errors" time="0.000516583">
            <system-err>
Failed to get active prompt: { message: &apos;Database error&apos;, code: &apos;ERROR&apos; }

            </system-err>
        </testcase>
        <testcase classname="src/5-shared/services/ai/prompt-manager.service.test.ts" name="PromptManagerService &gt; renderPrompt &gt; should render prompt with variables" time="0.000309125">
        </testcase>
        <testcase classname="src/5-shared/services/ai/prompt-manager.service.test.ts" name="PromptManagerService &gt; renderPrompt &gt; should handle missing variables" time="0.0001915">
        </testcase>
        <testcase classname="src/5-shared/services/ai/prompt-manager.service.test.ts" name="PromptManagerService &gt; renderPrompt &gt; should handle multiple occurrences of same variable" time="0.000183125">
        </testcase>
        <testcase classname="src/5-shared/services/ai/prompt-manager.service.test.ts" name="PromptManagerService &gt; createPrompt &gt; should create new prompt" time="0.0002965">
        </testcase>
        <testcase classname="src/5-shared/services/ai/prompt-manager.service.test.ts" name="PromptManagerService &gt; listPromptVersions &gt; should list all versions of a use case" time="0.000241708">
        </testcase>
    </testsuite>
    <testsuite name="src/5-shared/services/ai/rate-limiter.test.ts" timestamp="2025-12-16T06:40:27.842Z" hostname="Omer-MacBook-Air.local" tests="8" failures="0" errors="0" skipped="0" time="0.002717083">
        <testcase classname="src/5-shared/services/ai/rate-limiter.test.ts" name="RateLimiter &gt; checkRateLimit &gt; should allow request when under limit" time="0.000719083">
        </testcase>
        <testcase classname="src/5-shared/services/ai/rate-limiter.test.ts" name="RateLimiter &gt; checkRateLimit &gt; should check perHour limit" time="0.0002615">
        </testcase>
        <testcase classname="src/5-shared/services/ai/rate-limiter.test.ts" name="RateLimiter &gt; checkRateLimit &gt; should check perDay limit" time="0.000069708">
        </testcase>
        <testcase classname="src/5-shared/services/ai/rate-limiter.test.ts" name="RateLimiter &gt; checkAllRateLimits &gt; should check all rate limits" time="0.000088542">
        </testcase>
        <testcase classname="src/5-shared/services/ai/rate-limiter.test.ts" name="RateLimiter &gt; checkAllRateLimits &gt; should check Claude rate limits" time="0.000129209">
        </testcase>
        <testcase classname="src/5-shared/services/ai/rate-limiter.test.ts" name="RateLimiter &gt; reset &gt; should reset all buckets" time="0.000073458">
        </testcase>
        <testcase classname="src/5-shared/services/ai/rate-limiter.test.ts" name="RateLimiter &gt; rate limit behavior &gt; should refill tokens over time" time="0.000316875">
            <system-err>
Rate limit exceeded for openai (perMinute)

            </system-err>
        </testcase>
        <testcase classname="src/5-shared/services/ai/rate-limiter.test.ts" name="RateLimiter &gt; rate limit behavior &gt; should handle different providers separately" time="0.00013475">
        </testcase>
    </testsuite>
    <testsuite name="src/5-shared/services/ai/retry-handler.test.ts" timestamp="2025-12-16T06:40:27.843Z" hostname="Omer-MacBook-Air.local" tests="6" failures="0" errors="0" skipped="0" time="0.047175959">
        <testcase classname="src/5-shared/services/ai/retry-handler.test.ts" name="Retry Handler &gt; withRetry &gt; should succeed on first attempt" time="0.00085325">
        </testcase>
        <testcase classname="src/5-shared/services/ai/retry-handler.test.ts" name="Retry Handler &gt; withRetry &gt; should retry on failure" time="0.011807">
            <system-err>
Retry attempt 1/3 after 10ms: Temporary error

            </system-err>
        </testcase>
        <testcase classname="src/5-shared/services/ai/retry-handler.test.ts" name="Retry Handler &gt; withRetry &gt; should fail after max retries" time="0.033209958">
            <system-err>
Retry attempt 1/2 after 10ms: Persistent error

Retry attempt 2/2 after 20ms: Persistent error

            </system-err>
        </testcase>
        <testcase classname="src/5-shared/services/ai/retry-handler.test.ts" name="Retry Handler &gt; withRetry &gt; should not retry if error is not retryable" time="0.000170709">
        </testcase>
        <testcase classname="src/5-shared/services/ai/retry-handler.test.ts" name="Retry Handler &gt; toAIError &gt; should convert error to AIError" time="0.00016525">
        </testcase>
        <testcase classname="src/5-shared/services/ai/retry-handler.test.ts" name="Retry Handler &gt; toAIError &gt; should handle error with code" time="0.000115583">
        </testcase>
    </testsuite>
    <testsuite name="src/5-shared/services/ai/token-tracker.service.test.ts" timestamp="2025-12-16T06:40:27.843Z" hostname="Omer-MacBook-Air.local" tests="5" failures="0" errors="0" skipped="0" time="0.0041315">
        <testcase classname="src/5-shared/services/ai/token-tracker.service.test.ts" name="TokenTrackerService &gt; logUsage &gt; should log usage successfully" time="0.001114459">
        </testcase>
        <testcase classname="src/5-shared/services/ai/token-tracker.service.test.ts" name="TokenTrackerService &gt; logUsage &gt; should handle errors" time="0.000888875">
            <system-err>
Failed to log usage: { message: &apos;Database error&apos; }

            </system-err>
        </testcase>
        <testcase classname="src/5-shared/services/ai/token-tracker.service.test.ts" name="TokenTrackerService &gt; getTotalTokens &gt; should return total tokens with filter" time="0.000562167">
        </testcase>
        <testcase classname="src/5-shared/services/ai/token-tracker.service.test.ts" name="TokenTrackerService &gt; getTotalTokens &gt; should return 0 if no logs found" time="0.000152334">
        </testcase>
        <testcase classname="src/5-shared/services/ai/token-tracker.service.test.ts" name="TokenTrackerService &gt; getUsageStats &gt; should return usage statistics" time="0.000365416">
        </testcase>
    </testsuite>
    <testsuite name="src/app/api/custom-reports/route.test.ts" timestamp="2025-12-16T06:40:27.844Z" hostname="Omer-MacBook-Air.local" tests="7" failures="0" errors="0" skipped="0" time="0.0199165">
        <testcase classname="src/app/api/custom-reports/route.test.ts" name="GET /api/custom-reports &gt; returns 401 when user is not authenticated" time="0.01201275">
        </testcase>
        <testcase classname="src/app/api/custom-reports/route.test.ts" name="GET /api/custom-reports &gt; returns custom reports list successfully" time="0.001670125">
        </testcase>
        <testcase classname="src/app/api/custom-reports/route.test.ts" name="GET /api/custom-reports &gt; handles use case failure" time="0.000963875">
            <system-err>
List custom reports failed: { message: &apos;Database error&apos; }

            </system-err>
        </testcase>
        <testcase classname="src/app/api/custom-reports/route.test.ts" name="POST /api/custom-reports &gt; returns 401 when user is not authenticated" time="0.001369708">
        </testcase>
        <testcase classname="src/app/api/custom-reports/route.test.ts" name="POST /api/custom-reports &gt; creates custom report successfully" time="0.001280041">
        </testcase>
        <testcase classname="src/app/api/custom-reports/route.test.ts" name="POST /api/custom-reports &gt; returns 400 when validation fails - missing name" time="0.0008255">
        </testcase>
        <testcase classname="src/app/api/custom-reports/route.test.ts" name="POST /api/custom-reports &gt; handles use case failure" time="0.00077225">
            <system-err>
Create custom report failed: { message: &apos;Report creation failed&apos; }

            </system-err>
        </testcase>
    </testsuite>
    <testsuite name="src/app/api/events/route.test.ts" timestamp="2025-12-16T06:40:27.844Z" hostname="Omer-MacBook-Air.local" tests="9" failures="0" errors="0" skipped="0" time="0.042724834">
        <testcase classname="src/app/api/events/route.test.ts" name="GET /api/events &gt; returns 401 when user is not authenticated" time="0.032526208">
        </testcase>
        <testcase classname="src/app/api/events/route.test.ts" name="GET /api/events &gt; returns events for consultant" time="0.001623416">
        </testcase>
        <testcase classname="src/app/api/events/route.test.ts" name="GET /api/events &gt; returns events for company user" time="0.000493542">
        </testcase>
        <testcase classname="src/app/api/events/route.test.ts" name="GET /api/events &gt; handles query parameters correctly" time="0.000574834">
        </testcase>
        <testcase classname="src/app/api/events/route.test.ts" name="POST /api/events &gt; returns 401 when user is not authenticated" time="0.000957041">
        </testcase>
        <testcase classname="src/app/api/events/route.test.ts" name="POST /api/events &gt; returns 403 when user is not consultant or admin" time="0.00048275">
        </testcase>
        <testcase classname="src/app/api/events/route.test.ts" name="POST /api/events &gt; creates event successfully for consultant" time="0.001481916">
        </testcase>
        <testcase classname="src/app/api/events/route.test.ts" name="POST /api/events &gt; validates required fields" time="0.000753625">
        </testcase>
        <testcase classname="src/app/api/events/route.test.ts" name="POST /api/events &gt; handles use case failure" time="0.003006">
            <system-err>
CreateEventUseCase failed: {
  error: AppError: Program not found
      at /Users/omerunsal/Desktop/akademi-port/src/app/api/events/route.test.ts:288:19
      at processTicksAndRejections (node:internal/process/task_queues:105:5)
      at file:///Users/omerunsal/Desktop/akademi-port/node_modules/@vitest/runner/dist/index.js:753:20 {
    statusCode: 404,
    code: undefined,
    details: undefined
  },
  errorMessage: &apos;Program not found&apos;
}

            </system-err>
        </testcase>
    </testsuite>
    <testsuite name="src/app/api/news/route.test.ts" timestamp="2025-12-16T06:40:27.845Z" hostname="Omer-MacBook-Air.local" tests="9" failures="5" errors="0" skipped="0" time="0.078371208">
        <testcase classname="src/app/api/news/route.test.ts" name="GET /api/news &gt; returns 401 when user is not authenticated" time="0.057473208">
        </testcase>
        <testcase classname="src/app/api/news/route.test.ts" name="GET /api/news &gt; returns news list successfully" time="0.006644417">
            <system-err>
GET /api/news error: ReferenceError: page is not defined
    at GET (/Users/omerunsal/Desktop/akademi-port/src/app/api/news/route.ts:61:72)
    at processTicksAndRejections (node:internal/process/task_queues:105:5)
    at /Users/omerunsal/Desktop/akademi-port/src/app/api/news/route.test.ts:130:22
    at file:///Users/omerunsal/Desktop/akademi-port/node_modules/@vitest/runner/dist/index.js:753:20

GET /api/news error: ReferenceError: page is not defined
    at GET (/Users/omerunsal/Desktop/akademi-port/src/app/api/news/route.ts:61:72)
    at processTicksAndRejections (node:internal/process/task_queues:105:5)
    at /Users/omerunsal/Desktop/akademi-port/src/app/api/news/route.test.ts:130:22
    at file:///Users/omerunsal/Desktop/akademi-port/node_modules/@vitest/runner/dist/index.js:753:20

GET /api/news error: ReferenceError: page is not defined
    at GET (/Users/omerunsal/Desktop/akademi-port/src/app/api/news/route.ts:61:72)
    at processTicksAndRejections (node:internal/process/task_queues:105:5)
    at /Users/omerunsal/Desktop/akademi-port/src/app/api/news/route.test.ts:130:22
    at file:///Users/omerunsal/Desktop/akademi-port/node_modules/@vitest/runner/dist/index.js:753:20

            </system-err>
            <failure message="expected 500 to be 200 // Object.is equality" type="AssertionError">
AssertionError: expected 500 to be 200 // Object.is equality

- Expected
+ Received

- 200
+ 500

 ❯ src/app/api/news/route.test.ts:133:29
            </failure>
            <failure message="expected 500 to be 200 // Object.is equality" type="AssertionError">
AssertionError: expected 500 to be 200 // Object.is equality

- Expected
+ Received

- 200
+ 500

 ❯ src/app/api/news/route.test.ts:133:29
            </failure>
            <failure message="expected 500 to be 200 // Object.is equality" type="AssertionError">
AssertionError: expected 500 to be 200 // Object.is equality

- Expected
+ Received

- 200
+ 500

 ❯ src/app/api/news/route.test.ts:133:29
            </failure>
        </testcase>
        <testcase classname="src/app/api/news/route.test.ts" name="GET /api/news &gt; handles filters correctly" time="0.003007167">
            <system-err>
GET /api/news error: ReferenceError: page is not defined
    at GET (/Users/omerunsal/Desktop/akademi-port/src/app/api/news/route.ts:61:72)
    at processTicksAndRejections (node:internal/process/task_queues:105:5)
    at /Users/omerunsal/Desktop/akademi-port/src/app/api/news/route.test.ts:152:22
    at file:///Users/omerunsal/Desktop/akademi-port/node_modules/@vitest/runner/dist/index.js:753:20

GET /api/news error: ReferenceError: page is not defined
    at GET (/Users/omerunsal/Desktop/akademi-port/src/app/api/news/route.ts:61:72)
    at processTicksAndRejections (node:internal/process/task_queues:105:5)
    at /Users/omerunsal/Desktop/akademi-port/src/app/api/news/route.test.ts:152:22
    at file:///Users/omerunsal/Desktop/akademi-port/node_modules/@vitest/runner/dist/index.js:753:20

GET /api/news error: ReferenceError: page is not defined
    at GET (/Users/omerunsal/Desktop/akademi-port/src/app/api/news/route.ts:61:72)
    at processTicksAndRejections (node:internal/process/task_queues:105:5)
    at /Users/omerunsal/Desktop/akademi-port/src/app/api/news/route.test.ts:152:22
    at file:///Users/omerunsal/Desktop/akademi-port/node_modules/@vitest/runner/dist/index.js:753:20

            </system-err>
            <failure message="expected 500 to be 200 // Object.is equality" type="AssertionError">
AssertionError: expected 500 to be 200 // Object.is equality

- Expected
+ Received

- 200
+ 500

 ❯ src/app/api/news/route.test.ts:154:29
            </failure>
            <failure message="expected 500 to be 200 // Object.is equality" type="AssertionError">
AssertionError: expected 500 to be 200 // Object.is equality

- Expected
+ Received

- 200
+ 500

 ❯ src/app/api/news/route.test.ts:154:29
            </failure>
            <failure message="expected 500 to be 200 // Object.is equality" type="AssertionError">
AssertionError: expected 500 to be 200 // Object.is equality

- Expected
+ Received

- 200
+ 500

 ❯ src/app/api/news/route.test.ts:154:29
            </failure>
        </testcase>
        <testcase classname="src/app/api/news/route.test.ts" name="GET /api/news &gt; returns 500 on error" time="0.000726042">
            <system-err>
GET /api/news error: Error: Database error
    at /Users/omerunsal/Desktop/akademi-port/src/app/api/news/route.test.ts:165:53
    at file:///Users/omerunsal/Desktop/akademi-port/node_modules/@vitest/runner/dist/index.js:157:11
    at file:///Users/omerunsal/Desktop/akademi-port/node_modules/@vitest/runner/dist/index.js:753:26
    at file:///Users/omerunsal/Desktop/akademi-port/node_modules/@vitest/runner/dist/index.js:1636:20
    at new Promise (&lt;anonymous&gt;)
    at runWithTimeout (file:///Users/omerunsal/Desktop/akademi-port/node_modules/@vitest/runner/dist/index.js:1602:10)
    at runTest (file:///Users/omerunsal/Desktop/akademi-port/node_modules/@vitest/runner/dist/index.js:1309:12)
    at processTicksAndRejections (node:internal/process/task_queues:105:5)
    at runSuite (file:///Users/omerunsal/Desktop/akademi-port/node_modules/@vitest/runner/dist/index.js:1468:8)
    at runSuite (file:///Users/omerunsal/Desktop/akademi-port/node_modules/@vitest/runner/dist/index.js:1468:8)

            </system-err>
        </testcase>
        <testcase classname="src/app/api/news/route.test.ts" name="POST /api/news &gt; returns 401 when user is not authenticated" time="0.001363125">
        </testcase>
        <testcase classname="src/app/api/news/route.test.ts" name="POST /api/news &gt; returns 403 when user is not admin or consultant" time="0.000534583">
        </testcase>
        <testcase classname="src/app/api/news/route.test.ts" name="POST /api/news &gt; creates news successfully" time="0.003605709">
            <failure message="expected 400 to be 201 // Object.is equality" type="AssertionError">
AssertionError: expected 400 to be 201 // Object.is equality

- Expected
+ Received

- 201
+ 400

 ❯ src/app/api/news/route.test.ts:290:29
            </failure>
            <failure message="expected 400 to be 201 // Object.is equality" type="AssertionError">
AssertionError: expected 400 to be 201 // Object.is equality

- Expected
+ Received

- 201
+ 400

 ❯ src/app/api/news/route.test.ts:290:29
            </failure>
            <failure message="expected 400 to be 201 // Object.is equality" type="AssertionError">
AssertionError: expected 400 to be 201 // Object.is equality

- Expected
+ Received

- 201
+ 400

 ❯ src/app/api/news/route.test.ts:290:29
            </failure>
        </testcase>
        <testcase classname="src/app/api/news/route.test.ts" name="POST /api/news &gt; returns 400 on validation error" time="0.002600625">
            <failure message="expected &apos;Geçersiz veri&apos; to contain &apos;Haber başlığı gereklidir&apos;" type="AssertionError">
AssertionError: expected &apos;Geçersiz veri&apos; to contain &apos;Haber başlığı gereklidir&apos;

Expected: &quot;Haber başlığı gereklidir&quot;
Received: &quot;Geçersiz veri&quot;

 ❯ src/app/api/news/route.test.ts:323:24
            </failure>
            <failure message="expected &apos;Geçersiz veri&apos; to contain &apos;Haber başlığı gereklidir&apos;" type="AssertionError">
AssertionError: expected &apos;Geçersiz veri&apos; to contain &apos;Haber başlığı gereklidir&apos;

Expected: &quot;Haber başlığı gereklidir&quot;
Received: &quot;Geçersiz veri&quot;

 ❯ src/app/api/news/route.test.ts:323:24
            </failure>
            <failure message="expected &apos;Geçersiz veri&apos; to contain &apos;Haber başlığı gereklidir&apos;" type="AssertionError">
AssertionError: expected &apos;Geçersiz veri&apos; to contain &apos;Haber başlığı gereklidir&apos;

Expected: &quot;Haber başlığı gereklidir&quot;
Received: &quot;Geçersiz veri&quot;

 ❯ src/app/api/news/route.test.ts:323:24
            </failure>
        </testcase>
        <testcase classname="src/app/api/news/route.test.ts" name="POST /api/news &gt; returns 500 on error" time="0.001617833">
            <failure message="expected 400 to be 500 // Object.is equality" type="AssertionError">
AssertionError: expected 400 to be 500 // Object.is equality

- Expected
+ Received

- 500
+ 400

 ❯ src/app/api/news/route.test.ts:349:29
            </failure>
            <failure message="expected 400 to be 500 // Object.is equality" type="AssertionError">
AssertionError: expected 400 to be 500 // Object.is equality

- Expected
+ Received

- 500
+ 400

 ❯ src/app/api/news/route.test.ts:349:29
            </failure>
            <failure message="expected 400 to be 500 // Object.is equality" type="AssertionError">
AssertionError: expected 400 to be 500 // Object.is equality

- Expected
+ Received

- 500
+ 400

 ❯ src/app/api/news/route.test.ts:349:29
            </failure>
        </testcase>
    </testsuite>
    <testsuite name="src/app/api/leaderboard/route.test.ts" timestamp="2025-12-16T06:40:27.847Z" hostname="Omer-MacBook-Air.local" tests="5" failures="0" errors="0" skipped="0" time="0.056974583">
        <testcase classname="src/app/api/leaderboard/route.test.ts" name="GET /api/leaderboard &gt; returns 401 when user is not authenticated" time="0.049600084">
        </testcase>
        <testcase classname="src/app/api/leaderboard/route.test.ts" name="GET /api/leaderboard &gt; returns leaderboard rankings successfully" time="0.002667583">
        </testcase>
        <testcase classname="src/app/api/leaderboard/route.test.ts" name="GET /api/leaderboard &gt; returns leaderboard with program filter" time="0.002022125">
        </testcase>
        <testcase classname="src/app/api/leaderboard/route.test.ts" name="GET /api/leaderboard &gt; returns 400 when use case fails" time="0.000843334">
        </testcase>
        <testcase classname="src/app/api/leaderboard/route.test.ts" name="GET /api/leaderboard &gt; validates filter parameters" time="0.0011135">
        </testcase>
    </testsuite>
    <testsuite name="src/app/api/notifications/route.test.ts" timestamp="2025-12-16T06:40:27.847Z" hostname="Omer-MacBook-Air.local" tests="8" failures="0" errors="0" skipped="0" time="0.075391417">
        <testcase classname="src/app/api/notifications/route.test.ts" name="GET /api/notifications &gt; should return notifications for authenticated user" time="0.034363334">
        </testcase>
        <testcase classname="src/app/api/notifications/route.test.ts" name="GET /api/notifications &gt; should return 401 if user is not authenticated" time="0.001569125">
        </testcase>
        <testcase classname="src/app/api/notifications/route.test.ts" name="GET /api/notifications &gt; should filter notifications by query parameters" time="0.001137584">
        </testcase>
        <testcase classname="src/app/api/notifications/route.test.ts" name="GET /api/notifications &gt; should return 500 on repository error" time="0.002778833">
            <system-err>
Failed to get notifications {
  error: Error: Database error
      at /Users/omerunsal/Desktop/akademi-port/src/app/api/notifications/route.test.ts:158:70
      at processTicksAndRejections (node:internal/process/task_queues:105:5)
      at file:///Users/omerunsal/Desktop/akademi-port/node_modules/@vitest/runner/dist/index.js:753:20,
  userId: &apos;123e4567-e89b-12d3-a456-426614174000&apos;
}

            </system-err>
        </testcase>
        <testcase classname="src/app/api/notifications/route.test.ts" name="POST /api/notifications &gt; should create notification successfully" time="0.030800375">
        </testcase>
        <testcase classname="src/app/api/notifications/route.test.ts" name="POST /api/notifications &gt; should return 401 if user is not authenticated" time="0.001061375">
        </testcase>
        <testcase classname="src/app/api/notifications/route.test.ts" name="POST /api/notifications &gt; should return 400 for invalid notification data" time="0.001382167">
        </testcase>
        <testcase classname="src/app/api/notifications/route.test.ts" name="POST /api/notifications &gt; should return 500 on use case error" time="0.001451583">
            <system-err>
Failed to create notification {
  error: Error: Failed to create
      at /Users/omerunsal/Desktop/akademi-port/src/app/api/notifications/route.test.ts:291:19
      at processTicksAndRejections (node:internal/process/task_queues:105:5)
      at file:///Users/omerunsal/Desktop/akademi-port/node_modules/@vitest/runner/dist/index.js:753:20,
  dto: {
    userId: &apos;123e4567-e89b-12d3-a456-426614174002&apos;,
    type: &apos;info&apos;,
    title: &apos;New Notification&apos;,
    message: &apos;New message&apos;,
    metadata: {},
    priority: &apos;normal&apos;,
    channels: [ &apos;in_app&apos; ]
  }
}

            </system-err>
        </testcase>
    </testsuite>
    <testsuite name="src/app/api/programs/route.test.ts" timestamp="2025-12-16T06:40:27.848Z" hostname="Omer-MacBook-Air.local" tests="6" failures="0" errors="0" skipped="0" time="0.018071667">
        <testcase classname="src/app/api/programs/route.test.ts" name="GET /api/programs &gt; returns 500 when user is not authenticated (caught by try-catch)" time="0.012378542">
            <system-err>
List programs error: Error: Unauthorized
    at /Users/omerunsal/Desktop/akademi-port/src/app/api/programs/route.test.ts:33:46
    at processTicksAndRejections (node:internal/process/task_queues:105:5)
    at file:///Users/omerunsal/Desktop/akademi-port/node_modules/@vitest/runner/dist/index.js:753:20

            </system-err>
        </testcase>
        <testcase classname="src/app/api/programs/route.test.ts" name="GET /api/programs &gt; returns programs list successfully" time="0.001664458">
        </testcase>
        <testcase classname="src/app/api/programs/route.test.ts" name="GET /api/programs &gt; handles use case failure" time="0.000624084">
        </testcase>
        <testcase classname="src/app/api/programs/route.test.ts" name="POST /api/programs &gt; returns 500 when user is not authenticated (caught by try-catch)" time="0.0008685">
            <system-err>
Create program error: Error: Unauthorized
    at /Users/omerunsal/Desktop/akademi-port/src/app/api/programs/route.test.ts:111:46
    at processTicksAndRejections (node:internal/process/task_queues:105:5)
    at file:///Users/omerunsal/Desktop/akademi-port/node_modules/@vitest/runner/dist/index.js:753:20

            </system-err>
        </testcase>
        <testcase classname="src/app/api/programs/route.test.ts" name="POST /api/programs &gt; creates program successfully" time="0.001093417">
        </testcase>
        <testcase classname="src/app/api/programs/route.test.ts" name="POST /api/programs &gt; handles use case failure" time="0.000714084">
        </testcase>
    </testsuite>
    <testsuite name="src/app/api/projects/route.test.ts" timestamp="2025-12-16T06:40:27.848Z" hostname="Omer-MacBook-Air.local" tests="7" failures="0" errors="0" skipped="0" time="0.038184292">
        <testcase classname="src/app/api/projects/route.test.ts" name="GET /api/projects &gt; returns 401 when user is not authenticated" time="0.019700291">
        </testcase>
        <testcase classname="src/app/api/projects/route.test.ts" name="GET /api/projects &gt; returns projects for consultant" time="0.005214083">
        </testcase>
        <testcase classname="src/app/api/projects/route.test.ts" name="GET /api/projects &gt; handles query parameters correctly" time="0.005983167">
        </testcase>
        <testcase classname="src/app/api/projects/route.test.ts" name="POST /api/projects &gt; returns 401 when user is not authenticated" time="0.004154625">
        </testcase>
        <testcase classname="src/app/api/projects/route.test.ts" name="POST /api/projects &gt; returns 403 when user is not consultant or admin" time="0.00135625">
        </testcase>
        <testcase classname="src/app/api/projects/route.test.ts" name="POST /api/projects &gt; creates project successfully for consultant" time="0.000564333">
        </testcase>
        <testcase classname="src/app/api/projects/route.test.ts" name="POST /api/projects &gt; validates required fields" time="0.000445583">
        </testcase>
    </testsuite>
    <testsuite name="src/app/api/reports/route.test.ts" timestamp="2025-12-16T06:40:27.848Z" hostname="Omer-MacBook-Air.local" tests="4" failures="0" errors="0" skipped="0" time="0.010305542">
        <testcase classname="src/app/api/reports/route.test.ts" name="GET /api/reports &gt; should get reports successfully" time="0.005834">
        </testcase>
        <testcase classname="src/app/api/reports/route.test.ts" name="GET /api/reports &gt; should filter reports by query parameters" time="0.001905958">
        </testcase>
        <testcase classname="src/app/api/reports/route.test.ts" name="GET /api/reports &gt; should return 401 when not authenticated" time="0.001022875">
        </testcase>
        <testcase classname="src/app/api/reports/route.test.ts" name="GET /api/reports &gt; should handle use case failure" time="0.000938542">
        </testcase>
    </testsuite>
    <testsuite name="src/app/api/tasks/route.test.ts" timestamp="2025-12-16T06:40:27.849Z" hostname="Omer-MacBook-Air.local" tests="7" failures="0" errors="0" skipped="0" time="0.064990084">
        <testcase classname="src/app/api/tasks/route.test.ts" name="GET /api/tasks &gt; returns 401 when user is not authenticated" time="0.058321">
        </testcase>
        <testcase classname="src/app/api/tasks/route.test.ts" name="GET /api/tasks &gt; returns tasks list successfully" time="0.001295709">
        </testcase>
        <testcase classname="src/app/api/tasks/route.test.ts" name="GET /api/tasks &gt; handles query parameters" time="0.000765708">
        </testcase>
        <testcase classname="src/app/api/tasks/route.test.ts" name="GET /api/tasks &gt; handles use case failure" time="0.000646417">
        </testcase>
        <testcase classname="src/app/api/tasks/route.test.ts" name="POST /api/tasks &gt; returns 401 when user is not authenticated" time="0.001244917">
        </testcase>
        <testcase classname="src/app/api/tasks/route.test.ts" name="POST /api/tasks &gt; creates task successfully" time="0.001081375">
        </testcase>
        <testcase classname="src/app/api/tasks/route.test.ts" name="POST /api/tasks &gt; handles use case failure" time="0.000813542">
        </testcase>
    </testsuite>
    <testsuite name="src/app/api/trainings/route.test.ts" timestamp="2025-12-16T06:40:27.849Z" hostname="Omer-MacBook-Air.local" tests="10" failures="0" errors="0" skipped="0" time="0.022450583">
        <testcase classname="src/app/api/trainings/route.test.ts" name="GET /api/trainings &gt; returns 401 when user is not authenticated" time="0.013203625">
        </testcase>
        <testcase classname="src/app/api/trainings/route.test.ts" name="GET /api/trainings &gt; returns trainings for authenticated user" time="0.001222125">
        </testcase>
        <testcase classname="src/app/api/trainings/route.test.ts" name="GET /api/trainings &gt; filters trainings by programId" time="0.001511875">
        </testcase>
        <testcase classname="src/app/api/trainings/route.test.ts" name="GET /api/trainings &gt; filters trainings by consultantId for consultant role" time="0.000618125">
        </testcase>
        <testcase classname="src/app/api/trainings/route.test.ts" name="GET /api/trainings &gt; handles use case failure" time="0.001357708">
        </testcase>
        <testcase classname="src/app/api/trainings/route.test.ts" name="POST /api/trainings &gt; returns 401 when user is not authenticated" time="0.000708667">
        </testcase>
        <testcase classname="src/app/api/trainings/route.test.ts" name="POST /api/trainings &gt; returns 403 when user is not authorized" time="0.000683708">
        </testcase>
        <testcase classname="src/app/api/trainings/route.test.ts" name="POST /api/trainings &gt; creates training successfully for master_admin" time="0.000518459">
        </testcase>
        <testcase classname="src/app/api/trainings/route.test.ts" name="POST /api/trainings &gt; creates training successfully for consultant" time="0.001191625">
        </testcase>
        <testcase classname="src/app/api/trainings/route.test.ts" name="POST /api/trainings &gt; handles use case failure" time="0.000533125">
        </testcase>
    </testsuite>
    <testsuite name="src/app/api/users/route.test.ts" timestamp="2025-12-16T06:40:27.850Z" hostname="Omer-MacBook-Air.local" tests="6" failures="0" errors="0" skipped="0" time="0.065709584">
        <testcase classname="src/app/api/users/route.test.ts" name="GET /api/users &gt; returns 401 when user is not authenticated" time="0.01821425">
            <system-err>
List users error: Error: Unauthorized
    at /Users/omerunsal/Desktop/akademi-port/src/app/api/users/route.test.ts:33:46
    at processTicksAndRejections (node:internal/process/task_queues:105:5)
    at file:///Users/omerunsal/Desktop/akademi-port/node_modules/@vitest/runner/dist/index.js:753:20

            </system-err>
        </testcase>
        <testcase classname="src/app/api/users/route.test.ts" name="GET /api/users &gt; returns users list successfully" time="0.001589167">
        </testcase>
        <testcase classname="src/app/api/users/route.test.ts" name="GET /api/users &gt; handles use case failure" time="0.001732833">
        </testcase>
        <testcase classname="src/app/api/users/route.test.ts" name="POST /api/users &gt; returns 500 when user is not authenticated (caught by try-catch)" time="0.007717875">
            <system-out>
🔵 [API] POST /api/users - Request body: {
  &quot;email&quot;: &quot;newuser@example.com&quot;,
  &quot;fullName&quot;: &quot;New User&quot;,
  &quot;role&quot;: &quot;company_user&quot;,
  &quot;password&quot;: &quot;password123&quot;
}

            </system-out>
            <system-err>
Create user error: Error: Unauthorized
    at /Users/omerunsal/Desktop/akademi-port/src/app/api/users/route.test.ts:110:46
    at processTicksAndRejections (node:internal/process/task_queues:105:5)
    at file:///Users/omerunsal/Desktop/akademi-port/node_modules/@vitest/runner/dist/index.js:753:20

            </system-err>
        </testcase>
        <testcase classname="src/app/api/users/route.test.ts" name="POST /api/users &gt; creates user successfully" time="0.019443042">
            <system-out>
🔵 [API] POST /api/users - Request body: {
  &quot;email&quot;: &quot;newuser@example.com&quot;,
  &quot;fullName&quot;: &quot;New User&quot;,
  &quot;role&quot;: &quot;company_user&quot;,
  &quot;password&quot;: &quot;password123&quot;
}

🔵 [API] Authenticated user: { userId: &apos;test-user-id&apos;, userRole: &apos;master_admin&apos; }
🔵 [API] Calling CreateUserUseCase with: {
  email: &apos;newuser@example.com&apos;,
  fullName: &apos;New User&apos;,
  role: &apos;company_user&apos;,
  password: &apos;password123&apos;,
  createdBy: &apos;test-user-id&apos;,
  userRole: &apos;master_admin&apos;
}

🔵 [API] Use case result: { isSuccess: undefined, isFailure: false, error: undefined }

            </system-out>
        </testcase>
        <testcase classname="src/app/api/users/route.test.ts" name="POST /api/users &gt; handles use case failure" time="0.015728209">
            <system-out>
🔵 [API] POST /api/users - Request body: {
  &quot;email&quot;: &quot;newuser@example.com&quot;,
  &quot;fullName&quot;: &quot;New User&quot;,
  &quot;role&quot;: &quot;company_user&quot;,
  &quot;password&quot;: &quot;password123&quot;
}

🔵 [API] Authenticated user: { userId: &apos;test-user-id&apos;, userRole: &apos;master_admin&apos; }
🔵 [API] Calling CreateUserUseCase with: {
  email: &apos;newuser@example.com&apos;,
  fullName: &apos;New User&apos;,
  role: &apos;company_user&apos;,
  password: &apos;password123&apos;,
  createdBy: &apos;test-user-id&apos;,
  userRole: &apos;master_admin&apos;
}

🔵 [API] Use case result: {
  isSuccess: undefined,
  isFailure: true,
  error: &apos;User creation failed&apos;
}

            </system-out>
            <system-err>
🔴 Create user failed - Full error: User creation failed
🔴 Error type: string
🔴 Error message: undefined
🔴 Error toString: User creation failed
🔴 Error JSON: &quot;User creation failed&quot;
🔴 Returning error message: User creation failed

            </system-err>
        </testcase>
    </testsuite>
    <testsuite name="src/1-presentation/components/ui/atoms/badge.test.tsx" timestamp="2025-12-16T06:40:27.850Z" hostname="Omer-MacBook-Air.local" tests="6" failures="0" errors="0" skipped="0" time="0.095181083">
        <testcase classname="src/1-presentation/components/ui/atoms/badge.test.tsx" name="Badge &gt; renders badge with text" time="0.023119417">
        </testcase>
        <testcase classname="src/1-presentation/components/ui/atoms/badge.test.tsx" name="Badge &gt; applies variant classes correctly" time="0.007531625">
        </testcase>
        <testcase classname="src/1-presentation/components/ui/atoms/badge.test.tsx" name="Badge &gt; applies default variant when not specified" time="0.002499625">
        </testcase>
        <testcase classname="src/1-presentation/components/ui/atoms/badge.test.tsx" name="Badge &gt; applies custom className" time="0.002536625">
        </testcase>
        <testcase classname="src/1-presentation/components/ui/atoms/badge.test.tsx" name="Badge &gt; has correct data-slot attribute" time="0.0023695">
        </testcase>
        <testcase classname="src/1-presentation/components/ui/atoms/badge.test.tsx" name="Badge &gt; renders as child component when asChild is true" time="0.056290291">
        </testcase>
    </testsuite>
    <testsuite name="src/1-presentation/components/ui/atoms/button.test.tsx" timestamp="2025-12-16T06:40:27.851Z" hostname="Omer-MacBook-Air.local" tests="7" failures="0" errors="0" skipped="0" time="0.158628459">
        <testcase classname="src/1-presentation/components/ui/atoms/button.test.tsx" name="Button &gt; renders button with text" time="0.076619625">
        </testcase>
        <testcase classname="src/1-presentation/components/ui/atoms/button.test.tsx" name="Button &gt; handles click events" time="0.023176875">
        </testcase>
        <testcase classname="src/1-presentation/components/ui/atoms/button.test.tsx" name="Button &gt; can be disabled" time="0.008837083">
        </testcase>
        <testcase classname="src/1-presentation/components/ui/atoms/button.test.tsx" name="Button &gt; applies variant classes correctly" time="0.0152005">
        </testcase>
        <testcase classname="src/1-presentation/components/ui/atoms/button.test.tsx" name="Button &gt; applies size classes correctly" time="0.016465625">
        </testcase>
        <testcase classname="src/1-presentation/components/ui/atoms/button.test.tsx" name="Button &gt; renders as child component when asChild is true" time="0.009651875">
        </testcase>
        <testcase classname="src/1-presentation/components/ui/atoms/button.test.tsx" name="Button &gt; applies custom className" time="0.007642708">
        </testcase>
    </testsuite>
    <testsuite name="src/1-presentation/components/ui/atoms/card.test.tsx" timestamp="2025-12-16T06:40:27.851Z" hostname="Omer-MacBook-Air.local" tests="4" failures="0" errors="0" skipped="0" time="0.092115792">
        <testcase classname="src/1-presentation/components/ui/atoms/card.test.tsx" name="Card &gt; renders card with children" time="0.023124042">
        </testcase>
        <testcase classname="src/1-presentation/components/ui/atoms/card.test.tsx" name="Card &gt; renders complete card structure" time="0.061951833">
        </testcase>
        <testcase classname="src/1-presentation/components/ui/atoms/card.test.tsx" name="Card &gt; applies custom className" time="0.003178166">
        </testcase>
        <testcase classname="src/1-presentation/components/ui/atoms/card.test.tsx" name="Card &gt; has correct data-slot attributes" time="0.003217209">
        </testcase>
    </testsuite>
    <testsuite name="src/1-presentation/components/ui/atoms/input.test.tsx" timestamp="2025-12-16T06:40:27.851Z" hostname="Omer-MacBook-Air.local" tests="8" failures="0" errors="0" skipped="0" time="0.141867292">
        <testcase classname="src/1-presentation/components/ui/atoms/input.test.tsx" name="Input &gt; renders input element" time="0.022166917">
        </testcase>
        <testcase classname="src/1-presentation/components/ui/atoms/input.test.tsx" name="Input &gt; handles text input" time="0.085816292">
        </testcase>
        <testcase classname="src/1-presentation/components/ui/atoms/input.test.tsx" name="Input &gt; handles onChange events" time="0.019821333">
        </testcase>
        <testcase classname="src/1-presentation/components/ui/atoms/input.test.tsx" name="Input &gt; can be disabled" time="0.002321666">
        </testcase>
        <testcase classname="src/1-presentation/components/ui/atoms/input.test.tsx" name="Input &gt; supports different input types" time="0.003951792">
        </testcase>
        <testcase classname="src/1-presentation/components/ui/atoms/input.test.tsx" name="Input &gt; applies custom className" time="0.00327825">
        </testcase>
        <testcase classname="src/1-presentation/components/ui/atoms/input.test.tsx" name="Input &gt; has correct data-slot attribute" time="0.001562542">
        </testcase>
        <testcase classname="src/1-presentation/components/ui/atoms/input.test.tsx" name="Input &gt; supports aria-invalid attribute" time="0.002107042">
        </testcase>
    </testsuite>
    <testsuite name="src/1-presentation/components/features/Button/Button.test.tsx" timestamp="2025-12-16T06:40:27.852Z" hostname="Omer-MacBook-Air.local" tests="3" failures="0" errors="0" skipped="0" time="0.012771208">
        <testcase classname="src/1-presentation/components/features/Button/Button.test.tsx" name="Button Accessibility &gt; should have no accessibility violations" time="0.008199084">
        </testcase>
        <testcase classname="src/1-presentation/components/features/Button/Button.test.tsx" name="Button Accessibility &gt; should have accessible name" time="0.002381667">
        </testcase>
        <testcase classname="src/1-presentation/components/features/Button/Button.test.tsx" name="Button Accessibility &gt; should be keyboard accessible" time="0.001593541">
        </testcase>
    </testsuite>
    <testsuite name="src/1-presentation/components/features/availability/AvailabilityManagement.test.tsx" timestamp="2025-12-16T06:40:27.852Z" hostname="Omer-MacBook-Air.local" tests="10" failures="0" errors="0" skipped="0" time="0.321680042">
        <testcase classname="src/1-presentation/components/features/availability/AvailabilityManagement.test.tsx" name="AvailabilityManagement &gt; renders availability management component" time="0.038848292">
        </testcase>
        <testcase classname="src/1-presentation/components/features/availability/AvailabilityManagement.test.tsx" name="AvailabilityManagement &gt; displays program selector" time="0.007635833">
        </testcase>
        <testcase classname="src/1-presentation/components/features/availability/AvailabilityManagement.test.tsx" name="AvailabilityManagement &gt; shows add availability button" time="0.071254208">
        </testcase>
        <testcase classname="src/1-presentation/components/features/availability/AvailabilityManagement.test.tsx" name="AvailabilityManagement &gt; shows add unavailable date button" time="0.021538125">
        </testcase>
        <testcase classname="src/1-presentation/components/features/availability/AvailabilityManagement.test.tsx" name="AvailabilityManagement &gt; opens availability dialog when add button is clicked" time="0.078303417">
        </testcase>
        <testcase classname="src/1-presentation/components/features/availability/AvailabilityManagement.test.tsx" name="AvailabilityManagement &gt; opens unavailable date dialog when add button is clicked" time="0.0579615">
        </testcase>
        <testcase classname="src/1-presentation/components/features/availability/AvailabilityManagement.test.tsx" name="AvailabilityManagement &gt; displays existing availability rules" time="0.009924292">
        </testcase>
        <testcase classname="src/1-presentation/components/features/availability/AvailabilityManagement.test.tsx" name="AvailabilityManagement &gt; displays existing unavailable dates" time="0.020898334">
        </testcase>
        <testcase classname="src/1-presentation/components/features/availability/AvailabilityManagement.test.tsx" name="AvailabilityManagement &gt; shows loading state" time="0.007363084">
        </testcase>
        <testcase classname="src/1-presentation/components/features/availability/AvailabilityManagement.test.tsx" name="AvailabilityManagement &gt; shows empty state when no availability rules" time="0.006850292">
        </testcase>
    </testsuite>
    <testsuite name="src/1-presentation/components/features/calendar/UnifiedCalendar.test.tsx" timestamp="2025-12-16T06:40:27.852Z" hostname="Omer-MacBook-Air.local" tests="8" failures="0" errors="0" skipped="0" time="0.375936542">
        <testcase classname="src/1-presentation/components/features/calendar/UnifiedCalendar.test.tsx" name="UnifiedCalendar &gt; renders calendar with events" time="0.081295542">
            <system-out>
📅 [UnifiedCalendar] Total calendar events: 1
📅 [UnifiedCalendar] Availability rules: 0
📅 [UnifiedCalendar] Availability events created: 0
📅 [UnifiedCalendar] Unavailable dates: 0
📅 [UnifiedCalendar] Unavailable events created: 0
📅 [UnifiedCalendar] Visible date range: not set (using current month)

            </system-out>
            <system-err>
React does not recognize the `initialView` prop on a DOM element. If you intentionally want it to appear in the DOM as a custom attribute, spell it as lowercase `initialview` instead. If you accidentally passed it from a parent component, remove it from the DOM element.
React does not recognize the `headerToolbar` prop on a DOM element. If you intentionally want it to appear in the DOM as a custom attribute, spell it as lowercase `headertoolbar` instead. If you accidentally passed it from a parent component, remove it from the DOM element.
React does not recognize the `buttonText` prop on a DOM element. If you intentionally want it to appear in the DOM as a custom attribute, spell it as lowercase `buttontext` instead. If you accidentally passed it from a parent component, remove it from the DOM element.
Received `false` for a non-boolean attribute `selectable`.

If you want to write it to the DOM, pass a string instead: selectable=&quot;false&quot; or selectable={value.toString()}.

If you used to conditionally omit it with selectable={condition &amp;&amp; value}, pass selectable={condition ? value : undefined} instead.
React does not recognize the `datesSet` prop on a DOM element. If you intentionally want it to appear in the DOM as a custom attribute, spell it as lowercase `datesset` instead. If you accidentally passed it from a parent component, remove it from the DOM element.
React does not recognize the `viewDidMount` prop on a DOM element. If you intentionally want it to appear in the DOM as a custom attribute, spell it as lowercase `viewdidmount` instead. If you accidentally passed it from a parent component, remove it from the DOM element.
React does not recognize the `firstDay` prop on a DOM element. If you intentionally want it to appear in the DOM as a custom attribute, spell it as lowercase `firstday` instead. If you accidentally passed it from a parent component, remove it from the DOM element.
React does not recognize the `weekNumbers` prop on a DOM element. If you intentionally want it to appear in the DOM as a custom attribute, spell it as lowercase `weeknumbers` instead. If you accidentally passed it from a parent component, remove it from the DOM element.
React does not recognize the `weekNumberCalculation` prop on a DOM element. If you intentionally want it to appear in the DOM as a custom attribute, spell it as lowercase `weeknumbercalculation` instead. If you accidentally passed it from a parent component, remove it from the DOM element.
React does not recognize the `eventDisplay` prop on a DOM element. If you intentionally want it to appear in the DOM as a custom attribute, spell it as lowercase `eventdisplay` instead. If you accidentally passed it from a parent component, remove it from the DOM element.
React does not recognize the `eventContent` prop on a DOM element. If you intentionally want it to appear in the DOM as a custom attribute, spell it as lowercase `eventcontent` instead. If you accidentally passed it from a parent component, remove it from the DOM element.
React does not recognize the `dayMaxEvents` prop on a DOM element. If you intentionally want it to appear in the DOM as a custom attribute, spell it as lowercase `daymaxevents` instead. If you accidentally passed it from a parent component, remove it from the DOM element.
React does not recognize the `moreLinkClick` prop on a DOM element. If you intentionally want it to appear in the DOM as a custom attribute, spell it as lowercase `morelinkclick` instead. If you accidentally passed it from a parent component, remove it from the DOM element.
React does not recognize the `dayMaxEventRows` prop on a DOM element. If you intentionally want it to appear in the DOM as a custom attribute, spell it as lowercase `daymaxeventrows` instead. If you accidentally passed it from a parent component, remove it from the DOM element.
React does not recognize the `eventClassNames` prop on a DOM element. If you intentionally want it to appear in the DOM as a custom attribute, spell it as lowercase `eventclassnames` instead. If you accidentally passed it from a parent component, remove it from the DOM element.
React does not recognize the `eventDidMount` prop on a DOM element. If you intentionally want it to appear in the DOM as a custom attribute, spell it as lowercase `eventdidmount` instead. If you accidentally passed it from a parent component, remove it from the DOM element.
React does not recognize the `eventTimeFormat` prop on a DOM element. If you intentionally want it to appear in the DOM as a custom attribute, spell it as lowercase `eventtimeformat` instead. If you accidentally passed it from a parent component, remove it from the DOM element.
React does not recognize the `slotMinTime` prop on a DOM element. If you intentionally want it to appear in the DOM as a custom attribute, spell it as lowercase `slotmintime` instead. If you accidentally passed it from a parent component, remove it from the DOM element.
React does not recognize the `slotMaxTime` prop on a DOM element. If you intentionally want it to appear in the DOM as a custom attribute, spell it as lowercase `slotmaxtime` instead. If you accidentally passed it from a parent component, remove it from the DOM element.
React does not recognize the `allDaySlot` prop on a DOM element. If you intentionally want it to appear in the DOM as a custom attribute, spell it as lowercase `alldayslot` instead. If you accidentally passed it from a parent component, remove it from the DOM element.
React does not recognize the `nowIndicator` prop on a DOM element. If you intentionally want it to appear in the DOM as a custom attribute, spell it as lowercase `nowindicator` instead. If you accidentally passed it from a parent component, remove it from the DOM element.
Received `false` for a non-boolean attribute `editable`.

If you want to write it to the DOM, pass a string instead: editable=&quot;false&quot; or editable={value.toString()}.

If you used to conditionally omit it with editable={condition &amp;&amp; value}, pass editable={condition ? value : undefined} instead.
Received `false` for a non-boolean attribute `droppable`.

If you want to write it to the DOM, pass a string instead: droppable=&quot;false&quot; or droppable={value.toString()}.

If you used to conditionally omit it with droppable={condition &amp;&amp; value}, pass droppable={condition ? value : undefined} instead.
React does not recognize the `eventStartEditable` prop on a DOM element. If you intentionally want it to appear in the DOM as a custom attribute, spell it as lowercase `eventstarteditable` instead. If you accidentally passed it from a parent component, remove it from the DOM element.
React does not recognize the `eventDurationEditable` prop on a DOM element. If you intentionally want it to appear in the DOM as a custom attribute, spell it as lowercase `eventdurationeditable` instead. If you accidentally passed it from a parent component, remove it from the DOM element.
Invalid value for prop `select` on &lt;div&gt; tag. Either remove it from the element, or pass a string or number value to keep it in the DOM. For details, see https://react.dev/link/attribute-behavior 
Received `true` for a non-boolean attribute `jsx`.

If you want to write it to the DOM, pass a string instead: jsx=&quot;true&quot; or jsx={value.toString()}.
Received `true` for a non-boolean attribute `global`.

If you want to write it to the DOM, pass a string instead: global=&quot;true&quot; or global={value.toString()}.

            </system-err>
        </testcase>
        <testcase classname="src/1-presentation/components/features/calendar/UnifiedCalendar.test.tsx" name="UnifiedCalendar &gt; renders calendar with appointments" time="0.030694875">
            <system-out>
✅ [UnifiedCalendar] Adding appointment to calendar: {
  id: &apos;appointment-1&apos;,
  title: &apos;Test Appointment&apos;,
  status: &apos;approved&apos;,
  start: &apos;2025-02-02T10:00:00.000Z&apos;,
  end: &apos;2025-02-02T11:00:00.000Z&apos;
}
📅 [UnifiedCalendar] Total calendar events: 1
📅 [UnifiedCalendar] Availability rules: 0
📅 [UnifiedCalendar] Availability events created: 0
📅 [UnifiedCalendar] Unavailable dates: 0
📅 [UnifiedCalendar] Unavailable events created: 0
📅 [UnifiedCalendar] Visible date range: not set (using current month)

            </system-out>
        </testcase>
        <testcase classname="src/1-presentation/components/features/calendar/UnifiedCalendar.test.tsx" name="UnifiedCalendar &gt; renders calendar with both events and appointments" time="0.030377917">
            <system-out>
✅ [UnifiedCalendar] Adding appointment to calendar: {
  id: &apos;appointment-1&apos;,
  title: &apos;Test Appointment&apos;,
  status: &apos;approved&apos;,
  start: &apos;2025-02-02T10:00:00.000Z&apos;,
  end: &apos;2025-02-02T11:00:00.000Z&apos;
}
📅 [UnifiedCalendar] Total calendar events: 2
📅 [UnifiedCalendar] Availability rules: 0
📅 [UnifiedCalendar] Availability events created: 0
📅 [UnifiedCalendar] Unavailable dates: 0
📅 [UnifiedCalendar] Unavailable events created: 0
📅 [UnifiedCalendar] Visible date range: not set (using current month)

            </system-out>
        </testcase>
        <testcase classname="src/1-presentation/components/features/calendar/UnifiedCalendar.test.tsx" name="UnifiedCalendar &gt; calls onEventClick when event is clicked" time="0.086644334">
            <system-out>
📅 [UnifiedCalendar] Total calendar events: 1
📅 [UnifiedCalendar] Availability rules: 0
📅 [UnifiedCalendar] Availability events created: 0
📅 [UnifiedCalendar] Unavailable dates: 0
📅 [UnifiedCalendar] Unavailable events created: 0
📅 [UnifiedCalendar] Visible date range: not set (using current month)

            </system-out>
        </testcase>
        <testcase classname="src/1-presentation/components/features/calendar/UnifiedCalendar.test.tsx" name="UnifiedCalendar &gt; calls onAppointmentClick when appointment is clicked" time="0.039906292">
            <system-out>
✅ [UnifiedCalendar] Adding appointment to calendar: {
  id: &apos;appointment-1&apos;,
  title: &apos;Test Appointment&apos;,
  status: &apos;approved&apos;,
  start: &apos;2025-02-02T10:00:00.000Z&apos;,
  end: &apos;2025-02-02T11:00:00.000Z&apos;
}
📅 [UnifiedCalendar] Total calendar events: 1
📅 [UnifiedCalendar] Availability rules: 0
📅 [UnifiedCalendar] Availability events created: 0
📅 [UnifiedCalendar] Unavailable dates: 0
📅 [UnifiedCalendar] Unavailable events created: 0
📅 [UnifiedCalendar] Visible date range: not set (using current month)

            </system-out>
        </testcase>
        <testcase classname="src/1-presentation/components/features/calendar/UnifiedCalendar.test.tsx" name="UnifiedCalendar &gt; filters events by type" time="0.047380541">
            <system-out>
✅ [UnifiedCalendar] Adding appointment to calendar: {
  id: &apos;appointment-1&apos;,
  title: &apos;Test Appointment&apos;,
  status: &apos;approved&apos;,
  start: &apos;2025-02-02T10:00:00.000Z&apos;,
  end: &apos;2025-02-02T11:00:00.000Z&apos;
}
📅 [UnifiedCalendar] Total calendar events: 2
📅 [UnifiedCalendar] Availability rules: 0
📅 [UnifiedCalendar] Availability events created: 0
📅 [UnifiedCalendar] Unavailable dates: 0
📅 [UnifiedCalendar] Unavailable events created: 0
📅 [UnifiedCalendar] Visible date range: not set (using current month)

            </system-out>
        </testcase>
        <testcase classname="src/1-presentation/components/features/calendar/UnifiedCalendar.test.tsx" name="UnifiedCalendar &gt; displays availability rules" time="0.024522833">
            <system-out>
✅ [UnifiedCalendar] Adding availability event: {
  id: &apos;availability-1-2025-11-30&apos;,
  start: &apos;2025-12-01T06:00:00.000Z&apos;,
  end: &apos;2025-12-01T14:00:00.000Z&apos;,
  dayOfWeek: 1,
  display: &apos;block&apos;
}
✅ [UnifiedCalendar] Adding availability event: {
  id: &apos;availability-1-2025-12-07&apos;,
  start: &apos;2025-12-08T06:00:00.000Z&apos;,
  end: &apos;2025-12-08T14:00:00.000Z&apos;,
  dayOfWeek: 1,
  display: &apos;block&apos;
}
✅ [UnifiedCalendar] Adding availability event: {
  id: &apos;availability-1-2025-12-14&apos;,
  start: &apos;2025-12-15T06:00:00.000Z&apos;,
  end: &apos;2025-12-15T14:00:00.000Z&apos;,
  dayOfWeek: 1,
  display: &apos;block&apos;
}
✅ [UnifiedCalendar] Adding availability event: {
  id: &apos;availability-1-2025-12-21&apos;,
  start: &apos;2025-12-22T06:00:00.000Z&apos;,
  end: &apos;2025-12-22T14:00:00.000Z&apos;,
  dayOfWeek: 1,
  display: &apos;block&apos;
}
✅ [UnifiedCalendar] Adding availability event: {
  id: &apos;availability-1-2025-12-28&apos;,
  start: &apos;2025-12-29T06:00:00.000Z&apos;,
  end: &apos;2025-12-29T14:00:00.000Z&apos;,
  dayOfWeek: 1,
  display: &apos;block&apos;
}
📅 [UnifiedCalendar] Total calendar events: 5
📅 [UnifiedCalendar] Availability rules: 1
📅 [UnifiedCalendar] Availability events created: 5
📅 [UnifiedCalendar] Unavailable dates: 0
📅 [UnifiedCalendar] Unavailable events created: 0
📅 [UnifiedCalendar] Visible date range: not set (using current month)
📅 [UnifiedCalendar] Sample availability events: [
  {
    id: &apos;availability-1-2025-11-30&apos;,
    start: &apos;2025-12-01T06:00:00.000Z&apos;,
    end: &apos;2025-12-01T14:00:00.000Z&apos;,
    display: &apos;block&apos;
  },
  {
    id: &apos;availability-1-2025-12-07&apos;,
    start: &apos;2025-12-08T06:00:00.000Z&apos;,
    end: &apos;2025-12-08T14:00:00.000Z&apos;,
    display: &apos;block&apos;
  },
  {
    id: &apos;availability-1-2025-12-14&apos;,
    start: &apos;2025-12-15T06:00:00.000Z&apos;,
    end: &apos;2025-12-15T14:00:00.000Z&apos;,
    display: &apos;block&apos;
  }
]

            </system-out>
        </testcase>
        <testcase classname="src/1-presentation/components/features/calendar/UnifiedCalendar.test.tsx" name="UnifiedCalendar &gt; displays unavailable dates" time="0.034197792">
            <system-out>
❌ [UnifiedCalendar] Adding unavailable event: {
  id: &apos;unavailable-2025-02-05T00:00:00.000Z&apos;,
  start: &apos;2025-02-05T00:00:00.000Z&apos;,
  end: &apos;2025-02-05T23:59:59.000Z&apos;,
  display: &apos;block&apos;
}
📅 [UnifiedCalendar] Total calendar events: 1
📅 [UnifiedCalendar] Availability rules: 0
📅 [UnifiedCalendar] Availability events created: 0
📅 [UnifiedCalendar] Unavailable dates: 1
📅 [UnifiedCalendar] Unavailable events created: 1
📅 [UnifiedCalendar] Visible date range: not set (using current month)

            </system-out>
        </testcase>
    </testsuite>
    <testsuite name="src/1-presentation/components/features/appointments/AppointmentList.test.tsx" timestamp="2025-12-16T06:40:27.853Z" hostname="Omer-MacBook-Air.local" tests="10" failures="0" errors="0" skipped="0" time="0.353973709">
        <testcase classname="src/1-presentation/components/features/appointments/AppointmentList.test.tsx" name="AppointmentList &gt; renders appointment list" time="0.121973417">
        </testcase>
        <testcase classname="src/1-presentation/components/features/appointments/AppointmentList.test.tsx" name="AppointmentList &gt; displays appointment details" time="0.024123958">
        </testcase>
        <testcase classname="src/1-presentation/components/features/appointments/AppointmentList.test.tsx" name="AppointmentList &gt; shows loading state" time="0.002750583">
        </testcase>
        <testcase classname="src/1-presentation/components/features/appointments/AppointmentList.test.tsx" name="AppointmentList &gt; shows empty state when no appointments" time="0.020054791">
        </testcase>
        <testcase classname="src/1-presentation/components/features/appointments/AppointmentList.test.tsx" name="AppointmentList &gt; filters appointments by status" time="0.032781417">
        </testcase>
        <testcase classname="src/1-presentation/components/features/appointments/AppointmentList.test.tsx" name="AppointmentList &gt; searches appointments" time="0.069553167">
        </testcase>
        <testcase classname="src/1-presentation/components/features/appointments/AppointmentList.test.tsx" name="AppointmentList &gt; calls onAppointmentClick when appointment is clicked" time="0.030576041">
        </testcase>
        <testcase classname="src/1-presentation/components/features/appointments/AppointmentList.test.tsx" name="AppointmentList &gt; handles pagination" time="0.019050834">
        </testcase>
        <testcase classname="src/1-presentation/components/features/appointments/AppointmentList.test.tsx" name="AppointmentList &gt; filters by consultantId when provided" time="0.017285334">
        </testcase>
        <testcase classname="src/1-presentation/components/features/appointments/AppointmentList.test.tsx" name="AppointmentList &gt; filters by companyId when provided" time="0.014853917">
        </testcase>
    </testsuite>
    <testsuite name="src/1-presentation/components/features/appointments/AppointmentRequestForm.test.tsx" timestamp="2025-12-16T06:40:27.854Z" hostname="Omer-MacBook-Air.local" tests="6" failures="0" errors="0" skipped="0" time="0.771907125">
        <testcase classname="src/1-presentation/components/features/appointments/AppointmentRequestForm.test.tsx" name="AppointmentRequestForm &gt; renders form fields" time="0.051117917">
            <system-out>
🔍 [AppointmentRequestForm] Fetching company: company-1

📦 [AppointmentRequestForm] Company response: {
  success: true,
  programId: &apos;program-1&apos;,
  companyData: { programId: &apos;program-1&apos; }
}
🔍 [AppointmentRequestForm] Fetching consultants for program: program-1

👥 [AppointmentRequestForm] Consultants response: {
  success: true,
  count: 1,
  consultants: [
    {
      id: &apos;consultant-1&apos;,
      fullName: &apos;Test Consultant&apos;,
      email: &apos;test@test.com&apos;
    }
  ],
  error: undefined
}
✅ [AppointmentRequestForm] Mapped consultants: [
  {
    id: &apos;consultant-1&apos;,
    fullName: &apos;Test Consultant&apos;,
    email: &apos;test@test.com&apos;
  }
]

            </system-out>
        </testcase>
        <testcase classname="src/1-presentation/components/features/appointments/AppointmentRequestForm.test.tsx" name="AppointmentRequestForm &gt; displays loading state when fetching consultants" time="0.010032083">
            <system-out>
🔍 [AppointmentRequestForm] Fetching company: company-1

📦 [AppointmentRequestForm] Company response: {
  success: true,
  programId: &apos;program-1&apos;,
  companyData: { programId: &apos;program-1&apos; }
}
🔍 [AppointmentRequestForm] Fetching consultants for program: program-1

👥 [AppointmentRequestForm] Consultants response: {
  success: undefined,
  count: 0,
  consultants: undefined,
  error: undefined
}

            </system-out>
            <system-err>
❌ [AppointmentRequestForm] Consultants fetch failed: undefined

            </system-err>
        </testcase>
        <testcase classname="src/1-presentation/components/features/appointments/AppointmentRequestForm.test.tsx" name="AppointmentRequestForm &gt; shows error when company has no program" time="0.012903125">
            <system-out>
🔍 [AppointmentRequestForm] Fetching company: company-1

📦 [AppointmentRequestForm] Company response: { success: true, programId: undefined, companyData: {} }

            </system-out>
            <system-err>
❌ [AppointmentRequestForm] Company has no programId: {}

            </system-err>
        </testcase>
        <testcase classname="src/1-presentation/components/features/appointments/AppointmentRequestForm.test.tsx" name="AppointmentRequestForm &gt; allows user to fill form fields" time="0.129092041">
            <system-out>
🔍 [AppointmentRequestForm] Fetching company: company-1

📦 [AppointmentRequestForm] Company response: {
  success: true,
  programId: &apos;program-1&apos;,
  companyData: { programId: &apos;program-1&apos; }
}
🔍 [AppointmentRequestForm] Fetching consultants for program: program-1

👥 [AppointmentRequestForm] Consultants response: {
  success: true,
  count: 1,
  consultants: [
    {
      id: &apos;consultant-1&apos;,
      fullName: &apos;Test Consultant&apos;,
      email: &apos;consultant@test.com&apos;
    }
  ],
  error: undefined
}
✅ [AppointmentRequestForm] Mapped consultants: [
  {
    id: &apos;consultant-1&apos;,
    fullName: &apos;Test Consultant&apos;,
    email: &apos;consultant@test.com&apos;
  }
]

            </system-out>
        </testcase>
        <testcase classname="src/1-presentation/components/features/appointments/AppointmentRequestForm.test.tsx" name="AppointmentRequestForm &gt; calls onSuccess callback after successful submission" time="0.421699542">
            <system-out>
🔍 [AppointmentRequestForm] Fetching company: company-1

📦 [AppointmentRequestForm] Company response: {
  success: true,
  programId: &apos;123e4567-e89b-12d3-a456-426614174000&apos;,
  companyData: {
    id: &apos;company-1&apos;,
    programId: &apos;123e4567-e89b-12d3-a456-426614174000&apos;,
    program_id: &apos;123e4567-e89b-12d3-a456-426614174000&apos;,
    name: &apos;Test Company&apos;
  }
}
🔍 [AppointmentRequestForm] Fetching consultants for program: 123e4567-e89b-12d3-a456-426614174000

👥 [AppointmentRequestForm] Consultants response: {
  success: true,
  count: 1,
  consultants: [
    {
      id: &apos;123e4567-e89b-12d3-a456-426614174001&apos;,
      fullName: &apos;Test Consultant&apos;,
      email: &apos;consultant@test.com&apos;
    }
  ],
  error: undefined
}
✅ [AppointmentRequestForm] Mapped consultants: [
  {
    id: &apos;123e4567-e89b-12d3-a456-426614174001&apos;,
    fullName: &apos;Test Consultant&apos;,
    email: &apos;consultant@test.com&apos;
  }
]

📤 [AppointmentRequestForm] Submitting appointment request: {
  consultantId: &apos;123e4567-e89b-12d3-a456-426614174001&apos;,
  companyId: &apos;company-1&apos;,
  programId: &apos;123e4567-e89b-12d3-a456-426614174000&apos;,
  title: &apos;Test Appointment&apos;,
  startTime: &apos;2026-02-16T07:00:00.000Z&apos;,
  endTime: &apos;2026-02-16T08:00:00.000Z&apos;
}

✅ [AppointmentRequestForm] Appointment created successfully: { id: &apos;appointment-1&apos; }

            </system-out>
        </testcase>
        <testcase classname="src/1-presentation/components/features/appointments/AppointmentRequestForm.test.tsx" name="AppointmentRequestForm &gt; calls onCancel callback when cancel button is clicked" time="0.146209208">
            <system-out>
🔍 [AppointmentRequestForm] Fetching company: company-1

📦 [AppointmentRequestForm] Company response: {
  success: true,
  programId: &apos;123e4567-e89b-12d3-a456-426614174000&apos;,
  companyData: {
    id: &apos;company-1&apos;,
    programId: &apos;123e4567-e89b-12d3-a456-426614174000&apos;,
    program_id: &apos;123e4567-e89b-12d3-a456-426614174000&apos;,
    name: &apos;Test Company&apos;
  }
}
🔍 [AppointmentRequestForm] Fetching consultants for program: 123e4567-e89b-12d3-a456-426614174000

👥 [AppointmentRequestForm] Consultants response: {
  success: true,
  count: 1,
  consultants: [
    {
      id: &apos;consultant-1&apos;,
      fullName: &apos;Test Consultant&apos;,
      email: &apos;test@test.com&apos;
    }
  ],
  error: undefined
}
✅ [AppointmentRequestForm] Mapped consultants: [
  {
    id: &apos;consultant-1&apos;,
    fullName: &apos;Test Consultant&apos;,
    email: &apos;test@test.com&apos;
  }
]

            </system-out>
        </testcase>
    </testsuite>
    <testsuite name="src/1-presentation/components/features/appointments/AppointmentStatusBadge.test.tsx" timestamp="2025-12-16T06:40:27.855Z" hostname="Omer-MacBook-Air.local" tests="5" failures="0" errors="0" skipped="0" time="0.037113958">
        <testcase classname="src/1-presentation/components/features/appointments/AppointmentStatusBadge.test.tsx" name="AppointmentStatusBadge &gt; renders pending status badge" time="0.023298083">
        </testcase>
        <testcase classname="src/1-presentation/components/features/appointments/AppointmentStatusBadge.test.tsx" name="AppointmentStatusBadge &gt; renders approved status badge" time="0.004688666">
        </testcase>
        <testcase classname="src/1-presentation/components/features/appointments/AppointmentStatusBadge.test.tsx" name="AppointmentStatusBadge &gt; renders rejected status badge" time="0.002977791">
        </testcase>
        <testcase classname="src/1-presentation/components/features/appointments/AppointmentStatusBadge.test.tsx" name="AppointmentStatusBadge &gt; renders completed status badge" time="0.002319917">
        </testcase>
        <testcase classname="src/1-presentation/components/features/appointments/AppointmentStatusBadge.test.tsx" name="AppointmentStatusBadge &gt; renders cancelled status badge" time="0.003067375">
        </testcase>
    </testsuite>
    <testsuite name="src/1-presentation/components/features/ecommerce/EcommerceMetricsForm.test.tsx" timestamp="2025-12-16T06:40:27.855Z" hostname="Omer-MacBook-Air.local" tests="8" failures="1" errors="0" skipped="0" time="3.813031959">
        <testcase classname="src/1-presentation/components/features/ecommerce/EcommerceMetricsForm.test.tsx" name="EcommerceMetricsForm &gt; renders component" time="0.099687042">
            <system-err>
An update to EcommerceMetricsForm inside a test was not wrapped in act(...).

When testing, code that causes React state updates should be wrapped into act(...):

act(() =&gt; {
  /* fire events that update state */
});
/* assert on the output */

This ensures that you&apos;re testing the behavior the user would see in the browser. Learn more at https://react.dev/link/wrap-tests-with-act
An update to EcommerceMetricsForm inside a test was not wrapped in act(...).

When testing, code that causes React state updates should be wrapped into act(...):

act(() =&gt; {
  /* fire events that update state */
});
/* assert on the output */

This ensures that you&apos;re testing the behavior the user would see in the browser. Learn more at https://react.dev/link/wrap-tests-with-act
An update to EcommerceMetricsForm inside a test was not wrapped in act(...).

When testing, code that causes React state updates should be wrapped into act(...):

act(() =&gt; {
  /* fire events that update state */
});
/* assert on the output */

This ensures that you&apos;re testing the behavior the user would see in the browser. Learn more at https://react.dev/link/wrap-tests-with-act
An update to EcommerceMetricsForm inside a test was not wrapped in act(...).

When testing, code that causes React state updates should be wrapped into act(...):

act(() =&gt; {
  /* fire events that update state */
});
/* assert on the output */

This ensures that you&apos;re testing the behavior the user would see in the browser. Learn more at https://react.dev/link/wrap-tests-with-act
An update to EcommerceMetricsForm inside a test was not wrapped in act(...).

When testing, code that causes React state updates should be wrapped into act(...):

act(() =&gt; {
  /* fire events that update state */
});
/* assert on the output */

This ensures that you&apos;re testing the behavior the user would see in the browser. Learn more at https://react.dev/link/wrap-tests-with-act
An update to EcommerceMetricsForm inside a test was not wrapped in act(...).

When testing, code that causes React state updates should be wrapped into act(...):

act(() =&gt; {
  /* fire events that update state */
});
/* assert on the output */

This ensures that you&apos;re testing the behavior the user would see in the browser. Learn more at https://react.dev/link/wrap-tests-with-act

            </system-err>
        </testcase>
        <testcase classname="src/1-presentation/components/features/ecommerce/EcommerceMetricsForm.test.tsx" name="EcommerceMetricsForm &gt; displays platform selection" time="0.198819125">
        </testcase>
        <testcase classname="src/1-presentation/components/features/ecommerce/EcommerceMetricsForm.test.tsx" name="EcommerceMetricsForm &gt; displays Alibaba fields when Alibaba platform is selected" time="3.233708167">
            <failure message="Found multiple elements with the text: /ziyaretçi/i

Here are the matching elements:

Ignored nodes: comments, script, style
[36m&lt;label[39m
  [33mclass[39m=[32m&quot;text-sm font-medium leading-none peer-disabled:cursor-not-allowed peer-disabled:opacity-70&quot;[39m
  [33mfor[39m=[32m&quot;alibabaVisitors&quot;[39m
[36m&gt;[39m
  [0mZiyaretçi Sayısı[0m
[36m&lt;/label&gt;[39m

Ignored nodes: comments, script, style
[36m&lt;label[39m
  [33mclass[39m=[32m&quot;text-sm font-medium leading-none peer-disabled:cursor-not-allowed peer-disabled:opacity-70&quot;[39m
  [33mfor[39m=[32m&quot;alibabaVisitorSectorAvg&quot;[39m
[36m&gt;[39m
  [0mZiyaretçi (Sektör Ort)[0m
[36m&lt;/label&gt;[39m

(If this is intentional, then use the `*AllBy*` variant of the query (like `queryAllByText`, `getAllByText`, or `findAllByText`)).

Ignored nodes: comments, script, style
[36m&lt;body&gt;[39m
  [36m&lt;div&gt;[39m
    [36m&lt;form[39m
      [33mclass[39m=[32m&quot;space-y-6&quot;[39m
    [36m&gt;[39m
      [36m&lt;div[39m
        [33mclass[39m=[32m&quot;grid grid-cols-1 md:grid-cols-3 gap-4&quot;[39m
      [36m&gt;[39m
        [36m&lt;div[39m
          [33mclass[39m=[32m&quot;space-y-2&quot;[39m
        [36m&gt;[39m
          [36m&lt;label[39m
            [33mclass[39m=[32m&quot;text-sm font-medium leading-none peer-disabled:cursor-not-allowed peer-disabled:opacity-70&quot;[39m
            [33mfor[39m=[32m&quot;periodYear&quot;[39m
          [36m&gt;[39m
            [0mYıl *[0m
          [36m&lt;/label&gt;[39m
          [36m&lt;button[39m
            [33maria-autocomplete[39m=[32m&quot;none&quot;[39m
            [33maria-controls[39m=[32m&quot;radix-_r_1g_&quot;[39m
            [33maria-expanded[39m=[32m&quot;false&quot;[39m
            [33mclass[39m=[32m&quot;flex h-10 w-full items-center justify-between rounded-lg border border-gray-300 dark:border-gray-700 bg-gray-50 dark:bg-gray-900 px-3 py-2 text-sm placeholder:text-gray-400 dark:placeholder:text-gray-500 focus:outline-none focus:ring-2 focus:ring-primary/20 focus:border-primary disabled:cursor-not-allowed disabled:opacity-50 [&amp;&gt;span]:line-clamp-1&quot;[39m
            [33mdata-state[39m=[32m&quot;closed&quot;[39m
            [33mdir[39m=[32m&quot;ltr&quot;[39m
            [33mrole[39m=[32m&quot;combobox&quot;[39m
            [33mtype[39m=[32m&quot;button&quot;[39m
          [36m&gt;[39m
            [36m&lt;span[39m
              [33mstyle[39m=[32m&quot;pointer-events: none;&quot;[39m
            [36m&gt;[39m
              [0m2025[0m
            [36m&lt;/span&gt;[39m
            [36m&lt;svg[39m
              [33maria-hidden[39m=[32m&quot;true&quot;[39m
              [33mclass[39m=[32m&quot;lucide lucide-chevron-down h-4 w-4 opacity-50&quot;[39m
              [33mfill[39m=[32m&quot;none&quot;[39m
              [33mheight[39m=[32m&quot;24&quot;[39m
              [33mstroke[39m=[32m&quot;currentColor&quot;[39m
              [33mstroke-linecap[39m=[32m&quot;round&quot;[39m
              [33mstroke-linejoin[39m=[32m&quot;round&quot;[39m
              [33mstroke-width[39m=[32m&quot;2&quot;[39m
              [33mviewBox[39m=[32m&quot;0 0 24 24&quot;[39m
              [33mwidth[39m=[32m&quot;24&quot;[39m
              [33mxmlns[39m=[32m&quot;http://www.w3.org/2000/svg&quot;[39m
            [36m&gt;[39m
              [36m&lt;path[39m
                [33md[39m=[32m&quot;m6 9 6 6 6-6&quot;[39m
              [36m/&gt;[39m
            [36m&lt;/svg&gt;[39m
          [36m&lt;/button&gt;[39m
          [36m&lt;select[39m
            [33maria-hidden[39m=[32m&quot;true&quot;[39m
            [33mstyle[39m=[32m&quot;position: absolute; border: 0px; width: 1px; height: 1px; padding: 0px; margin: -1px; overflow: hidden; clip: rect(0px, 0px, 0px, 0px); white-space: nowrap; word-wrap: normal;&quot;[39m
            [33mtabindex[39m=[32m&quot;-1&quot;[39m
          [36m&gt;[39m
            [36m&lt;option[39m
              [33mselected[39m=[32m&quot;&quot;[39m
              [33mvalue[39m=[32m&quot;2025&quot;[39m
            [36m&gt;[39m
              [0m2025[0m
            [36m&lt;/option&gt;[39m
            [36m&lt;option[39m
              [33mvalue[39m=[32m&quot;2024&quot;[39m
            [36m&gt;[39m
              [0m2024[0m
            [36m&lt;/option&gt;[39m
            [36m&lt;option[39m
              [33mvalue[39m=[32m&quot;2023&quot;[39m
            [36m&gt;[39m
              [0m2023[0m
            [36m&lt;/option&gt;[39m
          [36m&lt;/select&gt;[39m
        [36m&lt;/div&gt;[39m
        [36m&lt;div[39m
          [33mclass[39m=[32m&quot;space-y-2&quot;[39m
        [36m&gt;[39m
          [36m&lt;label[39m
            [33mclass[39m=[32m&quot;text-sm font-medium leading-none peer-disabled:cursor-not-allowed peer-disabled:opacity-70&quot;[39m
            [33mfor[39m=[32m&quot;periodMonth&quot;[39m
          [36m&gt;[39m
            [0mAy *[0m
          [36m&lt;/label&gt;[39m
          [36m&lt;button[39m
            [33maria-autocomplete[39m=[32m&quot;none&quot;[39m
            [33maria-controls[39m=[32m&quot;radix-_r_1h_&quot;[39m
            [33maria-expanded[39m=[32m&quot;false&quot;[39m
            [33mclass[39m=[32m&quot;flex h-10 w-full items-center justify-between rounded-lg border border-gray-300 dark:border-gray-700 bg-gray-50 dark:bg-gray-900 px-3 py-2 text-sm placeholder:text-gray-400 dark:placeholder:text-gray-500 focus:outline-none focus:ring-2 focus:ring-primary/20 focus:border-primary disabled:cursor-not-allowed disabled:opacity-50 [&amp;&gt;span]:line-clamp-1&quot;[39m
            [33mdata-state[39m=[32m&quot;closed&quot;[39m
            [33mdir[39m=[32m&quot;ltr&quot;[39m
            [33mrole[39m=[32m&quot;combobox&quot;[39m
            [33mtype[39m=[32m&quot;button&quot;[39m
          [36m&gt;[39m
            [36m&lt;span[39m
              [33mstyle[39m=[32m&quot;pointer-events: none;&quot;[39m
            [36m&gt;[39m
              [0mAralık[0m
            [36m&lt;/span&gt;[39m
            [36m&lt;svg[39m
              [33maria-hidden[39m=[32m&quot;true&quot;[39m
              [33mclass[39m=[32m&quot;lucide lucide-chevron-down h-4 w-4 opacity-50&quot;[39m
              [33mfill[39m=[32m&quot;none&quot;[39m
              [33mheight[39m=[32m&quot;24&quot;[39m
              [33mstroke[39m=[32m&quot;currentColor&quot;[39m
              [33mstroke-linecap[39m=[32m&quot;round&quot;[39m
              [33mstroke-linejoin[39m=[32m&quot;round&quot;[39m
              [33mstroke-width[39m=[32m&quot;2&quot;[39m
              [33mviewBox[39m=[32m&quot;0 0 24 24&quot;[39m
              [33mwidth[39m=[32m&quot;24&quot;[39m
              [33mxmlns[39m=[32m&quot;http://www.w3.org/2000/svg&quot;[39m
            [36m&gt;[39m
              [36m&lt;path[39m
                [33md[39m=[32m&quot;m6 9 6 6 6-6&quot;[39m
              [36m/&gt;[39m
            [36m&lt;/svg&gt;[39m
          [36m&lt;/button&gt;[39m
          [36m&lt;select[39m
            [33maria-hidden[39m=[32m&quot;true&quot;[39m
            [33mstyle[39m=[32m&quot;position: absolute; border: 0px; width: 1px; height: 1px; padding: 0px; margin: -1px; overflow: hidden; clip: rect(0px, 0px, 0px, 0px); white-space: nowrap; word-wrap: normal;&quot;[39m
            [33mtabindex[39m=[32m&quot;-1&quot;[39m
          [36m&gt;[39m
            [36m&lt;option[39m
              [33mvalue[39m=[32m&quot;1&quot;[39m
            [36m&gt;[39m
              [0mOcak[0m
            [36m&lt;/option&gt;[39m
            [36m&lt;option[39m
              [33mvalue[39m=[32m&quot;2&quot;[39m
            [36m&gt;[39m
              [0mŞubat[0m
            [36m&lt;/option&gt;[39m
            [36m&lt;option[39m
              [33mvalue[39m=[32m&quot;3&quot;[39m
            [36m&gt;[39m
              [0mMart[0m
            [36m&lt;/option&gt;[39m
            [36m&lt;option[39m
              [33mvalue[39m=[32m&quot;4&quot;[39m
            [36m&gt;[39m
              [0mNisan[0m
            [36m&lt;/option&gt;[39m
            [36m&lt;option[39m
              [33mvalue[39m=[32m&quot;5&quot;[39m
            [36m&gt;[39m
              [0mMayıs[0m
            [36m&lt;/option&gt;[39m
            [36m&lt;option[39m
              [33mvalue[39m=[32m&quot;6&quot;[39m
            [36m&gt;[39m
              [0mHaziran[0m
            [36m&lt;/option&gt;[39m
            [36m&lt;option[39m
              [33mvalue[39m=[32m&quot;7&quot;[39m
            [36m&gt;[39m
              [0mTemmuz[0m
        ...

Ignored nodes: comments, script, style
[36m&lt;html[39m
  [33mclass[39m=[32m&quot;light&quot;[39m
  [33mstyle[39m=[32m&quot;color-scheme: light;&quot;[39m
[36m&gt;[39m
  [36m&lt;head /&gt;[39m
  [36m&lt;body&gt;[39m
    [36m&lt;div&gt;[39m
      [36m&lt;form[39m
        [33mclass[39m=[32m&quot;space-y-6&quot;[39m
      [36m&gt;[39m
        [36m&lt;div[39m
          [33mclass[39m=[32m&quot;grid grid-cols-1 md:grid-cols-3 gap-4&quot;[39m
        [36m&gt;[39m
          [36m&lt;div[39m
            [33mclass[39m=[32m&quot;space-y-2&quot;[39m
          [36m&gt;[39m
            [36m&lt;label[39m
              [33mclass[39m=[32m&quot;text-sm font-medium leading-none peer-disabled:cursor-not-allowed peer-disabled:opacity-70&quot;[39m
              [33mfor[39m=[32m&quot;periodYear&quot;[39m
            [36m&gt;[39m
              [0mYıl *[0m
            [36m&lt;/label&gt;[39m
            [36m&lt;button[39m
              [33maria-autocomplete[39m=[32m&quot;none&quot;[39m
              [33maria-controls[39m=[32m&quot;radix-_r_1g_&quot;[39m
              [33maria-expanded[39m=[32m&quot;false&quot;[39m
              [33mclass[39m=[32m&quot;flex h-10 w-full items-center justify-between rounded-lg border border-gray-300 dark:border-gray-700 bg-gray-50 dark:bg-gray-900 px-3 py-2 text-sm placeholder:text-gray-400 dark:placeholder:text-gray-500 focus:outline-none focus:ring-2 focus:ring-primary/20 focus:border-primary disabled:cursor-not-allowed disabled:opacity-50 [&amp;&gt;span]:line-clamp-1&quot;[39m
              [33mdata-state[39m=[32m&quot;closed&quot;[39m
              [33mdir[39m=[32m&quot;ltr&quot;[39m
              [33mrole[39m=[32m&quot;combobox&quot;[39m
              [33mtype[39m=[32m&quot;button&quot;[39m
            [36m&gt;[39m
              [36m&lt;span[39m
                [33mstyle[39m=[32m&quot;pointer-events: none;&quot;[39m
              [36m&gt;[39m
                [0m2025[0m
              [36m&lt;/span&gt;[39m
              [36m&lt;svg[39m
                [33maria-hidden[39m=[32m&quot;true&quot;[39m
                [33mclass[39m=[32m&quot;lucide lucide-chevron-down h-4 w-4 opacity-50&quot;[39m
                [33mfill[39m=[32m&quot;none&quot;[39m
                [33mheight[39m=[32m&quot;24&quot;[39m
                [33mstroke[39m=[32m&quot;currentColor&quot;[39m
                [33mstroke-linecap[39m=[32m&quot;round&quot;[39m
                [33mstroke-linejoin[39m=[32m&quot;round&quot;[39m
                [33mstroke-width[39m=[32m&quot;2&quot;[39m
                [33mviewBox[39m=[32m&quot;0 0 24 24&quot;[39m
                [33mwidth[39m=[32m&quot;24&quot;[39m
                [33mxmlns[39m=[32m&quot;http://www.w3.org/2000/svg&quot;[39m
              [36m&gt;[39m
                [36m&lt;path[39m
                  [33md[39m=[32m&quot;m6 9 6 6 6-6&quot;[39m
                [36m/&gt;[39m
              [36m&lt;/svg&gt;[39m
            [36m&lt;/button&gt;[39m
            [36m&lt;select[39m
              [33maria-hidden[39m=[32m&quot;true&quot;[39m
              [33mstyle[39m=[32m&quot;position: absolute; border: 0px; width: 1px; height: 1px; padding: 0px; margin: -1px; overflow: hidden; clip: rect(0px, 0px, 0px, 0px); white-space: nowrap; word-wrap: normal;&quot;[39m
              [33mtabindex[39m=[32m&quot;-1&quot;[39m
            [36m&gt;[39m
              [36m&lt;option[39m
                [33mselected[39m=[32m&quot;&quot;[39m
                [33mvalue[39m=[32m&quot;2025&quot;[39m
              [36m&gt;[39m
                [0m2025[0m
              [36m&lt;/option&gt;[39m
              [36m&lt;option[39m
                [33mvalue[39m=[32m&quot;2024&quot;[39m
              [36m&gt;[39m
                [0m2024[0m
              [36m&lt;/option&gt;[39m
              [36m&lt;option[39m
                [33mvalue[39m=[32m&quot;2023&quot;[39m
              [36m&gt;[39m
                [0m2023[0m
              [36m&lt;/option&gt;[39m
            [36m&lt;/select&gt;[39m
          [36m&lt;/div&gt;[39m
          [36m&lt;div[39m
            [33mclass[39m=[32m&quot;space-y-2&quot;[39m
          [36m&gt;[39m
            [36m&lt;label[39m
              [33mclass[39m=[32m&quot;text-sm font-medium leading-none peer-disabled:cursor-not-allowed peer-disabled:opacity-70&quot;[39m
              [33mfor[39m=[32m&quot;periodMonth&quot;[39m
            [36m&gt;[39m
              [0mAy *[0m
            [36m&lt;/label&gt;[39m
            [36m&lt;button[39m
              [33maria-autocomplete[39m=[32m&quot;none&quot;[39m
              [33maria-controls[39m=[32m&quot;radix-_r_1h_&quot;[39m
              [33maria-expanded[39m=[32m&quot;false&quot;[39m
              [33mclass[39m=[32m&quot;flex h-10 w-full items-center justify-between rounded-lg border border-gray-300 dark:border-gray-700 bg-gray-50 dark:bg-gray-900 px-3 py-2 text-sm placeholder:text-gray-400 dark:placeholder:text-gray-500 focus:outline-none focus:ring-2 focus:ring-primary/20 focus:border-primary disabled:cursor-not-allowed disabled:opacity-50 [&amp;&gt;span]:line-clamp-1&quot;[39m
              [33mdata-state[39m=[32m&quot;closed&quot;[39m
              [33mdir[39m=[32m&quot;ltr&quot;[39m
              [33mrole[39m=[32m&quot;combobox&quot;[39m
              [33mtype[39m=[32m&quot;button&quot;[39m
            [36m&gt;[39m
              [36m&lt;span[39m
                [33mstyle[39m=[32m&quot;pointer-events: none;&quot;[39m
              [36m&gt;[39m
                [0mAralık[0m
              [36m&lt;/span&gt;[39m
              [36m&lt;svg[39m
                [33maria-hidden[39m=[32m&quot;true&quot;[39m
                [33mclass[39m=[32m&quot;lucide lucide-chevron-down h-4 w-4 opacity-50&quot;[39m
                [33mfill[39m=[32m&quot;none&quot;[39m
                [33mheight[39m=[32m&quot;24&quot;[39m
                [33mstroke[39m=[32m&quot;currentColor&quot;[39m
                [33mstroke-linecap[39m=[32m&quot;round&quot;[39m
                [33mstroke-linejoin[39m=[32m&quot;round&quot;[39m
                [33mstroke-width[39m=[32m&quot;2&quot;[39m
                [33mviewBox[39m=[32m&quot;0 0 24 24&quot;[39m
                [33mwidth[39m=[32m&quot;24&quot;[39m
                [33mxmlns[39m=[32m&quot;http://www.w3.org/2000/svg&quot;[39m
              [36m&gt;[39m
                [36m&lt;path[39m
                  [33md[39m=[32m&quot;m6 9 6 6 6-6&quot;[39m
                [36m/&gt;[39m
              [36m&lt;/svg&gt;[39m
            [36m&lt;/button&gt;[39m
            [36m&lt;select[39m
              [33maria-hidden[39m=[32m&quot;true&quot;[39m
              [33mstyle[39m=[32m&quot;position: absolute; border: 0px; width: 1px; height: 1px; padding: 0px; margin: -1px; overflow: hidden; clip: rect(0px, 0px, 0px, 0px); white-space: nowrap; word-wrap: normal;&quot;[39m
              [33mtabindex[39m=[32m&quot;-1&quot;[39m
            [36m&gt;[39m
              [36m&lt;option[39m
                [33mvalue[39m=[32m&quot;1&quot;[39m
              [36m&gt;[39m
                [0mOcak[0m
              [36m&lt;/option&gt;[39m
              [36m&lt;option[39m
                [33mvalue[39m=[32m&quot;2&quot;[39m
              [36m&gt;[39m
                [0mŞubat[0m
              [36m&lt;/option&gt;[39m
              [36m&lt;option[39m
                [33mvalue[39m=[32m&quot;3&quot;[39m
              [36m&gt;[39m
                [0mMart[0m
              [36m&lt;/option&gt;[39m
              [36m&lt;option[39m
                [33mvalue[39m=[32m&quot;4&quot;[39m
              [36m&gt;[39m
                [0mNisan[0m
              [36m&lt;/option&gt;[39m
              [36m&lt;option[39m
     ..." type="TestingLibraryElementError">
TestingLibraryElementError: Found multiple elements with the text: /ziyaretçi/i

Here are the matching elements:

Ignored nodes: comments, script, style
&lt;label
  class=&quot;text-sm font-medium leading-none peer-disabled:cursor-not-allowed peer-disabled:opacity-70&quot;
  for=&quot;alibabaVisitors&quot;
&gt;
  Ziyaretçi Sayısı
&lt;/label&gt;

Ignored nodes: comments, script, style
&lt;label
  class=&quot;text-sm font-medium leading-none peer-disabled:cursor-not-allowed peer-disabled:opacity-70&quot;
  for=&quot;alibabaVisitorSectorAvg&quot;
&gt;
  Ziyaretçi (Sektör Ort)
&lt;/label&gt;

(If this is intentional, then use the `*AllBy*` variant of the query (like `queryAllByText`, `getAllByText`, or `findAllByText`)).

Ignored nodes: comments, script, style
&lt;body&gt;
  &lt;div&gt;
    &lt;form
      class=&quot;space-y-6&quot;
    &gt;
      &lt;div
        class=&quot;grid grid-cols-1 md:grid-cols-3 gap-4&quot;
      &gt;
        &lt;div
          class=&quot;space-y-2&quot;
        &gt;
          &lt;label
            class=&quot;text-sm font-medium leading-none peer-disabled:cursor-not-allowed peer-disabled:opacity-70&quot;
            for=&quot;periodYear&quot;
          &gt;
            Yıl *
          &lt;/label&gt;
          &lt;button
            aria-autocomplete=&quot;none&quot;
            aria-controls=&quot;radix-_r_1g_&quot;
            aria-expanded=&quot;false&quot;
            class=&quot;flex h-10 w-full items-center justify-between rounded-lg border border-gray-300 dark:border-gray-700 bg-gray-50 dark:bg-gray-900 px-3 py-2 text-sm placeholder:text-gray-400 dark:placeholder:text-gray-500 focus:outline-none focus:ring-2 focus:ring-primary/20 focus:border-primary disabled:cursor-not-allowed disabled:opacity-50 [&amp;&gt;span]:line-clamp-1&quot;
            data-state=&quot;closed&quot;
            dir=&quot;ltr&quot;
            role=&quot;combobox&quot;
            type=&quot;button&quot;
          &gt;
            &lt;span
              style=&quot;pointer-events: none;&quot;
            &gt;
              2025
            &lt;/span&gt;
            &lt;svg
              aria-hidden=&quot;true&quot;
              class=&quot;lucide lucide-chevron-down h-4 w-4 opacity-50&quot;
              fill=&quot;none&quot;
              height=&quot;24&quot;
              stroke=&quot;currentColor&quot;
              stroke-linecap=&quot;round&quot;
              stroke-linejoin=&quot;round&quot;
              stroke-width=&quot;2&quot;
              viewBox=&quot;0 0 24 24&quot;
              width=&quot;24&quot;
              xmlns=&quot;http://www.w3.org/2000/svg&quot;
            &gt;
              &lt;path
                d=&quot;m6 9 6 6 6-6&quot;
              /&gt;
            &lt;/svg&gt;
          &lt;/button&gt;
          &lt;select
            aria-hidden=&quot;true&quot;
            style=&quot;position: absolute; border: 0px; width: 1px; height: 1px; padding: 0px; margin: -1px; overflow: hidden; clip: rect(0px, 0px, 0px, 0px); white-space: nowrap; word-wrap: normal;&quot;
            tabindex=&quot;-1&quot;
          &gt;
            &lt;option
              selected=&quot;&quot;
              value=&quot;2025&quot;
            &gt;
              2025
            &lt;/option&gt;
            &lt;option
              value=&quot;2024&quot;
            &gt;
              2024
            &lt;/option&gt;
            &lt;option
              value=&quot;2023&quot;
            &gt;
              2023
            &lt;/option&gt;
          &lt;/select&gt;
        &lt;/div&gt;
        &lt;div
          class=&quot;space-y-2&quot;
        &gt;
          &lt;label
            class=&quot;text-sm font-medium leading-none peer-disabled:cursor-not-allowed peer-disabled:opacity-70&quot;
            for=&quot;periodMonth&quot;
          &gt;
            Ay *
          &lt;/label&gt;
          &lt;button
            aria-autocomplete=&quot;none&quot;
            aria-controls=&quot;radix-_r_1h_&quot;
            aria-expanded=&quot;false&quot;
            class=&quot;flex h-10 w-full items-center justify-between rounded-lg border border-gray-300 dark:border-gray-700 bg-gray-50 dark:bg-gray-900 px-3 py-2 text-sm placeholder:text-gray-400 dark:placeholder:text-gray-500 focus:outline-none focus:ring-2 focus:ring-primary/20 focus:border-primary disabled:cursor-not-allowed disabled:opacity-50 [&amp;&gt;span]:line-clamp-1&quot;
            data-state=&quot;closed&quot;
            dir=&quot;ltr&quot;
            role=&quot;combobox&quot;
            type=&quot;button&quot;
          &gt;
            &lt;span
              style=&quot;pointer-events: none;&quot;
            &gt;
              Aralık
            &lt;/span&gt;
            &lt;svg
              aria-hidden=&quot;true&quot;
              class=&quot;lucide lucide-chevron-down h-4 w-4 opacity-50&quot;
              fill=&quot;none&quot;
              height=&quot;24&quot;
              stroke=&quot;currentColor&quot;
              stroke-linecap=&quot;round&quot;
              stroke-linejoin=&quot;round&quot;
              stroke-width=&quot;2&quot;
              viewBox=&quot;0 0 24 24&quot;
              width=&quot;24&quot;
              xmlns=&quot;http://www.w3.org/2000/svg&quot;
            &gt;
              &lt;path
                d=&quot;m6 9 6 6 6-6&quot;
              /&gt;
            &lt;/svg&gt;
          &lt;/button&gt;
          &lt;select
            aria-hidden=&quot;true&quot;
            style=&quot;position: absolute; border: 0px; width: 1px; height: 1px; padding: 0px; margin: -1px; overflow: hidden; clip: rect(0px, 0px, 0px, 0px); white-space: nowrap; word-wrap: normal;&quot;
            tabindex=&quot;-1&quot;
          &gt;
            &lt;option
              value=&quot;1&quot;
            &gt;
              Ocak
            &lt;/option&gt;
            &lt;option
              value=&quot;2&quot;
            &gt;
              Şubat
            &lt;/option&gt;
            &lt;option
              value=&quot;3&quot;
            &gt;
              Mart
            &lt;/option&gt;
            &lt;option
              value=&quot;4&quot;
            &gt;
              Nisan
            &lt;/option&gt;
            &lt;option
              value=&quot;5&quot;
            &gt;
              Mayıs
            &lt;/option&gt;
            &lt;option
              value=&quot;6&quot;
            &gt;
              Haziran
            &lt;/option&gt;
            &lt;option
              value=&quot;7&quot;
            &gt;
              Temmuz
        ...

Ignored nodes: comments, script, style
&lt;html
  class=&quot;light&quot;
  style=&quot;color-scheme: light;&quot;
&gt;
  &lt;head /&gt;
  &lt;body&gt;
    &lt;div&gt;
      &lt;form
        class=&quot;space-y-6&quot;
      &gt;
        &lt;div
          class=&quot;grid grid-cols-1 md:grid-cols-3 gap-4&quot;
        &gt;
          &lt;div
            class=&quot;space-y-2&quot;
          &gt;
            &lt;label
              class=&quot;text-sm font-medium leading-none peer-disabled:cursor-not-allowed peer-disabled:opacity-70&quot;
              for=&quot;periodYear&quot;
            &gt;
              Yıl *
            &lt;/label&gt;
            &lt;button
              aria-autocomplete=&quot;none&quot;
              aria-controls=&quot;radix-_r_1g_&quot;
              aria-expanded=&quot;false&quot;
              class=&quot;flex h-10 w-full items-center justify-between rounded-lg border border-gray-300 dark:border-gray-700 bg-gray-50 dark:bg-gray-900 px-3 py-2 text-sm placeholder:text-gray-400 dark:placeholder:text-gray-500 focus:outline-none focus:ring-2 focus:ring-primary/20 focus:border-primary disabled:cursor-not-allowed disabled:opacity-50 [&amp;&gt;span]:line-clamp-1&quot;
              data-state=&quot;closed&quot;
              dir=&quot;ltr&quot;
              role=&quot;combobox&quot;
              type=&quot;button&quot;
            &gt;
              &lt;span
                style=&quot;pointer-events: none;&quot;
              &gt;
                2025
              &lt;/span&gt;
              &lt;svg
                aria-hidden=&quot;true&quot;
                class=&quot;lucide lucide-chevron-down h-4 w-4 opacity-50&quot;
                fill=&quot;none&quot;
                height=&quot;24&quot;
                stroke=&quot;currentColor&quot;
                stroke-linecap=&quot;round&quot;
                stroke-linejoin=&quot;round&quot;
                stroke-width=&quot;2&quot;
                viewBox=&quot;0 0 24 24&quot;
                width=&quot;24&quot;
                xmlns=&quot;http://www.w3.org/2000/svg&quot;
              &gt;
                &lt;path
                  d=&quot;m6 9 6 6 6-6&quot;
                /&gt;
              &lt;/svg&gt;
            &lt;/button&gt;
            &lt;select
              aria-hidden=&quot;true&quot;
              style=&quot;position: absolute; border: 0px; width: 1px; height: 1px; padding: 0px; margin: -1px; overflow: hidden; clip: rect(0px, 0px, 0px, 0px); white-space: nowrap; word-wrap: normal;&quot;
              tabindex=&quot;-1&quot;
            &gt;
              &lt;option
                selected=&quot;&quot;
                value=&quot;2025&quot;
              &gt;
                2025
              &lt;/option&gt;
              &lt;option
                value=&quot;2024&quot;
              &gt;
                2024
              &lt;/option&gt;
              &lt;option
                value=&quot;2023&quot;
              &gt;
                2023
              &lt;/option&gt;
            &lt;/select&gt;
          &lt;/div&gt;
          &lt;div
            class=&quot;space-y-2&quot;
          &gt;
            &lt;label
              class=&quot;text-sm font-medium leading-none peer-disabled:cursor-not-allowed peer-disabled:opacity-70&quot;
              for=&quot;periodMonth&quot;
            &gt;
              Ay *
            &lt;/label&gt;
            &lt;button
              aria-autocomplete=&quot;none&quot;
              aria-controls=&quot;radix-_r_1h_&quot;
              aria-expanded=&quot;false&quot;
              class=&quot;flex h-10 w-full items-center justify-between rounded-lg border border-gray-300 dark:border-gray-700 bg-gray-50 dark:bg-gray-900 px-3 py-2 text-sm placeholder:text-gray-400 dark:placeholder:text-gray-500 focus:outline-none focus:ring-2 focus:ring-primary/20 focus:border-primary disabled:cursor-not-allowed disabled:opacity-50 [&amp;&gt;span]:line-clamp-1&quot;
              data-state=&quot;closed&quot;
              dir=&quot;ltr&quot;
              role=&quot;combobox&quot;
              type=&quot;button&quot;
            &gt;
              &lt;span
                style=&quot;pointer-events: none;&quot;
              &gt;
                Aralık
              &lt;/span&gt;
              &lt;svg
                aria-hidden=&quot;true&quot;
                class=&quot;lucide lucide-chevron-down h-4 w-4 opacity-50&quot;
                fill=&quot;none&quot;
                height=&quot;24&quot;
                stroke=&quot;currentColor&quot;
                stroke-linecap=&quot;round&quot;
                stroke-linejoin=&quot;round&quot;
                stroke-width=&quot;2&quot;
                viewBox=&quot;0 0 24 24&quot;
                width=&quot;24&quot;
                xmlns=&quot;http://www.w3.org/2000/svg&quot;
              &gt;
                &lt;path
                  d=&quot;m6 9 6 6 6-6&quot;
                /&gt;
              &lt;/svg&gt;
            &lt;/button&gt;
            &lt;select
              aria-hidden=&quot;true&quot;
              style=&quot;position: absolute; border: 0px; width: 1px; height: 1px; padding: 0px; margin: -1px; overflow: hidden; clip: rect(0px, 0px, 0px, 0px); white-space: nowrap; word-wrap: normal;&quot;
              tabindex=&quot;-1&quot;
            &gt;
              &lt;option
                value=&quot;1&quot;
              &gt;
                Ocak
              &lt;/option&gt;
              &lt;option
                value=&quot;2&quot;
              &gt;
                Şubat
              &lt;/option&gt;
              &lt;option
                value=&quot;3&quot;
              &gt;
                Mart
              &lt;/option&gt;
              &lt;option
                value=&quot;4&quot;
              &gt;
                Nisan
              &lt;/option&gt;
              &lt;option
     ...
 ❯ waitForWrapper node_modules/@testing-library/dom/dist/wait-for.js:163:27
 ❯ src/1-presentation/components/features/ecommerce/EcommerceMetricsForm.test.tsx:74:11
            </failure>
            <failure message="Found multiple elements with the text: /ziyaretçi/i

Here are the matching elements:

Ignored nodes: comments, script, style
[36m&lt;label[39m
  [33mclass[39m=[32m&quot;text-sm font-medium leading-none peer-disabled:cursor-not-allowed peer-disabled:opacity-70&quot;[39m
  [33mfor[39m=[32m&quot;alibabaVisitors&quot;[39m
[36m&gt;[39m
  [0mZiyaretçi Sayısı[0m
[36m&lt;/label&gt;[39m

Ignored nodes: comments, script, style
[36m&lt;label[39m
  [33mclass[39m=[32m&quot;text-sm font-medium leading-none peer-disabled:cursor-not-allowed peer-disabled:opacity-70&quot;[39m
  [33mfor[39m=[32m&quot;alibabaVisitorSectorAvg&quot;[39m
[36m&gt;[39m
  [0mZiyaretçi (Sektör Ort)[0m
[36m&lt;/label&gt;[39m

(If this is intentional, then use the `*AllBy*` variant of the query (like `queryAllByText`, `getAllByText`, or `findAllByText`)).

Ignored nodes: comments, script, style
[36m&lt;body&gt;[39m
  [36m&lt;div&gt;[39m
    [36m&lt;form[39m
      [33mclass[39m=[32m&quot;space-y-6&quot;[39m
    [36m&gt;[39m
      [36m&lt;div[39m
        [33mclass[39m=[32m&quot;grid grid-cols-1 md:grid-cols-3 gap-4&quot;[39m
      [36m&gt;[39m
        [36m&lt;div[39m
          [33mclass[39m=[32m&quot;space-y-2&quot;[39m
        [36m&gt;[39m
          [36m&lt;label[39m
            [33mclass[39m=[32m&quot;text-sm font-medium leading-none peer-disabled:cursor-not-allowed peer-disabled:opacity-70&quot;[39m
            [33mfor[39m=[32m&quot;periodYear&quot;[39m
          [36m&gt;[39m
            [0mYıl *[0m
          [36m&lt;/label&gt;[39m
          [36m&lt;button[39m
            [33maria-autocomplete[39m=[32m&quot;none&quot;[39m
            [33maria-controls[39m=[32m&quot;radix-_r_28_&quot;[39m
            [33maria-expanded[39m=[32m&quot;false&quot;[39m
            [33mclass[39m=[32m&quot;flex h-10 w-full items-center justify-between rounded-lg border border-gray-300 dark:border-gray-700 bg-gray-50 dark:bg-gray-900 px-3 py-2 text-sm placeholder:text-gray-400 dark:placeholder:text-gray-500 focus:outline-none focus:ring-2 focus:ring-primary/20 focus:border-primary disabled:cursor-not-allowed disabled:opacity-50 [&amp;&gt;span]:line-clamp-1&quot;[39m
            [33mdata-state[39m=[32m&quot;closed&quot;[39m
            [33mdir[39m=[32m&quot;ltr&quot;[39m
            [33mrole[39m=[32m&quot;combobox&quot;[39m
            [33mtype[39m=[32m&quot;button&quot;[39m
          [36m&gt;[39m
            [36m&lt;span[39m
              [33mstyle[39m=[32m&quot;pointer-events: none;&quot;[39m
            [36m&gt;[39m
              [0m2025[0m
            [36m&lt;/span&gt;[39m
            [36m&lt;svg[39m
              [33maria-hidden[39m=[32m&quot;true&quot;[39m
              [33mclass[39m=[32m&quot;lucide lucide-chevron-down h-4 w-4 opacity-50&quot;[39m
              [33mfill[39m=[32m&quot;none&quot;[39m
              [33mheight[39m=[32m&quot;24&quot;[39m
              [33mstroke[39m=[32m&quot;currentColor&quot;[39m
              [33mstroke-linecap[39m=[32m&quot;round&quot;[39m
              [33mstroke-linejoin[39m=[32m&quot;round&quot;[39m
              [33mstroke-width[39m=[32m&quot;2&quot;[39m
              [33mviewBox[39m=[32m&quot;0 0 24 24&quot;[39m
              [33mwidth[39m=[32m&quot;24&quot;[39m
              [33mxmlns[39m=[32m&quot;http://www.w3.org/2000/svg&quot;[39m
            [36m&gt;[39m
              [36m&lt;path[39m
                [33md[39m=[32m&quot;m6 9 6 6 6-6&quot;[39m
              [36m/&gt;[39m
            [36m&lt;/svg&gt;[39m
          [36m&lt;/button&gt;[39m
          [36m&lt;select[39m
            [33maria-hidden[39m=[32m&quot;true&quot;[39m
            [33mstyle[39m=[32m&quot;position: absolute; border: 0px; width: 1px; height: 1px; padding: 0px; margin: -1px; overflow: hidden; clip: rect(0px, 0px, 0px, 0px); white-space: nowrap; word-wrap: normal;&quot;[39m
            [33mtabindex[39m=[32m&quot;-1&quot;[39m
          [36m&gt;[39m
            [36m&lt;option[39m
              [33mselected[39m=[32m&quot;&quot;[39m
              [33mvalue[39m=[32m&quot;2025&quot;[39m
            [36m&gt;[39m
              [0m2025[0m
            [36m&lt;/option&gt;[39m
            [36m&lt;option[39m
              [33mvalue[39m=[32m&quot;2024&quot;[39m
            [36m&gt;[39m
              [0m2024[0m
            [36m&lt;/option&gt;[39m
            [36m&lt;option[39m
              [33mvalue[39m=[32m&quot;2023&quot;[39m
            [36m&gt;[39m
              [0m2023[0m
            [36m&lt;/option&gt;[39m
          [36m&lt;/select&gt;[39m
        [36m&lt;/div&gt;[39m
        [36m&lt;div[39m
          [33mclass[39m=[32m&quot;space-y-2&quot;[39m
        [36m&gt;[39m
          [36m&lt;label[39m
            [33mclass[39m=[32m&quot;text-sm font-medium leading-none peer-disabled:cursor-not-allowed peer-disabled:opacity-70&quot;[39m
            [33mfor[39m=[32m&quot;periodMonth&quot;[39m
          [36m&gt;[39m
            [0mAy *[0m
          [36m&lt;/label&gt;[39m
          [36m&lt;button[39m
            [33maria-autocomplete[39m=[32m&quot;none&quot;[39m
            [33maria-controls[39m=[32m&quot;radix-_r_29_&quot;[39m
            [33maria-expanded[39m=[32m&quot;false&quot;[39m
            [33mclass[39m=[32m&quot;flex h-10 w-full items-center justify-between rounded-lg border border-gray-300 dark:border-gray-700 bg-gray-50 dark:bg-gray-900 px-3 py-2 text-sm placeholder:text-gray-400 dark:placeholder:text-gray-500 focus:outline-none focus:ring-2 focus:ring-primary/20 focus:border-primary disabled:cursor-not-allowed disabled:opacity-50 [&amp;&gt;span]:line-clamp-1&quot;[39m
            [33mdata-state[39m=[32m&quot;closed&quot;[39m
            [33mdir[39m=[32m&quot;ltr&quot;[39m
            [33mrole[39m=[32m&quot;combobox&quot;[39m
            [33mtype[39m=[32m&quot;button&quot;[39m
          [36m&gt;[39m
            [36m&lt;span[39m
              [33mstyle[39m=[32m&quot;pointer-events: none;&quot;[39m
            [36m&gt;[39m
              [0mAralık[0m
            [36m&lt;/span&gt;[39m
            [36m&lt;svg[39m
              [33maria-hidden[39m=[32m&quot;true&quot;[39m
              [33mclass[39m=[32m&quot;lucide lucide-chevron-down h-4 w-4 opacity-50&quot;[39m
              [33mfill[39m=[32m&quot;none&quot;[39m
              [33mheight[39m=[32m&quot;24&quot;[39m
              [33mstroke[39m=[32m&quot;currentColor&quot;[39m
              [33mstroke-linecap[39m=[32m&quot;round&quot;[39m
              [33mstroke-linejoin[39m=[32m&quot;round&quot;[39m
              [33mstroke-width[39m=[32m&quot;2&quot;[39m
              [33mviewBox[39m=[32m&quot;0 0 24 24&quot;[39m
              [33mwidth[39m=[32m&quot;24&quot;[39m
              [33mxmlns[39m=[32m&quot;http://www.w3.org/2000/svg&quot;[39m
            [36m&gt;[39m
              [36m&lt;path[39m
                [33md[39m=[32m&quot;m6 9 6 6 6-6&quot;[39m
              [36m/&gt;[39m
            [36m&lt;/svg&gt;[39m
          [36m&lt;/button&gt;[39m
          [36m&lt;select[39m
            [33maria-hidden[39m=[32m&quot;true&quot;[39m
            [33mstyle[39m=[32m&quot;position: absolute; border: 0px; width: 1px; height: 1px; padding: 0px; margin: -1px; overflow: hidden; clip: rect(0px, 0px, 0px, 0px); white-space: nowrap; word-wrap: normal;&quot;[39m
            [33mtabindex[39m=[32m&quot;-1&quot;[39m
          [36m&gt;[39m
            [36m&lt;option[39m
              [33mvalue[39m=[32m&quot;1&quot;[39m
            [36m&gt;[39m
              [0mOcak[0m
            [36m&lt;/option&gt;[39m
            [36m&lt;option[39m
              [33mvalue[39m=[32m&quot;2&quot;[39m
            [36m&gt;[39m
              [0mŞubat[0m
            [36m&lt;/option&gt;[39m
            [36m&lt;option[39m
              [33mvalue[39m=[32m&quot;3&quot;[39m
            [36m&gt;[39m
              [0mMart[0m
            [36m&lt;/option&gt;[39m
            [36m&lt;option[39m
              [33mvalue[39m=[32m&quot;4&quot;[39m
            [36m&gt;[39m
              [0mNisan[0m
            [36m&lt;/option&gt;[39m
            [36m&lt;option[39m
              [33mvalue[39m=[32m&quot;5&quot;[39m
            [36m&gt;[39m
              [0mMayıs[0m
            [36m&lt;/option&gt;[39m
            [36m&lt;option[39m
              [33mvalue[39m=[32m&quot;6&quot;[39m
            [36m&gt;[39m
              [0mHaziran[0m
            [36m&lt;/option&gt;[39m
            [36m&lt;option[39m
              [33mvalue[39m=[32m&quot;7&quot;[39m
            [36m&gt;[39m
              [0mTemmuz[0m
        ...

Ignored nodes: comments, script, style
[36m&lt;html[39m
  [33mclass[39m=[32m&quot;light&quot;[39m
  [33mstyle[39m=[32m&quot;color-scheme: light;&quot;[39m
[36m&gt;[39m
  [36m&lt;head /&gt;[39m
  [36m&lt;body&gt;[39m
    [36m&lt;div&gt;[39m
      [36m&lt;form[39m
        [33mclass[39m=[32m&quot;space-y-6&quot;[39m
      [36m&gt;[39m
        [36m&lt;div[39m
          [33mclass[39m=[32m&quot;grid grid-cols-1 md:grid-cols-3 gap-4&quot;[39m
        [36m&gt;[39m
          [36m&lt;div[39m
            [33mclass[39m=[32m&quot;space-y-2&quot;[39m
          [36m&gt;[39m
            [36m&lt;label[39m
              [33mclass[39m=[32m&quot;text-sm font-medium leading-none peer-disabled:cursor-not-allowed peer-disabled:opacity-70&quot;[39m
              [33mfor[39m=[32m&quot;periodYear&quot;[39m
            [36m&gt;[39m
              [0mYıl *[0m
            [36m&lt;/label&gt;[39m
            [36m&lt;button[39m
              [33maria-autocomplete[39m=[32m&quot;none&quot;[39m
              [33maria-controls[39m=[32m&quot;radix-_r_28_&quot;[39m
              [33maria-expanded[39m=[32m&quot;false&quot;[39m
              [33mclass[39m=[32m&quot;flex h-10 w-full items-center justify-between rounded-lg border border-gray-300 dark:border-gray-700 bg-gray-50 dark:bg-gray-900 px-3 py-2 text-sm placeholder:text-gray-400 dark:placeholder:text-gray-500 focus:outline-none focus:ring-2 focus:ring-primary/20 focus:border-primary disabled:cursor-not-allowed disabled:opacity-50 [&amp;&gt;span]:line-clamp-1&quot;[39m
              [33mdata-state[39m=[32m&quot;closed&quot;[39m
              [33mdir[39m=[32m&quot;ltr&quot;[39m
              [33mrole[39m=[32m&quot;combobox&quot;[39m
              [33mtype[39m=[32m&quot;button&quot;[39m
            [36m&gt;[39m
              [36m&lt;span[39m
                [33mstyle[39m=[32m&quot;pointer-events: none;&quot;[39m
              [36m&gt;[39m
                [0m2025[0m
              [36m&lt;/span&gt;[39m
              [36m&lt;svg[39m
                [33maria-hidden[39m=[32m&quot;true&quot;[39m
                [33mclass[39m=[32m&quot;lucide lucide-chevron-down h-4 w-4 opacity-50&quot;[39m
                [33mfill[39m=[32m&quot;none&quot;[39m
                [33mheight[39m=[32m&quot;24&quot;[39m
                [33mstroke[39m=[32m&quot;currentColor&quot;[39m
                [33mstroke-linecap[39m=[32m&quot;round&quot;[39m
                [33mstroke-linejoin[39m=[32m&quot;round&quot;[39m
                [33mstroke-width[39m=[32m&quot;2&quot;[39m
                [33mviewBox[39m=[32m&quot;0 0 24 24&quot;[39m
                [33mwidth[39m=[32m&quot;24&quot;[39m
                [33mxmlns[39m=[32m&quot;http://www.w3.org/2000/svg&quot;[39m
              [36m&gt;[39m
                [36m&lt;path[39m
                  [33md[39m=[32m&quot;m6 9 6 6 6-6&quot;[39m
                [36m/&gt;[39m
              [36m&lt;/svg&gt;[39m
            [36m&lt;/button&gt;[39m
            [36m&lt;select[39m
              [33maria-hidden[39m=[32m&quot;true&quot;[39m
              [33mstyle[39m=[32m&quot;position: absolute; border: 0px; width: 1px; height: 1px; padding: 0px; margin: -1px; overflow: hidden; clip: rect(0px, 0px, 0px, 0px); white-space: nowrap; word-wrap: normal;&quot;[39m
              [33mtabindex[39m=[32m&quot;-1&quot;[39m
            [36m&gt;[39m
              [36m&lt;option[39m
                [33mselected[39m=[32m&quot;&quot;[39m
                [33mvalue[39m=[32m&quot;2025&quot;[39m
              [36m&gt;[39m
                [0m2025[0m
              [36m&lt;/option&gt;[39m
              [36m&lt;option[39m
                [33mvalue[39m=[32m&quot;2024&quot;[39m
              [36m&gt;[39m
                [0m2024[0m
              [36m&lt;/option&gt;[39m
              [36m&lt;option[39m
                [33mvalue[39m=[32m&quot;2023&quot;[39m
              [36m&gt;[39m
                [0m2023[0m
              [36m&lt;/option&gt;[39m
            [36m&lt;/select&gt;[39m
          [36m&lt;/div&gt;[39m
          [36m&lt;div[39m
            [33mclass[39m=[32m&quot;space-y-2&quot;[39m
          [36m&gt;[39m
            [36m&lt;label[39m
              [33mclass[39m=[32m&quot;text-sm font-medium leading-none peer-disabled:cursor-not-allowed peer-disabled:opacity-70&quot;[39m
              [33mfor[39m=[32m&quot;periodMonth&quot;[39m
            [36m&gt;[39m
              [0mAy *[0m
            [36m&lt;/label&gt;[39m
            [36m&lt;button[39m
              [33maria-autocomplete[39m=[32m&quot;none&quot;[39m
              [33maria-controls[39m=[32m&quot;radix-_r_29_&quot;[39m
              [33maria-expanded[39m=[32m&quot;false&quot;[39m
              [33mclass[39m=[32m&quot;flex h-10 w-full items-center justify-between rounded-lg border border-gray-300 dark:border-gray-700 bg-gray-50 dark:bg-gray-900 px-3 py-2 text-sm placeholder:text-gray-400 dark:placeholder:text-gray-500 focus:outline-none focus:ring-2 focus:ring-primary/20 focus:border-primary disabled:cursor-not-allowed disabled:opacity-50 [&amp;&gt;span]:line-clamp-1&quot;[39m
              [33mdata-state[39m=[32m&quot;closed&quot;[39m
              [33mdir[39m=[32m&quot;ltr&quot;[39m
              [33mrole[39m=[32m&quot;combobox&quot;[39m
              [33mtype[39m=[32m&quot;button&quot;[39m
            [36m&gt;[39m
              [36m&lt;span[39m
                [33mstyle[39m=[32m&quot;pointer-events: none;&quot;[39m
              [36m&gt;[39m
                [0mAralık[0m
              [36m&lt;/span&gt;[39m
              [36m&lt;svg[39m
                [33maria-hidden[39m=[32m&quot;true&quot;[39m
                [33mclass[39m=[32m&quot;lucide lucide-chevron-down h-4 w-4 opacity-50&quot;[39m
                [33mfill[39m=[32m&quot;none&quot;[39m
                [33mheight[39m=[32m&quot;24&quot;[39m
                [33mstroke[39m=[32m&quot;currentColor&quot;[39m
                [33mstroke-linecap[39m=[32m&quot;round&quot;[39m
                [33mstroke-linejoin[39m=[32m&quot;round&quot;[39m
                [33mstroke-width[39m=[32m&quot;2&quot;[39m
                [33mviewBox[39m=[32m&quot;0 0 24 24&quot;[39m
                [33mwidth[39m=[32m&quot;24&quot;[39m
                [33mxmlns[39m=[32m&quot;http://www.w3.org/2000/svg&quot;[39m
              [36m&gt;[39m
                [36m&lt;path[39m
                  [33md[39m=[32m&quot;m6 9 6 6 6-6&quot;[39m
                [36m/&gt;[39m
              [36m&lt;/svg&gt;[39m
            [36m&lt;/button&gt;[39m
            [36m&lt;select[39m
              [33maria-hidden[39m=[32m&quot;true&quot;[39m
              [33mstyle[39m=[32m&quot;position: absolute; border: 0px; width: 1px; height: 1px; padding: 0px; margin: -1px; overflow: hidden; clip: rect(0px, 0px, 0px, 0px); white-space: nowrap; word-wrap: normal;&quot;[39m
              [33mtabindex[39m=[32m&quot;-1&quot;[39m
            [36m&gt;[39m
              [36m&lt;option[39m
                [33mvalue[39m=[32m&quot;1&quot;[39m
              [36m&gt;[39m
                [0mOcak[0m
              [36m&lt;/option&gt;[39m
              [36m&lt;option[39m
                [33mvalue[39m=[32m&quot;2&quot;[39m
              [36m&gt;[39m
                [0mŞubat[0m
              [36m&lt;/option&gt;[39m
              [36m&lt;option[39m
                [33mvalue[39m=[32m&quot;3&quot;[39m
              [36m&gt;[39m
                [0mMart[0m
              [36m&lt;/option&gt;[39m
              [36m&lt;option[39m
                [33mvalue[39m=[32m&quot;4&quot;[39m
              [36m&gt;[39m
                [0mNisan[0m
              [36m&lt;/option&gt;[39m
              [36m&lt;option[39m
     ..." type="TestingLibraryElementError">
TestingLibraryElementError: Found multiple elements with the text: /ziyaretçi/i

Here are the matching elements:

Ignored nodes: comments, script, style
&lt;label
  class=&quot;text-sm font-medium leading-none peer-disabled:cursor-not-allowed peer-disabled:opacity-70&quot;
  for=&quot;alibabaVisitors&quot;
&gt;
  Ziyaretçi Sayısı
&lt;/label&gt;

Ignored nodes: comments, script, style
&lt;label
  class=&quot;text-sm font-medium leading-none peer-disabled:cursor-not-allowed peer-disabled:opacity-70&quot;
  for=&quot;alibabaVisitorSectorAvg&quot;
&gt;
  Ziyaretçi (Sektör Ort)
&lt;/label&gt;

(If this is intentional, then use the `*AllBy*` variant of the query (like `queryAllByText`, `getAllByText`, or `findAllByText`)).

Ignored nodes: comments, script, style
&lt;body&gt;
  &lt;div&gt;
    &lt;form
      class=&quot;space-y-6&quot;
    &gt;
      &lt;div
        class=&quot;grid grid-cols-1 md:grid-cols-3 gap-4&quot;
      &gt;
        &lt;div
          class=&quot;space-y-2&quot;
        &gt;
          &lt;label
            class=&quot;text-sm font-medium leading-none peer-disabled:cursor-not-allowed peer-disabled:opacity-70&quot;
            for=&quot;periodYear&quot;
          &gt;
            Yıl *
          &lt;/label&gt;
          &lt;button
            aria-autocomplete=&quot;none&quot;
            aria-controls=&quot;radix-_r_28_&quot;
            aria-expanded=&quot;false&quot;
            class=&quot;flex h-10 w-full items-center justify-between rounded-lg border border-gray-300 dark:border-gray-700 bg-gray-50 dark:bg-gray-900 px-3 py-2 text-sm placeholder:text-gray-400 dark:placeholder:text-gray-500 focus:outline-none focus:ring-2 focus:ring-primary/20 focus:border-primary disabled:cursor-not-allowed disabled:opacity-50 [&amp;&gt;span]:line-clamp-1&quot;
            data-state=&quot;closed&quot;
            dir=&quot;ltr&quot;
            role=&quot;combobox&quot;
            type=&quot;button&quot;
          &gt;
            &lt;span
              style=&quot;pointer-events: none;&quot;
            &gt;
              2025
            &lt;/span&gt;
            &lt;svg
              aria-hidden=&quot;true&quot;
              class=&quot;lucide lucide-chevron-down h-4 w-4 opacity-50&quot;
              fill=&quot;none&quot;
              height=&quot;24&quot;
              stroke=&quot;currentColor&quot;
              stroke-linecap=&quot;round&quot;
              stroke-linejoin=&quot;round&quot;
              stroke-width=&quot;2&quot;
              viewBox=&quot;0 0 24 24&quot;
              width=&quot;24&quot;
              xmlns=&quot;http://www.w3.org/2000/svg&quot;
            &gt;
              &lt;path
                d=&quot;m6 9 6 6 6-6&quot;
              /&gt;
            &lt;/svg&gt;
          &lt;/button&gt;
          &lt;select
            aria-hidden=&quot;true&quot;
            style=&quot;position: absolute; border: 0px; width: 1px; height: 1px; padding: 0px; margin: -1px; overflow: hidden; clip: rect(0px, 0px, 0px, 0px); white-space: nowrap; word-wrap: normal;&quot;
            tabindex=&quot;-1&quot;
          &gt;
            &lt;option
              selected=&quot;&quot;
              value=&quot;2025&quot;
            &gt;
              2025
            &lt;/option&gt;
            &lt;option
              value=&quot;2024&quot;
            &gt;
              2024
            &lt;/option&gt;
            &lt;option
              value=&quot;2023&quot;
            &gt;
              2023
            &lt;/option&gt;
          &lt;/select&gt;
        &lt;/div&gt;
        &lt;div
          class=&quot;space-y-2&quot;
        &gt;
          &lt;label
            class=&quot;text-sm font-medium leading-none peer-disabled:cursor-not-allowed peer-disabled:opacity-70&quot;
            for=&quot;periodMonth&quot;
          &gt;
            Ay *
          &lt;/label&gt;
          &lt;button
            aria-autocomplete=&quot;none&quot;
            aria-controls=&quot;radix-_r_29_&quot;
            aria-expanded=&quot;false&quot;
            class=&quot;flex h-10 w-full items-center justify-between rounded-lg border border-gray-300 dark:border-gray-700 bg-gray-50 dark:bg-gray-900 px-3 py-2 text-sm placeholder:text-gray-400 dark:placeholder:text-gray-500 focus:outline-none focus:ring-2 focus:ring-primary/20 focus:border-primary disabled:cursor-not-allowed disabled:opacity-50 [&amp;&gt;span]:line-clamp-1&quot;
            data-state=&quot;closed&quot;
            dir=&quot;ltr&quot;
            role=&quot;combobox&quot;
            type=&quot;button&quot;
          &gt;
            &lt;span
              style=&quot;pointer-events: none;&quot;
            &gt;
              Aralık
            &lt;/span&gt;
            &lt;svg
              aria-hidden=&quot;true&quot;
              class=&quot;lucide lucide-chevron-down h-4 w-4 opacity-50&quot;
              fill=&quot;none&quot;
              height=&quot;24&quot;
              stroke=&quot;currentColor&quot;
              stroke-linecap=&quot;round&quot;
              stroke-linejoin=&quot;round&quot;
              stroke-width=&quot;2&quot;
              viewBox=&quot;0 0 24 24&quot;
              width=&quot;24&quot;
              xmlns=&quot;http://www.w3.org/2000/svg&quot;
            &gt;
              &lt;path
                d=&quot;m6 9 6 6 6-6&quot;
              /&gt;
            &lt;/svg&gt;
          &lt;/button&gt;
          &lt;select
            aria-hidden=&quot;true&quot;
            style=&quot;position: absolute; border: 0px; width: 1px; height: 1px; padding: 0px; margin: -1px; overflow: hidden; clip: rect(0px, 0px, 0px, 0px); white-space: nowrap; word-wrap: normal;&quot;
            tabindex=&quot;-1&quot;
          &gt;
            &lt;option
              value=&quot;1&quot;
            &gt;
              Ocak
            &lt;/option&gt;
            &lt;option
              value=&quot;2&quot;
            &gt;
              Şubat
            &lt;/option&gt;
            &lt;option
              value=&quot;3&quot;
            &gt;
              Mart
            &lt;/option&gt;
            &lt;option
              value=&quot;4&quot;
            &gt;
              Nisan
            &lt;/option&gt;
            &lt;option
              value=&quot;5&quot;
            &gt;
              Mayıs
            &lt;/option&gt;
            &lt;option
              value=&quot;6&quot;
            &gt;
              Haziran
            &lt;/option&gt;
            &lt;option
              value=&quot;7&quot;
            &gt;
              Temmuz
        ...

Ignored nodes: comments, script, style
&lt;html
  class=&quot;light&quot;
  style=&quot;color-scheme: light;&quot;
&gt;
  &lt;head /&gt;
  &lt;body&gt;
    &lt;div&gt;
      &lt;form
        class=&quot;space-y-6&quot;
      &gt;
        &lt;div
          class=&quot;grid grid-cols-1 md:grid-cols-3 gap-4&quot;
        &gt;
          &lt;div
            class=&quot;space-y-2&quot;
          &gt;
            &lt;label
              class=&quot;text-sm font-medium leading-none peer-disabled:cursor-not-allowed peer-disabled:opacity-70&quot;
              for=&quot;periodYear&quot;
            &gt;
              Yıl *
            &lt;/label&gt;
            &lt;button
              aria-autocomplete=&quot;none&quot;
              aria-controls=&quot;radix-_r_28_&quot;
              aria-expanded=&quot;false&quot;
              class=&quot;flex h-10 w-full items-center justify-between rounded-lg border border-gray-300 dark:border-gray-700 bg-gray-50 dark:bg-gray-900 px-3 py-2 text-sm placeholder:text-gray-400 dark:placeholder:text-gray-500 focus:outline-none focus:ring-2 focus:ring-primary/20 focus:border-primary disabled:cursor-not-allowed disabled:opacity-50 [&amp;&gt;span]:line-clamp-1&quot;
              data-state=&quot;closed&quot;
              dir=&quot;ltr&quot;
              role=&quot;combobox&quot;
              type=&quot;button&quot;
            &gt;
              &lt;span
                style=&quot;pointer-events: none;&quot;
              &gt;
                2025
              &lt;/span&gt;
              &lt;svg
                aria-hidden=&quot;true&quot;
                class=&quot;lucide lucide-chevron-down h-4 w-4 opacity-50&quot;
                fill=&quot;none&quot;
                height=&quot;24&quot;
                stroke=&quot;currentColor&quot;
                stroke-linecap=&quot;round&quot;
                stroke-linejoin=&quot;round&quot;
                stroke-width=&quot;2&quot;
                viewBox=&quot;0 0 24 24&quot;
                width=&quot;24&quot;
                xmlns=&quot;http://www.w3.org/2000/svg&quot;
              &gt;
                &lt;path
                  d=&quot;m6 9 6 6 6-6&quot;
                /&gt;
              &lt;/svg&gt;
            &lt;/button&gt;
            &lt;select
              aria-hidden=&quot;true&quot;
              style=&quot;position: absolute; border: 0px; width: 1px; height: 1px; padding: 0px; margin: -1px; overflow: hidden; clip: rect(0px, 0px, 0px, 0px); white-space: nowrap; word-wrap: normal;&quot;
              tabindex=&quot;-1&quot;
            &gt;
              &lt;option
                selected=&quot;&quot;
                value=&quot;2025&quot;
              &gt;
                2025
              &lt;/option&gt;
              &lt;option
                value=&quot;2024&quot;
              &gt;
                2024
              &lt;/option&gt;
              &lt;option
                value=&quot;2023&quot;
              &gt;
                2023
              &lt;/option&gt;
            &lt;/select&gt;
          &lt;/div&gt;
          &lt;div
            class=&quot;space-y-2&quot;
          &gt;
            &lt;label
              class=&quot;text-sm font-medium leading-none peer-disabled:cursor-not-allowed peer-disabled:opacity-70&quot;
              for=&quot;periodMonth&quot;
            &gt;
              Ay *
            &lt;/label&gt;
            &lt;button
              aria-autocomplete=&quot;none&quot;
              aria-controls=&quot;radix-_r_29_&quot;
              aria-expanded=&quot;false&quot;
              class=&quot;flex h-10 w-full items-center justify-between rounded-lg border border-gray-300 dark:border-gray-700 bg-gray-50 dark:bg-gray-900 px-3 py-2 text-sm placeholder:text-gray-400 dark:placeholder:text-gray-500 focus:outline-none focus:ring-2 focus:ring-primary/20 focus:border-primary disabled:cursor-not-allowed disabled:opacity-50 [&amp;&gt;span]:line-clamp-1&quot;
              data-state=&quot;closed&quot;
              dir=&quot;ltr&quot;
              role=&quot;combobox&quot;
              type=&quot;button&quot;
            &gt;
              &lt;span
                style=&quot;pointer-events: none;&quot;
              &gt;
                Aralık
              &lt;/span&gt;
              &lt;svg
                aria-hidden=&quot;true&quot;
                class=&quot;lucide lucide-chevron-down h-4 w-4 opacity-50&quot;
                fill=&quot;none&quot;
                height=&quot;24&quot;
                stroke=&quot;currentColor&quot;
                stroke-linecap=&quot;round&quot;
                stroke-linejoin=&quot;round&quot;
                stroke-width=&quot;2&quot;
                viewBox=&quot;0 0 24 24&quot;
                width=&quot;24&quot;
                xmlns=&quot;http://www.w3.org/2000/svg&quot;
              &gt;
                &lt;path
                  d=&quot;m6 9 6 6 6-6&quot;
                /&gt;
              &lt;/svg&gt;
            &lt;/button&gt;
            &lt;select
              aria-hidden=&quot;true&quot;
              style=&quot;position: absolute; border: 0px; width: 1px; height: 1px; padding: 0px; margin: -1px; overflow: hidden; clip: rect(0px, 0px, 0px, 0px); white-space: nowrap; word-wrap: normal;&quot;
              tabindex=&quot;-1&quot;
            &gt;
              &lt;option
                value=&quot;1&quot;
              &gt;
                Ocak
              &lt;/option&gt;
              &lt;option
                value=&quot;2&quot;
              &gt;
                Şubat
              &lt;/option&gt;
              &lt;option
                value=&quot;3&quot;
              &gt;
                Mart
              &lt;/option&gt;
              &lt;option
                value=&quot;4&quot;
              &gt;
                Nisan
              &lt;/option&gt;
              &lt;option
     ...
 ❯ waitForWrapper node_modules/@testing-library/dom/dist/wait-for.js:163:27
 ❯ src/1-presentation/components/features/ecommerce/EcommerceMetricsForm.test.tsx:74:11
            </failure>
            <failure message="Found multiple elements with the text: /ziyaretçi/i

Here are the matching elements:

Ignored nodes: comments, script, style
[36m&lt;label[39m
  [33mclass[39m=[32m&quot;text-sm font-medium leading-none peer-disabled:cursor-not-allowed peer-disabled:opacity-70&quot;[39m
  [33mfor[39m=[32m&quot;alibabaVisitors&quot;[39m
[36m&gt;[39m
  [0mZiyaretçi Sayısı[0m
[36m&lt;/label&gt;[39m

Ignored nodes: comments, script, style
[36m&lt;label[39m
  [33mclass[39m=[32m&quot;text-sm font-medium leading-none peer-disabled:cursor-not-allowed peer-disabled:opacity-70&quot;[39m
  [33mfor[39m=[32m&quot;alibabaVisitorSectorAvg&quot;[39m
[36m&gt;[39m
  [0mZiyaretçi (Sektör Ort)[0m
[36m&lt;/label&gt;[39m

(If this is intentional, then use the `*AllBy*` variant of the query (like `queryAllByText`, `getAllByText`, or `findAllByText`)).

Ignored nodes: comments, script, style
[36m&lt;body&gt;[39m
  [36m&lt;div&gt;[39m
    [36m&lt;form[39m
      [33mclass[39m=[32m&quot;space-y-6&quot;[39m
    [36m&gt;[39m
      [36m&lt;div[39m
        [33mclass[39m=[32m&quot;grid grid-cols-1 md:grid-cols-3 gap-4&quot;[39m
      [36m&gt;[39m
        [36m&lt;div[39m
          [33mclass[39m=[32m&quot;space-y-2&quot;[39m
        [36m&gt;[39m
          [36m&lt;label[39m
            [33mclass[39m=[32m&quot;text-sm font-medium leading-none peer-disabled:cursor-not-allowed peer-disabled:opacity-70&quot;[39m
            [33mfor[39m=[32m&quot;periodYear&quot;[39m
          [36m&gt;[39m
            [0mYıl *[0m
          [36m&lt;/label&gt;[39m
          [36m&lt;button[39m
            [33maria-autocomplete[39m=[32m&quot;none&quot;[39m
            [33maria-controls[39m=[32m&quot;radix-_r_30_&quot;[39m
            [33maria-expanded[39m=[32m&quot;false&quot;[39m
            [33mclass[39m=[32m&quot;flex h-10 w-full items-center justify-between rounded-lg border border-gray-300 dark:border-gray-700 bg-gray-50 dark:bg-gray-900 px-3 py-2 text-sm placeholder:text-gray-400 dark:placeholder:text-gray-500 focus:outline-none focus:ring-2 focus:ring-primary/20 focus:border-primary disabled:cursor-not-allowed disabled:opacity-50 [&amp;&gt;span]:line-clamp-1&quot;[39m
            [33mdata-state[39m=[32m&quot;closed&quot;[39m
            [33mdir[39m=[32m&quot;ltr&quot;[39m
            [33mrole[39m=[32m&quot;combobox&quot;[39m
            [33mtype[39m=[32m&quot;button&quot;[39m
          [36m&gt;[39m
            [36m&lt;span[39m
              [33mstyle[39m=[32m&quot;pointer-events: none;&quot;[39m
            [36m&gt;[39m
              [0m2025[0m
            [36m&lt;/span&gt;[39m
            [36m&lt;svg[39m
              [33maria-hidden[39m=[32m&quot;true&quot;[39m
              [33mclass[39m=[32m&quot;lucide lucide-chevron-down h-4 w-4 opacity-50&quot;[39m
              [33mfill[39m=[32m&quot;none&quot;[39m
              [33mheight[39m=[32m&quot;24&quot;[39m
              [33mstroke[39m=[32m&quot;currentColor&quot;[39m
              [33mstroke-linecap[39m=[32m&quot;round&quot;[39m
              [33mstroke-linejoin[39m=[32m&quot;round&quot;[39m
              [33mstroke-width[39m=[32m&quot;2&quot;[39m
              [33mviewBox[39m=[32m&quot;0 0 24 24&quot;[39m
              [33mwidth[39m=[32m&quot;24&quot;[39m
              [33mxmlns[39m=[32m&quot;http://www.w3.org/2000/svg&quot;[39m
            [36m&gt;[39m
              [36m&lt;path[39m
                [33md[39m=[32m&quot;m6 9 6 6 6-6&quot;[39m
              [36m/&gt;[39m
            [36m&lt;/svg&gt;[39m
          [36m&lt;/button&gt;[39m
          [36m&lt;select[39m
            [33maria-hidden[39m=[32m&quot;true&quot;[39m
            [33mstyle[39m=[32m&quot;position: absolute; border: 0px; width: 1px; height: 1px; padding: 0px; margin: -1px; overflow: hidden; clip: rect(0px, 0px, 0px, 0px); white-space: nowrap; word-wrap: normal;&quot;[39m
            [33mtabindex[39m=[32m&quot;-1&quot;[39m
          [36m&gt;[39m
            [36m&lt;option[39m
              [33mselected[39m=[32m&quot;&quot;[39m
              [33mvalue[39m=[32m&quot;2025&quot;[39m
            [36m&gt;[39m
              [0m2025[0m
            [36m&lt;/option&gt;[39m
            [36m&lt;option[39m
              [33mvalue[39m=[32m&quot;2024&quot;[39m
            [36m&gt;[39m
              [0m2024[0m
            [36m&lt;/option&gt;[39m
            [36m&lt;option[39m
              [33mvalue[39m=[32m&quot;2023&quot;[39m
            [36m&gt;[39m
              [0m2023[0m
            [36m&lt;/option&gt;[39m
          [36m&lt;/select&gt;[39m
        [36m&lt;/div&gt;[39m
        [36m&lt;div[39m
          [33mclass[39m=[32m&quot;space-y-2&quot;[39m
        [36m&gt;[39m
          [36m&lt;label[39m
            [33mclass[39m=[32m&quot;text-sm font-medium leading-none peer-disabled:cursor-not-allowed peer-disabled:opacity-70&quot;[39m
            [33mfor[39m=[32m&quot;periodMonth&quot;[39m
          [36m&gt;[39m
            [0mAy *[0m
          [36m&lt;/label&gt;[39m
          [36m&lt;button[39m
            [33maria-autocomplete[39m=[32m&quot;none&quot;[39m
            [33maria-controls[39m=[32m&quot;radix-_r_31_&quot;[39m
            [33maria-expanded[39m=[32m&quot;false&quot;[39m
            [33mclass[39m=[32m&quot;flex h-10 w-full items-center justify-between rounded-lg border border-gray-300 dark:border-gray-700 bg-gray-50 dark:bg-gray-900 px-3 py-2 text-sm placeholder:text-gray-400 dark:placeholder:text-gray-500 focus:outline-none focus:ring-2 focus:ring-primary/20 focus:border-primary disabled:cursor-not-allowed disabled:opacity-50 [&amp;&gt;span]:line-clamp-1&quot;[39m
            [33mdata-state[39m=[32m&quot;closed&quot;[39m
            [33mdir[39m=[32m&quot;ltr&quot;[39m
            [33mrole[39m=[32m&quot;combobox&quot;[39m
            [33mtype[39m=[32m&quot;button&quot;[39m
          [36m&gt;[39m
            [36m&lt;span[39m
              [33mstyle[39m=[32m&quot;pointer-events: none;&quot;[39m
            [36m&gt;[39m
              [0mAralık[0m
            [36m&lt;/span&gt;[39m
            [36m&lt;svg[39m
              [33maria-hidden[39m=[32m&quot;true&quot;[39m
              [33mclass[39m=[32m&quot;lucide lucide-chevron-down h-4 w-4 opacity-50&quot;[39m
              [33mfill[39m=[32m&quot;none&quot;[39m
              [33mheight[39m=[32m&quot;24&quot;[39m
              [33mstroke[39m=[32m&quot;currentColor&quot;[39m
              [33mstroke-linecap[39m=[32m&quot;round&quot;[39m
              [33mstroke-linejoin[39m=[32m&quot;round&quot;[39m
              [33mstroke-width[39m=[32m&quot;2&quot;[39m
              [33mviewBox[39m=[32m&quot;0 0 24 24&quot;[39m
              [33mwidth[39m=[32m&quot;24&quot;[39m
              [33mxmlns[39m=[32m&quot;http://www.w3.org/2000/svg&quot;[39m
            [36m&gt;[39m
              [36m&lt;path[39m
                [33md[39m=[32m&quot;m6 9 6 6 6-6&quot;[39m
              [36m/&gt;[39m
            [36m&lt;/svg&gt;[39m
          [36m&lt;/button&gt;[39m
          [36m&lt;select[39m
            [33maria-hidden[39m=[32m&quot;true&quot;[39m
            [33mstyle[39m=[32m&quot;position: absolute; border: 0px; width: 1px; height: 1px; padding: 0px; margin: -1px; overflow: hidden; clip: rect(0px, 0px, 0px, 0px); white-space: nowrap; word-wrap: normal;&quot;[39m
            [33mtabindex[39m=[32m&quot;-1&quot;[39m
          [36m&gt;[39m
            [36m&lt;option[39m
              [33mvalue[39m=[32m&quot;1&quot;[39m
            [36m&gt;[39m
              [0mOcak[0m
            [36m&lt;/option&gt;[39m
            [36m&lt;option[39m
              [33mvalue[39m=[32m&quot;2&quot;[39m
            [36m&gt;[39m
              [0mŞubat[0m
            [36m&lt;/option&gt;[39m
            [36m&lt;option[39m
              [33mvalue[39m=[32m&quot;3&quot;[39m
            [36m&gt;[39m
              [0mMart[0m
            [36m&lt;/option&gt;[39m
            [36m&lt;option[39m
              [33mvalue[39m=[32m&quot;4&quot;[39m
            [36m&gt;[39m
              [0mNisan[0m
            [36m&lt;/option&gt;[39m
            [36m&lt;option[39m
              [33mvalue[39m=[32m&quot;5&quot;[39m
            [36m&gt;[39m
              [0mMayıs[0m
            [36m&lt;/option&gt;[39m
            [36m&lt;option[39m
              [33mvalue[39m=[32m&quot;6&quot;[39m
            [36m&gt;[39m
              [0mHaziran[0m
            [36m&lt;/option&gt;[39m
            [36m&lt;option[39m
              [33mvalue[39m=[32m&quot;7&quot;[39m
            [36m&gt;[39m
              [0mTemmuz[0m
        ...

Ignored nodes: comments, script, style
[36m&lt;html[39m
  [33mclass[39m=[32m&quot;light&quot;[39m
  [33mstyle[39m=[32m&quot;color-scheme: light;&quot;[39m
[36m&gt;[39m
  [36m&lt;head /&gt;[39m
  [36m&lt;body&gt;[39m
    [36m&lt;div&gt;[39m
      [36m&lt;form[39m
        [33mclass[39m=[32m&quot;space-y-6&quot;[39m
      [36m&gt;[39m
        [36m&lt;div[39m
          [33mclass[39m=[32m&quot;grid grid-cols-1 md:grid-cols-3 gap-4&quot;[39m
        [36m&gt;[39m
          [36m&lt;div[39m
            [33mclass[39m=[32m&quot;space-y-2&quot;[39m
          [36m&gt;[39m
            [36m&lt;label[39m
              [33mclass[39m=[32m&quot;text-sm font-medium leading-none peer-disabled:cursor-not-allowed peer-disabled:opacity-70&quot;[39m
              [33mfor[39m=[32m&quot;periodYear&quot;[39m
            [36m&gt;[39m
              [0mYıl *[0m
            [36m&lt;/label&gt;[39m
            [36m&lt;button[39m
              [33maria-autocomplete[39m=[32m&quot;none&quot;[39m
              [33maria-controls[39m=[32m&quot;radix-_r_30_&quot;[39m
              [33maria-expanded[39m=[32m&quot;false&quot;[39m
              [33mclass[39m=[32m&quot;flex h-10 w-full items-center justify-between rounded-lg border border-gray-300 dark:border-gray-700 bg-gray-50 dark:bg-gray-900 px-3 py-2 text-sm placeholder:text-gray-400 dark:placeholder:text-gray-500 focus:outline-none focus:ring-2 focus:ring-primary/20 focus:border-primary disabled:cursor-not-allowed disabled:opacity-50 [&amp;&gt;span]:line-clamp-1&quot;[39m
              [33mdata-state[39m=[32m&quot;closed&quot;[39m
              [33mdir[39m=[32m&quot;ltr&quot;[39m
              [33mrole[39m=[32m&quot;combobox&quot;[39m
              [33mtype[39m=[32m&quot;button&quot;[39m
            [36m&gt;[39m
              [36m&lt;span[39m
                [33mstyle[39m=[32m&quot;pointer-events: none;&quot;[39m
              [36m&gt;[39m
                [0m2025[0m
              [36m&lt;/span&gt;[39m
              [36m&lt;svg[39m
                [33maria-hidden[39m=[32m&quot;true&quot;[39m
                [33mclass[39m=[32m&quot;lucide lucide-chevron-down h-4 w-4 opacity-50&quot;[39m
                [33mfill[39m=[32m&quot;none&quot;[39m
                [33mheight[39m=[32m&quot;24&quot;[39m
                [33mstroke[39m=[32m&quot;currentColor&quot;[39m
                [33mstroke-linecap[39m=[32m&quot;round&quot;[39m
                [33mstroke-linejoin[39m=[32m&quot;round&quot;[39m
                [33mstroke-width[39m=[32m&quot;2&quot;[39m
                [33mviewBox[39m=[32m&quot;0 0 24 24&quot;[39m
                [33mwidth[39m=[32m&quot;24&quot;[39m
                [33mxmlns[39m=[32m&quot;http://www.w3.org/2000/svg&quot;[39m
              [36m&gt;[39m
                [36m&lt;path[39m
                  [33md[39m=[32m&quot;m6 9 6 6 6-6&quot;[39m
                [36m/&gt;[39m
              [36m&lt;/svg&gt;[39m
            [36m&lt;/button&gt;[39m
            [36m&lt;select[39m
              [33maria-hidden[39m=[32m&quot;true&quot;[39m
              [33mstyle[39m=[32m&quot;position: absolute; border: 0px; width: 1px; height: 1px; padding: 0px; margin: -1px; overflow: hidden; clip: rect(0px, 0px, 0px, 0px); white-space: nowrap; word-wrap: normal;&quot;[39m
              [33mtabindex[39m=[32m&quot;-1&quot;[39m
            [36m&gt;[39m
              [36m&lt;option[39m
                [33mselected[39m=[32m&quot;&quot;[39m
                [33mvalue[39m=[32m&quot;2025&quot;[39m
              [36m&gt;[39m
                [0m2025[0m
              [36m&lt;/option&gt;[39m
              [36m&lt;option[39m
                [33mvalue[39m=[32m&quot;2024&quot;[39m
              [36m&gt;[39m
                [0m2024[0m
              [36m&lt;/option&gt;[39m
              [36m&lt;option[39m
                [33mvalue[39m=[32m&quot;2023&quot;[39m
              [36m&gt;[39m
                [0m2023[0m
              [36m&lt;/option&gt;[39m
            [36m&lt;/select&gt;[39m
          [36m&lt;/div&gt;[39m
          [36m&lt;div[39m
            [33mclass[39m=[32m&quot;space-y-2&quot;[39m
          [36m&gt;[39m
            [36m&lt;label[39m
              [33mclass[39m=[32m&quot;text-sm font-medium leading-none peer-disabled:cursor-not-allowed peer-disabled:opacity-70&quot;[39m
              [33mfor[39m=[32m&quot;periodMonth&quot;[39m
            [36m&gt;[39m
              [0mAy *[0m
            [36m&lt;/label&gt;[39m
            [36m&lt;button[39m
              [33maria-autocomplete[39m=[32m&quot;none&quot;[39m
              [33maria-controls[39m=[32m&quot;radix-_r_31_&quot;[39m
              [33maria-expanded[39m=[32m&quot;false&quot;[39m
              [33mclass[39m=[32m&quot;flex h-10 w-full items-center justify-between rounded-lg border border-gray-300 dark:border-gray-700 bg-gray-50 dark:bg-gray-900 px-3 py-2 text-sm placeholder:text-gray-400 dark:placeholder:text-gray-500 focus:outline-none focus:ring-2 focus:ring-primary/20 focus:border-primary disabled:cursor-not-allowed disabled:opacity-50 [&amp;&gt;span]:line-clamp-1&quot;[39m
              [33mdata-state[39m=[32m&quot;closed&quot;[39m
              [33mdir[39m=[32m&quot;ltr&quot;[39m
              [33mrole[39m=[32m&quot;combobox&quot;[39m
              [33mtype[39m=[32m&quot;button&quot;[39m
            [36m&gt;[39m
              [36m&lt;span[39m
                [33mstyle[39m=[32m&quot;pointer-events: none;&quot;[39m
              [36m&gt;[39m
                [0mAralık[0m
              [36m&lt;/span&gt;[39m
              [36m&lt;svg[39m
                [33maria-hidden[39m=[32m&quot;true&quot;[39m
                [33mclass[39m=[32m&quot;lucide lucide-chevron-down h-4 w-4 opacity-50&quot;[39m
                [33mfill[39m=[32m&quot;none&quot;[39m
                [33mheight[39m=[32m&quot;24&quot;[39m
                [33mstroke[39m=[32m&quot;currentColor&quot;[39m
                [33mstroke-linecap[39m=[32m&quot;round&quot;[39m
                [33mstroke-linejoin[39m=[32m&quot;round&quot;[39m
                [33mstroke-width[39m=[32m&quot;2&quot;[39m
                [33mviewBox[39m=[32m&quot;0 0 24 24&quot;[39m
                [33mwidth[39m=[32m&quot;24&quot;[39m
                [33mxmlns[39m=[32m&quot;http://www.w3.org/2000/svg&quot;[39m
              [36m&gt;[39m
                [36m&lt;path[39m
                  [33md[39m=[32m&quot;m6 9 6 6 6-6&quot;[39m
                [36m/&gt;[39m
              [36m&lt;/svg&gt;[39m
            [36m&lt;/button&gt;[39m
            [36m&lt;select[39m
              [33maria-hidden[39m=[32m&quot;true&quot;[39m
              [33mstyle[39m=[32m&quot;position: absolute; border: 0px; width: 1px; height: 1px; padding: 0px; margin: -1px; overflow: hidden; clip: rect(0px, 0px, 0px, 0px); white-space: nowrap; word-wrap: normal;&quot;[39m
              [33mtabindex[39m=[32m&quot;-1&quot;[39m
            [36m&gt;[39m
              [36m&lt;option[39m
                [33mvalue[39m=[32m&quot;1&quot;[39m
              [36m&gt;[39m
                [0mOcak[0m
              [36m&lt;/option&gt;[39m
              [36m&lt;option[39m
                [33mvalue[39m=[32m&quot;2&quot;[39m
              [36m&gt;[39m
                [0mŞubat[0m
              [36m&lt;/option&gt;[39m
              [36m&lt;option[39m
                [33mvalue[39m=[32m&quot;3&quot;[39m
              [36m&gt;[39m
                [0mMart[0m
              [36m&lt;/option&gt;[39m
              [36m&lt;option[39m
                [33mvalue[39m=[32m&quot;4&quot;[39m
              [36m&gt;[39m
                [0mNisan[0m
              [36m&lt;/option&gt;[39m
              [36m&lt;option[39m
     ..." type="TestingLibraryElementError">
TestingLibraryElementError: Found multiple elements with the text: /ziyaretçi/i

Here are the matching elements:

Ignored nodes: comments, script, style
&lt;label
  class=&quot;text-sm font-medium leading-none peer-disabled:cursor-not-allowed peer-disabled:opacity-70&quot;
  for=&quot;alibabaVisitors&quot;
&gt;
  Ziyaretçi Sayısı
&lt;/label&gt;

Ignored nodes: comments, script, style
&lt;label
  class=&quot;text-sm font-medium leading-none peer-disabled:cursor-not-allowed peer-disabled:opacity-70&quot;
  for=&quot;alibabaVisitorSectorAvg&quot;
&gt;
  Ziyaretçi (Sektör Ort)
&lt;/label&gt;

(If this is intentional, then use the `*AllBy*` variant of the query (like `queryAllByText`, `getAllByText`, or `findAllByText`)).

Ignored nodes: comments, script, style
&lt;body&gt;
  &lt;div&gt;
    &lt;form
      class=&quot;space-y-6&quot;
    &gt;
      &lt;div
        class=&quot;grid grid-cols-1 md:grid-cols-3 gap-4&quot;
      &gt;
        &lt;div
          class=&quot;space-y-2&quot;
        &gt;
          &lt;label
            class=&quot;text-sm font-medium leading-none peer-disabled:cursor-not-allowed peer-disabled:opacity-70&quot;
            for=&quot;periodYear&quot;
          &gt;
            Yıl *
          &lt;/label&gt;
          &lt;button
            aria-autocomplete=&quot;none&quot;
            aria-controls=&quot;radix-_r_30_&quot;
            aria-expanded=&quot;false&quot;
            class=&quot;flex h-10 w-full items-center justify-between rounded-lg border border-gray-300 dark:border-gray-700 bg-gray-50 dark:bg-gray-900 px-3 py-2 text-sm placeholder:text-gray-400 dark:placeholder:text-gray-500 focus:outline-none focus:ring-2 focus:ring-primary/20 focus:border-primary disabled:cursor-not-allowed disabled:opacity-50 [&amp;&gt;span]:line-clamp-1&quot;
            data-state=&quot;closed&quot;
            dir=&quot;ltr&quot;
            role=&quot;combobox&quot;
            type=&quot;button&quot;
          &gt;
            &lt;span
              style=&quot;pointer-events: none;&quot;
            &gt;
              2025
            &lt;/span&gt;
            &lt;svg
              aria-hidden=&quot;true&quot;
              class=&quot;lucide lucide-chevron-down h-4 w-4 opacity-50&quot;
              fill=&quot;none&quot;
              height=&quot;24&quot;
              stroke=&quot;currentColor&quot;
              stroke-linecap=&quot;round&quot;
              stroke-linejoin=&quot;round&quot;
              stroke-width=&quot;2&quot;
              viewBox=&quot;0 0 24 24&quot;
              width=&quot;24&quot;
              xmlns=&quot;http://www.w3.org/2000/svg&quot;
            &gt;
              &lt;path
                d=&quot;m6 9 6 6 6-6&quot;
              /&gt;
            &lt;/svg&gt;
          &lt;/button&gt;
          &lt;select
            aria-hidden=&quot;true&quot;
            style=&quot;position: absolute; border: 0px; width: 1px; height: 1px; padding: 0px; margin: -1px; overflow: hidden; clip: rect(0px, 0px, 0px, 0px); white-space: nowrap; word-wrap: normal;&quot;
            tabindex=&quot;-1&quot;
          &gt;
            &lt;option
              selected=&quot;&quot;
              value=&quot;2025&quot;
            &gt;
              2025
            &lt;/option&gt;
            &lt;option
              value=&quot;2024&quot;
            &gt;
              2024
            &lt;/option&gt;
            &lt;option
              value=&quot;2023&quot;
            &gt;
              2023
            &lt;/option&gt;
          &lt;/select&gt;
        &lt;/div&gt;
        &lt;div
          class=&quot;space-y-2&quot;
        &gt;
          &lt;label
            class=&quot;text-sm font-medium leading-none peer-disabled:cursor-not-allowed peer-disabled:opacity-70&quot;
            for=&quot;periodMonth&quot;
          &gt;
            Ay *
          &lt;/label&gt;
          &lt;button
            aria-autocomplete=&quot;none&quot;
            aria-controls=&quot;radix-_r_31_&quot;
            aria-expanded=&quot;false&quot;
            class=&quot;flex h-10 w-full items-center justify-between rounded-lg border border-gray-300 dark:border-gray-700 bg-gray-50 dark:bg-gray-900 px-3 py-2 text-sm placeholder:text-gray-400 dark:placeholder:text-gray-500 focus:outline-none focus:ring-2 focus:ring-primary/20 focus:border-primary disabled:cursor-not-allowed disabled:opacity-50 [&amp;&gt;span]:line-clamp-1&quot;
            data-state=&quot;closed&quot;
            dir=&quot;ltr&quot;
            role=&quot;combobox&quot;
            type=&quot;button&quot;
          &gt;
            &lt;span
              style=&quot;pointer-events: none;&quot;
            &gt;
              Aralık
            &lt;/span&gt;
            &lt;svg
              aria-hidden=&quot;true&quot;
              class=&quot;lucide lucide-chevron-down h-4 w-4 opacity-50&quot;
              fill=&quot;none&quot;
              height=&quot;24&quot;
              stroke=&quot;currentColor&quot;
              stroke-linecap=&quot;round&quot;
              stroke-linejoin=&quot;round&quot;
              stroke-width=&quot;2&quot;
              viewBox=&quot;0 0 24 24&quot;
              width=&quot;24&quot;
              xmlns=&quot;http://www.w3.org/2000/svg&quot;
            &gt;
              &lt;path
                d=&quot;m6 9 6 6 6-6&quot;
              /&gt;
            &lt;/svg&gt;
          &lt;/button&gt;
          &lt;select
            aria-hidden=&quot;true&quot;
            style=&quot;position: absolute; border: 0px; width: 1px; height: 1px; padding: 0px; margin: -1px; overflow: hidden; clip: rect(0px, 0px, 0px, 0px); white-space: nowrap; word-wrap: normal;&quot;
            tabindex=&quot;-1&quot;
          &gt;
            &lt;option
              value=&quot;1&quot;
            &gt;
              Ocak
            &lt;/option&gt;
            &lt;option
              value=&quot;2&quot;
            &gt;
              Şubat
            &lt;/option&gt;
            &lt;option
              value=&quot;3&quot;
            &gt;
              Mart
            &lt;/option&gt;
            &lt;option
              value=&quot;4&quot;
            &gt;
              Nisan
            &lt;/option&gt;
            &lt;option
              value=&quot;5&quot;
            &gt;
              Mayıs
            &lt;/option&gt;
            &lt;option
              value=&quot;6&quot;
            &gt;
              Haziran
            &lt;/option&gt;
            &lt;option
              value=&quot;7&quot;
            &gt;
              Temmuz
        ...

Ignored nodes: comments, script, style
&lt;html
  class=&quot;light&quot;
  style=&quot;color-scheme: light;&quot;
&gt;
  &lt;head /&gt;
  &lt;body&gt;
    &lt;div&gt;
      &lt;form
        class=&quot;space-y-6&quot;
      &gt;
        &lt;div
          class=&quot;grid grid-cols-1 md:grid-cols-3 gap-4&quot;
        &gt;
          &lt;div
            class=&quot;space-y-2&quot;
          &gt;
            &lt;label
              class=&quot;text-sm font-medium leading-none peer-disabled:cursor-not-allowed peer-disabled:opacity-70&quot;
              for=&quot;periodYear&quot;
            &gt;
              Yıl *
            &lt;/label&gt;
            &lt;button
              aria-autocomplete=&quot;none&quot;
              aria-controls=&quot;radix-_r_30_&quot;
              aria-expanded=&quot;false&quot;
              class=&quot;flex h-10 w-full items-center justify-between rounded-lg border border-gray-300 dark:border-gray-700 bg-gray-50 dark:bg-gray-900 px-3 py-2 text-sm placeholder:text-gray-400 dark:placeholder:text-gray-500 focus:outline-none focus:ring-2 focus:ring-primary/20 focus:border-primary disabled:cursor-not-allowed disabled:opacity-50 [&amp;&gt;span]:line-clamp-1&quot;
              data-state=&quot;closed&quot;
              dir=&quot;ltr&quot;
              role=&quot;combobox&quot;
              type=&quot;button&quot;
            &gt;
              &lt;span
                style=&quot;pointer-events: none;&quot;
              &gt;
                2025
              &lt;/span&gt;
              &lt;svg
                aria-hidden=&quot;true&quot;
                class=&quot;lucide lucide-chevron-down h-4 w-4 opacity-50&quot;
                fill=&quot;none&quot;
                height=&quot;24&quot;
                stroke=&quot;currentColor&quot;
                stroke-linecap=&quot;round&quot;
                stroke-linejoin=&quot;round&quot;
                stroke-width=&quot;2&quot;
                viewBox=&quot;0 0 24 24&quot;
                width=&quot;24&quot;
                xmlns=&quot;http://www.w3.org/2000/svg&quot;
              &gt;
                &lt;path
                  d=&quot;m6 9 6 6 6-6&quot;
                /&gt;
              &lt;/svg&gt;
            &lt;/button&gt;
            &lt;select
              aria-hidden=&quot;true&quot;
              style=&quot;position: absolute; border: 0px; width: 1px; height: 1px; padding: 0px; margin: -1px; overflow: hidden; clip: rect(0px, 0px, 0px, 0px); white-space: nowrap; word-wrap: normal;&quot;
              tabindex=&quot;-1&quot;
            &gt;
              &lt;option
                selected=&quot;&quot;
                value=&quot;2025&quot;
              &gt;
                2025
              &lt;/option&gt;
              &lt;option
                value=&quot;2024&quot;
              &gt;
                2024
              &lt;/option&gt;
              &lt;option
                value=&quot;2023&quot;
              &gt;
                2023
              &lt;/option&gt;
            &lt;/select&gt;
          &lt;/div&gt;
          &lt;div
            class=&quot;space-y-2&quot;
          &gt;
            &lt;label
              class=&quot;text-sm font-medium leading-none peer-disabled:cursor-not-allowed peer-disabled:opacity-70&quot;
              for=&quot;periodMonth&quot;
            &gt;
              Ay *
            &lt;/label&gt;
            &lt;button
              aria-autocomplete=&quot;none&quot;
              aria-controls=&quot;radix-_r_31_&quot;
              aria-expanded=&quot;false&quot;
              class=&quot;flex h-10 w-full items-center justify-between rounded-lg border border-gray-300 dark:border-gray-700 bg-gray-50 dark:bg-gray-900 px-3 py-2 text-sm placeholder:text-gray-400 dark:placeholder:text-gray-500 focus:outline-none focus:ring-2 focus:ring-primary/20 focus:border-primary disabled:cursor-not-allowed disabled:opacity-50 [&amp;&gt;span]:line-clamp-1&quot;
              data-state=&quot;closed&quot;
              dir=&quot;ltr&quot;
              role=&quot;combobox&quot;
              type=&quot;button&quot;
            &gt;
              &lt;span
                style=&quot;pointer-events: none;&quot;
              &gt;
                Aralık
              &lt;/span&gt;
              &lt;svg
                aria-hidden=&quot;true&quot;
                class=&quot;lucide lucide-chevron-down h-4 w-4 opacity-50&quot;
                fill=&quot;none&quot;
                height=&quot;24&quot;
                stroke=&quot;currentColor&quot;
                stroke-linecap=&quot;round&quot;
                stroke-linejoin=&quot;round&quot;
                stroke-width=&quot;2&quot;
                viewBox=&quot;0 0 24 24&quot;
                width=&quot;24&quot;
                xmlns=&quot;http://www.w3.org/2000/svg&quot;
              &gt;
                &lt;path
                  d=&quot;m6 9 6 6 6-6&quot;
                /&gt;
              &lt;/svg&gt;
            &lt;/button&gt;
            &lt;select
              aria-hidden=&quot;true&quot;
              style=&quot;position: absolute; border: 0px; width: 1px; height: 1px; padding: 0px; margin: -1px; overflow: hidden; clip: rect(0px, 0px, 0px, 0px); white-space: nowrap; word-wrap: normal;&quot;
              tabindex=&quot;-1&quot;
            &gt;
              &lt;option
                value=&quot;1&quot;
              &gt;
                Ocak
              &lt;/option&gt;
              &lt;option
                value=&quot;2&quot;
              &gt;
                Şubat
              &lt;/option&gt;
              &lt;option
                value=&quot;3&quot;
              &gt;
                Mart
              &lt;/option&gt;
              &lt;option
                value=&quot;4&quot;
              &gt;
                Nisan
              &lt;/option&gt;
              &lt;option
     ...
 ❯ waitForWrapper node_modules/@testing-library/dom/dist/wait-for.js:163:27
 ❯ src/1-presentation/components/features/ecommerce/EcommerceMetricsForm.test.tsx:74:11
            </failure>
        </testcase>
        <testcase classname="src/1-presentation/components/features/ecommerce/EcommerceMetricsForm.test.tsx" name="EcommerceMetricsForm &gt; displays B2C fields when B2C platform is selected" time="0.054195833">
        </testcase>
        <testcase classname="src/1-presentation/components/features/ecommerce/EcommerceMetricsForm.test.tsx" name="EcommerceMetricsForm &gt; displays existing metrics when editing" time="0.039636">
        </testcase>
        <testcase classname="src/1-presentation/components/features/ecommerce/EcommerceMetricsForm.test.tsx" name="EcommerceMetricsForm &gt; calls onSubmit when form is submitted" time="0.089201625">
        </testcase>
        <testcase classname="src/1-presentation/components/features/ecommerce/EcommerceMetricsForm.test.tsx" name="EcommerceMetricsForm &gt; calls onCancel when cancel button is clicked" time="0.053915916">
        </testcase>
        <testcase classname="src/1-presentation/components/features/ecommerce/EcommerceMetricsForm.test.tsx" name="EcommerceMetricsForm &gt; displays loading state when isSubmitting is true" time="0.04284575">
        </testcase>
    </testsuite>
    <testsuite name="src/1-presentation/components/features/ecommerce/EcommercePerformanceTable.test.tsx" timestamp="2025-12-16T06:40:27.857Z" hostname="Omer-MacBook-Air.local" tests="9" failures="0" errors="0" skipped="0" time="0.06954925">
        <testcase classname="src/1-presentation/components/features/ecommerce/EcommercePerformanceTable.test.tsx" name="EcommercePerformanceTable &gt; renders component" time="0.015947666">
        </testcase>
        <testcase classname="src/1-presentation/components/features/ecommerce/EcommercePerformanceTable.test.tsx" name="EcommercePerformanceTable &gt; displays loading state" time="0.006236291">
        </testcase>
        <testcase classname="src/1-presentation/components/features/ecommerce/EcommercePerformanceTable.test.tsx" name="EcommercePerformanceTable &gt; displays empty state when no performance data" time="0.008209125">
        </testcase>
        <testcase classname="src/1-presentation/components/features/ecommerce/EcommercePerformanceTable.test.tsx" name="EcommercePerformanceTable &gt; displays performance data" time="0.024899875">
        </testcase>
        <testcase classname="src/1-presentation/components/features/ecommerce/EcommercePerformanceTable.test.tsx" name="EcommercePerformanceTable &gt; displays revenue correctly formatted" time="0.005057">
        </testcase>
        <testcase classname="src/1-presentation/components/features/ecommerce/EcommercePerformanceTable.test.tsx" name="EcommercePerformanceTable &gt; displays growth percentage with trend icon" time="0.003676042">
        </testcase>
        <testcase classname="src/1-presentation/components/features/ecommerce/EcommercePerformanceTable.test.tsx" name="EcommercePerformanceTable &gt; filters by programId" time="0.001184125">
        </testcase>
        <testcase classname="src/1-presentation/components/features/ecommerce/EcommercePerformanceTable.test.tsx" name="EcommercePerformanceTable &gt; filters by companyId" time="0.001108167">
        </testcase>
        <testcase classname="src/1-presentation/components/features/ecommerce/EcommercePerformanceTable.test.tsx" name="EcommercePerformanceTable &gt; filters by minRevenue" time="0.002360042">
        </testcase>
    </testsuite>
    <testsuite name="src/1-presentation/components/features/forum/CategoryList.test.tsx" timestamp="2025-12-16T06:40:27.858Z" hostname="Omer-MacBook-Air.local" tests="11" failures="0" errors="0" skipped="0" time="0.121556084">
        <testcase classname="src/1-presentation/components/features/forum/CategoryList.test.tsx" name="CategoryList &gt; renders component" time="0.032878792">
        </testcase>
        <testcase classname="src/1-presentation/components/features/forum/CategoryList.test.tsx" name="CategoryList &gt; displays category name" time="0.004478125">
        </testcase>
        <testcase classname="src/1-presentation/components/features/forum/CategoryList.test.tsx" name="CategoryList &gt; displays category description" time="0.005455542">
        </testcase>
        <testcase classname="src/1-presentation/components/features/forum/CategoryList.test.tsx" name="CategoryList &gt; displays topic and reply counts" time="0.003482666">
        </testcase>
        <testcase classname="src/1-presentation/components/features/forum/CategoryList.test.tsx" name="CategoryList &gt; displays approval required badge when requireApproval is true" time="0.004754417">
        </testcase>
        <testcase classname="src/1-presentation/components/features/forum/CategoryList.test.tsx" name="CategoryList &gt; does not display approval badge when requireApproval is false" time="0.0029565">
        </testcase>
        <testcase classname="src/1-presentation/components/features/forum/CategoryList.test.tsx" name="CategoryList &gt; displays category color" time="0.006816542">
        </testcase>
        <testcase classname="src/1-presentation/components/features/forum/CategoryList.test.tsx" name="CategoryList &gt; displays loading state" time="0.003238334">
        </testcase>
        <testcase classname="src/1-presentation/components/features/forum/CategoryList.test.tsx" name="CategoryList &gt; displays empty state when no categories" time="0.001738417">
        </testcase>
        <testcase classname="src/1-presentation/components/features/forum/CategoryList.test.tsx" name="CategoryList &gt; renders multiple categories" time="0.006140209">
        </testcase>
        <testcase classname="src/1-presentation/components/features/forum/CategoryList.test.tsx" name="CategoryList &gt; creates correct link href" time="0.048691792">
        </testcase>
    </testsuite>
    <testsuite name="src/1-presentation/components/features/forum/ModerationPanel.test.tsx" timestamp="2025-12-16T06:40:27.858Z" hostname="Omer-MacBook-Air.local" tests="5" failures="0" errors="0" skipped="0" time="0.145645125">
        <testcase classname="src/1-presentation/components/features/forum/ModerationPanel.test.tsx" name="ModerationPanel &gt; renders component" time="0.086770042">
        </testcase>
        <testcase classname="src/1-presentation/components/features/forum/ModerationPanel.test.tsx" name="ModerationPanel &gt; displays loading state when loading" time="0.003407375">
        </testcase>
        <testcase classname="src/1-presentation/components/features/forum/ModerationPanel.test.tsx" name="ModerationPanel &gt; displays tabs for filtering" time="0.027467542">
        </testcase>
        <testcase classname="src/1-presentation/components/features/forum/ModerationPanel.test.tsx" name="ModerationPanel &gt; displays empty state when no pending items" time="0.010869416">
        </testcase>
        <testcase classname="src/1-presentation/components/features/forum/ModerationPanel.test.tsx" name="ModerationPanel &gt; renders moderation actions" time="0.016330458">
        </testcase>
    </testsuite>
    <testsuite name="src/1-presentation/components/features/forum/ReplyCard.test.tsx" timestamp="2025-12-16T06:40:27.859Z" hostname="Omer-MacBook-Air.local" tests="16" failures="0" errors="0" skipped="0" time="0.197484583">
        <testcase classname="src/1-presentation/components/features/forum/ReplyCard.test.tsx" name="ReplyCard &gt; renders component" time="0.026067666">
        </testcase>
        <testcase classname="src/1-presentation/components/features/forum/ReplyCard.test.tsx" name="ReplyCard &gt; displays author name" time="0.003857">
        </testcase>
        <testcase classname="src/1-presentation/components/features/forum/ReplyCard.test.tsx" name="ReplyCard &gt; displays company name" time="0.002959875">
        </testcase>
        <testcase classname="src/1-presentation/components/features/forum/ReplyCard.test.tsx" name="ReplyCard &gt; displays reply content" time="0.00276375">
        </testcase>
        <testcase classname="src/1-presentation/components/features/forum/ReplyCard.test.tsx" name="ReplyCard &gt; displays like count" time="0.004669583">
        </testcase>
        <testcase classname="src/1-presentation/components/features/forum/ReplyCard.test.tsx" name="ReplyCard &gt; displays solution badge when reply is solution" time="0.003098458">
        </testcase>
        <testcase classname="src/1-presentation/components/features/forum/ReplyCard.test.tsx" name="ReplyCard &gt; displays edited badge when reply is edited" time="0.004227458">
        </testcase>
        <testcase classname="src/1-presentation/components/features/forum/ReplyCard.test.tsx" name="ReplyCard &gt; calls onLike when like button is clicked" time="0.077214333">
        </testcase>
        <testcase classname="src/1-presentation/components/features/forum/ReplyCard.test.tsx" name="ReplyCard &gt; calls onReply when reply button is clicked" time="0.028386875">
        </testcase>
        <testcase classname="src/1-presentation/components/features/forum/ReplyCard.test.tsx" name="ReplyCard &gt; calls onMarkSolution when mark solution button is clicked" time="0.018060792">
        </testcase>
        <testcase classname="src/1-presentation/components/features/forum/ReplyCard.test.tsx" name="ReplyCard &gt; shows edit button when user is author" time="0.009717666">
        </testcase>
        <testcase classname="src/1-presentation/components/features/forum/ReplyCard.test.tsx" name="ReplyCard &gt; shows delete button when user is author" time="0.008170125">
        </testcase>
        <testcase classname="src/1-presentation/components/features/forum/ReplyCard.test.tsx" name="ReplyCard &gt; does not show reply button when depth exceeds max" time="0.001637333">
        </testcase>
        <testcase classname="src/1-presentation/components/features/forum/ReplyCard.test.tsx" name="ReplyCard &gt; renders nested replies" time="0.002092459">
        </testcase>
        <testcase classname="src/1-presentation/components/features/forum/ReplyCard.test.tsx" name="ReplyCard &gt; applies indentation for nested replies" time="0.001975542">
        </testcase>
        <testcase classname="src/1-presentation/components/features/forum/ReplyCard.test.tsx" name="ReplyCard &gt; applies solution styling when reply is solution" time="0.001600084">
        </testcase>
    </testsuite>
    <testsuite name="src/1-presentation/components/features/forum/ReplyForm.test.tsx" timestamp="2025-12-16T06:40:27.860Z" hostname="Omer-MacBook-Air.local" tests="9" failures="0" errors="0" skipped="0" time="0.258012958">
        <testcase classname="src/1-presentation/components/features/forum/ReplyForm.test.tsx" name="ReplyForm &gt; renders form" time="0.031503625">
        </testcase>
        <testcase classname="src/1-presentation/components/features/forum/ReplyForm.test.tsx" name="ReplyForm &gt; displays correct label for reply to reply" time="0.004855208">
        </testcase>
        <testcase classname="src/1-presentation/components/features/forum/ReplyForm.test.tsx" name="ReplyForm &gt; displays correct label for editing" time="0.004003708">
        </testcase>
        <testcase classname="src/1-presentation/components/features/forum/ReplyForm.test.tsx" name="ReplyForm &gt; pre-fills form with initial data" time="0.003148541">
        </testcase>
        <testcase classname="src/1-presentation/components/features/forum/ReplyForm.test.tsx" name="ReplyForm &gt; validates required content field" time="0.083332875">
        </testcase>
        <testcase classname="src/1-presentation/components/features/forum/ReplyForm.test.tsx" name="ReplyForm &gt; calls onSubmit with form data" time="0.057629125">
        </testcase>
        <testcase classname="src/1-presentation/components/features/forum/ReplyForm.test.tsx" name="ReplyForm &gt; renders cancel button when onCancel is provided" time="0.012287666">
        </testcase>
        <testcase classname="src/1-presentation/components/features/forum/ReplyForm.test.tsx" name="ReplyForm &gt; disables submit button when isSubmitting is true" time="0.011847">
        </testcase>
        <testcase classname="src/1-presentation/components/features/forum/ReplyForm.test.tsx" name="ReplyForm &gt; resets form after successful submit" time="0.048313583">
        </testcase>
    </testsuite>
    <testsuite name="src/1-presentation/components/features/forum/ReplyTree.test.tsx" timestamp="2025-12-16T06:40:27.860Z" hostname="Omer-MacBook-Air.local" tests="5" failures="0" errors="0" skipped="0" time="0.033842375">
        <testcase classname="src/1-presentation/components/features/forum/ReplyTree.test.tsx" name="ReplyTree &gt; renders component" time="0.019607958">
        </testcase>
        <testcase classname="src/1-presentation/components/features/forum/ReplyTree.test.tsx" name="ReplyTree &gt; renders multiple replies" time="0.004581208">
        </testcase>
        <testcase classname="src/1-presentation/components/features/forum/ReplyTree.test.tsx" name="ReplyTree &gt; renders empty state when no replies" time="0.004373666">
        </testcase>
        <testcase classname="src/1-presentation/components/features/forum/ReplyTree.test.tsx" name="ReplyTree &gt; passes solutionReplyId to ReplyCard" time="0.002821083">
        </testcase>
        <testcase classname="src/1-presentation/components/features/forum/ReplyTree.test.tsx" name="ReplyTree &gt; passes callbacks to ReplyCard" time="0.001706459">
        </testcase>
    </testsuite>
    <testsuite name="src/1-presentation/components/features/forum/TopicCard.test.tsx" timestamp="2025-12-16T06:40:27.860Z" hostname="Omer-MacBook-Air.local" tests="12" failures="0" errors="0" skipped="0" time="0.14185975">
        <testcase classname="src/1-presentation/components/features/forum/TopicCard.test.tsx" name="TopicCard &gt; renders topic card with title" time="0.037695">
        </testcase>
        <testcase classname="src/1-presentation/components/features/forum/TopicCard.test.tsx" name="TopicCard &gt; renders topic category" time="0.007158375">
        </testcase>
        <testcase classname="src/1-presentation/components/features/forum/TopicCard.test.tsx" name="TopicCard &gt; renders topic author name" time="0.005029">
        </testcase>
        <testcase classname="src/1-presentation/components/features/forum/TopicCard.test.tsx" name="TopicCard &gt; renders view count" time="0.003639625">
        </testcase>
        <testcase classname="src/1-presentation/components/features/forum/TopicCard.test.tsx" name="TopicCard &gt; renders reply count" time="0.004727666">
        </testcase>
        <testcase classname="src/1-presentation/components/features/forum/TopicCard.test.tsx" name="TopicCard &gt; renders like count" time="0.004525292">
        </testcase>
        <testcase classname="src/1-presentation/components/features/forum/TopicCard.test.tsx" name="TopicCard &gt; renders pinned badge when topic is pinned" time="0.003438291">
        </testcase>
        <testcase classname="src/1-presentation/components/features/forum/TopicCard.test.tsx" name="TopicCard &gt; renders locked badge when topic is locked" time="0.003511292">
        </testcase>
        <testcase classname="src/1-presentation/components/features/forum/TopicCard.test.tsx" name="TopicCard &gt; renders solved badge when topic is solved" time="0.007060167">
        </testcase>
        <testcase classname="src/1-presentation/components/features/forum/TopicCard.test.tsx" name="TopicCard &gt; renders priority badge for high priority" time="0.003694625">
        </testcase>
        <testcase classname="src/1-presentation/components/features/forum/TopicCard.test.tsx" name="TopicCard &gt; renders status badge for closed topic" time="0.002933416">
        </testcase>
        <testcase classname="src/1-presentation/components/features/forum/TopicCard.test.tsx" name="TopicCard &gt; renders link to topic detail page" time="0.057556875">
        </testcase>
    </testsuite>
    <testsuite name="src/1-presentation/components/features/forum/TopicDetail.test.tsx" timestamp="2025-12-16T06:40:27.861Z" hostname="Omer-MacBook-Air.local" tests="17" failures="0" errors="0" skipped="0" time="0.263510292">
        <testcase classname="src/1-presentation/components/features/forum/TopicDetail.test.tsx" name="TopicDetail &gt; renders component" time="0.040180958">
        </testcase>
        <testcase classname="src/1-presentation/components/features/forum/TopicDetail.test.tsx" name="TopicDetail &gt; displays topic title" time="0.008500375">
        </testcase>
        <testcase classname="src/1-presentation/components/features/forum/TopicDetail.test.tsx" name="TopicDetail &gt; displays topic content" time="0.005290167">
        </testcase>
        <testcase classname="src/1-presentation/components/features/forum/TopicDetail.test.tsx" name="TopicDetail &gt; displays author name" time="0.0045485">
        </testcase>
        <testcase classname="src/1-presentation/components/features/forum/TopicDetail.test.tsx" name="TopicDetail &gt; displays view and reply counts" time="0.006547916">
        </testcase>
        <testcase classname="src/1-presentation/components/features/forum/TopicDetail.test.tsx" name="TopicDetail &gt; displays loading state" time="0.001750583">
        </testcase>
        <testcase classname="src/1-presentation/components/features/forum/TopicDetail.test.tsx" name="TopicDetail &gt; displays not found message when topic is null" time="0.00185425">
        </testcase>
        <testcase classname="src/1-presentation/components/features/forum/TopicDetail.test.tsx" name="TopicDetail &gt; shows reply form when reply button is clicked" time="0.104923292">
        </testcase>
        <testcase classname="src/1-presentation/components/features/forum/TopicDetail.test.tsx" name="TopicDetail &gt; calls onEdit when edit button is clicked" time="0.028957625">
        </testcase>
        <testcase classname="src/1-presentation/components/features/forum/TopicDetail.test.tsx" name="TopicDetail &gt; calls onDelete when delete button is clicked" time="0.026576709">
        </testcase>
        <testcase classname="src/1-presentation/components/features/forum/TopicDetail.test.tsx" name="TopicDetail &gt; does not show reply button when topic is locked" time="0.009700334">
        </testcase>
        <testcase classname="src/1-presentation/components/features/forum/TopicDetail.test.tsx" name="TopicDetail &gt; displays category badge" time="0.003762167">
        </testcase>
        <testcase classname="src/1-presentation/components/features/forum/TopicDetail.test.tsx" name="TopicDetail &gt; displays status and priority badges" time="0.004476166">
        </testcase>
        <testcase classname="src/1-presentation/components/features/forum/TopicDetail.test.tsx" name="TopicDetail &gt; displays pinned badge when topic is pinned" time="0.00468225">
        </testcase>
        <testcase classname="src/1-presentation/components/features/forum/TopicDetail.test.tsx" name="TopicDetail &gt; displays locked badge when topic is locked" time="0.003523292">
        </testcase>
        <testcase classname="src/1-presentation/components/features/forum/TopicDetail.test.tsx" name="TopicDetail &gt; renders reply tree with replies" time="0.003162833">
        </testcase>
        <testcase classname="src/1-presentation/components/features/forum/TopicDetail.test.tsx" name="TopicDetail &gt; displays empty state when no replies" time="0.004042084">
        </testcase>
    </testsuite>
    <testsuite name="src/1-presentation/components/features/forum/TopicForm.test.tsx" timestamp="2025-12-16T06:40:27.862Z" hostname="Omer-MacBook-Air.local" tests="6" failures="0" errors="0" skipped="0" time="0.259169917">
        <testcase classname="src/1-presentation/components/features/forum/TopicForm.test.tsx" name="TopicForm &gt; renders form fields" time="0.069322875">
        </testcase>
        <testcase classname="src/1-presentation/components/features/forum/TopicForm.test.tsx" name="TopicForm &gt; pre-fills form with initial data" time="0.021767125">
        </testcase>
        <testcase classname="src/1-presentation/components/features/forum/TopicForm.test.tsx" name="TopicForm &gt; validates required fields" time="0.095262208">
        </testcase>
        <testcase classname="src/1-presentation/components/features/forum/TopicForm.test.tsx" name="TopicForm &gt; renders submit button" time="0.029339625">
        </testcase>
        <testcase classname="src/1-presentation/components/features/forum/TopicForm.test.tsx" name="TopicForm &gt; disables submit button when isSubmitting is true" time="0.026727917">
        </testcase>
        <testcase classname="src/1-presentation/components/features/forum/TopicForm.test.tsx" name="TopicForm &gt; disables category select when editing" time="0.015880709">
        </testcase>
    </testsuite>
    <testsuite name="src/1-presentation/components/features/forum/TopicList.test.tsx" timestamp="2025-12-16T06:40:27.862Z" hostname="Omer-MacBook-Air.local" tests="8" failures="0" errors="0" skipped="0" time="0.244693833">
        <testcase classname="src/1-presentation/components/features/forum/TopicList.test.tsx" name="TopicList &gt; renders component" time="0.058817666">
        </testcase>
        <testcase classname="src/1-presentation/components/features/forum/TopicList.test.tsx" name="TopicList &gt; displays topic count" time="0.017039708">
        </testcase>
        <testcase classname="src/1-presentation/components/features/forum/TopicList.test.tsx" name="TopicList &gt; shows create button when onCreateClick is provided" time="0.019313333">
        </testcase>
        <testcase classname="src/1-presentation/components/features/forum/TopicList.test.tsx" name="TopicList &gt; calls onCreateClick when create button is clicked" time="0.075481">
        </testcase>
        <testcase classname="src/1-presentation/components/features/forum/TopicList.test.tsx" name="TopicList &gt; displays loading state when loading" time="0.017362708">
        </testcase>
        <testcase classname="src/1-presentation/components/features/forum/TopicList.test.tsx" name="TopicList &gt; displays empty state when no topics" time="0.015799083">
        </testcase>
        <testcase classname="src/1-presentation/components/features/forum/TopicList.test.tsx" name="TopicList &gt; renders search input" time="0.014482208">
        </testcase>
        <testcase classname="src/1-presentation/components/features/forum/TopicList.test.tsx" name="TopicList &gt; renders filter selects" time="0.025439083">
        </testcase>
    </testsuite>
    <testsuite name="src/1-presentation/components/features/leaderboard/BadgeCard.test.tsx" timestamp="2025-12-16T06:40:27.863Z" hostname="Omer-MacBook-Air.local" tests="6" failures="0" errors="0" skipped="0" time="0.0428205">
        <testcase classname="src/1-presentation/components/features/leaderboard/BadgeCard.test.tsx" name="BadgeCard &gt; renders component" time="0.026200667">
        </testcase>
        <testcase classname="src/1-presentation/components/features/leaderboard/BadgeCard.test.tsx" name="BadgeCard &gt; displays badge name" time="0.004112791">
        </testcase>
        <testcase classname="src/1-presentation/components/features/leaderboard/BadgeCard.test.tsx" name="BadgeCard &gt; displays badge description" time="0.002868209">
        </testcase>
        <testcase classname="src/1-presentation/components/features/leaderboard/BadgeCard.test.tsx" name="BadgeCard &gt; displays badge icon" time="0.002266375">
        </testcase>
        <testcase classname="src/1-presentation/components/features/leaderboard/BadgeCard.test.tsx" name="BadgeCard &gt; displays earned badge when earned prop is true" time="0.004343541">
        </testcase>
        <testcase classname="src/1-presentation/components/features/leaderboard/BadgeCard.test.tsx" name="BadgeCard &gt; displays points bonus" time="0.002205167">
        </testcase>
    </testsuite>
    <testsuite name="src/1-presentation/components/features/leaderboard/LeaderboardTable.test.tsx" timestamp="2025-12-16T06:40:27.863Z" hostname="Omer-MacBook-Air.local" tests="11" failures="0" errors="0" skipped="0" time="0.083273042">
        <testcase classname="src/1-presentation/components/features/leaderboard/LeaderboardTable.test.tsx" name="LeaderboardTable &gt; renders component" time="0.015008375">
        </testcase>
        <testcase classname="src/1-presentation/components/features/leaderboard/LeaderboardTable.test.tsx" name="LeaderboardTable &gt; displays loading state" time="0.006839167">
        </testcase>
        <testcase classname="src/1-presentation/components/features/leaderboard/LeaderboardTable.test.tsx" name="LeaderboardTable &gt; displays error state" time="0.007931667">
        </testcase>
        <testcase classname="src/1-presentation/components/features/leaderboard/LeaderboardTable.test.tsx" name="LeaderboardTable &gt; displays empty state when no rankings" time="0.002168667">
        </testcase>
        <testcase classname="src/1-presentation/components/features/leaderboard/LeaderboardTable.test.tsx" name="LeaderboardTable &gt; displays rankings" time="0.028614083">
            <system-err>
Encountered two children with the same key, `company-1`. Keys should be unique so that components maintain their identity across updates. Non-unique keys may cause children to be duplicated and/or omitted — the behavior is unsupported and could change in a future version.
Encountered two children with the same key, `company-1`. Keys should be unique so that components maintain their identity across updates. Non-unique keys may cause children to be duplicated and/or omitted — the behavior is unsupported and could change in a future version.

            </system-err>
        </testcase>
        <testcase classname="src/1-presentation/components/features/leaderboard/LeaderboardTable.test.tsx" name="LeaderboardTable &gt; displays rank numbers" time="0.006999042">
            <system-err>
Encountered two children with the same key, `company-1`. Keys should be unique so that components maintain their identity across updates. Non-unique keys may cause children to be duplicated and/or omitted — the behavior is unsupported and could change in a future version.

            </system-err>
        </testcase>
        <testcase classname="src/1-presentation/components/features/leaderboard/LeaderboardTable.test.tsx" name="LeaderboardTable &gt; displays total scores" time="0.003691">
        </testcase>
        <testcase classname="src/1-presentation/components/features/leaderboard/LeaderboardTable.test.tsx" name="LeaderboardTable &gt; displays badge count" time="0.00413325">
        </testcase>
        <testcase classname="src/1-presentation/components/features/leaderboard/LeaderboardTable.test.tsx" name="LeaderboardTable &gt; filters by programId" time="0.00236">
        </testcase>
        <testcase classname="src/1-presentation/components/features/leaderboard/LeaderboardTable.test.tsx" name="LeaderboardTable &gt; filters by companyId" time="0.001144375">
        </testcase>
        <testcase classname="src/1-presentation/components/features/leaderboard/LeaderboardTable.test.tsx" name="LeaderboardTable &gt; limits results when limit prop is provided" time="0.003424625">
        </testcase>
    </testsuite>
    <testsuite name="src/1-presentation/components/features/news/NewsCard.test.tsx" timestamp="2025-12-16T06:40:27.864Z" hostname="Omer-MacBook-Air.local" tests="17" failures="0" errors="0" skipped="0" time="0.193354958">
        <testcase classname="src/1-presentation/components/features/news/NewsCard.test.tsx" name="NewsCard &gt; renders news card with title" time="0.030449459">
        </testcase>
        <testcase classname="src/1-presentation/components/features/news/NewsCard.test.tsx" name="NewsCard &gt; renders news summary when provided" time="0.005265791">
        </testcase>
        <testcase classname="src/1-presentation/components/features/news/NewsCard.test.tsx" name="NewsCard &gt; renders news image when provided" time="0.005282334">
        </testcase>
        <testcase classname="src/1-presentation/components/features/news/NewsCard.test.tsx" name="NewsCard &gt; displays pinned badge when news is pinned" time="0.004097125">
        </testcase>
        <testcase classname="src/1-presentation/components/features/news/NewsCard.test.tsx" name="NewsCard &gt; displays featured badge when news is featured" time="0.004799541">
        </testcase>
        <testcase classname="src/1-presentation/components/features/news/NewsCard.test.tsx" name="NewsCard &gt; displays category and status badges" time="0.004626625">
        </testcase>
        <testcase classname="src/1-presentation/components/features/news/NewsCard.test.tsx" name="NewsCard &gt; displays statistics (views, likes, comments)" time="0.005645417">
        </testcase>
        <testcase classname="src/1-presentation/components/features/news/NewsCard.test.tsx" name="NewsCard &gt; displays reading time when provided" time="0.002987875">
        </testcase>
        <testcase classname="src/1-presentation/components/features/news/NewsCard.test.tsx" name="NewsCard &gt; displays tags when provided" time="0.005696583">
        </testcase>
        <testcase classname="src/1-presentation/components/features/news/NewsCard.test.tsx" name="NewsCard &gt; shows &quot;+N&quot; badge when more than 3 tags" time="0.003551792">
        </testcase>
        <testcase classname="src/1-presentation/components/features/news/NewsCard.test.tsx" name="NewsCard &gt; renders action buttons when showActions is true" time="0.004003833">
        </testcase>
        <testcase classname="src/1-presentation/components/features/news/NewsCard.test.tsx" name="NewsCard &gt; calls onEdit when edit button is clicked" time="0.064266333">
        </testcase>
        <testcase classname="src/1-presentation/components/features/news/NewsCard.test.tsx" name="NewsCard &gt; calls onDelete when delete button is clicked" time="0.015187833">
        </testcase>
        <testcase classname="src/1-presentation/components/features/news/NewsCard.test.tsx" name="NewsCard &gt; calls onPublish when publish button is clicked" time="0.013864667">
        </testcase>
        <testcase classname="src/1-presentation/components/features/news/NewsCard.test.tsx" name="NewsCard &gt; does not show publish button for published news" time="0.002975292">
        </testcase>
        <testcase classname="src/1-presentation/components/features/news/NewsCard.test.tsx" name="NewsCard &gt; uses custom basePath for link" time="0.016850667">
        </testcase>
        <testcase classname="src/1-presentation/components/features/news/NewsCard.test.tsx" name="NewsCard &gt; displays author name when provided" time="0.002802417">
        </testcase>
    </testsuite>
    <testsuite name="src/1-presentation/components/features/news/NewsForm.test.tsx" timestamp="2025-12-16T06:40:27.864Z" hostname="Omer-MacBook-Air.local" tests="17" failures="0" errors="0" skipped="0" time="3.005373333">
        <testcase classname="src/1-presentation/components/features/news/NewsForm.test.tsx" name="NewsForm &gt; Form Rendering &gt; renders all form fields" time="0.072808333">
        </testcase>
        <testcase classname="src/1-presentation/components/features/news/NewsForm.test.tsx" name="NewsForm &gt; Form Rendering &gt; renders submit button with &quot;Oluştur&quot; text for new news" time="0.07540425">
        </testcase>
        <testcase classname="src/1-presentation/components/features/news/NewsForm.test.tsx" name="NewsForm &gt; Form Rendering &gt; renders submit button with &quot;Güncelle&quot; text for existing news" time="0.031447083">
        </testcase>
        <testcase classname="src/1-presentation/components/features/news/NewsForm.test.tsx" name="NewsForm &gt; Form Rendering &gt; pre-fills form fields with initialData" time="0.020850625">
        </testcase>
        <testcase classname="src/1-presentation/components/features/news/NewsForm.test.tsx" name="NewsForm &gt; Form Validation &gt; shows error when title is empty" time="0.093682459">
        </testcase>
        <testcase classname="src/1-presentation/components/features/news/NewsForm.test.tsx" name="NewsForm &gt; Form Validation &gt; shows error when content is empty" time="0.072704375">
        </testcase>
        <testcase classname="src/1-presentation/components/features/news/NewsForm.test.tsx" name="NewsForm &gt; Form Validation &gt; shows error when title exceeds 500 characters" time="0.924627834">
        </testcase>
        <testcase classname="src/1-presentation/components/features/news/NewsForm.test.tsx" name="NewsForm &gt; Form Validation &gt; shows error when summary exceeds 500 characters" time="0.965713375">
        </testcase>
        <testcase classname="src/1-presentation/components/features/news/NewsForm.test.tsx" name="NewsForm &gt; Form Validation &gt; shows error when imageUrl is invalid" time="0.124606791">
        </testcase>
        <testcase classname="src/1-presentation/components/features/news/NewsForm.test.tsx" name="NewsForm &gt; Form Submission &gt; submits form with valid data for new news" time="0.101">
        </testcase>
        <testcase classname="src/1-presentation/components/features/news/NewsForm.test.tsx" name="NewsForm &gt; Form Submission &gt; submits form without programId for update" time="0.063405958">
        </testcase>
        <testcase classname="src/1-presentation/components/features/news/NewsForm.test.tsx" name="NewsForm &gt; Form Submission &gt; processes metaKeywords correctly (comma-separated)" time="0.134746208">
        </testcase>
        <testcase classname="src/1-presentation/components/features/news/NewsForm.test.tsx" name="NewsForm &gt; Form Submission &gt; converts empty strings to undefined for optional fields" time="0.085776125">
        </testcase>
        <testcase classname="src/1-presentation/components/features/news/NewsForm.test.tsx" name="NewsForm &gt; Form Submission &gt; disables submit button when isSubmitting is true" time="0.01855475">
        </testcase>
        <testcase classname="src/1-presentation/components/features/news/NewsForm.test.tsx" name="NewsForm &gt; Form Submission &gt; shows loading spinner when isSubmitting is true" time="0.016171083">
        </testcase>
        <testcase classname="src/1-presentation/components/features/news/NewsForm.test.tsx" name="NewsForm &gt; Switch Toggles &gt; toggles isFeatured switch" time="0.1035905">
        </testcase>
        <testcase classname="src/1-presentation/components/features/news/NewsForm.test.tsx" name="NewsForm &gt; Switch Toggles &gt; toggles isPinned switch" time="0.098938625">
        </testcase>
    </testsuite>
    <testsuite name="src/1-presentation/components/features/news/NewsList.test.tsx" timestamp="2025-12-16T06:40:27.865Z" hostname="Omer-MacBook-Air.local" tests="17" failures="0" errors="0" skipped="0" time="0.477921625">
        <testcase classname="src/1-presentation/components/features/news/NewsList.test.tsx" name="NewsList &gt; renders news list header" time="0.061101916">
        </testcase>
        <testcase classname="src/1-presentation/components/features/news/NewsList.test.tsx" name="NewsList &gt; displays news count correctly" time="0.02479075">
        </testcase>
        <testcase classname="src/1-presentation/components/features/news/NewsList.test.tsx" name="NewsList &gt; shows create button when onCreateClick is provided" time="0.0208465">
        </testcase>
        <testcase classname="src/1-presentation/components/features/news/NewsList.test.tsx" name="NewsList &gt; calls onCreateClick when create button is clicked" time="0.09352175">
        </testcase>
        <testcase classname="src/1-presentation/components/features/news/NewsList.test.tsx" name="NewsList &gt; renders search input" time="0.019294">
        </testcase>
        <testcase classname="src/1-presentation/components/features/news/NewsList.test.tsx" name="NewsList &gt; renders category filter" time="0.015437583">
        </testcase>
        <testcase classname="src/1-presentation/components/features/news/NewsList.test.tsx" name="NewsList &gt; renders status filter" time="0.016409833">
        </testcase>
        <testcase classname="src/1-presentation/components/features/news/NewsList.test.tsx" name="NewsList &gt; displays loading state" time="0.014324583">
        </testcase>
        <testcase classname="src/1-presentation/components/features/news/NewsList.test.tsx" name="NewsList &gt; displays empty state when no news" time="0.019669583">
        </testcase>
        <testcase classname="src/1-presentation/components/features/news/NewsList.test.tsx" name="NewsList &gt; shows create button in empty state when onCreateClick is provided" time="0.014716583">
        </testcase>
        <testcase classname="src/1-presentation/components/features/news/NewsList.test.tsx" name="NewsList &gt; renders news cards when news list is provided" time="0.018253083">
        </testcase>
        <testcase classname="src/1-presentation/components/features/news/NewsList.test.tsx" name="NewsList &gt; allows searching news" time="0.08022925">
        </testcase>
        <testcase classname="src/1-presentation/components/features/news/NewsList.test.tsx" name="NewsList &gt; filters by category when category is selected" time="0.0001215">
        </testcase>
        <testcase classname="src/1-presentation/components/features/news/NewsList.test.tsx" name="NewsList &gt; filters by status when status is selected" time="0.00007675">
        </testcase>
        <testcase classname="src/1-presentation/components/features/news/NewsList.test.tsx" name="NewsList &gt; navigates to edit page when edit is clicked" time="0.031874792">
        </testcase>
        <testcase classname="src/1-presentation/components/features/news/NewsList.test.tsx" name="NewsList &gt; deletes news when delete is clicked and confirmed" time="0.0237">
        </testcase>
        <testcase classname="src/1-presentation/components/features/news/NewsList.test.tsx" name="NewsList &gt; publishes news when publish is clicked" time="0.022472042">
        </testcase>
    </testsuite>
    <testsuite name="src/1-presentation/components/features/events/AttendeeList.test.tsx" timestamp="2025-12-16T06:40:27.866Z" hostname="Omer-MacBook-Air.local" tests="7" failures="0" errors="0" skipped="0" time="0.074409542">
        <testcase classname="src/1-presentation/components/features/events/AttendeeList.test.tsx" name="AttendeeList &gt; renders component" time="0.027120333">
            <system-err>
An update to AttendeeList inside a test was not wrapped in act(...).

When testing, code that causes React state updates should be wrapped into act(...):

act(() =&gt; {
  /* fire events that update state */
});
/* assert on the output */

This ensures that you&apos;re testing the behavior the user would see in the browser. Learn more at https://react.dev/link/wrap-tests-with-act

            </system-err>
        </testcase>
        <testcase classname="src/1-presentation/components/features/events/AttendeeList.test.tsx" name="AttendeeList &gt; displays loading state when loading" time="0.005187583">
            <system-err>
An update to AttendeeList inside a test was not wrapped in act(...).

When testing, code that causes React state updates should be wrapped into act(...):

act(() =&gt; {
  /* fire events that update state */
});
/* assert on the output */

This ensures that you&apos;re testing the behavior the user would see in the browser. Learn more at https://react.dev/link/wrap-tests-with-act

            </system-err>
        </testcase>
        <testcase classname="src/1-presentation/components/features/events/AttendeeList.test.tsx" name="AttendeeList &gt; displays empty state when no attendees" time="0.004103625">
            <system-err>
An update to AttendeeList inside a test was not wrapped in act(...).

When testing, code that causes React state updates should be wrapped into act(...):

act(() =&gt; {
  /* fire events that update state */
});
/* assert on the output */

This ensures that you&apos;re testing the behavior the user would see in the browser. Learn more at https://react.dev/link/wrap-tests-with-act

            </system-err>
        </testcase>
        <testcase classname="src/1-presentation/components/features/events/AttendeeList.test.tsx" name="AttendeeList &gt; displays attendees list" time="0.021277125">
            <system-err>
An update to AttendeeList inside a test was not wrapped in act(...).

When testing, code that causes React state updates should be wrapped into act(...):

act(() =&gt; {
  /* fire events that update state */
});
/* assert on the output */

This ensures that you&apos;re testing the behavior the user would see in the browser. Learn more at https://react.dev/link/wrap-tests-with-act

            </system-err>
        </testcase>
        <testcase classname="src/1-presentation/components/features/events/AttendeeList.test.tsx" name="AttendeeList &gt; displays company names when showCompany is true" time="0.007452833">
            <system-err>
An update to AttendeeList inside a test was not wrapped in act(...).

When testing, code that causes React state updates should be wrapped into act(...):

act(() =&gt; {
  /* fire events that update state */
});
/* assert on the output */

This ensures that you&apos;re testing the behavior the user would see in the browser. Learn more at https://react.dev/link/wrap-tests-with-act

            </system-err>
        </testcase>
        <testcase classname="src/1-presentation/components/features/events/AttendeeList.test.tsx" name="AttendeeList &gt; displays error message when error occurs" time="0.002459958">
            <system-err>
An update to AttendeeList inside a test was not wrapped in act(...).

When testing, code that causes React state updates should be wrapped into act(...):

act(() =&gt; {
  /* fire events that update state */
});
/* assert on the output */

This ensures that you&apos;re testing the behavior the user would see in the browser. Learn more at https://react.dev/link/wrap-tests-with-act

            </system-err>
        </testcase>
        <testcase classname="src/1-presentation/components/features/events/AttendeeList.test.tsx" name="AttendeeList &gt; displays attendee count in header" time="0.005968833">
            <system-err>
An update to AttendeeList inside a test was not wrapped in act(...).

When testing, code that causes React state updates should be wrapped into act(...):

act(() =&gt; {
  /* fire events that update state */
});
/* assert on the output */

This ensures that you&apos;re testing the behavior the user would see in the browser. Learn more at https://react.dev/link/wrap-tests-with-act

            </system-err>
        </testcase>
    </testsuite>
    <testsuite name="src/1-presentation/components/features/events/EventDetail.test.tsx" timestamp="2025-12-16T06:40:27.867Z" hostname="Omer-MacBook-Air.local" tests="7" failures="0" errors="0" skipped="0" time="0.157335791">
        <testcase classname="src/1-presentation/components/features/events/EventDetail.test.tsx" name="EventDetail &gt; renders component" time="0.039050167">
            <system-err>
An update to AttendeeList inside a test was not wrapped in act(...).

When testing, code that causes React state updates should be wrapped into act(...):

act(() =&gt; {
  /* fire events that update state */
});
/* assert on the output */

This ensures that you&apos;re testing the behavior the user would see in the browser. Learn more at https://react.dev/link/wrap-tests-with-act
An update to EventDetail inside a test was not wrapped in act(...).

When testing, code that causes React state updates should be wrapped into act(...):

act(() =&gt; {
  /* fire events that update state */
});
/* assert on the output */

This ensures that you&apos;re testing the behavior the user would see in the browser. Learn more at https://react.dev/link/wrap-tests-with-act

            </system-err>
        </testcase>
        <testcase classname="src/1-presentation/components/features/events/EventDetail.test.tsx" name="EventDetail &gt; displays loading state when loading" time="0.00408775">
            <system-err>
An update to EventDetail inside a test was not wrapped in act(...).

When testing, code that causes React state updates should be wrapped into act(...):

act(() =&gt; {
  /* fire events that update state */
});
/* assert on the output */

This ensures that you&apos;re testing the behavior the user would see in the browser. Learn more at https://react.dev/link/wrap-tests-with-act

            </system-err>
        </testcase>
        <testcase classname="src/1-presentation/components/features/events/EventDetail.test.tsx" name="EventDetail &gt; displays event details" time="0.009710667">
            <system-err>
An update to AttendeeList inside a test was not wrapped in act(...).

When testing, code that causes React state updates should be wrapped into act(...):

act(() =&gt; {
  /* fire events that update state */
});
/* assert on the output */

This ensures that you&apos;re testing the behavior the user would see in the browser. Learn more at https://react.dev/link/wrap-tests-with-act
An update to EventDetail inside a test was not wrapped in act(...).

When testing, code that causes React state updates should be wrapped into act(...):

act(() =&gt; {
  /* fire events that update state */
});
/* assert on the output */

This ensures that you&apos;re testing the behavior the user would see in the browser. Learn more at https://react.dev/link/wrap-tests-with-act

            </system-err>
        </testcase>
        <testcase classname="src/1-presentation/components/features/events/EventDetail.test.tsx" name="EventDetail &gt; shows edit button when onEdit is provided and showActions is true" time="0.057140458">
            <system-err>
An update to AttendeeList inside a test was not wrapped in act(...).

When testing, code that causes React state updates should be wrapped into act(...):

act(() =&gt; {
  /* fire events that update state */
});
/* assert on the output */

This ensures that you&apos;re testing the behavior the user would see in the browser. Learn more at https://react.dev/link/wrap-tests-with-act
An update to EventDetail inside a test was not wrapped in act(...).

When testing, code that causes React state updates should be wrapped into act(...):

act(() =&gt; {
  /* fire events that update state */
});
/* assert on the output */

This ensures that you&apos;re testing the behavior the user would see in the browser. Learn more at https://react.dev/link/wrap-tests-with-act

            </system-err>
        </testcase>
        <testcase classname="src/1-presentation/components/features/events/EventDetail.test.tsx" name="EventDetail &gt; shows delete button when onDelete is provided and showActions is true" time="0.022627958">
            <system-err>
An update to AttendeeList inside a test was not wrapped in act(...).

When testing, code that causes React state updates should be wrapped into act(...):

act(() =&gt; {
  /* fire events that update state */
});
/* assert on the output */

This ensures that you&apos;re testing the behavior the user would see in the browser. Learn more at https://react.dev/link/wrap-tests-with-act
An update to EventDetail inside a test was not wrapped in act(...).

When testing, code that causes React state updates should be wrapped into act(...):

act(() =&gt; {
  /* fire events that update state */
});
/* assert on the output */

This ensures that you&apos;re testing the behavior the user would see in the browser. Learn more at https://react.dev/link/wrap-tests-with-act

            </system-err>
        </testcase>
        <testcase classname="src/1-presentation/components/features/events/EventDetail.test.tsx" name="EventDetail &gt; shows register attendance button when attendanceRequired is true" time="0.017032125">
            <system-err>
An update to AttendeeList inside a test was not wrapped in act(...).

When testing, code that causes React state updates should be wrapped into act(...):

act(() =&gt; {
  /* fire events that update state */
});
/* assert on the output */

This ensures that you&apos;re testing the behavior the user would see in the browser. Learn more at https://react.dev/link/wrap-tests-with-act
An update to EventDetail inside a test was not wrapped in act(...).

When testing, code that causes React state updates should be wrapped into act(...):

act(() =&gt; {
  /* fire events that update state */
});
/* assert on the output */

This ensures that you&apos;re testing the behavior the user would see in the browser. Learn more at https://react.dev/link/wrap-tests-with-act

            </system-err>
        </testcase>
        <testcase classname="src/1-presentation/components/features/events/EventDetail.test.tsx" name="EventDetail &gt; renders with attendanceRequired" time="0.00689375">
            <system-err>
An update to AttendeeList inside a test was not wrapped in act(...).

When testing, code that causes React state updates should be wrapped into act(...):

act(() =&gt; {
  /* fire events that update state */
});
/* assert on the output */

This ensures that you&apos;re testing the behavior the user would see in the browser. Learn more at https://react.dev/link/wrap-tests-with-act
An update to EventDetail inside a test was not wrapped in act(...).

When testing, code that causes React state updates should be wrapped into act(...):

act(() =&gt; {
  /* fire events that update state */
});
/* assert on the output */

This ensures that you&apos;re testing the behavior the user would see in the browser. Learn more at https://react.dev/link/wrap-tests-with-act

            </system-err>
        </testcase>
    </testsuite>
    <testsuite name="src/1-presentation/components/features/events/EventForm.test.tsx" timestamp="2025-12-16T06:40:27.867Z" hostname="Omer-MacBook-Air.local" tests="6" failures="0" errors="0" skipped="0" time="1.127018125">
        <testcase classname="src/1-presentation/components/features/events/EventForm.test.tsx" name="EventForm &gt; renders form fields for creating new event" time="0.146076833">
        </testcase>
        <testcase classname="src/1-presentation/components/features/events/EventForm.test.tsx" name="EventForm &gt; pre-fills form when editing existing event" time="0.05212425">
        </testcase>
        <testcase classname="src/1-presentation/components/features/events/EventForm.test.tsx" name="EventForm &gt; validates required fields" time="0.083799958">
        </testcase>
        <testcase classname="src/1-presentation/components/features/events/EventForm.test.tsx" name="EventForm &gt; validates start time is before end time" time="0.253962084">
            <system-out>
Form submit event triggered
Current form values: {
  programId: &apos;123e4567-e89b-12d3-a456-426614174000&apos;,
  consultantId: &apos;123e4567-e89b-12d3-a456-426614174001&apos;,
  title: &apos;Test Event&apos;,
  description: &apos;&apos;,
  category: &apos;webinar&apos;,
  status: &apos;draft&apos;,
  timezone: &apos;Europe/Istanbul&apos;,
  attendanceRequired: true,
  isPublic: true,
  createZoomMeeting: true,
  maxAttendees: undefined,
  organizerName: &apos;&apos;,
  organizerEmail: null,
  startTime: &apos;2026-02-16T09:00:00.000Z&apos;,
  endTime: &apos;2026-02-16T07:00:00.000Z&apos;
}
Current form errors: {
  endTime: {
    message: &apos;Başlangıç tarihi bitiş tarihinden önce olmalıdır&apos;,
    type: &apos;custom&apos;,
    ref: undefined
  }
}

            </system-out>
            <system-err>
Form validation failed: {
  endTime: {
    message: &apos;Başlangıç tarihi bitiş tarihinden önce olmalıdır&apos;,
    type: &apos;custom&apos;,
    ref: undefined
  }
}

            </system-err>
        </testcase>
        <testcase classname="src/1-presentation/components/features/events/EventForm.test.tsx" name="EventForm &gt; calls onSubmit with form data" time="0.252143042">
            <system-out>
Form submit event triggered
Current form values: {
  programId: &apos;123e4567-e89b-12d3-a456-426614174000&apos;,
  consultantId: &apos;123e4567-e89b-12d3-a456-426614174001&apos;,
  title: &apos;Test Event&apos;,
  description: &apos;&apos;,
  category: &apos;webinar&apos;,
  status: &apos;draft&apos;,
  timezone: &apos;Europe/Istanbul&apos;,
  attendanceRequired: true,
  isPublic: true,
  createZoomMeeting: true,
  maxAttendees: undefined,
  organizerName: &apos;&apos;,
  organizerEmail: null,
  startTime: &apos;2026-02-16T07:00:00.000Z&apos;,
  endTime: &apos;2026-02-16T09:00:00.000Z&apos;
}
Current form errors: {}

Form submit triggered with data: {
  programId: &apos;123e4567-e89b-12d3-a456-426614174000&apos;,
  consultantId: &apos;123e4567-e89b-12d3-a456-426614174001&apos;,
  title: &apos;Test Event&apos;,
  description: &apos;&apos;,
  category: &apos;webinar&apos;,
  status: &apos;draft&apos;,
  startTime: &apos;2026-02-16T07:00:00.000Z&apos;,
  endTime: &apos;2026-02-16T09:00:00.000Z&apos;,
  timezone: &apos;Europe/Istanbul&apos;,
  attendanceRequired: true,
  maxAttendees: undefined,
  organizerName: &apos;&apos;,
  organizerEmail: null,
  isPublic: true,
  createZoomMeeting: true
}
Form errors: {}
Calling onSubmit with data: {
  programId: &apos;123e4567-e89b-12d3-a456-426614174000&apos;,
  consultantId: &apos;123e4567-e89b-12d3-a456-426614174001&apos;,
  title: &apos;Test Event&apos;,
  description: &apos;&apos;,
  category: &apos;webinar&apos;,
  status: &apos;draft&apos;,
  startTime: &apos;2026-02-16T07:00:00.000Z&apos;,
  endTime: &apos;2026-02-16T09:00:00.000Z&apos;,
  timezone: &apos;Europe/Istanbul&apos;,
  attendanceRequired: true,
  maxAttendees: undefined,
  organizerName: &apos;&apos;,
  organizerEmail: null,
  isPublic: true,
  createZoomMeeting: true
}

            </system-out>
        </testcase>
        <testcase classname="src/1-presentation/components/features/events/EventForm.test.tsx" name="EventForm &gt; shows loading state during submission" time="0.338065666">
            <system-out>
Form submit event triggered
Current form values: {
  programId: &apos;123e4567-e89b-12d3-a456-426614174000&apos;,
  consultantId: &apos;123e4567-e89b-12d3-a456-426614174001&apos;,
  title: &apos;Test Event&apos;,
  description: &apos;&apos;,
  category: &apos;webinar&apos;,
  status: &apos;draft&apos;,
  timezone: &apos;Europe/Istanbul&apos;,
  attendanceRequired: true,
  isPublic: true,
  createZoomMeeting: true,
  maxAttendees: undefined,
  organizerName: &apos;&apos;,
  organizerEmail: null,
  startTime: &apos;2026-02-16T07:00:00.000Z&apos;,
  endTime: &apos;2026-02-16T09:00:00.000Z&apos;
}
Current form errors: {}

Form submit triggered with data: {
  programId: &apos;123e4567-e89b-12d3-a456-426614174000&apos;,
  consultantId: &apos;123e4567-e89b-12d3-a456-426614174001&apos;,
  title: &apos;Test Event&apos;,
  description: &apos;&apos;,
  category: &apos;webinar&apos;,
  status: &apos;draft&apos;,
  startTime: &apos;2026-02-16T07:00:00.000Z&apos;,
  endTime: &apos;2026-02-16T09:00:00.000Z&apos;,
  timezone: &apos;Europe/Istanbul&apos;,
  attendanceRequired: true,
  maxAttendees: undefined,
  organizerName: &apos;&apos;,
  organizerEmail: null,
  isPublic: true,
  createZoomMeeting: true
}
Form errors: {}
Calling onSubmit with data: {
  programId: &apos;123e4567-e89b-12d3-a456-426614174000&apos;,
  consultantId: &apos;123e4567-e89b-12d3-a456-426614174001&apos;,
  title: &apos;Test Event&apos;,
  description: &apos;&apos;,
  category: &apos;webinar&apos;,
  status: &apos;draft&apos;,
  startTime: &apos;2026-02-16T07:00:00.000Z&apos;,
  endTime: &apos;2026-02-16T09:00:00.000Z&apos;,
  timezone: &apos;Europe/Istanbul&apos;,
  attendanceRequired: true,
  maxAttendees: undefined,
  organizerName: &apos;&apos;,
  organizerEmail: null,
  isPublic: true,
  createZoomMeeting: true
}

            </system-out>
        </testcase>
    </testsuite>
    <testsuite name="src/1-presentation/components/features/events/EventList.test.tsx" timestamp="2025-12-16T06:40:27.868Z" hostname="Omer-MacBook-Air.local" tests="8" failures="0" errors="0" skipped="0" time="0.253313792">
        <testcase classname="src/1-presentation/components/features/events/EventList.test.tsx" name="EventList &gt; renders component" time="0.0618585">
        </testcase>
        <testcase classname="src/1-presentation/components/features/events/EventList.test.tsx" name="EventList &gt; displays create button when showCreateButton is true" time="0.022470208">
        </testcase>
        <testcase classname="src/1-presentation/components/features/events/EventList.test.tsx" name="EventList &gt; calls onCreateEvent when create button is clicked" time="0.078818583">
        </testcase>
        <testcase classname="src/1-presentation/components/features/events/EventList.test.tsx" name="EventList &gt; displays loading state when loading" time="0.002825709">
        </testcase>
        <testcase classname="src/1-presentation/components/features/events/EventList.test.tsx" name="EventList &gt; renders with empty events" time="0.018288459">
        </testcase>
        <testcase classname="src/1-presentation/components/features/events/EventList.test.tsx" name="EventList &gt; renders search input" time="0.019919958">
        </testcase>
        <testcase classname="src/1-presentation/components/features/events/EventList.test.tsx" name="EventList &gt; renders filter selects" time="0.031908709">
        </testcase>
        <testcase classname="src/1-presentation/components/features/events/EventList.test.tsx" name="EventList &gt; filters events by programId" time="0.016352">
        </testcase>
    </testsuite>
    <testsuite name="src/1-presentation/components/features/events/EventStatistics.test.tsx" timestamp="2025-12-16T06:40:27.868Z" hostname="Omer-MacBook-Air.local" tests="5" failures="0" errors="0" skipped="0" time="0.044705875">
        <testcase classname="src/1-presentation/components/features/events/EventStatistics.test.tsx" name="EventStatistics &gt; renders component" time="0.027847083">
        </testcase>
        <testcase classname="src/1-presentation/components/features/events/EventStatistics.test.tsx" name="EventStatistics &gt; displays loading state when loading" time="0.004597459">
        </testcase>
        <testcase classname="src/1-presentation/components/features/events/EventStatistics.test.tsx" name="EventStatistics &gt; renders with statistics data" time="0.006768791">
        </testcase>
        <testcase classname="src/1-presentation/components/features/events/EventStatistics.test.tsx" name="EventStatistics &gt; renders error state when error occurs" time="0.002058667">
        </testcase>
        <testcase classname="src/1-presentation/components/features/events/EventStatistics.test.tsx" name="EventStatistics &gt; renders empty state when no statistics" time="0.002670583">
        </testcase>
    </testsuite>
    <testsuite name="src/1-presentation/components/features/projects/BulkAssignmentDialog.test.tsx" timestamp="2025-12-16T06:40:27.869Z" hostname="Omer-MacBook-Air.local" tests="8" failures="0" errors="0" skipped="0" time="0.419487583">
        <testcase classname="src/1-presentation/components/features/projects/BulkAssignmentDialog.test.tsx" name="BulkAssignmentDialog &gt; renders dialog when open is true" time="0.141697458">
        </testcase>
        <testcase classname="src/1-presentation/components/features/projects/BulkAssignmentDialog.test.tsx" name="BulkAssignmentDialog &gt; does not render dialog when open is false" time="0.003504292">
        </testcase>
        <testcase classname="src/1-presentation/components/features/projects/BulkAssignmentDialog.test.tsx" name="BulkAssignmentDialog &gt; renders dialog with matrix data" time="0.043567667">
        </testcase>
        <testcase classname="src/1-presentation/components/features/projects/BulkAssignmentDialog.test.tsx" name="BulkAssignmentDialog &gt; renders with companies and sub-projects" time="0.035786291">
        </testcase>
        <testcase classname="src/1-presentation/components/features/projects/BulkAssignmentDialog.test.tsx" name="BulkAssignmentDialog &gt; renders filter inputs" time="0.033168">
        </testcase>
        <testcase classname="src/1-presentation/components/features/projects/BulkAssignmentDialog.test.tsx" name="BulkAssignmentDialog &gt; calls onOpenChange when cancel button is clicked" time="0.090804125">
        </testcase>
        <testcase classname="src/1-presentation/components/features/projects/BulkAssignmentDialog.test.tsx" name="BulkAssignmentDialog &gt; renders submit button" time="0.05353175">
        </testcase>
        <testcase classname="src/1-presentation/components/features/projects/BulkAssignmentDialog.test.tsx" name="BulkAssignmentDialog &gt; handles empty matrix gracefully" time="0.016490625">
        </testcase>
    </testsuite>
    <testsuite name="src/1-presentation/components/features/projects/BulkDatesDialog.test.tsx" timestamp="2025-12-16T06:40:27.869Z" hostname="Omer-MacBook-Air.local" tests="7" failures="0" errors="0" skipped="0" time="1.184295917">
        <testcase classname="src/1-presentation/components/features/projects/BulkDatesDialog.test.tsx" name="BulkDatesDialog &gt; renders dialog when open" time="0.1280555">
        </testcase>
        <testcase classname="src/1-presentation/components/features/projects/BulkDatesDialog.test.tsx" name="BulkDatesDialog &gt; does not render when closed" time="0.002750041">
        </testcase>
        <testcase classname="src/1-presentation/components/features/projects/BulkDatesDialog.test.tsx" name="BulkDatesDialog &gt; displays sub-projects list" time="0.068797125">
            <system-err>
Select is changing from uncontrolled to controlled. Components should not switch from controlled to uncontrolled (or vice versa). Decide between using a controlled or uncontrolled value for the lifetime of the component.

            </system-err>
        </testcase>
        <testcase classname="src/1-presentation/components/features/projects/BulkDatesDialog.test.tsx" name="BulkDatesDialog &gt; allows selecting date range" time="0.164809042">
            <system-err>
Select is changing from uncontrolled to controlled. Components should not switch from controlled to uncontrolled (or vice versa). Decide between using a controlled or uncontrolled value for the lifetime of the component.

            </system-err>
        </testcase>
        <testcase classname="src/1-presentation/components/features/projects/BulkDatesDialog.test.tsx" name="BulkDatesDialog &gt; validates date range" time="0.171363584">
            <system-err>
Select is changing from uncontrolled to controlled. Components should not switch from controlled to uncontrolled (or vice versa). Decide between using a controlled or uncontrolled value for the lifetime of the component.

            </system-err>
        </testcase>
        <testcase classname="src/1-presentation/components/features/projects/BulkDatesDialog.test.tsx" name="BulkDatesDialog &gt; calls onOpenChange when cancel button is clicked" time="0.50014025">
            <system-err>
Select is changing from uncontrolled to controlled. Components should not switch from controlled to uncontrolled (or vice versa). Decide between using a controlled or uncontrolled value for the lifetime of the component.

            </system-err>
        </testcase>
        <testcase classname="src/1-presentation/components/features/projects/BulkDatesDialog.test.tsx" name="BulkDatesDialog &gt; submits form with selected dates" time="0.147361916">
            <system-err>
Select is changing from uncontrolled to controlled. Components should not switch from controlled to uncontrolled (or vice versa). Decide between using a controlled or uncontrolled value for the lifetime of the component.

            </system-err>
        </testcase>
    </testsuite>
    <testsuite name="src/1-presentation/components/features/projects/ProjectAssignmentMatrix.test.tsx" timestamp="2025-12-16T06:40:27.870Z" hostname="Omer-MacBook-Air.local" tests="8" failures="0" errors="0" skipped="0" time="0.301424125">
        <testcase classname="src/1-presentation/components/features/projects/ProjectAssignmentMatrix.test.tsx" name="ProjectAssignmentMatrix &gt; renders matrix component" time="0.077391958">
        </testcase>
        <testcase classname="src/1-presentation/components/features/projects/ProjectAssignmentMatrix.test.tsx" name="ProjectAssignmentMatrix &gt; displays loading state when loading is true" time="0.00486975">
        </testcase>
        <testcase classname="src/1-presentation/components/features/projects/ProjectAssignmentMatrix.test.tsx" name="ProjectAssignmentMatrix &gt; displays error message when error is provided" time="0.002784042">
        </testcase>
        <testcase classname="src/1-presentation/components/features/projects/ProjectAssignmentMatrix.test.tsx" name="ProjectAssignmentMatrix &gt; calls onRefresh when refresh button is clicked" time="0.096830458">
        </testcase>
        <testcase classname="src/1-presentation/components/features/projects/ProjectAssignmentMatrix.test.tsx" name="ProjectAssignmentMatrix &gt; calls onBulkAssign when bulk assign button is clicked" time="0.045189583">
        </testcase>
        <testcase classname="src/1-presentation/components/features/projects/ProjectAssignmentMatrix.test.tsx" name="ProjectAssignmentMatrix &gt; disables action buttons when actionsDisabled is true" time="0.0260165">
        </testcase>
        <testcase classname="src/1-presentation/components/features/projects/ProjectAssignmentMatrix.test.tsx" name="ProjectAssignmentMatrix &gt; handles null matrix gracefully" time="0.001677292">
        </testcase>
        <testcase classname="src/1-presentation/components/features/projects/ProjectAssignmentMatrix.test.tsx" name="ProjectAssignmentMatrix &gt; displays assignment checkboxes" time="0.045844958">
        </testcase>
    </testsuite>
    <testsuite name="src/1-presentation/components/features/projects/ProjectCard.test.tsx" timestamp="2025-12-16T06:40:27.870Z" hostname="Omer-MacBook-Air.local" tests="14" failures="0" errors="0" skipped="0" time="0.204380583">
        <testcase classname="src/1-presentation/components/features/projects/ProjectCard.test.tsx" name="ProjectCard &gt; renders project card with basic information" time="0.044886708">
        </testcase>
        <testcase classname="src/1-presentation/components/features/projects/ProjectCard.test.tsx" name="ProjectCard &gt; displays progress percentage" time="0.006088209">
        </testcase>
        <testcase classname="src/1-presentation/components/features/projects/ProjectCard.test.tsx" name="ProjectCard &gt; displays status badge" time="0.005285958">
        </testcase>
        <testcase classname="src/1-presentation/components/features/projects/ProjectCard.test.tsx" name="ProjectCard &gt; displays priority badge" time="0.004321292">
        </testcase>
        <testcase classname="src/1-presentation/components/features/projects/ProjectCard.test.tsx" name="ProjectCard &gt; displays company name when provided" time="0.007750875">
        </testcase>
        <testcase classname="src/1-presentation/components/features/projects/ProjectCard.test.tsx" name="ProjectCard &gt; displays consultant name when provided" time="0.004873875">
        </testcase>
        <testcase classname="src/1-presentation/components/features/projects/ProjectCard.test.tsx" name="ProjectCard &gt; renders detail link button" time="0.050886542">
        </testcase>
        <testcase classname="src/1-presentation/components/features/projects/ProjectCard.test.tsx" name="ProjectCard &gt; calls onDelete when delete button is clicked" time="0.034980292">
        </testcase>
        <testcase classname="src/1-presentation/components/features/projects/ProjectCard.test.tsx" name="ProjectCard &gt; always shows detail link button" time="0.017142958">
        </testcase>
        <testcase classname="src/1-presentation/components/features/projects/ProjectCard.test.tsx" name="ProjectCard &gt; does not show delete button when onDelete is not provided" time="0.008859167">
        </testcase>
        <testcase classname="src/1-presentation/components/features/projects/ProjectCard.test.tsx" name="ProjectCard &gt; displays creation date" time="0.003722458">
        </testcase>
        <testcase classname="src/1-presentation/components/features/projects/ProjectCard.test.tsx" name="ProjectCard &gt; handles missing description gracefully" time="0.003203625">
        </testcase>
        <testcase classname="src/1-presentation/components/features/projects/ProjectCard.test.tsx" name="ProjectCard &gt; displays different status labels correctly" time="0.006096959">
        </testcase>
        <testcase classname="src/1-presentation/components/features/projects/ProjectCard.test.tsx" name="ProjectCard &gt; displays different priority labels correctly" time="0.005304417">
        </testcase>
    </testsuite>
    <testsuite name="src/1-presentation/components/features/projects/ProjectHierarchyAccordion.test.tsx" timestamp="2025-12-16T06:40:27.871Z" hostname="Omer-MacBook-Air.local" tests="8" failures="0" errors="0" skipped="0" time="0.172391167">
        <testcase classname="src/1-presentation/components/features/projects/ProjectHierarchyAccordion.test.tsx" name="ProjectHierarchyAccordion &gt; renders accordion component" time="0.110474542">
        </testcase>
        <testcase classname="src/1-presentation/components/features/projects/ProjectHierarchyAccordion.test.tsx" name="ProjectHierarchyAccordion &gt; renders with sub-projects data" time="0.009416916">
        </testcase>
        <testcase classname="src/1-presentation/components/features/projects/ProjectHierarchyAccordion.test.tsx" name="ProjectHierarchyAccordion &gt; renders with tasks data" time="0.007621708">
        </testcase>
        <testcase classname="src/1-presentation/components/features/projects/ProjectHierarchyAccordion.test.tsx" name="ProjectHierarchyAccordion &gt; renders with editable mode" time="0.011193">
        </testcase>
        <testcase classname="src/1-presentation/components/features/projects/ProjectHierarchyAccordion.test.tsx" name="ProjectHierarchyAccordion &gt; renders with task create handler" time="0.008923458">
        </testcase>
        <testcase classname="src/1-presentation/components/features/projects/ProjectHierarchyAccordion.test.tsx" name="ProjectHierarchyAccordion &gt; renders empty state when no sub-projects" time="0.0013945">
        </testcase>
        <testcase classname="src/1-presentation/components/features/projects/ProjectHierarchyAccordion.test.tsx" name="ProjectHierarchyAccordion &gt; renders with different task statuses" time="0.006404209">
            <system-err>
Encountered two children with the same key, `task-1`. Keys should be unique so that components maintain their identity across updates. Non-unique keys may cause children to be duplicated and/or omitted — the behavior is unsupported and could change in a future version.

            </system-err>
        </testcase>
        <testcase classname="src/1-presentation/components/features/projects/ProjectHierarchyAccordion.test.tsx" name="ProjectHierarchyAccordion &gt; handles different modes correctly" time="0.016113458">
        </testcase>
    </testsuite>
    <testsuite name="src/1-presentation/components/features/projects/TemplateCard.test.tsx" timestamp="2025-12-16T06:40:27.872Z" hostname="Omer-MacBook-Air.local" tests="12" failures="0" errors="0" skipped="0" time="0.211593167">
        <testcase classname="src/1-presentation/components/features/projects/TemplateCard.test.tsx" name="TemplateCard &gt; renders template card with basic information" time="0.040820083">
        </testcase>
        <testcase classname="src/1-presentation/components/features/projects/TemplateCard.test.tsx" name="TemplateCard &gt; displays priority badge" time="0.005032583">
        </testcase>
        <testcase classname="src/1-presentation/components/features/projects/TemplateCard.test.tsx" name="TemplateCard &gt; displays sub-project count" time="0.004380375">
        </testcase>
        <testcase classname="src/1-presentation/components/features/projects/TemplateCard.test.tsx" name="TemplateCard &gt; calls onEdit when edit button is clicked" time="0.082902791">
        </testcase>
        <testcase classname="src/1-presentation/components/features/projects/TemplateCard.test.tsx" name="TemplateCard &gt; calls onDelete when delete button is clicked" time="0.021360083">
        </testcase>
        <testcase classname="src/1-presentation/components/features/projects/TemplateCard.test.tsx" name="TemplateCard &gt; calls onDuplicate when duplicate button is clicked" time="0.021154542">
        </testcase>
        <testcase classname="src/1-presentation/components/features/projects/TemplateCard.test.tsx" name="TemplateCard &gt; calls onPreview when preview button is clicked" time="0.018016">
        </testcase>
        <testcase classname="src/1-presentation/components/features/projects/TemplateCard.test.tsx" name="TemplateCard &gt; does not show buttons when handlers are not provided" time="0.003018958">
        </testcase>
        <testcase classname="src/1-presentation/components/features/projects/TemplateCard.test.tsx" name="TemplateCard &gt; displays creation date" time="0.0038605">
        </testcase>
        <testcase classname="src/1-presentation/components/features/projects/TemplateCard.test.tsx" name="TemplateCard &gt; handles missing description gracefully" time="0.002486291">
        </testcase>
        <testcase classname="src/1-presentation/components/features/projects/TemplateCard.test.tsx" name="TemplateCard &gt; displays different priority labels correctly" time="0.004872167">
        </testcase>
        <testcase classname="src/1-presentation/components/features/projects/TemplateCard.test.tsx" name="TemplateCard &gt; handles missing sub-project count" time="0.002679958">
        </testcase>
    </testsuite>
    <testsuite name="src/1-presentation/components/features/trainings/AssignTrainingModal.test.tsx" timestamp="2025-12-16T06:40:27.872Z" hostname="Omer-MacBook-Air.local" tests="9" failures="0" errors="0" skipped="0" time="0.321515542">
        <testcase classname="src/1-presentation/components/features/trainings/AssignTrainingModal.test.tsx" name="AssignTrainingModal &gt; renders modal when open is true" time="0.093036417">
            <system-err>
An update to AssignTrainingModal inside a test was not wrapped in act(...).

When testing, code that causes React state updates should be wrapped into act(...):

act(() =&gt; {
  /* fire events that update state */
});
/* assert on the output */

This ensures that you&apos;re testing the behavior the user would see in the browser. Learn more at https://react.dev/link/wrap-tests-with-act

            </system-err>
        </testcase>
        <testcase classname="src/1-presentation/components/features/trainings/AssignTrainingModal.test.tsx" name="AssignTrainingModal &gt; does not render modal when open is false" time="0.003280083">
        </testcase>
        <testcase classname="src/1-presentation/components/features/trainings/AssignTrainingModal.test.tsx" name="AssignTrainingModal &gt; displays company name in description when provided" time="0.024517125">
            <system-err>
An update to AssignTrainingModal inside a test was not wrapped in act(...).

When testing, code that causes React state updates should be wrapped into act(...):

act(() =&gt; {
  /* fire events that update state */
});
/* assert on the output */

This ensures that you&apos;re testing the behavior the user would see in the browser. Learn more at https://react.dev/link/wrap-tests-with-act

            </system-err>
        </testcase>
        <testcase classname="src/1-presentation/components/features/trainings/AssignTrainingModal.test.tsx" name="AssignTrainingModal &gt; fetches trainings when modal opens" time="0.036143042">
        </testcase>
        <testcase classname="src/1-presentation/components/features/trainings/AssignTrainingModal.test.tsx" name="AssignTrainingModal &gt; shows loading state while fetching trainings" time="0.01966325">
        </testcase>
        <testcase classname="src/1-presentation/components/features/trainings/AssignTrainingModal.test.tsx" name="AssignTrainingModal &gt; displays trainings list when trainings are loaded" time="0.033973459">
        </testcase>
        <testcase classname="src/1-presentation/components/features/trainings/AssignTrainingModal.test.tsx" name="AssignTrainingModal &gt; shows empty state when no trainings available" time="0.023887916">
        </testcase>
        <testcase classname="src/1-presentation/components/features/trainings/AssignTrainingModal.test.tsx" name="AssignTrainingModal &gt; calls onOpenChange when cancel button is clicked" time="0.047838709">
        </testcase>
        <testcase classname="src/1-presentation/components/features/trainings/AssignTrainingModal.test.tsx" name="AssignTrainingModal &gt; disables assign button when no training is selected" time="0.038122417">
        </testcase>
    </testsuite>
    <testsuite name="src/1-presentation/components/features/trainings/FileUpload.test.tsx" timestamp="2025-12-16T06:40:27.873Z" hostname="Omer-MacBook-Air.local" tests="9" failures="0" errors="0" skipped="0" time="1.643131917">
        <testcase classname="src/1-presentation/components/features/trainings/FileUpload.test.tsx" name="FileUpload &gt; renders file upload component" time="0.028155791">
        </testcase>
        <testcase classname="src/1-presentation/components/features/trainings/FileUpload.test.tsx" name="FileUpload &gt; displays max file size and accepted formats" time="0.004281541">
        </testcase>
        <testcase classname="src/1-presentation/components/features/trainings/FileUpload.test.tsx" name="FileUpload &gt; shows upload button when no file is uploaded" time="0.003006333">
        </testcase>
        <testcase classname="src/1-presentation/components/features/trainings/FileUpload.test.tsx" name="FileUpload &gt; calls onUploadComplete when file upload succeeds" time="0.078224916">
        </testcase>
        <testcase classname="src/1-presentation/components/features/trainings/FileUpload.test.tsx" name="FileUpload &gt; shows error when file size exceeds max size" time="1.46226025">
        </testcase>
        <testcase classname="src/1-presentation/components/features/trainings/FileUpload.test.tsx" name="FileUpload &gt; shows error when file type is not accepted" time="0.004469792">
        </testcase>
        <testcase classname="src/1-presentation/components/features/trainings/FileUpload.test.tsx" name="FileUpload &gt; disables upload when disabled prop is true" time="0.002120292">
        </testcase>
        <testcase classname="src/1-presentation/components/features/trainings/FileUpload.test.tsx" name="FileUpload &gt; displays uploaded file information" time="0.017437167">
        </testcase>
        <testcase classname="src/1-presentation/components/features/trainings/FileUpload.test.tsx" name="FileUpload &gt; allows removing uploaded file" time="0.042121584">
        </testcase>
    </testsuite>
    <testsuite name="src/1-presentation/components/features/trainings/TrainingCard.test.tsx" timestamp="2025-12-16T06:40:27.873Z" hostname="Omer-MacBook-Air.local" tests="15" failures="0" errors="0" skipped="0" time="0.262723458">
        <testcase classname="src/1-presentation/components/features/trainings/TrainingCard.test.tsx" name="TrainingCard &gt; renders training card with basic information" time="0.0561345">
        </testcase>
        <testcase classname="src/1-presentation/components/features/trainings/TrainingCard.test.tsx" name="TrainingCard &gt; displays video and document counts" time="0.008816625">
        </testcase>
        <testcase classname="src/1-presentation/components/features/trainings/TrainingCard.test.tsx" name="TrainingCard &gt; displays progress bar when progress is provided" time="0.015832042">
        </testcase>
        <testcase classname="src/1-presentation/components/features/trainings/TrainingCard.test.tsx" name="TrainingCard &gt; shows global badge when training is global" time="0.010470041">
        </testcase>
        <testcase classname="src/1-presentation/components/features/trainings/TrainingCard.test.tsx" name="TrainingCard &gt; shows program-based badge when training is not global" time="0.008213458">
        </testcase>
        <testcase classname="src/1-presentation/components/features/trainings/TrainingCard.test.tsx" name="TrainingCard &gt; shows locked badge when training is locked" time="0.01342775">
        </testcase>
        <testcase classname="src/1-presentation/components/features/trainings/TrainingCard.test.tsx" name="TrainingCard &gt; displays status badge" time="0.010999584">
        </testcase>
        <testcase classname="src/1-presentation/components/features/trainings/TrainingCard.test.tsx" name="TrainingCard &gt; displays priority badge when priority is provided" time="0.006632041">
        </testcase>
        <testcase classname="src/1-presentation/components/features/trainings/TrainingCard.test.tsx" name="TrainingCard &gt; calls onClick when card is clicked" time="0.068423792">
        </testcase>
        <testcase classname="src/1-presentation/components/features/trainings/TrainingCard.test.tsx" name="TrainingCard &gt; calls onEdit when edit button is clicked" time="0.029766709">
        </testcase>
        <testcase classname="src/1-presentation/components/features/trainings/TrainingCard.test.tsx" name="TrainingCard &gt; calls onDelete when delete button is clicked" time="0.020532625">
        </testcase>
        <testcase classname="src/1-presentation/components/features/trainings/TrainingCard.test.tsx" name="TrainingCard &gt; does not show edit button when onEdit is not provided" time="0.003045833">
        </testcase>
        <testcase classname="src/1-presentation/components/features/trainings/TrainingCard.test.tsx" name="TrainingCard &gt; does not show delete button when onDelete is not provided" time="0.0026125">
        </testcase>
        <testcase classname="src/1-presentation/components/features/trainings/TrainingCard.test.tsx" name="TrainingCard &gt; displays creation date" time="0.003539208">
        </testcase>
        <testcase classname="src/1-presentation/components/features/trainings/TrainingCard.test.tsx" name="TrainingCard &gt; handles missing description gracefully" time="0.003090875">
        </testcase>
    </testsuite>
    <testsuite name="src/1-presentation/components/features/trainings/TrainingDocumentViewer.test.tsx" timestamp="2025-12-16T06:40:27.874Z" hostname="Omer-MacBook-Air.local" tests="10" failures="0" errors="0" skipped="0" time="0.190753916">
        <testcase classname="src/1-presentation/components/features/trainings/TrainingDocumentViewer.test.tsx" name="TrainingDocumentViewer &gt; renders document viewer with title" time="0.040632291">
        </testcase>
        <testcase classname="src/1-presentation/components/features/trainings/TrainingDocumentViewer.test.tsx" name="TrainingDocumentViewer &gt; displays document description when provided" time="0.008761708">
        </testcase>
        <testcase classname="src/1-presentation/components/features/trainings/TrainingDocumentViewer.test.tsx" name="TrainingDocumentViewer &gt; shows locked badge when document is locked" time="0.004378792">
        </testcase>
        <testcase classname="src/1-presentation/components/features/trainings/TrainingDocumentViewer.test.tsx" name="TrainingDocumentViewer &gt; shows completed badge when document is read" time="0.006746125">
        </testcase>
        <testcase classname="src/1-presentation/components/features/trainings/TrainingDocumentViewer.test.tsx" name="TrainingDocumentViewer &gt; displays file name" time="0.008180708">
        </testcase>
        <testcase classname="src/1-presentation/components/features/trainings/TrainingDocumentViewer.test.tsx" name="TrainingDocumentViewer &gt; displays file type label" time="0.01427675">
        </testcase>
        <testcase classname="src/1-presentation/components/features/trainings/TrainingDocumentViewer.test.tsx" name="TrainingDocumentViewer &gt; shows download and view buttons when document is not locked" time="0.067601041">
        </testcase>
        <testcase classname="src/1-presentation/components/features/trainings/TrainingDocumentViewer.test.tsx" name="TrainingDocumentViewer &gt; shows mark as read button when document is not read and progress is less than 100" time="0.0204845">
        </testcase>
        <testcase classname="src/1-presentation/components/features/trainings/TrainingDocumentViewer.test.tsx" name="TrainingDocumentViewer &gt; handles missing description gracefully" time="0.012390625">
        </testcase>
        <testcase classname="src/1-presentation/components/features/trainings/TrainingDocumentViewer.test.tsx" name="TrainingDocumentViewer &gt; handles missing file size gracefully" time="0.006361583">
        </testcase>
    </testsuite>
    <testsuite name="src/1-presentation/components/features/trainings/TrainingForm.test.tsx" timestamp="2025-12-16T06:40:27.875Z" hostname="Omer-MacBook-Air.local" tests="16" failures="0" errors="0" skipped="0" time="1.257374833">
        <testcase classname="src/1-presentation/components/features/trainings/TrainingForm.test.tsx" name="TrainingForm &gt; Form Rendering &gt; renders form structure" time="0.085443167">
        </testcase>
        <testcase classname="src/1-presentation/components/features/trainings/TrainingForm.test.tsx" name="TrainingForm &gt; Form Rendering &gt; renders submit button with &quot;Oluştur&quot; text for new training" time="0.083792917">
        </testcase>
        <testcase classname="src/1-presentation/components/features/trainings/TrainingForm.test.tsx" name="TrainingForm &gt; Form Rendering &gt; renders submit button with &quot;Güncelle&quot; text for existing training" time="0.039776625">
        </testcase>
        <testcase classname="src/1-presentation/components/features/trainings/TrainingForm.test.tsx" name="TrainingForm &gt; Form Rendering &gt; renders cancel button when onCancel is provided" time="0.034226041">
        </testcase>
        <testcase classname="src/1-presentation/components/features/trainings/TrainingForm.test.tsx" name="TrainingForm &gt; Form Rendering &gt; pre-fills form fields with training data" time="0.025245375">
        </testcase>
        <testcase classname="src/1-presentation/components/features/trainings/TrainingForm.test.tsx" name="TrainingForm &gt; Form Validation &gt; shows error when name is empty" time="0.073283333">
        </testcase>
        <testcase classname="src/1-presentation/components/features/trainings/TrainingForm.test.tsx" name="TrainingForm &gt; Form Validation &gt; shows error when program-based training has no program selected" time="0.15608075">
        </testcase>
        <testcase classname="src/1-presentation/components/features/trainings/TrainingForm.test.tsx" name="TrainingForm &gt; Form Validation &gt; shows validation error when program is not selected for program-based training" time="0.295272708">
        </testcase>
        <testcase classname="src/1-presentation/components/features/trainings/TrainingForm.test.tsx" name="TrainingForm &gt; Form Submission &gt; calls onSubmit with form data when form is valid" time="0.121771375">
        </testcase>
        <testcase classname="src/1-presentation/components/features/trainings/TrainingForm.test.tsx" name="TrainingForm &gt; Form Submission &gt; shows loading state during submission" time="0.103375583">
        </testcase>
        <testcase classname="src/1-presentation/components/features/trainings/TrainingForm.test.tsx" name="TrainingForm &gt; Form Interactions &gt; handles name input changes" time="0.090701166">
        </testcase>
        <testcase classname="src/1-presentation/components/features/trainings/TrainingForm.test.tsx" name="TrainingForm &gt; Form Interactions &gt; handles description input changes" time="0.071596084">
        </testcase>
        <testcase classname="src/1-presentation/components/features/trainings/TrainingForm.test.tsx" name="TrainingForm &gt; Form Interactions &gt; handles isLocked checkbox changes" time="0.026017417">
        </testcase>
        <testcase classname="src/1-presentation/components/features/trainings/TrainingForm.test.tsx" name="TrainingForm &gt; Form Interactions &gt; calls onCancel when cancel button is clicked" time="0.025361542">
        </testcase>
        <testcase classname="src/1-presentation/components/features/trainings/TrainingForm.test.tsx" name="TrainingForm &gt; Global vs Program-based Training &gt; shows program selector label when training is program-based" time="0.013259959">
        </testcase>
        <testcase classname="src/1-presentation/components/features/trainings/TrainingForm.test.tsx" name="TrainingForm &gt; Global vs Program-based Training &gt; renders form with global training option" time="0.010429667">
        </testcase>
    </testsuite>
    <testsuite name="src/1-presentation/components/features/trainings/TrainingProgressBar.test.tsx" timestamp="2025-12-16T06:40:27.876Z" hostname="Omer-MacBook-Air.local" tests="9" failures="0" errors="0" skipped="0" time="0.04880725">
        <testcase classname="src/1-presentation/components/features/trainings/TrainingProgressBar.test.tsx" name="TrainingProgressBar &gt; renders progress bar with percentage" time="0.024934333">
        </testcase>
        <testcase classname="src/1-presentation/components/features/trainings/TrainingProgressBar.test.tsx" name="TrainingProgressBar &gt; displays 0% when progress is 0" time="0.004798167">
        </testcase>
        <testcase classname="src/1-presentation/components/features/trainings/TrainingProgressBar.test.tsx" name="TrainingProgressBar &gt; displays 100% when progress is 100" time="0.003113042">
        </testcase>
        <testcase classname="src/1-presentation/components/features/trainings/TrainingProgressBar.test.tsx" name="TrainingProgressBar &gt; clamps progress values above 100" time="0.002059375">
        </testcase>
        <testcase classname="src/1-presentation/components/features/trainings/TrainingProgressBar.test.tsx" name="TrainingProgressBar &gt; clamps progress values below 0" time="0.003068417">
        </testcase>
        <testcase classname="src/1-presentation/components/features/trainings/TrainingProgressBar.test.tsx" name="TrainingProgressBar &gt; displays label when provided" time="0.002107417">
        </testcase>
        <testcase classname="src/1-presentation/components/features/trainings/TrainingProgressBar.test.tsx" name="TrainingProgressBar &gt; hides percentage when showPercentage is false" time="0.001369125">
        </testcase>
        <testcase classname="src/1-presentation/components/features/trainings/TrainingProgressBar.test.tsx" name="TrainingProgressBar &gt; handles different sizes" time="0.00395875">
        </testcase>
        <testcase classname="src/1-presentation/components/features/trainings/TrainingProgressBar.test.tsx" name="TrainingProgressBar &gt; rounds progress percentage correctly" time="0.00251575">
        </testcase>
    </testsuite>
    <testsuite name="src/1-presentation/components/features/trainings/TrainingVideoPlayer.test.tsx" timestamp="2025-12-16T06:40:27.877Z" hostname="Omer-MacBook-Air.local" tests="10" failures="0" errors="0" skipped="0" time="0.09441975">
        <testcase classname="src/1-presentation/components/features/trainings/TrainingVideoPlayer.test.tsx" name="TrainingVideoPlayer &gt; renders video player with title" time="0.035688875">
        </testcase>
        <testcase classname="src/1-presentation/components/features/trainings/TrainingVideoPlayer.test.tsx" name="TrainingVideoPlayer &gt; displays video description when provided" time="0.007745875">
        </testcase>
        <testcase classname="src/1-presentation/components/features/trainings/TrainingVideoPlayer.test.tsx" name="TrainingVideoPlayer &gt; shows locked badge when video is locked" time="0.0041505">
        </testcase>
        <testcase classname="src/1-presentation/components/features/trainings/TrainingVideoPlayer.test.tsx" name="TrainingVideoPlayer &gt; shows completed badge when video is watched" time="0.008882708">
        </testcase>
        <testcase classname="src/1-presentation/components/features/trainings/TrainingVideoPlayer.test.tsx" name="TrainingVideoPlayer &gt; displays video duration" time="0.006670875">
        </testcase>
        <testcase classname="src/1-presentation/components/features/trainings/TrainingVideoPlayer.test.tsx" name="TrainingVideoPlayer &gt; displays locked message when video is locked" time="0.003347375">
        </testcase>
        <testcase classname="src/1-presentation/components/features/trainings/TrainingVideoPlayer.test.tsx" name="TrainingVideoPlayer &gt; renders YouTube embed when video is not locked" time="0.005760625">
        </testcase>
        <testcase classname="src/1-presentation/components/features/trainings/TrainingVideoPlayer.test.tsx" name="TrainingVideoPlayer &gt; calls onWatchComplete when watch button is clicked" time="0.005118833">
        </testcase>
        <testcase classname="src/1-presentation/components/features/trainings/TrainingVideoPlayer.test.tsx" name="TrainingVideoPlayer &gt; handles missing description gracefully" time="0.00621625">
        </testcase>
        <testcase classname="src/1-presentation/components/features/trainings/TrainingVideoPlayer.test.tsx" name="TrainingVideoPlayer &gt; handles missing duration gracefully" time="0.009852583">
        </testcase>
    </testsuite>
    <testsuite name="src/app/api/auth/me/route.test.ts" timestamp="2025-12-16T06:40:27.878Z" hostname="Omer-MacBook-Air.local" tests="4" failures="0" errors="0" skipped="0" time="0.016254667">
        <testcase classname="src/app/api/auth/me/route.test.ts" name="GET /api/auth/me &gt; returns current user successfully" time="0.01425625">
        </testcase>
        <testcase classname="src/app/api/auth/me/route.test.ts" name="GET /api/auth/me &gt; returns 401 when user is not found" time="0.0006555">
        </testcase>
        <testcase classname="src/app/api/auth/me/route.test.ts" name="GET /api/auth/me &gt; handles service failure" time="0.000338083">
        </testcase>
        <testcase classname="src/app/api/auth/me/route.test.ts" name="GET /api/auth/me &gt; handles errors gracefully" time="0.000359375">
        </testcase>
    </testsuite>
    <testsuite name="src/app/api/appointments/[id]/route.test.ts" timestamp="2025-12-16T06:40:27.878Z" hostname="Omer-MacBook-Air.local" tests="8" failures="0" errors="0" skipped="0" time="0.056450333">
        <testcase classname="src/app/api/appointments/[id]/route.test.ts" name="GET /api/appointments/[id] &gt; returns 401 when user is not authenticated" time="0.050301375">
        </testcase>
        <testcase classname="src/app/api/appointments/[id]/route.test.ts" name="GET /api/appointments/[id] &gt; returns appointment for consultant when they own it" time="0.001006042">
        </testcase>
        <testcase classname="src/app/api/appointments/[id]/route.test.ts" name="GET /api/appointments/[id] &gt; returns 403 when consultant tries to access other consultant appointment" time="0.000550709">
        </testcase>
        <testcase classname="src/app/api/appointments/[id]/route.test.ts" name="GET /api/appointments/[id] &gt; returns 404 when appointment not found" time="0.00053625">
        </testcase>
        <testcase classname="src/app/api/appointments/[id]/route.test.ts" name="PATCH /api/appointments/[id] &gt; returns 401 when user is not authenticated" time="0.001017083">
        </testcase>
        <testcase classname="src/app/api/appointments/[id]/route.test.ts" name="PATCH /api/appointments/[id] &gt; updates appointment successfully" time="0.001296667">
        </testcase>
        <testcase classname="src/app/api/appointments/[id]/route.test.ts" name="DELETE /api/appointments/[id] &gt; returns 401 when user is not authenticated" time="0.000501291">
        </testcase>
        <testcase classname="src/app/api/appointments/[id]/route.test.ts" name="DELETE /api/appointments/[id] &gt; deletes appointment successfully" time="0.000398125">
        </testcase>
    </testsuite>
    <testsuite name="src/app/api/auth/signin/route.test.ts" timestamp="2025-12-16T06:40:27.878Z" hostname="Omer-MacBook-Air.local" tests="7" failures="0" errors="0" skipped="0" time="0.013278334">
        <testcase classname="src/app/api/auth/signin/route.test.ts" name="POST /api/auth/signin &gt; returns 400 when email is missing" time="0.006642666">
        </testcase>
        <testcase classname="src/app/api/auth/signin/route.test.ts" name="POST /api/auth/signin &gt; returns 400 when password is missing" time="0.000982167">
        </testcase>
        <testcase classname="src/app/api/auth/signin/route.test.ts" name="POST /api/auth/signin &gt; returns 401 when credentials are invalid" time="0.000804417">
        </testcase>
        <testcase classname="src/app/api/auth/signin/route.test.ts" name="POST /api/auth/signin &gt; returns 404 when user is not found in users table" time="0.000525208">
        </testcase>
        <testcase classname="src/app/api/auth/signin/route.test.ts" name="POST /api/auth/signin &gt; returns 403 when user is not active" time="0.000789292">
        </testcase>
        <testcase classname="src/app/api/auth/signin/route.test.ts" name="POST /api/auth/signin &gt; signs in successfully and returns user data" time="0.00071">
        </testcase>
        <testcase classname="src/app/api/auth/signin/route.test.ts" name="POST /api/auth/signin &gt; handles errors gracefully" time="0.002058792">
            <system-err>
Sign in error: Error: Database error
    at /Users/omerunsal/Desktop/akademi-port/src/app/api/auth/signin/route.test.ts:210:46
    at file:///Users/omerunsal/Desktop/akademi-port/node_modules/@vitest/runner/dist/index.js:157:11
    at file:///Users/omerunsal/Desktop/akademi-port/node_modules/@vitest/runner/dist/index.js:753:26
    at file:///Users/omerunsal/Desktop/akademi-port/node_modules/@vitest/runner/dist/index.js:1636:20
    at new Promise (&lt;anonymous&gt;)
    at runWithTimeout (file:///Users/omerunsal/Desktop/akademi-port/node_modules/@vitest/runner/dist/index.js:1602:10)
    at runTest (file:///Users/omerunsal/Desktop/akademi-port/node_modules/@vitest/runner/dist/index.js:1309:12)
    at processTicksAndRejections (node:internal/process/task_queues:105:5)
    at runSuite (file:///Users/omerunsal/Desktop/akademi-port/node_modules/@vitest/runner/dist/index.js:1468:8)
    at runSuite (file:///Users/omerunsal/Desktop/akademi-port/node_modules/@vitest/runner/dist/index.js:1468:8)

            </system-err>
        </testcase>
    </testsuite>
    <testsuite name="src/app/api/auth/signup/route.test.ts" timestamp="2025-12-16T06:40:27.879Z" hostname="Omer-MacBook-Air.local" tests="7" failures="0" errors="0" skipped="0" time="0.012233792">
        <testcase classname="src/app/api/auth/signup/route.test.ts" name="POST /api/auth/signup &gt; returns 400 when email is missing" time="0.006268042">
        </testcase>
        <testcase classname="src/app/api/auth/signup/route.test.ts" name="POST /api/auth/signup &gt; returns 400 when password is missing" time="0.00079825">
        </testcase>
        <testcase classname="src/app/api/auth/signup/route.test.ts" name="POST /api/auth/signup &gt; returns 400 when fullName is missing" time="0.000662333">
        </testcase>
        <testcase classname="src/app/api/auth/signup/route.test.ts" name="POST /api/auth/signup &gt; signs up successfully" time="0.001478375">
        </testcase>
        <testcase classname="src/app/api/auth/signup/route.test.ts" name="POST /api/auth/signup &gt; signs up with optional fields" time="0.000773792">
        </testcase>
        <testcase classname="src/app/api/auth/signup/route.test.ts" name="POST /api/auth/signup &gt; handles signup failure" time="0.000670417">
        </testcase>
        <testcase classname="src/app/api/auth/signup/route.test.ts" name="POST /api/auth/signup &gt; handles errors gracefully" time="0.00078625">
        </testcase>
    </testsuite>
    <testsuite name="src/app/api/auth/signout/route.test.ts" timestamp="2025-12-16T06:40:27.879Z" hostname="Omer-MacBook-Air.local" tests="3" failures="0" errors="0" skipped="0" time="0.020174708">
        <testcase classname="src/app/api/auth/signout/route.test.ts" name="POST /api/auth/signout &gt; signs out successfully" time="0.018487542">
        </testcase>
        <testcase classname="src/app/api/auth/signout/route.test.ts" name="POST /api/auth/signout &gt; handles signout failure" time="0.000676209">
        </testcase>
        <testcase classname="src/app/api/auth/signout/route.test.ts" name="POST /api/auth/signout &gt; handles errors gracefully" time="0.000377625">
        </testcase>
    </testsuite>
    <testsuite name="src/app/api/chatbot/chat/route.test.ts" timestamp="2025-12-16T06:40:27.879Z" hostname="Omer-MacBook-Air.local" tests="5" failures="0" errors="0" skipped="0" time="0.008330083">
        <testcase classname="src/app/api/chatbot/chat/route.test.ts" name="POST /api/chatbot/chat &gt; should send message successfully (non-streaming)" time="0.004176333">
        </testcase>
        <testcase classname="src/app/api/chatbot/chat/route.test.ts" name="POST /api/chatbot/chat &gt; should return 401 when not authenticated" time="0.000797125">
        </testcase>
        <testcase classname="src/app/api/chatbot/chat/route.test.ts" name="POST /api/chatbot/chat &gt; should return 400 when message is missing" time="0.000542375">
        </testcase>
        <testcase classname="src/app/api/chatbot/chat/route.test.ts" name="POST /api/chatbot/chat &gt; should return 500 when use case fails" time="0.000556875">
        </testcase>
        <testcase classname="src/app/api/chatbot/chat/route.test.ts" name="POST /api/chatbot/chat &gt; should handle streaming requests" time="0.001203333">
        </testcase>
    </testsuite>
    <testsuite name="src/app/api/chatbot/conversations/route.test.ts" timestamp="2025-12-16T06:40:27.880Z" hostname="Omer-MacBook-Air.local" tests="5" failures="0" errors="0" skipped="0" time="0.00754575">
        <testcase classname="src/app/api/chatbot/conversations/route.test.ts" name="GET /api/chatbot/conversations &gt; should return conversations successfully" time="0.003568417">
        </testcase>
        <testcase classname="src/app/api/chatbot/conversations/route.test.ts" name="GET /api/chatbot/conversations &gt; should return 401 when not authenticated" time="0.000771917">
        </testcase>
        <testcase classname="src/app/api/chatbot/conversations/route.test.ts" name="GET /api/chatbot/conversations &gt; should handle repository errors" time="0.000498583">
        </testcase>
        <testcase classname="src/app/api/chatbot/conversations/route.test.ts" name="POST /api/chatbot/conversations &gt; should create conversation successfully" time="0.001240375">
        </testcase>
        <testcase classname="src/app/api/chatbot/conversations/route.test.ts" name="POST /api/chatbot/conversations &gt; should return 401 when not authenticated" time="0.000674334">
        </testcase>
    </testsuite>
    <testsuite name="src/app/api/cms/pages/route.test.ts" timestamp="2025-12-16T06:40:27.880Z" hostname="Omer-MacBook-Air.local" tests="8" failures="0" errors="0" skipped="0" time="0.014683875">
        <testcase classname="src/app/api/cms/pages/route.test.ts" name="GET /api/cms/pages &gt; returns 401 when user is not authenticated" time="0.007524625">
        </testcase>
        <testcase classname="src/app/api/cms/pages/route.test.ts" name="GET /api/cms/pages &gt; returns 403 when user is not master_admin" time="0.000759917">
        </testcase>
        <testcase classname="src/app/api/cms/pages/route.test.ts" name="GET /api/cms/pages &gt; returns pages successfully" time="0.001585291">
        </testcase>
        <testcase classname="src/app/api/cms/pages/route.test.ts" name="GET /api/cms/pages &gt; applies filters from query params" time="0.001520125">
        </testcase>
        <testcase classname="src/app/api/cms/pages/route.test.ts" name="POST /api/cms/pages &gt; returns 401 when user is not authenticated" time="0.001080084">
        </testcase>
        <testcase classname="src/app/api/cms/pages/route.test.ts" name="POST /api/cms/pages &gt; returns 403 when user is not master_admin" time="0.000461875">
        </testcase>
        <testcase classname="src/app/api/cms/pages/route.test.ts" name="POST /api/cms/pages &gt; creates page successfully" time="0.000582166">
        </testcase>
        <testcase classname="src/app/api/cms/pages/route.test.ts" name="POST /api/cms/pages &gt; returns 400 when use case fails" time="0.000401792">
        </testcase>
    </testsuite>
    <testsuite name="src/app/api/cms/settings/route.test.ts" timestamp="2025-12-16T06:40:27.880Z" hostname="Omer-MacBook-Air.local" tests="8" failures="0" errors="0" skipped="0" time="0.027122291">
        <testcase classname="src/app/api/cms/settings/route.test.ts" name="GET /api/cms/settings &gt; returns 401 when user is not authenticated" time="0.020684708">
        </testcase>
        <testcase classname="src/app/api/cms/settings/route.test.ts" name="GET /api/cms/settings &gt; returns all settings successfully" time="0.001379083">
        </testcase>
        <testcase classname="src/app/api/cms/settings/route.test.ts" name="GET /api/cms/settings &gt; returns settings by category" time="0.001208542">
        </testcase>
        <testcase classname="src/app/api/cms/settings/route.test.ts" name="PUT /api/cms/settings &gt; returns 401 when user is not authenticated" time="0.000649875">
        </testcase>
        <testcase classname="src/app/api/cms/settings/route.test.ts" name="PUT /api/cms/settings &gt; returns 403 when user is not master_admin" time="0.00070925">
        </testcase>
        <testcase classname="src/app/api/cms/settings/route.test.ts" name="PUT /api/cms/settings &gt; updates settings successfully" time="0.000792875">
        </testcase>
        <testcase classname="src/app/api/cms/settings/route.test.ts" name="PUT /api/cms/settings &gt; handles settings object in body.settings" time="0.000444917">
        </testcase>
        <testcase classname="src/app/api/cms/settings/route.test.ts" name="PUT /api/cms/settings &gt; returns 400 when use case fails" time="0.000448">
        </testcase>
    </testsuite>
    <testsuite name="src/app/api/companies/[id]/route.test.ts" timestamp="2025-12-16T06:40:27.881Z" hostname="Omer-MacBook-Air.local" tests="7" failures="0" errors="0" skipped="0" time="0.037623084">
        <testcase classname="src/app/api/companies/[id]/route.test.ts" name="GET /api/companies/[id] &gt; returns 500 when user is not authenticated (caught by try-catch)" time="0.031384625">
        </testcase>
        <testcase classname="src/app/api/companies/[id]/route.test.ts" name="GET /api/companies/[id] &gt; returns company successfully" time="0.001062792">
        </testcase>
        <testcase classname="src/app/api/companies/[id]/route.test.ts" name="GET /api/companies/[id] &gt; handles use case failure" time="0.000548791">
        </testcase>
        <testcase classname="src/app/api/companies/[id]/route.test.ts" name="PATCH /api/companies/[id] &gt; updates company successfully" time="0.001787709">
        </testcase>
        <testcase classname="src/app/api/companies/[id]/route.test.ts" name="PATCH /api/companies/[id] &gt; handles use case failure" time="0.000892916">
        </testcase>
        <testcase classname="src/app/api/companies/[id]/route.test.ts" name="DELETE /api/companies/[id] &gt; deletes company successfully" time="0.000587459">
        </testcase>
        <testcase classname="src/app/api/companies/[id]/route.test.ts" name="DELETE /api/companies/[id] &gt; handles use case failure" time="0.000570792">
        </testcase>
    </testsuite>
    <testsuite name="src/app/api/company-dashboard/stats/route.test.ts" timestamp="2025-12-16T06:40:27.881Z" hostname="Omer-MacBook-Air.local" tests="9" failures="0" errors="0" skipped="0" time="0.012252167">
        <testcase classname="src/app/api/company-dashboard/stats/route.test.ts" name="GET /api/company-dashboard/stats &gt; authentication &gt; should return 401 when user is not authenticated" time="0.003695833">
        </testcase>
        <testcase classname="src/app/api/company-dashboard/stats/route.test.ts" name="GET /api/company-dashboard/stats &gt; authentication &gt; should return 404 when user data is not found" time="0.000631416">
        </testcase>
        <testcase classname="src/app/api/company-dashboard/stats/route.test.ts" name="GET /api/company-dashboard/stats &gt; authorization &gt; should allow access for company users with matching companyId" time="0.001352375">
        </testcase>
        <testcase classname="src/app/api/company-dashboard/stats/route.test.ts" name="GET /api/company-dashboard/stats &gt; authorization &gt; should allow access for master_admin" time="0.000587375">
        </testcase>
        <testcase classname="src/app/api/company-dashboard/stats/route.test.ts" name="GET /api/company-dashboard/stats &gt; authorization &gt; should return 403 when company user tries to access different company" time="0.000789042">
        </testcase>
        <testcase classname="src/app/api/company-dashboard/stats/route.test.ts" name="GET /api/company-dashboard/stats &gt; authorization &gt; should return 400 when companyId is missing" time="0.000367667">
        </testcase>
        <testcase classname="src/app/api/company-dashboard/stats/route.test.ts" name="GET /api/company-dashboard/stats &gt; use case execution &gt; should return company dashboard stats successfully" time="0.000356083">
        </testcase>
        <testcase classname="src/app/api/company-dashboard/stats/route.test.ts" name="GET /api/company-dashboard/stats &gt; use case execution &gt; should return 400 when use case fails" time="0.000419917">
        </testcase>
        <testcase classname="src/app/api/company-dashboard/stats/route.test.ts" name="GET /api/company-dashboard/stats &gt; use case execution &gt; should return 500 when an error occurs" time="0.003123959">
            <system-err>
GET /api/company-dashboard/stats error: Error: Database connection error
    at /Users/omerunsal/Desktop/akademi-port/src/app/api/company-dashboard/stats/route.test.ts:280:37
    at file:///Users/omerunsal/Desktop/akademi-port/node_modules/@vitest/runner/dist/index.js:157:11
    at file:///Users/omerunsal/Desktop/akademi-port/node_modules/@vitest/runner/dist/index.js:753:26
    at file:///Users/omerunsal/Desktop/akademi-port/node_modules/@vitest/runner/dist/index.js:1636:20
    at new Promise (&lt;anonymous&gt;)
    at runWithTimeout (file:///Users/omerunsal/Desktop/akademi-port/node_modules/@vitest/runner/dist/index.js:1602:10)
    at runTest (file:///Users/omerunsal/Desktop/akademi-port/node_modules/@vitest/runner/dist/index.js:1309:12)
    at processTicksAndRejections (node:internal/process/task_queues:105:5)
    at runSuite (file:///Users/omerunsal/Desktop/akademi-port/node_modules/@vitest/runner/dist/index.js:1468:8)
    at runSuite (file:///Users/omerunsal/Desktop/akademi-port/node_modules/@vitest/runner/dist/index.js:1468:8)

            </system-err>
        </testcase>
    </testsuite>
    <testsuite name="src/app/api/consultant/tasks/route.test.ts" timestamp="2025-12-16T06:40:27.882Z" hostname="Omer-MacBook-Air.local" tests="5" failures="0" errors="0" skipped="0" time="0.013711084">
        <testcase classname="src/app/api/consultant/tasks/route.test.ts" name="GET /api/consultant/tasks &gt; returns 401 when user is not authenticated" time="0.009885292">
        </testcase>
        <testcase classname="src/app/api/consultant/tasks/route.test.ts" name="GET /api/consultant/tasks &gt; returns 403 when user is not consultant or master_admin" time="0.001098292">
        </testcase>
        <testcase classname="src/app/api/consultant/tasks/route.test.ts" name="GET /api/consultant/tasks &gt; allows consultant role to access endpoint" time="0.000618583">
        </testcase>
        <testcase classname="src/app/api/consultant/tasks/route.test.ts" name="GET /api/consultant/tasks &gt; allows master_admin role to access endpoint" time="0.000500625">
        </testcase>
        <testcase classname="src/app/api/consultant/tasks/route.test.ts" name="GET /api/consultant/tasks &gt; handles query parameters correctly" time="0.000888792">
        </testcase>
    </testsuite>
    <testsuite name="src/app/api/custom-reports/[id]/route.test.ts" timestamp="2025-12-16T06:40:27.882Z" hostname="Omer-MacBook-Air.local" tests="9" failures="0" errors="0" skipped="0" time="0.023863458">
        <testcase classname="src/app/api/custom-reports/[id]/route.test.ts" name="GET /api/custom-reports/[id] &gt; returns 401 when user is not authenticated" time="0.011890708">
        </testcase>
        <testcase classname="src/app/api/custom-reports/[id]/route.test.ts" name="GET /api/custom-reports/[id] &gt; returns custom report successfully" time="0.001321417">
        </testcase>
        <testcase classname="src/app/api/custom-reports/[id]/route.test.ts" name="GET /api/custom-reports/[id] &gt; handles use case failure - not found" time="0.002934041">
            <system-err>
Get custom report failed: AppError: Custom report bulunamadı
    at GET (/Users/omerunsal/Desktop/akademi-port/src/app/api/custom-reports/[id]/route.ts:47:13)
    at processTicksAndRejections (node:internal/process/task_queues:105:5)
    at /Users/omerunsal/Desktop/akademi-port/src/app/api/custom-reports/[id]/route.test.ts:109:22
    at file:///Users/omerunsal/Desktop/akademi-port/node_modules/@vitest/runner/dist/index.js:753:20 {
  statusCode: 404,
  code: undefined,
  details: undefined
}

            </system-err>
        </testcase>
        <testcase classname="src/app/api/custom-reports/[id]/route.test.ts" name="PUT /api/custom-reports/[id] &gt; returns 401 when user is not authenticated" time="0.001097083">
        </testcase>
        <testcase classname="src/app/api/custom-reports/[id]/route.test.ts" name="PUT /api/custom-reports/[id] &gt; updates custom report successfully" time="0.001522417">
        </testcase>
        <testcase classname="src/app/api/custom-reports/[id]/route.test.ts" name="PUT /api/custom-reports/[id] &gt; handles use case failure" time="0.001134542">
            <system-err>
Update custom report failed: AppError: Update failed
    at /Users/omerunsal/Desktop/akademi-port/src/app/api/custom-reports/[id]/route.test.ts:203:19
    at processTicksAndRejections (node:internal/process/task_queues:105:5)
    at file:///Users/omerunsal/Desktop/akademi-port/node_modules/@vitest/runner/dist/index.js:753:20 {
  statusCode: 500,
  code: undefined,
  details: undefined
}

            </system-err>
        </testcase>
        <testcase classname="src/app/api/custom-reports/[id]/route.test.ts" name="DELETE /api/custom-reports/[id] &gt; returns 401 when user is not authenticated" time="0.00064975">
        </testcase>
        <testcase classname="src/app/api/custom-reports/[id]/route.test.ts" name="DELETE /api/custom-reports/[id] &gt; deletes custom report successfully" time="0.000561375">
        </testcase>
        <testcase classname="src/app/api/custom-reports/[id]/route.test.ts" name="DELETE /api/custom-reports/[id] &gt; handles use case failure" time="0.0018895">
            <system-err>
Delete custom report failed: AppError: Custom report silinemedi
    at /Users/omerunsal/Desktop/akademi-port/src/app/api/custom-reports/[id]/route.test.ts:289:19
    at processTicksAndRejections (node:internal/process/task_queues:105:5)
    at file:///Users/omerunsal/Desktop/akademi-port/node_modules/@vitest/runner/dist/index.js:753:20 {
  statusCode: 500,
  code: undefined,
  details: undefined
}

            </system-err>
        </testcase>
    </testsuite>
    <testsuite name="src/app/api/ecommerce/metrics/route.test.ts" timestamp="2025-12-16T06:40:27.883Z" hostname="Omer-MacBook-Air.local" tests="6" failures="0" errors="0" skipped="0" time="0.038318667">
        <testcase classname="src/app/api/ecommerce/metrics/route.test.ts" name="POST /api/ecommerce/metrics &gt; returns 401 when user is not authenticated" time="0.030390709">
        </testcase>
        <testcase classname="src/app/api/ecommerce/metrics/route.test.ts" name="POST /api/ecommerce/metrics &gt; creates metrics successfully" time="0.002188291">
        </testcase>
        <testcase classname="src/app/api/ecommerce/metrics/route.test.ts" name="POST /api/ecommerce/metrics &gt; returns 400 when validation fails" time="0.001368125">
        </testcase>
        <testcase classname="src/app/api/ecommerce/metrics/route.test.ts" name="GET /api/ecommerce/metrics &gt; returns 401 when user is not authenticated" time="0.000482667">
        </testcase>
        <testcase classname="src/app/api/ecommerce/metrics/route.test.ts" name="GET /api/ecommerce/metrics &gt; returns metrics list successfully" time="0.001593083">
        </testcase>
        <testcase classname="src/app/api/ecommerce/metrics/route.test.ts" name="GET /api/ecommerce/metrics &gt; applies filters correctly" time="0.0015355">
        </testcase>
    </testsuite>
    <testsuite name="src/app/api/ecommerce/ministry-dashboard/route.test.ts" timestamp="2025-12-16T06:40:27.883Z" hostname="Omer-MacBook-Air.local" tests="5" failures="0" errors="0" skipped="0" time="0.011907917">
        <testcase classname="src/app/api/ecommerce/ministry-dashboard/route.test.ts" name="GET /api/ecommerce/ministry-dashboard &gt; returns 401 when user is not authenticated" time="0.007761041">
        </testcase>
        <testcase classname="src/app/api/ecommerce/ministry-dashboard/route.test.ts" name="GET /api/ecommerce/ministry-dashboard &gt; returns 403 when user is not master admin" time="0.000796917">
        </testcase>
        <testcase classname="src/app/api/ecommerce/ministry-dashboard/route.test.ts" name="GET /api/ecommerce/ministry-dashboard &gt; returns dashboard data successfully for master admin" time="0.001044916">
        </testcase>
        <testcase classname="src/app/api/ecommerce/ministry-dashboard/route.test.ts" name="GET /api/ecommerce/ministry-dashboard &gt; applies programId filter correctly" time="0.000751792">
        </testcase>
        <testcase classname="src/app/api/ecommerce/ministry-dashboard/route.test.ts" name="GET /api/ecommerce/ministry-dashboard &gt; returns 400 when use case fails" time="0.0008255">
        </testcase>
    </testsuite>
    <testsuite name="src/app/api/ecommerce/performance/route.test.ts" timestamp="2025-12-16T06:40:27.883Z" hostname="Omer-MacBook-Air.local" tests="4" failures="0" errors="0" skipped="0" time="0.035278666">
        <testcase classname="src/app/api/ecommerce/performance/route.test.ts" name="GET /api/ecommerce/performance &gt; returns 401 when user is not authenticated" time="0.02987">
        </testcase>
        <testcase classname="src/app/api/ecommerce/performance/route.test.ts" name="GET /api/ecommerce/performance &gt; returns performance data successfully" time="0.002730625">
        </testcase>
        <testcase classname="src/app/api/ecommerce/performance/route.test.ts" name="GET /api/ecommerce/performance &gt; applies filters correctly" time="0.00143975">
        </testcase>
        <testcase classname="src/app/api/ecommerce/performance/route.test.ts" name="GET /api/ecommerce/performance &gt; returns 400 when use case fails" time="0.000571791">
        </testcase>
    </testsuite>
    <testsuite name="src/app/api/email/send/route.test.ts" timestamp="2025-12-16T06:40:27.884Z" hostname="Omer-MacBook-Air.local" tests="4" failures="0" errors="0" skipped="0" time="0.029575583">
        <testcase classname="src/app/api/email/send/route.test.ts" name="POST /api/email/send &gt; should send email successfully" time="0.0261405">
        </testcase>
        <testcase classname="src/app/api/email/send/route.test.ts" name="POST /api/email/send &gt; should queue email if queue flag is set" time="0.001267209">
        </testcase>
        <testcase classname="src/app/api/email/send/route.test.ts" name="POST /api/email/send &gt; should return 401 if not authenticated" time="0.000793208">
        </testcase>
        <testcase classname="src/app/api/email/send/route.test.ts" name="POST /api/email/send &gt; should return 400 for invalid request data" time="0.000778708">
        </testcase>
    </testsuite>
    <testsuite name="src/app/api/events/[id]/route.test.ts" timestamp="2025-12-16T06:40:27.884Z" hostname="Omer-MacBook-Air.local" tests="7" failures="0" errors="0" skipped="0" time="0.034525959">
        <testcase classname="src/app/api/events/[id]/route.test.ts" name="GET /api/events/[id] &gt; returns 401 when user is not authenticated" time="0.028785125">
        </testcase>
        <testcase classname="src/app/api/events/[id]/route.test.ts" name="GET /api/events/[id] &gt; returns event for consultant when they own it" time="0.000903375">
        </testcase>
        <testcase classname="src/app/api/events/[id]/route.test.ts" name="GET /api/events/[id] &gt; returns 404 when event not found" time="0.000658542">
        </testcase>
        <testcase classname="src/app/api/events/[id]/route.test.ts" name="PUT /api/events/[id] &gt; returns 401 when user is not authenticated" time="0.000679292">
        </testcase>
        <testcase classname="src/app/api/events/[id]/route.test.ts" name="PUT /api/events/[id] &gt; updates event successfully" time="0.001636167">
        </testcase>
        <testcase classname="src/app/api/events/[id]/route.test.ts" name="DELETE /api/events/[id] &gt; returns 401 when user is not authenticated" time="0.0005075">
        </testcase>
        <testcase classname="src/app/api/events/[id]/route.test.ts" name="DELETE /api/events/[id] &gt; deletes event successfully" time="0.000563208">
        </testcase>
    </testsuite>
    <testsuite name="src/app/api/forum/topics/route.test.ts" timestamp="2025-12-16T06:40:27.884Z" hostname="Omer-MacBook-Air.local" tests="8" failures="4" errors="0" skipped="0" time="0.108882166">
        <testcase classname="src/app/api/forum/topics/route.test.ts" name="GET /api/forum/topics &gt; returns 401 when user is not authenticated" time="0.088501958">
        </testcase>
        <testcase classname="src/app/api/forum/topics/route.test.ts" name="GET /api/forum/topics &gt; returns topics list successfully" time="0.006971875">
            <system-err>
GET /api/forum/topics error: TypeError: Cannot read properties of undefined (reading &apos;eq&apos;)
    at GET (/Users/omerunsal/Desktop/akademi-port/src/app/api/forum/topics/route.ts:43:29)
    at processTicksAndRejections (node:internal/process/task_queues:105:5)
    at /Users/omerunsal/Desktop/akademi-port/src/app/api/forum/topics/route.test.ts:156:22
    at file:///Users/omerunsal/Desktop/akademi-port/node_modules/@vitest/runner/dist/index.js:753:20

GET /api/forum/topics error: TypeError: Cannot read properties of undefined (reading &apos;eq&apos;)
    at GET (/Users/omerunsal/Desktop/akademi-port/src/app/api/forum/topics/route.ts:43:29)
    at processTicksAndRejections (node:internal/process/task_queues:105:5)
    at /Users/omerunsal/Desktop/akademi-port/src/app/api/forum/topics/route.test.ts:156:22
    at file:///Users/omerunsal/Desktop/akademi-port/node_modules/@vitest/runner/dist/index.js:753:20

GET /api/forum/topics error: TypeError: Cannot read properties of undefined (reading &apos;eq&apos;)
    at GET (/Users/omerunsal/Desktop/akademi-port/src/app/api/forum/topics/route.ts:43:29)
    at processTicksAndRejections (node:internal/process/task_queues:105:5)
    at /Users/omerunsal/Desktop/akademi-port/src/app/api/forum/topics/route.test.ts:156:22
    at file:///Users/omerunsal/Desktop/akademi-port/node_modules/@vitest/runner/dist/index.js:753:20

            </system-err>
            <failure message="expected 500 to be 200 // Object.is equality" type="AssertionError">
AssertionError: expected 500 to be 200 // Object.is equality

- Expected
+ Received

- 200
+ 500

 ❯ src/app/api/forum/topics/route.test.ts:159:29
            </failure>
            <failure message="expected 500 to be 200 // Object.is equality" type="AssertionError">
AssertionError: expected 500 to be 200 // Object.is equality

- Expected
+ Received

- 200
+ 500

 ❯ src/app/api/forum/topics/route.test.ts:159:29
            </failure>
            <failure message="expected 500 to be 200 // Object.is equality" type="AssertionError">
AssertionError: expected 500 to be 200 // Object.is equality

- Expected
+ Received

- 200
+ 500

 ❯ src/app/api/forum/topics/route.test.ts:159:29
            </failure>
        </testcase>
        <testcase classname="src/app/api/forum/topics/route.test.ts" name="GET /api/forum/topics &gt; returns 404 when user data not found" time="0.000915333">
        </testcase>
        <testcase classname="src/app/api/forum/topics/route.test.ts" name="GET /api/forum/topics &gt; filters topics by isApproved for company users" time="0.002580709">
            <system-err>
GET /api/forum/topics error: TypeError: Cannot read properties of undefined (reading &apos;eq&apos;)
    at GET (/Users/omerunsal/Desktop/akademi-port/src/app/api/forum/topics/route.ts:43:29)
    at processTicksAndRejections (node:internal/process/task_queues:105:5)
    at /Users/omerunsal/Desktop/akademi-port/src/app/api/forum/topics/route.test.ts:259:22
    at file:///Users/omerunsal/Desktop/akademi-port/node_modules/@vitest/runner/dist/index.js:753:20

GET /api/forum/topics error: TypeError: Cannot read properties of undefined (reading &apos;eq&apos;)
    at GET (/Users/omerunsal/Desktop/akademi-port/src/app/api/forum/topics/route.ts:43:29)
    at processTicksAndRejections (node:internal/process/task_queues:105:5)
    at /Users/omerunsal/Desktop/akademi-port/src/app/api/forum/topics/route.test.ts:259:22
    at file:///Users/omerunsal/Desktop/akademi-port/node_modules/@vitest/runner/dist/index.js:753:20

GET /api/forum/topics error: TypeError: Cannot read properties of undefined (reading &apos;eq&apos;)
    at GET (/Users/omerunsal/Desktop/akademi-port/src/app/api/forum/topics/route.ts:43:29)
    at processTicksAndRejections (node:internal/process/task_queues:105:5)
    at /Users/omerunsal/Desktop/akademi-port/src/app/api/forum/topics/route.test.ts:259:22
    at file:///Users/omerunsal/Desktop/akademi-port/node_modules/@vitest/runner/dist/index.js:753:20

            </system-err>
            <failure message="expected 500 to be 200 // Object.is equality" type="AssertionError">
AssertionError: expected 500 to be 200 // Object.is equality

- Expected
+ Received

- 200
+ 500

 ❯ src/app/api/forum/topics/route.test.ts:261:29
            </failure>
            <failure message="expected 500 to be 200 // Object.is equality" type="AssertionError">
AssertionError: expected 500 to be 200 // Object.is equality

- Expected
+ Received

- 200
+ 500

 ❯ src/app/api/forum/topics/route.test.ts:261:29
            </failure>
            <failure message="expected 500 to be 200 // Object.is equality" type="AssertionError">
AssertionError: expected 500 to be 200 // Object.is equality

- Expected
+ Received

- 200
+ 500

 ❯ src/app/api/forum/topics/route.test.ts:261:29
            </failure>
        </testcase>
        <testcase classname="src/app/api/forum/topics/route.test.ts" name="POST /api/forum/topics &gt; returns 401 when user is not authenticated" time="0.001782958">
        </testcase>
        <testcase classname="src/app/api/forum/topics/route.test.ts" name="POST /api/forum/topics &gt; creates topic successfully" time="0.003724416">
            <system-err>
POST /api/forum/topics error: TypeError: Cannot read properties of undefined (reading &apos;eq&apos;)
    at POST (/Users/omerunsal/Desktop/akademi-port/src/app/api/forum/topics/route.ts:180:29)
    at processTicksAndRejections (node:internal/process/task_queues:105:5)
    at /Users/omerunsal/Desktop/akademi-port/src/app/api/forum/topics/route.test.ts:362:22
    at file:///Users/omerunsal/Desktop/akademi-port/node_modules/@vitest/runner/dist/index.js:753:20

POST /api/forum/topics error: TypeError: Cannot read properties of undefined (reading &apos;eq&apos;)
    at POST (/Users/omerunsal/Desktop/akademi-port/src/app/api/forum/topics/route.ts:180:29)
    at processTicksAndRejections (node:internal/process/task_queues:105:5)
    at /Users/omerunsal/Desktop/akademi-port/src/app/api/forum/topics/route.test.ts:362:22
    at file:///Users/omerunsal/Desktop/akademi-port/node_modules/@vitest/runner/dist/index.js:753:20

POST /api/forum/topics error: TypeError: Cannot read properties of undefined (reading &apos;eq&apos;)
    at POST (/Users/omerunsal/Desktop/akademi-port/src/app/api/forum/topics/route.ts:180:29)
    at processTicksAndRejections (node:internal/process/task_queues:105:5)
    at /Users/omerunsal/Desktop/akademi-port/src/app/api/forum/topics/route.test.ts:362:22
    at file:///Users/omerunsal/Desktop/akademi-port/node_modules/@vitest/runner/dist/index.js:753:20

            </system-err>
            <failure message="expected 500 to be 201 // Object.is equality" type="AssertionError">
AssertionError: expected 500 to be 201 // Object.is equality

- Expected
+ Received

- 201
+ 500

 ❯ src/app/api/forum/topics/route.test.ts:365:29
            </failure>
            <failure message="expected 500 to be 201 // Object.is equality" type="AssertionError">
AssertionError: expected 500 to be 201 // Object.is equality

- Expected
+ Received

- 201
+ 500

 ❯ src/app/api/forum/topics/route.test.ts:365:29
            </failure>
            <failure message="expected 500 to be 201 // Object.is equality" type="AssertionError">
AssertionError: expected 500 to be 201 // Object.is equality

- Expected
+ Received

- 201
+ 500

 ❯ src/app/api/forum/topics/route.test.ts:365:29
            </failure>
        </testcase>
        <testcase classname="src/app/api/forum/topics/route.test.ts" name="POST /api/forum/topics &gt; returns 400 when use case fails" time="0.003233666">
            <system-err>
POST /api/forum/topics error: TypeError: Cannot read properties of undefined (reading &apos;eq&apos;)
    at POST (/Users/omerunsal/Desktop/akademi-port/src/app/api/forum/topics/route.ts:180:29)
    at processTicksAndRejections (node:internal/process/task_queues:105:5)
    at /Users/omerunsal/Desktop/akademi-port/src/app/api/forum/topics/route.test.ts:433:22
    at file:///Users/omerunsal/Desktop/akademi-port/node_modules/@vitest/runner/dist/index.js:753:20

POST /api/forum/topics error: TypeError: Cannot read properties of undefined (reading &apos;eq&apos;)
    at POST (/Users/omerunsal/Desktop/akademi-port/src/app/api/forum/topics/route.ts:180:29)
    at processTicksAndRejections (node:internal/process/task_queues:105:5)
    at /Users/omerunsal/Desktop/akademi-port/src/app/api/forum/topics/route.test.ts:433:22
    at file:///Users/omerunsal/Desktop/akademi-port/node_modules/@vitest/runner/dist/index.js:753:20

POST /api/forum/topics error: TypeError: Cannot read properties of undefined (reading &apos;eq&apos;)
    at POST (/Users/omerunsal/Desktop/akademi-port/src/app/api/forum/topics/route.ts:180:29)
    at processTicksAndRejections (node:internal/process/task_queues:105:5)
    at /Users/omerunsal/Desktop/akademi-port/src/app/api/forum/topics/route.test.ts:433:22
    at file:///Users/omerunsal/Desktop/akademi-port/node_modules/@vitest/runner/dist/index.js:753:20

            </system-err>
            <failure message="expected 500 to be 400 // Object.is equality" type="AssertionError">
AssertionError: expected 500 to be 400 // Object.is equality

- Expected
+ Received

- 400
+ 500

 ❯ src/app/api/forum/topics/route.test.ts:436:29
            </failure>
            <failure message="expected 500 to be 400 // Object.is equality" type="AssertionError">
AssertionError: expected 500 to be 400 // Object.is equality

- Expected
+ Received

- 400
+ 500

 ❯ src/app/api/forum/topics/route.test.ts:436:29
            </failure>
            <failure message="expected 500 to be 400 // Object.is equality" type="AssertionError">
AssertionError: expected 500 to be 400 // Object.is equality

- Expected
+ Received

- 400
+ 500

 ❯ src/app/api/forum/topics/route.test.ts:436:29
            </failure>
        </testcase>
        <testcase classname="src/app/api/forum/topics/route.test.ts" name="POST /api/forum/topics &gt; returns 404 when company not found" time="0.0004085">
        </testcase>
    </testsuite>
    <testsuite name="src/app/api/consultant-dashboard/stats/route.test.ts" timestamp="2025-12-16T06:40:27.886Z" hostname="Omer-MacBook-Air.local" tests="7" failures="0" errors="0" skipped="0" time="0.010565916">
        <testcase classname="src/app/api/consultant-dashboard/stats/route.test.ts" name="GET /api/consultant-dashboard/stats &gt; authentication &gt; should return 401 when user is not authenticated" time="0.003493208">
        </testcase>
        <testcase classname="src/app/api/consultant-dashboard/stats/route.test.ts" name="GET /api/consultant-dashboard/stats &gt; authentication &gt; should return 403 when user is not consultant or master_admin" time="0.000694875">
        </testcase>
        <testcase classname="src/app/api/consultant-dashboard/stats/route.test.ts" name="GET /api/consultant-dashboard/stats &gt; authorization &gt; should allow access for consultant" time="0.001387208">
        </testcase>
        <testcase classname="src/app/api/consultant-dashboard/stats/route.test.ts" name="GET /api/consultant-dashboard/stats &gt; authorization &gt; should allow access for master_admin" time="0.000491959">
        </testcase>
        <testcase classname="src/app/api/consultant-dashboard/stats/route.test.ts" name="GET /api/consultant-dashboard/stats &gt; use case execution &gt; should return consultant dashboard stats successfully" time="0.000842959">
        </testcase>
        <testcase classname="src/app/api/consultant-dashboard/stats/route.test.ts" name="GET /api/consultant-dashboard/stats &gt; use case execution &gt; should return 400 when use case fails" time="0.000468375">
        </testcase>
        <testcase classname="src/app/api/consultant-dashboard/stats/route.test.ts" name="GET /api/consultant-dashboard/stats &gt; use case execution &gt; should return 500 when an error occurs" time="0.002348583">
            <system-err>
GET /api/consultant-dashboard/stats error: Error: Database connection error
    at /Users/omerunsal/Desktop/akademi-port/src/app/api/consultant-dashboard/stats/route.test.ts:263:37
    at file:///Users/omerunsal/Desktop/akademi-port/node_modules/@vitest/runner/dist/index.js:157:11
    at file:///Users/omerunsal/Desktop/akademi-port/node_modules/@vitest/runner/dist/index.js:753:26
    at file:///Users/omerunsal/Desktop/akademi-port/node_modules/@vitest/runner/dist/index.js:1636:20
    at new Promise (&lt;anonymous&gt;)
    at runWithTimeout (file:///Users/omerunsal/Desktop/akademi-port/node_modules/@vitest/runner/dist/index.js:1602:10)
    at runTest (file:///Users/omerunsal/Desktop/akademi-port/node_modules/@vitest/runner/dist/index.js:1309:12)
    at processTicksAndRejections (node:internal/process/task_queues:105:5)
    at runSuite (file:///Users/omerunsal/Desktop/akademi-port/node_modules/@vitest/runner/dist/index.js:1468:8)
    at runSuite (file:///Users/omerunsal/Desktop/akademi-port/node_modules/@vitest/runner/dist/index.js:1468:8)

            </system-err>
        </testcase>
    </testsuite>
    <testsuite name="src/app/api/news/[id]/route.test.ts" timestamp="2025-12-16T06:40:27.887Z" hostname="Omer-MacBook-Air.local" tests="12" failures="1" errors="0" skipped="0" time="0.042286166">
        <testcase classname="src/app/api/news/[id]/route.test.ts" name="GET /api/news/[id] &gt; returns 401 when user is not authenticated" time="0.027860541">
        </testcase>
        <testcase classname="src/app/api/news/[id]/route.test.ts" name="GET /api/news/[id] &gt; returns news successfully" time="0.001015375">
        </testcase>
        <testcase classname="src/app/api/news/[id]/route.test.ts" name="GET /api/news/[id] &gt; returns 404 when news not found" time="0.000583625">
        </testcase>
        <testcase classname="src/app/api/news/[id]/route.test.ts" name="GET /api/news/[id] &gt; returns 500 on error" time="0.00239775">
            <system-err>
GET /api/news/[id] error: Error: Database error
    at /Users/omerunsal/Desktop/akademi-port/src/app/api/news/[id]/route.test.ts:161:36
    at file:///Users/omerunsal/Desktop/akademi-port/node_modules/@vitest/runner/dist/index.js:157:11
    at file:///Users/omerunsal/Desktop/akademi-port/node_modules/@vitest/runner/dist/index.js:753:26
    at file:///Users/omerunsal/Desktop/akademi-port/node_modules/@vitest/runner/dist/index.js:1636:20
    at new Promise (&lt;anonymous&gt;)
    at runWithTimeout (file:///Users/omerunsal/Desktop/akademi-port/node_modules/@vitest/runner/dist/index.js:1602:10)
    at runTest (file:///Users/omerunsal/Desktop/akademi-port/node_modules/@vitest/runner/dist/index.js:1309:12)
    at processTicksAndRejections (node:internal/process/task_queues:105:5)
    at runSuite (file:///Users/omerunsal/Desktop/akademi-port/node_modules/@vitest/runner/dist/index.js:1468:8)
    at runSuite (file:///Users/omerunsal/Desktop/akademi-port/node_modules/@vitest/runner/dist/index.js:1468:8)

            </system-err>
        </testcase>
        <testcase classname="src/app/api/news/[id]/route.test.ts" name="PUT /api/news/[id] &gt; returns 401 when user is not authenticated" time="0.001013333">
        </testcase>
        <testcase classname="src/app/api/news/[id]/route.test.ts" name="PUT /api/news/[id] &gt; returns 403 when user is not admin or consultant" time="0.000645084">
        </testcase>
        <testcase classname="src/app/api/news/[id]/route.test.ts" name="PUT /api/news/[id] &gt; updates news successfully" time="0.001307583">
        </testcase>
        <testcase classname="src/app/api/news/[id]/route.test.ts" name="PUT /api/news/[id] &gt; returns 400 on validation error" time="0.0049845">
            <failure message="expected &apos;Geçersiz veri&apos; to contain &apos;Haber başlığı gereklidir&apos;" type="AssertionError">
AssertionError: expected &apos;Geçersiz veri&apos; to contain &apos;Haber başlığı gereklidir&apos;

Expected: &quot;Haber başlığı gereklidir&quot;
Received: &quot;Geçersiz veri&quot;

 ❯ src/app/api/news/[id]/route.test.ts:291:24
            </failure>
            <failure message="expected &apos;Geçersiz veri&apos; to contain &apos;Haber başlığı gereklidir&apos;" type="AssertionError">
AssertionError: expected &apos;Geçersiz veri&apos; to contain &apos;Haber başlığı gereklidir&apos;

Expected: &quot;Haber başlığı gereklidir&quot;
Received: &quot;Geçersiz veri&quot;

 ❯ src/app/api/news/[id]/route.test.ts:291:24
            </failure>
            <failure message="expected &apos;Geçersiz veri&apos; to contain &apos;Haber başlığı gereklidir&apos;" type="AssertionError">
AssertionError: expected &apos;Geçersiz veri&apos; to contain &apos;Haber başlığı gereklidir&apos;

Expected: &quot;Haber başlığı gereklidir&quot;
Received: &quot;Geçersiz veri&quot;

 ❯ src/app/api/news/[id]/route.test.ts:291:24
            </failure>
        </testcase>
        <testcase classname="src/app/api/news/[id]/route.test.ts" name="DELETE /api/news/[id] &gt; returns 401 when user is not authenticated" time="0.000422959">
        </testcase>
        <testcase classname="src/app/api/news/[id]/route.test.ts" name="DELETE /api/news/[id] &gt; returns 403 when user is not admin or consultant" time="0.000479333">
        </testcase>
        <testcase classname="src/app/api/news/[id]/route.test.ts" name="DELETE /api/news/[id] &gt; deletes news successfully" time="0.00035975">
        </testcase>
        <testcase classname="src/app/api/news/[id]/route.test.ts" name="DELETE /api/news/[id] &gt; returns 400 on delete error" time="0.000285417">
        </testcase>
    </testsuite>
    <testsuite name="src/app/api/leaderboard/[companyId]/route.test.ts" timestamp="2025-12-16T06:40:27.888Z" hostname="Omer-MacBook-Air.local" tests="5" failures="0" errors="0" skipped="0" time="0.014651959">
        <testcase classname="src/app/api/leaderboard/[companyId]/route.test.ts" name="GET /api/leaderboard/[companyId] &gt; returns 401 when user is not authenticated" time="0.010236792">
        </testcase>
        <testcase classname="src/app/api/leaderboard/[companyId]/route.test.ts" name="GET /api/leaderboard/[companyId] &gt; returns 400 when programId is missing" time="0.000767291">
        </testcase>
        <testcase classname="src/app/api/leaderboard/[companyId]/route.test.ts" name="GET /api/leaderboard/[companyId] &gt; returns company ranking successfully" time="0.001614291">
        </testcase>
        <testcase classname="src/app/api/leaderboard/[companyId]/route.test.ts" name="GET /api/leaderboard/[companyId] &gt; returns null when company has no ranking" time="0.00052875">
        </testcase>
        <testcase classname="src/app/api/leaderboard/[companyId]/route.test.ts" name="GET /api/leaderboard/[companyId] &gt; returns 400 when use case fails" time="0.000769666">
        </testcase>
    </testsuite>
    <testsuite name="src/app/api/leaderboard/badges/route.test.ts" timestamp="2025-12-16T06:40:27.888Z" hostname="Omer-MacBook-Air.local" tests="7" failures="0" errors="0" skipped="0" time="0.032305833">
        <testcase classname="src/app/api/leaderboard/badges/route.test.ts" name="GET /api/leaderboard/badges &gt; returns 401 when user is not authenticated" time="0.025256625">
        </testcase>
        <testcase classname="src/app/api/leaderboard/badges/route.test.ts" name="GET /api/leaderboard/badges &gt; returns badges successfully" time="0.001953292">
        </testcase>
        <testcase classname="src/app/api/leaderboard/badges/route.test.ts" name="GET /api/leaderboard/badges &gt; returns badges with category filter" time="0.000626584">
        </testcase>
        <testcase classname="src/app/api/leaderboard/badges/route.test.ts" name="POST /api/leaderboard/badges &gt; returns 401 when user is not authenticated" time="0.000808708">
        </testcase>
        <testcase classname="src/app/api/leaderboard/badges/route.test.ts" name="POST /api/leaderboard/badges &gt; returns 403 when user is not master_admin" time="0.000826958">
        </testcase>
        <testcase classname="src/app/api/leaderboard/badges/route.test.ts" name="POST /api/leaderboard/badges &gt; creates badge successfully when user is master_admin" time="0.001499417">
        </testcase>
        <testcase classname="src/app/api/leaderboard/badges/route.test.ts" name="POST /api/leaderboard/badges &gt; returns 400 when validation fails" time="0.000634875">
        </testcase>
    </testsuite>
    <testsuite name="src/app/api/notifications/[id]/route.test.ts" timestamp="2025-12-16T06:40:27.889Z" hostname="Omer-MacBook-Air.local" tests="3" failures="0" errors="0" skipped="0" time="0.012925917">
        <testcase classname="src/app/api/notifications/[id]/route.test.ts" name="DELETE /api/notifications/[id] &gt; returns 401 when user is not authenticated" time="0.010149167">
        </testcase>
        <testcase classname="src/app/api/notifications/[id]/route.test.ts" name="DELETE /api/notifications/[id] &gt; deletes notification successfully" time="0.001325792">
        </testcase>
        <testcase classname="src/app/api/notifications/[id]/route.test.ts" name="DELETE /api/notifications/[id] &gt; handles use case failure" time="0.000816625">
            <system-err>
Failed to delete notification {
  error: &apos;Delete failed&apos;,
  id: &apos;notification-1&apos;,
  userId: &apos;test-user-id&apos;
}

            </system-err>
        </testcase>
    </testsuite>
    <testsuite name="src/app/api/programs/[id]/route.test.ts" timestamp="2025-12-16T06:40:27.889Z" hostname="Omer-MacBook-Air.local" tests="9" failures="0" errors="0" skipped="0" time="0.023619875">
        <testcase classname="src/app/api/programs/[id]/route.test.ts" name="GET /api/programs/[id] &gt; returns program successfully" time="0.014567791">
        </testcase>
        <testcase classname="src/app/api/programs/[id]/route.test.ts" name="GET /api/programs/[id] &gt; handles use case failure - not found" time="0.000798292">
        </testcase>
        <testcase classname="src/app/api/programs/[id]/route.test.ts" name="GET /api/programs/[id] &gt; handles use case failure - other error" time="0.000524833">
        </testcase>
        <testcase classname="src/app/api/programs/[id]/route.test.ts" name="PATCH /api/programs/[id] &gt; returns 500 when user is not authenticated (caught by try-catch)" time="0.00234975">
            <system-err>
Update program error: Error: Unauthorized
    at /Users/omerunsal/Desktop/akademi-port/src/app/api/programs/[id]/route.test.ts:100:46
    at processTicksAndRejections (node:internal/process/task_queues:105:5)
    at file:///Users/omerunsal/Desktop/akademi-port/node_modules/@vitest/runner/dist/index.js:753:20

            </system-err>
        </testcase>
        <testcase classname="src/app/api/programs/[id]/route.test.ts" name="PATCH /api/programs/[id] &gt; updates program successfully" time="0.001033125">
        </testcase>
        <testcase classname="src/app/api/programs/[id]/route.test.ts" name="PATCH /api/programs/[id] &gt; handles use case failure" time="0.001037166">
        </testcase>
        <testcase classname="src/app/api/programs/[id]/route.test.ts" name="DELETE /api/programs/[id] &gt; returns 500 when user is not authenticated (caught by try-catch)" time="0.000643625">
            <system-err>
Delete program error: Error: Unauthorized
    at /Users/omerunsal/Desktop/akademi-port/src/app/api/programs/[id]/route.test.ts:217:46
    at processTicksAndRejections (node:internal/process/task_queues:105:5)
    at file:///Users/omerunsal/Desktop/akademi-port/node_modules/@vitest/runner/dist/index.js:753:20

            </system-err>
        </testcase>
        <testcase classname="src/app/api/programs/[id]/route.test.ts" name="DELETE /api/programs/[id] &gt; deletes program successfully" time="0.000763542">
        </testcase>
        <testcase classname="src/app/api/programs/[id]/route.test.ts" name="DELETE /api/programs/[id] &gt; handles use case failure" time="0.001045458">
        </testcase>
    </testsuite>
    <testsuite name="src/app/api/projects/[id]/route.test.ts" timestamp="2025-12-16T06:40:27.889Z" hostname="Omer-MacBook-Air.local" tests="7" failures="0" errors="0" skipped="0" time="0.027359791">
        <testcase classname="src/app/api/projects/[id]/route.test.ts" name="GET /api/projects/[id] &gt; returns 401 when user is not authenticated" time="0.022196708">
        </testcase>
        <testcase classname="src/app/api/projects/[id]/route.test.ts" name="GET /api/projects/[id] &gt; returns project for consultant when they own it" time="0.001062333">
        </testcase>
        <testcase classname="src/app/api/projects/[id]/route.test.ts" name="GET /api/projects/[id] &gt; returns 404 when project not found" time="0.000730583">
        </testcase>
        <testcase classname="src/app/api/projects/[id]/route.test.ts" name="PUT /api/projects/[id] &gt; returns 401 when user is not authenticated" time="0.000741709">
        </testcase>
        <testcase classname="src/app/api/projects/[id]/route.test.ts" name="PUT /api/projects/[id] &gt; updates project successfully" time="0.000943625">
        </testcase>
        <testcase classname="src/app/api/projects/[id]/route.test.ts" name="DELETE /api/projects/[id] &gt; returns 401 when user is not authenticated" time="0.000407">
        </testcase>
        <testcase classname="src/app/api/projects/[id]/route.test.ts" name="DELETE /api/projects/[id] &gt; deletes project successfully" time="0.000513167">
        </testcase>
    </testsuite>
    <testsuite name="src/app/api/reports/[id]/route.test.ts" timestamp="2025-12-16T06:40:27.890Z" hostname="Omer-MacBook-Air.local" tests="4" failures="0" errors="0" skipped="0" time="0.009509417">
        <testcase classname="src/app/api/reports/[id]/route.test.ts" name="GET /api/reports/[id] &gt; should get report successfully" time="0.006340542">
        </testcase>
        <testcase classname="src/app/api/reports/[id]/route.test.ts" name="GET /api/reports/[id] &gt; should return 401 when not authenticated" time="0.000956416">
        </testcase>
        <testcase classname="src/app/api/reports/[id]/route.test.ts" name="GET /api/reports/[id] &gt; should return 404 when report not found" time="0.000846667">
        </testcase>
        <testcase classname="src/app/api/reports/[id]/route.test.ts" name="GET /api/reports/[id] &gt; should handle use case failure" time="0.00070875">
        </testcase>
    </testsuite>
    <testsuite name="src/app/api/reports/generate/route.test.ts" timestamp="2025-12-16T06:40:27.890Z" hostname="Omer-MacBook-Air.local" tests="6" failures="0" errors="0" skipped="0" time="0.032641375">
        <testcase classname="src/app/api/reports/generate/route.test.ts" name="POST /api/reports/generate &gt; should generate report successfully" time="0.025374792">
        </testcase>
        <testcase classname="src/app/api/reports/generate/route.test.ts" name="POST /api/reports/generate &gt; should return 401 when not authenticated" time="0.001528917">
        </testcase>
        <testcase classname="src/app/api/reports/generate/route.test.ts" name="POST /api/reports/generate &gt; should return 403 when user is not authorized" time="0.001244791">
        </testcase>
        <testcase classname="src/app/api/reports/generate/route.test.ts" name="POST /api/reports/generate &gt; should return 400 when reportType is missing" time="0.001050792">
        </testcase>
        <testcase classname="src/app/api/reports/generate/route.test.ts" name="POST /api/reports/generate &gt; should return 400 when monthly report missing period info" time="0.001313084">
        </testcase>
        <testcase classname="src/app/api/reports/generate/route.test.ts" name="POST /api/reports/generate &gt; should handle use case failure" time="0.001343458">
        </testcase>
    </testsuite>
    <testsuite name="src/app/api/reports/templates/route.test.ts" timestamp="2025-12-16T06:40:27.891Z" hostname="Omer-MacBook-Air.local" tests="6" failures="0" errors="0" skipped="0" time="0.0109835">
        <testcase classname="src/app/api/reports/templates/route.test.ts" name="POST /api/reports/templates &gt; should create template successfully" time="0.005610667">
        </testcase>
        <testcase classname="src/app/api/reports/templates/route.test.ts" name="POST /api/reports/templates &gt; should return 401 when not authenticated" time="0.0011255">
        </testcase>
        <testcase classname="src/app/api/reports/templates/route.test.ts" name="POST /api/reports/templates &gt; should return 403 when user is not master_admin" time="0.000841833">
        </testcase>
        <testcase classname="src/app/api/reports/templates/route.test.ts" name="POST /api/reports/templates &gt; should return 400 when name is missing" time="0.000705875">
        </testcase>
        <testcase classname="src/app/api/reports/templates/route.test.ts" name="POST /api/reports/templates &gt; should return 400 when reportType is missing" time="0.00098075">
        </testcase>
        <testcase classname="src/app/api/reports/templates/route.test.ts" name="POST /api/reports/templates &gt; should handle use case failure" time="0.00092925">
        </testcase>
    </testsuite>
    <testsuite name="src/app/api/tasks/[id]/route.test.ts" timestamp="2025-12-16T06:40:27.891Z" hostname="Omer-MacBook-Air.local" tests="9" failures="0" errors="0" skipped="0" time="0.021221959">
        <testcase classname="src/app/api/tasks/[id]/route.test.ts" name="GET /api/tasks/[id] &gt; returns 401 when user is not authenticated" time="0.013527334">
        </testcase>
        <testcase classname="src/app/api/tasks/[id]/route.test.ts" name="GET /api/tasks/[id] &gt; returns task successfully" time="0.00174575">
        </testcase>
        <testcase classname="src/app/api/tasks/[id]/route.test.ts" name="GET /api/tasks/[id] &gt; handles use case failure" time="0.000731708">
        </testcase>
        <testcase classname="src/app/api/tasks/[id]/route.test.ts" name="PUT /api/tasks/[id] &gt; returns 401 when user is not authenticated" time="0.000753333">
        </testcase>
        <testcase classname="src/app/api/tasks/[id]/route.test.ts" name="PUT /api/tasks/[id] &gt; updates task successfully" time="0.000978">
        </testcase>
        <testcase classname="src/app/api/tasks/[id]/route.test.ts" name="PUT /api/tasks/[id] &gt; handles use case failure" time="0.000660584">
        </testcase>
        <testcase classname="src/app/api/tasks/[id]/route.test.ts" name="DELETE /api/tasks/[id] &gt; returns 401 when user is not authenticated" time="0.000417083">
        </testcase>
        <testcase classname="src/app/api/tasks/[id]/route.test.ts" name="DELETE /api/tasks/[id] &gt; deletes task successfully" time="0.00036975">
        </testcase>
        <testcase classname="src/app/api/tasks/[id]/route.test.ts" name="DELETE /api/tasks/[id] &gt; handles use case failure" time="0.001199791">
        </testcase>
    </testsuite>
    <testsuite name="src/app/api/trainings/[id]/route.test.ts" timestamp="2025-12-16T06:40:27.892Z" hostname="Omer-MacBook-Air.local" tests="11" failures="0" errors="0" skipped="0" time="0.019988959">
        <testcase classname="src/app/api/trainings/[id]/route.test.ts" name="GET /api/trainings/[id] &gt; returns 401 when user is not authenticated" time="0.010270167">
        </testcase>
        <testcase classname="src/app/api/trainings/[id]/route.test.ts" name="GET /api/trainings/[id] &gt; returns training successfully" time="0.001615">
        </testcase>
        <testcase classname="src/app/api/trainings/[id]/route.test.ts" name="GET /api/trainings/[id] &gt; returns 404 when training is not found" time="0.0008745">
            <system-err>
❌ [GET /api/trainings/[id]] Use case failed: {
  trainingId: &apos;non-existent&apos;,
  error: &apos;Training not found&apos;,
  statusCode: 404
}

            </system-err>
        </testcase>
        <testcase classname="src/app/api/trainings/[id]/route.test.ts" name="PUT /api/trainings/[id] &gt; returns 401 when user is not authenticated" time="0.001031875">
        </testcase>
        <testcase classname="src/app/api/trainings/[id]/route.test.ts" name="PUT /api/trainings/[id] &gt; returns 403 when user is not authorized" time="0.000834167">
        </testcase>
        <testcase classname="src/app/api/trainings/[id]/route.test.ts" name="PUT /api/trainings/[id] &gt; updates training successfully" time="0.001341125">
        </testcase>
        <testcase classname="src/app/api/trainings/[id]/route.test.ts" name="PUT /api/trainings/[id] &gt; handles use case failure" time="0.000586375">
        </testcase>
        <testcase classname="src/app/api/trainings/[id]/route.test.ts" name="DELETE /api/trainings/[id] &gt; returns 401 when user is not authenticated" time="0.000388208">
        </testcase>
        <testcase classname="src/app/api/trainings/[id]/route.test.ts" name="DELETE /api/trainings/[id] &gt; returns 403 when user is not authorized" time="0.001366459">
        </testcase>
        <testcase classname="src/app/api/trainings/[id]/route.test.ts" name="DELETE /api/trainings/[id] &gt; deletes training successfully" time="0.000502083">
        </testcase>
        <testcase classname="src/app/api/trainings/[id]/route.test.ts" name="DELETE /api/trainings/[id] &gt; handles use case failure" time="0.000372458">
        </testcase>
    </testsuite>
    <testsuite name="src/app/api/trainings/upload/route.test.ts" timestamp="2025-12-16T06:40:27.892Z" hostname="Omer-MacBook-Air.local" tests="6" failures="0" errors="0" skipped="4" time="0.010577625">
        <testcase classname="src/app/api/trainings/upload/route.test.ts" name="POST /api/trainings/upload &gt; returns 401 when user is not authenticated" time="0.008876791">
        </testcase>
        <testcase classname="src/app/api/trainings/upload/route.test.ts" name="POST /api/trainings/upload &gt; returns 403 when user is not authorized" time="0.001058042">
        </testcase>
        <testcase classname="src/app/api/trainings/upload/route.test.ts" name="POST /api/trainings/upload &gt; returns 400 when no file is provided" time="0">
            <skipped/>
        </testcase>
        <testcase classname="src/app/api/trainings/upload/route.test.ts" name="POST /api/trainings/upload &gt; returns 400 when file size exceeds limit" time="0">
            <skipped/>
        </testcase>
        <testcase classname="src/app/api/trainings/upload/route.test.ts" name="POST /api/trainings/upload &gt; returns 400 when file type is not allowed" time="0">
            <skipped/>
        </testcase>
        <testcase classname="src/app/api/trainings/upload/route.test.ts" name="POST /api/trainings/upload &gt; uploads file successfully" time="0">
            <skipped/>
        </testcase>
    </testsuite>
    <testsuite name="src/app/api/users/[id]/route.test.ts" timestamp="2025-12-16T06:40:27.893Z" hostname="Omer-MacBook-Air.local" tests="7" failures="0" errors="0" skipped="0" time="0.022858958">
        <testcase classname="src/app/api/users/[id]/route.test.ts" name="GET /api/users/[id] &gt; returns 500 when user is not authenticated (caught by try-catch)" time="0.016933">
            <system-err>
Get user error: Error: Unauthorized
    at /Users/omerunsal/Desktop/akademi-port/src/app/api/users/[id]/route.test.ts:37:46
    at processTicksAndRejections (node:internal/process/task_queues:105:5)
    at file:///Users/omerunsal/Desktop/akademi-port/node_modules/@vitest/runner/dist/index.js:753:20

            </system-err>
        </testcase>
        <testcase classname="src/app/api/users/[id]/route.test.ts" name="GET /api/users/[id] &gt; returns user successfully" time="0.001112542">
        </testcase>
        <testcase classname="src/app/api/users/[id]/route.test.ts" name="GET /api/users/[id] &gt; handles use case failure" time="0.000611042">
        </testcase>
        <testcase classname="src/app/api/users/[id]/route.test.ts" name="PATCH /api/users/[id] &gt; updates user successfully" time="0.001141833">
        </testcase>
        <testcase classname="src/app/api/users/[id]/route.test.ts" name="PATCH /api/users/[id] &gt; handles use case failure" time="0.000964625">
        </testcase>
        <testcase classname="src/app/api/users/[id]/route.test.ts" name="DELETE /api/users/[id] &gt; deletes user successfully" time="0.000602166">
        </testcase>
        <testcase classname="src/app/api/users/[id]/route.test.ts" name="DELETE /api/users/[id] &gt; handles use case failure" time="0.000631667">
        </testcase>
    </testsuite>
    <testsuite name="src/app/api/dashboard/ai-insights/route.test.ts" timestamp="2025-12-16T06:40:27.893Z" hostname="Omer-MacBook-Air.local" tests="7" failures="0" errors="0" skipped="0" time="0.007900292">
        <testcase classname="src/app/api/dashboard/ai-insights/route.test.ts" name="GET /api/dashboard/ai-insights &gt; authentication &gt; should return 401 when user is not authenticated" time="0.003137125">
        </testcase>
        <testcase classname="src/app/api/dashboard/ai-insights/route.test.ts" name="GET /api/dashboard/ai-insights &gt; successful requests &gt; should get AI insights successfully for master dashboard" time="0.0016195">
        </testcase>
        <testcase classname="src/app/api/dashboard/ai-insights/route.test.ts" name="GET /api/dashboard/ai-insights &gt; successful requests &gt; should get AI insights successfully for consultant dashboard with programId" time="0.000506459">
        </testcase>
        <testcase classname="src/app/api/dashboard/ai-insights/route.test.ts" name="GET /api/dashboard/ai-insights &gt; successful requests &gt; should get AI insights successfully for company dashboard with companyId" time="0.000418">
        </testcase>
        <testcase classname="src/app/api/dashboard/ai-insights/route.test.ts" name="GET /api/dashboard/ai-insights &gt; successful requests &gt; should default to master dashboard when dashboardType is not provided" time="0.000694708">
        </testcase>
        <testcase classname="src/app/api/dashboard/ai-insights/route.test.ts" name="GET /api/dashboard/ai-insights &gt; error handling &gt; should return 500 when use case fails" time="0.00038875">
        </testcase>
        <testcase classname="src/app/api/dashboard/ai-insights/route.test.ts" name="GET /api/dashboard/ai-insights &gt; error handling &gt; should return 500 when exception occurs" time="0.000344125">
        </testcase>
    </testsuite>
    <testsuite name="src/app/api/dashboard/stats/route.test.ts" timestamp="2025-12-16T06:40:27.894Z" hostname="Omer-MacBook-Air.local" tests="6" failures="0" errors="0" skipped="0" time="0.009828292">
        <testcase classname="src/app/api/dashboard/stats/route.test.ts" name="GET /api/dashboard/stats &gt; authentication &gt; should return 401 when user is not authenticated" time="0.003580334">
        </testcase>
        <testcase classname="src/app/api/dashboard/stats/route.test.ts" name="GET /api/dashboard/stats &gt; authentication &gt; should return 403 when user is not master_admin" time="0.000607167">
        </testcase>
        <testcase classname="src/app/api/dashboard/stats/route.test.ts" name="GET /api/dashboard/stats &gt; authorization &gt; should allow access for master_admin" time="0.001064333">
        </testcase>
        <testcase classname="src/app/api/dashboard/stats/route.test.ts" name="GET /api/dashboard/stats &gt; use case execution &gt; should return dashboard stats successfully" time="0.000716458">
        </testcase>
        <testcase classname="src/app/api/dashboard/stats/route.test.ts" name="GET /api/dashboard/stats &gt; use case execution &gt; should return 400 when use case fails" time="0.000818458">
        </testcase>
        <testcase classname="src/app/api/dashboard/stats/route.test.ts" name="GET /api/dashboard/stats &gt; use case execution &gt; should return 500 when an error occurs" time="0.002259">
            <system-err>
GET /api/dashboard/stats error: Error: Database connection error
    at /Users/omerunsal/Desktop/akademi-port/src/app/api/dashboard/stats/route.test.ts:220:37
    at file:///Users/omerunsal/Desktop/akademi-port/node_modules/@vitest/runner/dist/index.js:157:11
    at file:///Users/omerunsal/Desktop/akademi-port/node_modules/@vitest/runner/dist/index.js:753:26
    at file:///Users/omerunsal/Desktop/akademi-port/node_modules/@vitest/runner/dist/index.js:1636:20
    at new Promise (&lt;anonymous&gt;)
    at runWithTimeout (file:///Users/omerunsal/Desktop/akademi-port/node_modules/@vitest/runner/dist/index.js:1602:10)
    at runTest (file:///Users/omerunsal/Desktop/akademi-port/node_modules/@vitest/runner/dist/index.js:1309:12)
    at processTicksAndRejections (node:internal/process/task_queues:105:5)
    at runSuite (file:///Users/omerunsal/Desktop/akademi-port/node_modules/@vitest/runner/dist/index.js:1468:8)
    at runSuite (file:///Users/omerunsal/Desktop/akademi-port/node_modules/@vitest/runner/dist/index.js:1468:8)

            </system-err>
        </testcase>
    </testsuite>
    <testsuite name="src/app/api/leaderboard/history/route.test.ts" timestamp="2025-12-16T06:40:27.894Z" hostname="Omer-MacBook-Air.local" tests="6" failures="0" errors="0" skipped="0" time="0.015413291">
        <testcase classname="src/app/api/leaderboard/history/route.test.ts" name="GET /api/leaderboard/history &gt; returns 401 when user is not authenticated" time="0.009610792">
        </testcase>
        <testcase classname="src/app/api/leaderboard/history/route.test.ts" name="GET /api/leaderboard/history &gt; returns leaderboard history successfully" time="0.00180925">
        </testcase>
        <testcase classname="src/app/api/leaderboard/history/route.test.ts" name="GET /api/leaderboard/history &gt; returns history with company filter" time="0.001391833">
        </testcase>
        <testcase classname="src/app/api/leaderboard/history/route.test.ts" name="GET /api/leaderboard/history &gt; returns history with date range filter" time="0.000773292">
        </testcase>
        <testcase classname="src/app/api/leaderboard/history/route.test.ts" name="GET /api/leaderboard/history &gt; returns empty array when no history found" time="0.000711583">
        </testcase>
        <testcase classname="src/app/api/leaderboard/history/route.test.ts" name="GET /api/leaderboard/history &gt; returns 400 when use case fails" time="0.000390375">
        </testcase>
    </testsuite>
    <testsuite name="src/app/api/ai/tasks/generate-description/route.test.ts" timestamp="2025-12-16T06:40:27.894Z" hostname="Omer-MacBook-Air.local" tests="5" failures="0" errors="0" skipped="0" time="0.007178">
        <testcase classname="src/app/api/ai/tasks/generate-description/route.test.ts" name="POST /api/ai/tasks/generate-description &gt; should generate task description successfully" time="0.003325542">
        </testcase>
        <testcase classname="src/app/api/ai/tasks/generate-description/route.test.ts" name="POST /api/ai/tasks/generate-description &gt; should return 401 when not authenticated" time="0.000887292">
        </testcase>
        <testcase classname="src/app/api/ai/tasks/generate-description/route.test.ts" name="POST /api/ai/tasks/generate-description &gt; should return 403 when user is not consultant or master_admin" time="0.000692042">
        </testcase>
        <testcase classname="src/app/api/ai/tasks/generate-description/route.test.ts" name="POST /api/ai/tasks/generate-description &gt; should return 400 when taskTitle is missing" time="0.000665792">
        </testcase>
        <testcase classname="src/app/api/ai/tasks/generate-description/route.test.ts" name="POST /api/ai/tasks/generate-description &gt; should return 500 when use case fails" time="0.000891458">
        </testcase>
    </testsuite>
    <testsuite name="src/app/api/appointments/[id]/approve/route.test.ts" timestamp="2025-12-16T06:40:27.895Z" hostname="Omer-MacBook-Air.local" tests="4" failures="0" errors="0" skipped="0" time="0.029087333">
        <testcase classname="src/app/api/appointments/[id]/approve/route.test.ts" name="POST /api/appointments/[id]/approve &gt; returns 401 when user is not authenticated" time="0.025218625">
        </testcase>
        <testcase classname="src/app/api/appointments/[id]/approve/route.test.ts" name="POST /api/appointments/[id]/approve &gt; returns 403 when user is not consultant or admin" time="0.001369375">
        </testcase>
        <testcase classname="src/app/api/appointments/[id]/approve/route.test.ts" name="POST /api/appointments/[id]/approve &gt; approves appointment successfully" time="0.001245">
        </testcase>
        <testcase classname="src/app/api/appointments/[id]/approve/route.test.ts" name="POST /api/appointments/[id]/approve &gt; handles use case failure" time="0.000629667">
        </testcase>
    </testsuite>
    <testsuite name="src/app/api/cms/pages/[id]/route.test.ts" timestamp="2025-12-16T06:40:27.895Z" hostname="Omer-MacBook-Air.local" tests="12" failures="0" errors="0" skipped="0" time="0.023064417">
        <testcase classname="src/app/api/cms/pages/[id]/route.test.ts" name="GET /api/cms/pages/[id] &gt; returns 401 when user is not authenticated" time="0.014926">
        </testcase>
        <testcase classname="src/app/api/cms/pages/[id]/route.test.ts" name="GET /api/cms/pages/[id] &gt; returns page successfully for master_admin" time="0.001205541">
        </testcase>
        <testcase classname="src/app/api/cms/pages/[id]/route.test.ts" name="GET /api/cms/pages/[id] &gt; returns 403 when non-admin tries to access draft page" time="0.000487209">
        </testcase>
        <testcase classname="src/app/api/cms/pages/[id]/route.test.ts" name="GET /api/cms/pages/[id] &gt; returns 404 when page not found" time="0.000480083">
        </testcase>
        <testcase classname="src/app/api/cms/pages/[id]/route.test.ts" name="PUT /api/cms/pages/[id] &gt; returns 401 when user is not authenticated" time="0.000935333">
        </testcase>
        <testcase classname="src/app/api/cms/pages/[id]/route.test.ts" name="PUT /api/cms/pages/[id] &gt; returns 403 when user is not master_admin" time="0.000525125">
        </testcase>
        <testcase classname="src/app/api/cms/pages/[id]/route.test.ts" name="PUT /api/cms/pages/[id] &gt; updates page successfully" time="0.000740542">
        </testcase>
        <testcase classname="src/app/api/cms/pages/[id]/route.test.ts" name="PUT /api/cms/pages/[id] &gt; returns 400 when use case fails" time="0.000569708">
        </testcase>
        <testcase classname="src/app/api/cms/pages/[id]/route.test.ts" name="DELETE /api/cms/pages/[id] &gt; returns 401 when user is not authenticated" time="0.001283334">
        </testcase>
        <testcase classname="src/app/api/cms/pages/[id]/route.test.ts" name="DELETE /api/cms/pages/[id] &gt; returns 403 when user is not master_admin" time="0.000409417">
        </testcase>
        <testcase classname="src/app/api/cms/pages/[id]/route.test.ts" name="DELETE /api/cms/pages/[id] &gt; deletes page successfully" time="0.000345">
        </testcase>
        <testcase classname="src/app/api/cms/pages/[id]/route.test.ts" name="DELETE /api/cms/pages/[id] &gt; returns 400 when use case fails" time="0.000267834">
        </testcase>
    </testsuite>
    <testsuite name="src/app/api/companies/[id]/trainings/route.test.ts" timestamp="2025-12-16T06:40:27.896Z" hostname="Omer-MacBook-Air.local" tests="8" failures="0" errors="0" skipped="0" time="0.029325916">
        <testcase classname="src/app/api/companies/[id]/trainings/route.test.ts" name="GET /api/companies/[id]/trainings &gt; returns 401 when user is not authenticated" time="0.021669333">
        </testcase>
        <testcase classname="src/app/api/companies/[id]/trainings/route.test.ts" name="GET /api/companies/[id]/trainings &gt; returns 403 when company user tries to access another company" time="0.001147875">
            <system-err>
🚫 [GET /api/companies/[id]/trainings] Forbidden: { requestedCompanyId: &apos;company-1&apos;, userCompanyId: &apos;company-2&apos; }

            </system-err>
        </testcase>
        <testcase classname="src/app/api/companies/[id]/trainings/route.test.ts" name="GET /api/companies/[id]/trainings &gt; returns trainings successfully for authorized user" time="0.001675125">
        </testcase>
        <testcase classname="src/app/api/companies/[id]/trainings/route.test.ts" name="GET /api/companies/[id]/trainings &gt; handles use case failure" time="0.000733042">
            <system-err>
❌ [GET /api/companies/[id]/trainings] Use case failed: { error: &apos;Company not found&apos;, statusCode: 404 }

            </system-err>
        </testcase>
        <testcase classname="src/app/api/companies/[id]/trainings/route.test.ts" name="POST /api/companies/[id]/trainings &gt; returns 401 when user is not authenticated" time="0.001281208">
        </testcase>
        <testcase classname="src/app/api/companies/[id]/trainings/route.test.ts" name="POST /api/companies/[id]/trainings &gt; returns 403 when user is not authorized" time="0.000612625">
        </testcase>
        <testcase classname="src/app/api/companies/[id]/trainings/route.test.ts" name="POST /api/companies/[id]/trainings &gt; assigns training successfully" time="0.000912541">
        </testcase>
        <testcase classname="src/app/api/companies/[id]/trainings/route.test.ts" name="POST /api/companies/[id]/trainings &gt; handles use case failure" time="0.000496292">
        </testcase>
    </testsuite>
    <testsuite name="src/app/api/custom-reports/[id]/export/route.test.ts" timestamp="2025-12-16T06:40:27.896Z" hostname="Omer-MacBook-Air.local" tests="9" failures="0" errors="0" skipped="0" time="0.111114125">
        <testcase classname="src/app/api/custom-reports/[id]/export/route.test.ts" name="GET /api/custom-reports/[id]/export &gt; returns 401 when user is not authenticated" time="0.095406292">
        </testcase>
        <testcase classname="src/app/api/custom-reports/[id]/export/route.test.ts" name="GET /api/custom-reports/[id]/export &gt; returns 400 when format is invalid" time="0.001921334">
        </testcase>
        <testcase classname="src/app/api/custom-reports/[id]/export/route.test.ts" name="GET /api/custom-reports/[id]/export &gt; exports dashboard report as PDF successfully" time="0.002493417">
        </testcase>
        <testcase classname="src/app/api/custom-reports/[id]/export/route.test.ts" name="GET /api/custom-reports/[id]/export &gt; exports program report as Excel successfully" time="0.002098125">
        </testcase>
        <testcase classname="src/app/api/custom-reports/[id]/export/route.test.ts" name="GET /api/custom-reports/[id]/export &gt; exports company report as CSV successfully" time="0.001350625">
        </testcase>
        <testcase classname="src/app/api/custom-reports/[id]/export/route.test.ts" name="GET /api/custom-reports/[id]/export &gt; returns 404 when report not found" time="0.001512542">
        </testcase>
        <testcase classname="src/app/api/custom-reports/[id]/export/route.test.ts" name="GET /api/custom-reports/[id]/export &gt; returns 500 when stats fetch fails" time="0.001687959">
        </testcase>
        <testcase classname="src/app/api/custom-reports/[id]/export/route.test.ts" name="GET /api/custom-reports/[id]/export &gt; returns 400 when report type is invalid" time="0.001268541">
        </testcase>
        <testcase classname="src/app/api/custom-reports/[id]/export/route.test.ts" name="GET /api/custom-reports/[id]/export &gt; filters stats based on selected metrics" time="0.002561291">
        </testcase>
    </testsuite>
    <testsuite name="src/app/api/events/[id]/attendance/route.test.ts" timestamp="2025-12-16T06:40:27.897Z" hostname="Omer-MacBook-Air.local" tests="8" failures="0" errors="0" skipped="0" time="0.009235125">
        <testcase classname="src/app/api/events/[id]/attendance/route.test.ts" name="GET /api/events/[id]/attendance &gt; should return 401 when user is not authenticated" time="0.003552792">
        </testcase>
        <testcase classname="src/app/api/events/[id]/attendance/route.test.ts" name="GET /api/events/[id]/attendance &gt; should return attendees successfully for master_admin" time="0.000964291">
        </testcase>
        <testcase classname="src/app/api/events/[id]/attendance/route.test.ts" name="GET /api/events/[id]/attendance &gt; should return 404 when event not found" time="0.000519584">
        </testcase>
        <testcase classname="src/app/api/events/[id]/attendance/route.test.ts" name="GET /api/events/[id]/attendance &gt; should return 403 when company user tries to access different program event" time="0.000552375">
        </testcase>
        <testcase classname="src/app/api/events/[id]/attendance/route.test.ts" name="POST /api/events/[id]/attendance &gt; should return 401 when user is not authenticated" time="0.000955833">
        </testcase>
        <testcase classname="src/app/api/events/[id]/attendance/route.test.ts" name="POST /api/events/[id]/attendance &gt; should return 403 when user is not company user" time="0.000365333">
        </testcase>
        <testcase classname="src/app/api/events/[id]/attendance/route.test.ts" name="POST /api/events/[id]/attendance &gt; should register attendance successfully" time="0.001033917">
        </testcase>
        <testcase classname="src/app/api/events/[id]/attendance/route.test.ts" name="POST /api/events/[id]/attendance &gt; should return 400 when companyId is missing" time="0.000553542">
        </testcase>
    </testsuite>
    <testsuite name="src/app/api/forum/topics/[id]/route.test.ts" timestamp="2025-12-16T06:40:27.897Z" hostname="Omer-MacBook-Air.local" tests="9" failures="2" errors="0" skipped="0" time="0.044014292">
        <testcase classname="src/app/api/forum/topics/[id]/route.test.ts" name="GET /api/forum/topics/[id] &gt; returns 401 when user is not authenticated" time="0.0287925">
        </testcase>
        <testcase classname="src/app/api/forum/topics/[id]/route.test.ts" name="GET /api/forum/topics/[id] &gt; returns topic detail successfully" time="0.000867292">
        </testcase>
        <testcase classname="src/app/api/forum/topics/[id]/route.test.ts" name="GET /api/forum/topics/[id] &gt; returns 404 when topic not found" time="0.000575208">
        </testcase>
        <testcase classname="src/app/api/forum/topics/[id]/route.test.ts" name="PUT /api/forum/topics/[id] &gt; returns 401 when user is not authenticated" time="0.000765667">
        </testcase>
        <testcase classname="src/app/api/forum/topics/[id]/route.test.ts" name="PUT /api/forum/topics/[id] &gt; updates topic successfully" time="0.007014917">
            <system-err>
PUT /api/forum/topics/[id] error: ReferenceError: UpdateTopicDtoSchema is not defined
    at PUT (/Users/omerunsal/Desktop/akademi-port/src/app/api/forum/topics/[id]/route.ts:89:30)
    at processTicksAndRejections (node:internal/process/task_queues:105:5)
    at /Users/omerunsal/Desktop/akademi-port/src/app/api/forum/topics/[id]/route.test.ts:233:22
    at file:///Users/omerunsal/Desktop/akademi-port/node_modules/@vitest/runner/dist/index.js:753:20

PUT /api/forum/topics/[id] error: ReferenceError: UpdateTopicDtoSchema is not defined
    at PUT (/Users/omerunsal/Desktop/akademi-port/src/app/api/forum/topics/[id]/route.ts:89:30)
    at processTicksAndRejections (node:internal/process/task_queues:105:5)
    at /Users/omerunsal/Desktop/akademi-port/src/app/api/forum/topics/[id]/route.test.ts:233:22
    at file:///Users/omerunsal/Desktop/akademi-port/node_modules/@vitest/runner/dist/index.js:753:20

PUT /api/forum/topics/[id] error: ReferenceError: UpdateTopicDtoSchema is not defined
    at PUT (/Users/omerunsal/Desktop/akademi-port/src/app/api/forum/topics/[id]/route.ts:89:30)
    at processTicksAndRejections (node:internal/process/task_queues:105:5)
    at /Users/omerunsal/Desktop/akademi-port/src/app/api/forum/topics/[id]/route.test.ts:233:22
    at file:///Users/omerunsal/Desktop/akademi-port/node_modules/@vitest/runner/dist/index.js:753:20

            </system-err>
            <failure message="expected 500 to be 200 // Object.is equality" type="AssertionError">
AssertionError: expected 500 to be 200 // Object.is equality

- Expected
+ Received

- 200
+ 500

 ❯ src/app/api/forum/topics/[id]/route.test.ts:236:29
            </failure>
            <failure message="expected 500 to be 200 // Object.is equality" type="AssertionError">
AssertionError: expected 500 to be 200 // Object.is equality

- Expected
+ Received

- 200
+ 500

 ❯ src/app/api/forum/topics/[id]/route.test.ts:236:29
            </failure>
            <failure message="expected 500 to be 200 // Object.is equality" type="AssertionError">
AssertionError: expected 500 to be 200 // Object.is equality

- Expected
+ Received

- 200
+ 500

 ❯ src/app/api/forum/topics/[id]/route.test.ts:236:29
            </failure>
        </testcase>
        <testcase classname="src/app/api/forum/topics/[id]/route.test.ts" name="PUT /api/forum/topics/[id] &gt; returns 400 when update fails" time="0.003996416">
            <system-err>
PUT /api/forum/topics/[id] error: ReferenceError: UpdateTopicDtoSchema is not defined
    at PUT (/Users/omerunsal/Desktop/akademi-port/src/app/api/forum/topics/[id]/route.ts:89:30)
    at processTicksAndRejections (node:internal/process/task_queues:105:5)
    at /Users/omerunsal/Desktop/akademi-port/src/app/api/forum/topics/[id]/route.test.ts:302:22
    at file:///Users/omerunsal/Desktop/akademi-port/node_modules/@vitest/runner/dist/index.js:753:20

PUT /api/forum/topics/[id] error: ReferenceError: UpdateTopicDtoSchema is not defined
    at PUT (/Users/omerunsal/Desktop/akademi-port/src/app/api/forum/topics/[id]/route.ts:89:30)
    at processTicksAndRejections (node:internal/process/task_queues:105:5)
    at /Users/omerunsal/Desktop/akademi-port/src/app/api/forum/topics/[id]/route.test.ts:302:22
    at file:///Users/omerunsal/Desktop/akademi-port/node_modules/@vitest/runner/dist/index.js:753:20

PUT /api/forum/topics/[id] error: ReferenceError: UpdateTopicDtoSchema is not defined
    at PUT (/Users/omerunsal/Desktop/akademi-port/src/app/api/forum/topics/[id]/route.ts:89:30)
    at processTicksAndRejections (node:internal/process/task_queues:105:5)
    at /Users/omerunsal/Desktop/akademi-port/src/app/api/forum/topics/[id]/route.test.ts:302:22
    at file:///Users/omerunsal/Desktop/akademi-port/node_modules/@vitest/runner/dist/index.js:753:20

            </system-err>
            <failure message="expected 500 to be 400 // Object.is equality" type="AssertionError">
AssertionError: expected 500 to be 400 // Object.is equality

- Expected
+ Received

- 400
+ 500

 ❯ src/app/api/forum/topics/[id]/route.test.ts:305:29
            </failure>
            <failure message="expected 500 to be 400 // Object.is equality" type="AssertionError">
AssertionError: expected 500 to be 400 // Object.is equality

- Expected
+ Received

- 400
+ 500

 ❯ src/app/api/forum/topics/[id]/route.test.ts:305:29
            </failure>
            <failure message="expected 500 to be 400 // Object.is equality" type="AssertionError">
AssertionError: expected 500 to be 400 // Object.is equality

- Expected
+ Received

- 400
+ 500

 ❯ src/app/api/forum/topics/[id]/route.test.ts:305:29
            </failure>
        </testcase>
        <testcase classname="src/app/api/forum/topics/[id]/route.test.ts" name="DELETE /api/forum/topics/[id] &gt; returns 401 when user is not authenticated" time="0.000512">
        </testcase>
        <testcase classname="src/app/api/forum/topics/[id]/route.test.ts" name="DELETE /api/forum/topics/[id] &gt; deletes topic successfully" time="0.000331333">
        </testcase>
        <testcase classname="src/app/api/forum/topics/[id]/route.test.ts" name="DELETE /api/forum/topics/[id] &gt; returns 400 when delete fails" time="0.000353458">
        </testcase>
    </testsuite>
    <testsuite name="src/app/api/news/[id]/like/route.test.ts" timestamp="2025-12-16T06:40:27.898Z" hostname="Omer-MacBook-Air.local" tests="7" failures="0" errors="0" skipped="0" time="0.012077583">
        <testcase classname="src/app/api/news/[id]/like/route.test.ts" name="POST /api/news/[id]/like &gt; returns 401 when user is not authenticated" time="0.006894333">
        </testcase>
        <testcase classname="src/app/api/news/[id]/like/route.test.ts" name="POST /api/news/[id]/like &gt; likes news successfully" time="0.00160975">
        </testcase>
        <testcase classname="src/app/api/news/[id]/like/route.test.ts" name="POST /api/news/[id]/like &gt; handles missing company_id" time="0.000531875">
        </testcase>
        <testcase classname="src/app/api/news/[id]/like/route.test.ts" name="POST /api/news/[id]/like &gt; returns 400 on error" time="0.000481417">
        </testcase>
        <testcase classname="src/app/api/news/[id]/like/route.test.ts" name="DELETE /api/news/[id]/like &gt; returns 401 when user is not authenticated" time="0.00075575">
        </testcase>
        <testcase classname="src/app/api/news/[id]/like/route.test.ts" name="DELETE /api/news/[id]/like &gt; unlikes news successfully" time="0.000519625">
        </testcase>
        <testcase classname="src/app/api/news/[id]/like/route.test.ts" name="DELETE /api/news/[id]/like &gt; returns 400 on error" time="0.000447625">
        </testcase>
    </testsuite>
    <testsuite name="src/app/api/news/[id]/publish/route.test.ts" timestamp="2025-12-16T06:40:27.899Z" hostname="Omer-MacBook-Air.local" tests="5" failures="0" errors="0" skipped="0" time="0.014048">
        <testcase classname="src/app/api/news/[id]/publish/route.test.ts" name="POST /api/news/[id]/publish &gt; returns 401 when user is not authenticated" time="0.007846958">
        </testcase>
        <testcase classname="src/app/api/news/[id]/publish/route.test.ts" name="POST /api/news/[id]/publish &gt; returns 403 when user is not admin or consultant" time="0.000975625">
        </testcase>
        <testcase classname="src/app/api/news/[id]/publish/route.test.ts" name="POST /api/news/[id]/publish &gt; publishes news successfully" time="0.001509125">
        </testcase>
        <testcase classname="src/app/api/news/[id]/publish/route.test.ts" name="POST /api/news/[id]/publish &gt; returns 400 when news already published" time="0.000539083">
        </testcase>
        <testcase classname="src/app/api/news/[id]/publish/route.test.ts" name="POST /api/news/[id]/publish &gt; returns 500 on error" time="0.002447083">
            <system-err>
POST /api/news/[id]/publish error: Error: Database error
    at /Users/omerunsal/Desktop/akademi-port/src/app/api/news/[id]/publish/route.test.ts:198:53
    at file:///Users/omerunsal/Desktop/akademi-port/node_modules/@vitest/runner/dist/index.js:157:11
    at file:///Users/omerunsal/Desktop/akademi-port/node_modules/@vitest/runner/dist/index.js:753:26
    at file:///Users/omerunsal/Desktop/akademi-port/node_modules/@vitest/runner/dist/index.js:1636:20
    at new Promise (&lt;anonymous&gt;)
    at runWithTimeout (file:///Users/omerunsal/Desktop/akademi-port/node_modules/@vitest/runner/dist/index.js:1602:10)
    at runTest (file:///Users/omerunsal/Desktop/akademi-port/node_modules/@vitest/runner/dist/index.js:1309:12)
    at processTicksAndRejections (node:internal/process/task_queues:105:5)
    at runSuite (file:///Users/omerunsal/Desktop/akademi-port/node_modules/@vitest/runner/dist/index.js:1468:8)
    at runSuite (file:///Users/omerunsal/Desktop/akademi-port/node_modules/@vitest/runner/dist/index.js:1468:8)

            </system-err>
        </testcase>
    </testsuite>
    <testsuite name="src/app/api/news/[id]/read/route.test.ts" timestamp="2025-12-16T06:40:27.899Z" hostname="Omer-MacBook-Air.local" tests="6" failures="0" errors="0" skipped="0" time="0.02650775">
        <testcase classname="src/app/api/news/[id]/read/route.test.ts" name="POST /api/news/[id]/read &gt; returns 401 when user is not authenticated" time="0.020348208">
        </testcase>
        <testcase classname="src/app/api/news/[id]/read/route.test.ts" name="POST /api/news/[id]/read &gt; returns 400 when company_id is missing" time="0.000927125">
        </testcase>
        <testcase classname="src/app/api/news/[id]/read/route.test.ts" name="POST /api/news/[id]/read &gt; records read successfully" time="0.001187625">
        </testcase>
        <testcase classname="src/app/api/news/[id]/read/route.test.ts" name="POST /api/news/[id]/read &gt; sets completed to true when scrollPercentage &gt;= 80" time="0.000408375">
        </testcase>
        <testcase classname="src/app/api/news/[id]/read/route.test.ts" name="POST /api/news/[id]/read &gt; returns 400 on error" time="0.000869208">
        </testcase>
        <testcase classname="src/app/api/news/[id]/read/route.test.ts" name="POST /api/news/[id]/read &gt; returns 500 on error" time="0.002000375">
            <system-err>
POST /api/news/[id]/read error: Error: Database error
    at /Users/omerunsal/Desktop/akademi-port/src/app/api/news/[id]/read/route.test.ts:215:56
    at file:///Users/omerunsal/Desktop/akademi-port/node_modules/@vitest/runner/dist/index.js:157:11
    at file:///Users/omerunsal/Desktop/akademi-port/node_modules/@vitest/runner/dist/index.js:753:26
    at file:///Users/omerunsal/Desktop/akademi-port/node_modules/@vitest/runner/dist/index.js:1636:20
    at new Promise (&lt;anonymous&gt;)
    at runWithTimeout (file:///Users/omerunsal/Desktop/akademi-port/node_modules/@vitest/runner/dist/index.js:1602:10)
    at runTest (file:///Users/omerunsal/Desktop/akademi-port/node_modules/@vitest/runner/dist/index.js:1309:12)
    at processTicksAndRejections (node:internal/process/task_queues:105:5)
    at runSuite (file:///Users/omerunsal/Desktop/akademi-port/node_modules/@vitest/runner/dist/index.js:1468:8)
    at runSuite (file:///Users/omerunsal/Desktop/akademi-port/node_modules/@vitest/runner/dist/index.js:1468:8)

            </system-err>
        </testcase>
    </testsuite>
    <testsuite name="src/app/api/leaderboard/badges/[badgeId]/route.test.ts" timestamp="2025-12-16T06:40:27.900Z" hostname="Omer-MacBook-Air.local" tests="8" failures="0" errors="0" skipped="0" time="0.034879917">
        <testcase classname="src/app/api/leaderboard/badges/[badgeId]/route.test.ts" name="PATCH /api/leaderboard/badges/[badgeId] &gt; returns 401 when user is not authenticated" time="0.027772125">
        </testcase>
        <testcase classname="src/app/api/leaderboard/badges/[badgeId]/route.test.ts" name="PATCH /api/leaderboard/badges/[badgeId] &gt; returns 403 when user is not master_admin" time="0.000983708">
        </testcase>
        <testcase classname="src/app/api/leaderboard/badges/[badgeId]/route.test.ts" name="PATCH /api/leaderboard/badges/[badgeId] &gt; updates badge successfully when user is master_admin" time="0.0023965">
        </testcase>
        <testcase classname="src/app/api/leaderboard/badges/[badgeId]/route.test.ts" name="PATCH /api/leaderboard/badges/[badgeId] &gt; returns 400 when validation fails" time="0.000664625">
        </testcase>
        <testcase classname="src/app/api/leaderboard/badges/[badgeId]/route.test.ts" name="DELETE /api/leaderboard/badges/[badgeId] &gt; returns 401 when user is not authenticated" time="0.000775167">
        </testcase>
        <testcase classname="src/app/api/leaderboard/badges/[badgeId]/route.test.ts" name="DELETE /api/leaderboard/badges/[badgeId] &gt; returns 403 when user is not master_admin" time="0.000454417">
        </testcase>
        <testcase classname="src/app/api/leaderboard/badges/[badgeId]/route.test.ts" name="DELETE /api/leaderboard/badges/[badgeId] &gt; deletes badge successfully when user is master_admin" time="0.000668792">
        </testcase>
        <testcase classname="src/app/api/leaderboard/badges/[badgeId]/route.test.ts" name="DELETE /api/leaderboard/badges/[badgeId] &gt; returns 400 when use case fails" time="0.00035825">
        </testcase>
    </testsuite>
    <testsuite name="src/app/api/trainings/[id]/documents/route.test.ts" timestamp="2025-12-16T06:40:27.900Z" hostname="Omer-MacBook-Air.local" tests="7" failures="0" errors="0" skipped="0" time="0.020256583">
        <testcase classname="src/app/api/trainings/[id]/documents/route.test.ts" name="GET /api/trainings/[id]/documents &gt; returns 401 when user is not authenticated" time="0.012875166">
        </testcase>
        <testcase classname="src/app/api/trainings/[id]/documents/route.test.ts" name="GET /api/trainings/[id]/documents &gt; returns documents successfully" time="0.001813875">
        </testcase>
        <testcase classname="src/app/api/trainings/[id]/documents/route.test.ts" name="GET /api/trainings/[id]/documents &gt; handles use case failure" time="0.000947042">
        </testcase>
        <testcase classname="src/app/api/trainings/[id]/documents/route.test.ts" name="POST /api/trainings/[id]/documents &gt; returns 401 when user is not authenticated" time="0.000837167">
        </testcase>
        <testcase classname="src/app/api/trainings/[id]/documents/route.test.ts" name="POST /api/trainings/[id]/documents &gt; returns 403 when user is not authorized" time="0.000699875">
        </testcase>
        <testcase classname="src/app/api/trainings/[id]/documents/route.test.ts" name="POST /api/trainings/[id]/documents &gt; creates document successfully" time="0.001485625">
        </testcase>
        <testcase classname="src/app/api/trainings/[id]/documents/route.test.ts" name="POST /api/trainings/[id]/documents &gt; handles use case failure" time="0.000802542">
            <system-err>
❌ CreateTrainingDocumentUseCase failed: { error: &apos;Training not found&apos;, statusCode: 404 }

            </system-err>
        </testcase>
    </testsuite>
    <testsuite name="src/app/api/trainings/[id]/videos/route.test.ts" timestamp="2025-12-16T06:40:27.900Z" hostname="Omer-MacBook-Air.local" tests="7" failures="0" errors="0" skipped="0" time="0.020805708">
        <testcase classname="src/app/api/trainings/[id]/videos/route.test.ts" name="GET /api/trainings/[id]/videos &gt; returns 401 when user is not authenticated" time="0.013550334">
        </testcase>
        <testcase classname="src/app/api/trainings/[id]/videos/route.test.ts" name="GET /api/trainings/[id]/videos &gt; returns videos successfully" time="0.001786459">
        </testcase>
        <testcase classname="src/app/api/trainings/[id]/videos/route.test.ts" name="GET /api/trainings/[id]/videos &gt; handles use case failure" time="0.0009585">
            <system-err>
❌ [GET /api/trainings/[id]/videos] Use case failed: {
  trainingId: &apos;non-existent&apos;,
  error: &apos;Training not found&apos;,
  statusCode: 404
}

            </system-err>
        </testcase>
        <testcase classname="src/app/api/trainings/[id]/videos/route.test.ts" name="POST /api/trainings/[id]/videos &gt; returns 401 when user is not authenticated" time="0.001027042">
        </testcase>
        <testcase classname="src/app/api/trainings/[id]/videos/route.test.ts" name="POST /api/trainings/[id]/videos &gt; returns 403 when user is not authorized" time="0.000779334">
        </testcase>
        <testcase classname="src/app/api/trainings/[id]/videos/route.test.ts" name="POST /api/trainings/[id]/videos &gt; creates video successfully" time="0.001273333">
        </testcase>
        <testcase classname="src/app/api/trainings/[id]/videos/route.test.ts" name="POST /api/trainings/[id]/videos &gt; handles use case failure" time="0.000664666">
            <system-err>
❌ CreateTrainingVideoUseCase failed: { error: &apos;Training not found&apos;, statusCode: 404 }

            </system-err>
        </testcase>
    </testsuite>
    <testsuite name="src/app/api/ai/companies/[id]/analyze-trends/route.test.ts" timestamp="2025-12-16T06:40:27.901Z" hostname="Omer-MacBook-Air.local" tests="2" failures="0" errors="0" skipped="0" time="0.017915958">
        <testcase classname="src/app/api/ai/companies/[id]/analyze-trends/route.test.ts" name="POST /api/ai/companies/[id]/analyze-trends &gt; should analyze trends successfully" time="0.016411583">
        </testcase>
        <testcase classname="src/app/api/ai/companies/[id]/analyze-trends/route.test.ts" name="POST /api/ai/companies/[id]/analyze-trends &gt; should return 401 when not authenticated" time="0.000864334">
        </testcase>
    </testsuite>
    <testsuite name="src/app/api/ai/companies/[id]/predict-success/route.test.ts" timestamp="2025-12-16T06:40:27.901Z" hostname="Omer-MacBook-Air.local" tests="2" failures="0" errors="0" skipped="0" time="0.030012042">
        <testcase classname="src/app/api/ai/companies/[id]/predict-success/route.test.ts" name="POST /api/ai/companies/[id]/predict-success &gt; should predict company success successfully" time="0.028374917">
        </testcase>
        <testcase classname="src/app/api/ai/companies/[id]/predict-success/route.test.ts" name="POST /api/ai/companies/[id]/predict-success &gt; should return 401 when not authenticated" time="0.000992541">
        </testcase>
    </testsuite>
    <testsuite name="src/app/api/ai/companies/[id]/analyze-risk/route.test.ts" timestamp="2025-12-16T06:40:27.901Z" hostname="Omer-MacBook-Air.local" tests="3" failures="0" errors="0" skipped="0" time="0.019200042">
        <testcase classname="src/app/api/ai/companies/[id]/analyze-risk/route.test.ts" name="POST /api/ai/companies/[id]/analyze-risk &gt; should analyze company risk successfully" time="0.017212416">
        </testcase>
        <testcase classname="src/app/api/ai/companies/[id]/analyze-risk/route.test.ts" name="POST /api/ai/companies/[id]/analyze-risk &gt; should return 401 when not authenticated" time="0.000845625">
        </testcase>
        <testcase classname="src/app/api/ai/companies/[id]/analyze-risk/route.test.ts" name="POST /api/ai/companies/[id]/analyze-risk &gt; should return 500 when use case fails" time="0.000520584">
        </testcase>
    </testsuite>
    <testsuite name="src/app/api/ai/trainings/[id]/generate-summary/route.test.ts" timestamp="2025-12-16T06:40:27.901Z" hostname="Omer-MacBook-Air.local" tests="3" failures="0" errors="0" skipped="0" time="0.017503208">
        <testcase classname="src/app/api/ai/trainings/[id]/generate-summary/route.test.ts" name="POST /api/ai/trainings/[id]/generate-summary &gt; should generate training summary successfully" time="0.015422834">
        </testcase>
        <testcase classname="src/app/api/ai/trainings/[id]/generate-summary/route.test.ts" name="POST /api/ai/trainings/[id]/generate-summary &gt; should return 401 when not authenticated" time="0.000888583">
        </testcase>
        <testcase classname="src/app/api/ai/trainings/[id]/generate-summary/route.test.ts" name="POST /api/ai/trainings/[id]/generate-summary &gt; should return 500 when use case fails" time="0.000584667">
        </testcase>
    </testsuite>
    <testsuite name="src/app/api/events/[id]/attendance/[attendanceId]/route.test.ts" timestamp="2025-12-16T06:40:27.902Z" hostname="Omer-MacBook-Air.local" tests="7" failures="0" errors="0" skipped="0" time="0.008277375">
        <testcase classname="src/app/api/events/[id]/attendance/[attendanceId]/route.test.ts" name="PATCH /api/events/[id]/attendance/[attendanceId] &gt; should return 401 when user is not authenticated" time="0.003522791">
        </testcase>
        <testcase classname="src/app/api/events/[id]/attendance/[attendanceId]/route.test.ts" name="PATCH /api/events/[id]/attendance/[attendanceId] &gt; should return 403 when user is not consultant or admin" time="0.000719041">
        </testcase>
        <testcase classname="src/app/api/events/[id]/attendance/[attendanceId]/route.test.ts" name="PATCH /api/events/[id]/attendance/[attendanceId] &gt; should mark attendance as attended successfully for consultant" time="0.001074959">
        </testcase>
        <testcase classname="src/app/api/events/[id]/attendance/[attendanceId]/route.test.ts" name="PATCH /api/events/[id]/attendance/[attendanceId] &gt; should mark attendance as attended successfully for master_admin" time="0.0004655">
        </testcase>
        <testcase classname="src/app/api/events/[id]/attendance/[attendanceId]/route.test.ts" name="PATCH /api/events/[id]/attendance/[attendanceId] &gt; should return 404 when event not found" time="0.000943458">
        </testcase>
        <testcase classname="src/app/api/events/[id]/attendance/[attendanceId]/route.test.ts" name="PATCH /api/events/[id]/attendance/[attendanceId] &gt; should return 403 when consultant tries to mark attendance for other consultant event" time="0.000394375">
        </testcase>
        <testcase classname="src/app/api/events/[id]/attendance/[attendanceId]/route.test.ts" name="PATCH /api/events/[id]/attendance/[attendanceId] &gt; should return 500 when use case fails" time="0.000408208">
        </testcase>
    </testsuite>
    <testsuite name="src/app/api/leaderboard/badges/company/[companyId]/route.test.ts" timestamp="2025-12-16T06:40:27.902Z" hostname="Omer-MacBook-Air.local" tests="4" failures="0" errors="0" skipped="0" time="0.014460292">
        <testcase classname="src/app/api/leaderboard/badges/company/[companyId]/route.test.ts" name="GET /api/leaderboard/badges/company/[companyId] &gt; returns 401 when user is not authenticated" time="0.010377167">
        </testcase>
        <testcase classname="src/app/api/leaderboard/badges/company/[companyId]/route.test.ts" name="GET /api/leaderboard/badges/company/[companyId] &gt; returns company badges successfully" time="0.002245958">
        </testcase>
        <testcase classname="src/app/api/leaderboard/badges/company/[companyId]/route.test.ts" name="GET /api/leaderboard/badges/company/[companyId] &gt; returns empty array when company has no badges" time="0.000672583">
        </testcase>
        <testcase classname="src/app/api/leaderboard/badges/company/[companyId]/route.test.ts" name="GET /api/leaderboard/badges/company/[companyId] &gt; returns 400 when use case fails" time="0.00055175">
        </testcase>
    </testsuite>
</testsuites>
